01-24 10:29:55.451  1058  1175 E ANDR-PERF-LM: GamePerfEngine: runAsync() 477: Hint is for com.jian.detectx.lahaina.debug/com.jian.detectx.MainActivity/2 = 0x1003 PID=1752
01-24 10:29:55.452   606   606 I hwservicemanager: getTransport: Cannot find entry vendor.display.config@1.0::IDisplayConfig/default in either framework or device manifest.
01-24 10:29:55.452  1058  1175 W ANDR-PERF-LM: FeatureState: writeState() 188: GameOptimization: State transition not allowed
01-24 10:29:55.488 26853 26853 E Jian_Java_MainActivity: before initializing JNIManager
01-24 10:29:55.498 26853 26853 I com.jian.detectx.lahaina.debug: vendor/qcom/proprietary/adsprpc/src/rpcmem_android.c:159: rpcmem_init_internal: opened ION device fd 91, configured heap IDs: system (0x2000000), contig (0x10), secure (0x400), secure flags (0x80080000)
01-24 10:29:55.498 26853 26853 I com.jian.detectx.lahaina.debug: vendor/qcom/proprietary/adsprpc/src/fastrpc_apps_user.c:3061: fastrpc_apps_user_init done with default domain:3 and &fastrpc_trace:0x7bca264fa0
01-24 10:29:55.504 26853 26853 I HandPose_Jian_JNI: Create HandPose
01-24 10:29:55.504 26853 26853 I BodyPose_Jian_JNI: Create BodyPose
01-24 10:29:55.505 26853 26853 I yoloBodyPose_Jian_JNI: Init YoloBodyPose
01-24 10:29:55.505 26853 26853 E Jian_Java_MainActivity: after initializing JNIManager
01-24 10:29:55.514 26853 26959 I CameraManagerGlobal: Connecting to camera service
01-24 10:29:55.516  1291 14111 W ServiceManager: Permission failure: android.permission.CAMERA_OPEN_CLOSE_LISTENER from uid=10209 pid=26853
01-24 10:29:55.517 26853 26959 W CameraManagerGlobal: [soar.cts] ignore the status update of camera: 2
01-24 10:29:55.517 26853 26959 W CameraManagerGlobal: [soar.cts] ignore the status update of camera: 3
01-24 10:29:55.517 26853 26959 W CameraManagerGlobal: [soar.cts] ignore the status update of camera: 4
01-24 10:29:55.517 26853 26946 W CameraManagerGlobal: ignore the torch status update of camera: 2
01-24 10:29:55.514 26853 26853 I CameraX-core_ca: type=1400 audit(0.0:6573): avc: denied { read } for name="u:object_r:vendor_persist_camera_prop:s0" dev="tmpfs" ino=34840 scontext=u:r:untrusted_app_29:s0:c209,c256,c512,c768 tcontext=u:object_r:vendor_persist_camera_prop:s0 tclass=file permissive=1 app=com.jian.detectx.lahaina.debug
01-24 10:29:55.518 26853 26946 W CameraManagerGlobal: ignore the torch status update of camera: 3
01-24 10:29:55.518 26853 26946 W CameraManagerGlobal: ignore the torch status update of camera: 4
01-24 10:29:55.514 26853 26853 I CameraX-core_ca: type=1400 audit(0.0:6574): avc: denied { open } for path="/dev/__properties__/u:object_r:vendor_persist_camera_prop:s0" dev="tmpfs" ino=34840 scontext=u:r:untrusted_app_29:s0:c209,c256,c512,c768 tcontext=u:object_r:vendor_persist_camera_prop:s0 tclass=file permissive=1 app=com.jian.detectx.lahaina.debug
01-24 10:29:55.523 26853 26959 D CameraRepository: Added camera: 0
01-24 10:29:55.532 26853 26959 I Camera2CameraInfo: Device Level: INFO_SUPPORTED_HARDWARE_LEVEL_3
01-24 10:29:55.533 26853 26959 D CameraRepository: Added camera: 1
01-24 10:29:55.533 26853 26960 D UseCaseAttachState: Active and attached use case: [] for camera: 0
01-24 10:29:55.533 26853 26959 I Camera2CameraInfo: Device Level: INFO_SUPPORTED_HARDWARE_LEVEL_3
01-24 10:29:55.534 26853 26960 D UseCaseAttachState: Active and attached use case: [] for camera: 1
01-24 10:29:55.537 26853 26853 D Jian_Java_MainActivity: get valid cameraProvider...
01-24 10:29:55.539  1752  2000 I ActivityTaskManager: Displayed com.jian.detectx.lahaina.debug/com.jian.detectx.MainActivity: +102ms
01-24 10:29:55.557 26853 26956 D Jian_Java_MainActivity: startYolov5sInit Enter
01-24 10:29:55.562 26853 26956 E Jian_Java_MainActivity: targetsToDet:length:80
01-24 10:29:55.562 26853 26956 E Jian_Java_MainActivity: targetsToDet:true
--------- beginning of crash
01-24 10:29:55.564 26853 26956 E AndroidRuntime: FATAL EXCEPTION: handlerThread-MainActivity
01-24 10:29:55.564 26853 26956 E AndroidRuntime: Process: com.jian.detectx.lahaina.debug, PID: 26853
01-24 10:29:55.564 26853 26956 E AndroidRuntime: java.lang.ArrayIndexOutOfBoundsException: length=80; index=80
01-24 10:29:55.564 26853 26956 E AndroidRuntime: 	at com.jian.detectx.MainActivity.startYolov5sInit(MainActivity.java:609)
01-24 10:29:55.564 26853 26956 E AndroidRuntime: 	at com.jian.detectx.MainActivity.access$1000(MainActivity.java:67)
01-24 10:29:55.564 26853 26956 E AndroidRuntime: 	at com.jian.detectx.MainActivity$7.handleMessage(MainActivity.java:493)
01-24 10:29:55.564 26853 26956 E AndroidRuntime: 	at android.os.Handler.dispatchMessage(Handler.java:106)
01-24 10:29:55.564 26853 26956 E AndroidRuntime: 	at android.os.Looper.loop(Looper.java:223)
01-24 10:29:55.564 26853 26956 E AndroidRuntime: 	at android.os.HandlerThread.run(HandlerThread.java:67)
01-24 10:29:55.567  1752 26962 I DropBoxManagerService: add tag=data_app_crash isTagEnabled=true flags=0x2
01-24 10:29:55.569  1752  3679 W ActivityTaskManager:   Force finishing activity com.jian.detectx.lahaina.debug/com.jian.detectx.MainActivity
01-24 10:29:55.563 26853 26956 I chatty  : uid=10209(com.jian.detectx.lahaina.debug) handlerThread-M identical 68 lines
01-24 10:29:55.563 26853 26956 E Jian_Java_MainActivity: targetsToDet:true
01-24 10:29:55.570  1752  3679 D ActivityTrigger: ActivityTrigger activityPauseTrigger 
01-24 10:29:55.573  1058  1175 E ANDR-PERF-LM: GamePerfEngine: runAsync() 477: Hint is for com.jian.detectx.lahaina.debug/com.jian.detectx.MainActivity/2 = 0x1004 PID=1752
01-24 10:29:55.574  1058  1175 W ANDR-PERF-LM: MetaMeter: handleAsync() 171: GameOptimization Invalid state for appName com.jian.detectx.lahaina.debug 
01-24 10:29:55.575  1752  3679 W ActivityTaskManager:   Force finishing activity com.jian.detectx.lahaina.debug/com.jian.detectx.LauncherActivity
01-24 10:29:55.586  1752  2003 W BroadcastQueue: Background execution not allowed: receiving Intent { act=android.intent.action.DROPBOX_ENTRY_ADDED flg=0x10 (has extras) } to com.google.android.gms/.stats.service.DropBoxEntryAddedReceiver
01-24 10:29:55.586  1752  2003 W BroadcastQueue: Background execution not allowed: receiving Intent { act=android.intent.action.DROPBOX_ENTRY_ADDED flg=0x10 (has extras) } to com.google.android.gms/.chimera.GmsIntentOperationService$PersistentTrustedReceiver
01-24 10:29:55.600  1752  7928 D CompatibilityInfo: mCompatibilityFlags - 0
01-24 10:29:55.600  1752  7928 D CompatibilityInfo: applicationDensity - 480
01-24 10:29:55.600  1752  7928 D CompatibilityInfo: applicationScale - 1.0
01-24 10:29:55.600  1752  1752 D WifiNative: Broadcast partial scan results event
01-24 10:29:55.603 26853 26956 I Process : Sending signal. PID: 26853 SIG: 9
01-24 10:29:55.616  1752  3496 D WifiScanRequestProxy: onPartialScanResults invoked
01-24 10:29:55.617  1752  3496 E ActivityManager: Sending non-protected broadcast com.qualcomm.qti.net.wifi.PARTIAL_SCAN_RESULTS from system 1752:system/1000 pkg android
01-24 10:29:55.617  1752  3496 E ActivityManager: java.lang.Throwable
01-24 10:29:55.617  1752  3496 E ActivityManager: 	at com.android.server.am.ActivityManagerService.checkBroadcastFromSystem(ActivityManagerService.java:16014)
01-24 10:29:55.617  1752  3496 E ActivityManager: 	at com.android.server.am.ActivityManagerService.broadcastIntentLocked(ActivityManagerService.java:16689)
01-24 10:29:55.617  1752  3496 E ActivityManager: 	at com.android.server.am.ActivityManagerService.broadcastIntentLocked(ActivityManagerService.java:16031)
01-24 10:29:55.617  1752  3496 E ActivityManager: 	at com.android.server.am.ActivityManagerService.broadcastIntentWithFeature(ActivityManagerService.java:16845)
01-24 10:29:55.617  1752  3496 E ActivityManager: 	at android.app.ContextImpl.sendBroadcastAsUser(ContextImpl.java:1290)
01-24 10:29:55.617  1752  3496 E ActivityManager: 	at android.content.ContextWrapper.sendBroadcastAsUser(ContextWrapper.java:545)
01-24 10:29:55.617  1752  3496 E ActivityManager: 	at com.android.server.wifi.ScanRequestProxy.sendPartialScanResultBroadcast(ScanRequestProxy.java:314)
01-24 10:29:55.617  1752  3496 E ActivityManager: 	at com.android.server.wifi.ScanRequestProxy.access$300(ScanRequestProxy.java:73)
01-24 10:29:55.617  1752  3496 E ActivityManager: 	at com.android.server.wifi.ScanRequestProxy$GlobalScanListener.onResults(ScanRequestProxy.java:148)
01-24 10:29:55.617  1752  3496 E ActivityManager: 	at com.android.server.wifi.ScanRequestProxy$GlobalScanListener.onPartialScanResults(ScanRequestProxy.java:160)
01-24 10:29:55.617  1752  3496 E ActivityManager: 	at android.net.wifi.WifiScanner$ServiceHandler.lambda$handleMessage$1(WifiScanner.java:1667)
01-24 10:29:55.617  1752  3496 E ActivityManager: 	at android.net.wifi.-$$Lambda$WifiScanner$ServiceHandler$tfzaoDCMuySQuJsgvPXn9A60XqE.run(Unknown Source:4)
01-24 10:29:55.617  1752  3496 E ActivityManager: 	at android.os.Handler.handleCallback(Handler.java:938)
01-24 10:29:55.617  1752  3496 E ActivityManager: 	at android.os.Handler.dispatchMessage(Handler.java:99)
01-24 10:29:55.617  1752  3496 E ActivityManager: 	at android.os.Looper.loop(Looper.java:223)
01-24 10:29:55.617  1752  3496 E ActivityManager: 	at android.os.HandlerThread.run(HandlerThread.java:67)
01-24 10:29:55.617  1752  3496 D WifiConnectivityManager: onPartialScanResults invoked
01-24 10:29:55.619  1752  2003 I DropBoxManagerService: add tag=system_server_wtf isTagEnabled=true flags=0x2
01-24 10:29:55.618     0     0 E [wifi@1][0x5f112e1812c][10:29:55.621950] wlan: [981:E:OSIF] wlan_hdd_set_station_stats_request_pending: peer is null
01-24 10:29:55.650  1385  1385 I Zygote  : Process 26853 exited due to signal 9 (Killed)
01-24 10:29:55.650  1752  3679 I WindowManager: WIN DEATH: Window{717d04f u0 com.jian.detectx.lahaina.debug/com.jian.detectx.MainActivity}
01-24 10:29:55.650  1752  3679 W InputDispatcher: Attempted to unregister already unregistered input channel '717d04f com.jian.detectx.lahaina.debug/com.jian.detectx.MainActivity (server)'
01-24 10:29:55.651  1752  3675 I ActivityManager: Process com.jian.detectx.lahaina.debug (pid 26853) has died: prcp TOP 
01-24 10:29:55.651  1752  2011 I libprocessgroup: Successfully killed process cgroup uid 10209 pid 26853 in 0ms
01-24 10:29:55.658  1752  5261 I WindowManager: WIN DEATH: Window{ecc0c0c u0 com.jian.detectx.lahaina.debug/com.jian.detectx.MainActivity}
01-24 10:29:55.658  1752  5261 W InputDispatcher: Attempted to unregister already unregistered input channel 'ecc0c0c com.jian.detectx.lahaina.debug/com.jian.detectx.MainActivity (server)'
01-24 10:29:55.663  1752 11724 I WindowManager: WIN DEATH: Window{9dea156 u0 com.jian.detectx.lahaina.debug/com.jian.detectx.LauncherActivity}
01-24 10:29:55.663  1752 11724 W InputDispatcher: Attempted to unregister already unregistered input channel '9dea156 com.jian.detectx.lahaina.debug/com.jian.detectx.LauncherActivity (server)'
01-24 10:29:55.685  1752  1973 W ActivityManager: setHasOverlayUi called on unknown pid: 26853
01-24 10:29:56.071  1752  1973 W ActivityTaskManager: Activity top resumed state loss timeout for ActivityRecord{bf9bcb0 u0 com.jian.detectx.lahaina.debug/com.jian.detectx.MainActivity t-1 f}}
01-24 10:29:56.409  1503 14859 D LOWI-9.0.0.87: [LOWI-Scan] wait_event:Wait done with Cmd 34
01-24 10:29:56.410  1503 14859 D LOWI-9.0.0.87: [LOWI-Scan] do_listen_events: Rcvd valid Netlink Cmd 34 Err 0
01-24 10:29:56.407     0     0 I [schedu][0x5f113c8affe][10:29:56.411054] wlan: [14736:I:OSIF] vdev 0, scan id 41137 type COMPLETED(1) reason COMPLETED(1) scan found 23 bss
01-24 10:29:56.416  1752  5261 D WifiNl80211Manager: Scan result ready event
01-24 10:29:56.417  1503 14859 D LOWI-9.0.0.87: [LOWI-Scan] 
01-24 10:29:56.417  1503 14859 D LOWI-9.0.0.87: [LOWI-Scan] print_bss_handler: Report Probe TSF 340242570478 as it greater than Beacon TSF 340242566148
01-24 10:29:56.417  1503 14859 D LOWI-9.0.0.87: [LOWI-Scan] decode_rsn_wpa_ie: LOWI_ENCRYPTION_TYPE_WPA_PSK
01-24 10:29:56.417  1752  5261 D WifiNative: Scan result ready event
01-24 10:29:56.417  1503 14859 D LOWI-9.0.0.87: [LOWI-Scan] is_qcom_ie, bss_age: 0
01-24 10:29:56.417  1503 14859 D LOWI-9.0.0.87: [LOWI-Scan] BSS 88:1d:fc:f5:c0:f0 LOWI_PHY_MODE_11NG_HT20(5), Beacon Interval: 102, LOWI_ENCRYPTION_TYPE_WPA_PSK 11mcRanging: No, ANQP: No, LCI: No, Civic: No, capability(0x1431): ESS Privacy ShortPreamble ShortSlotTime
01-24 10:29:56.417  1503 14859 D LOWI-9.0.0.87: [LOWI-Scan] BSS 88:1d:fc:f5:c0:f0 FREQ: 2412, cFreq1[40:80:160] = [0:0:0] cFreq2 = 0 Country Code = CN 
01-24 10:29:56.417  1503 14859 D LOWI-9.0.0.87: [LOWI-Scan] BSS 88:1d:fc:f5:c0:f0 (wlan0) ASSO: NO AddInfo: 0x0, TSF 3, 22:30:42.570, RSSI: -138, CPL: 1, AGE: 2672,  SSID Hydra, TSFDelta: 0x346eb629, TXRate: 0
01-24 10:29:56.417  1503 14859 D LOWI-9.0.0.87: [LOWI-Scan] 
01-24 10:29:56.417  1503 14859 D LOWI-9.0.0.87: [LOWI-Scan] print_bss_handler: Report Probe TSF 340242570758 as it greater than Beacon TSF 338698932007
01-24 10:29:56.418  1503 14859 D LOWI-9.0.0.87: [LOWI-Scan] is_qcom_ie, bss_age: 0
01-24 10:29:56.418  1503 14859 D LOWI-9.0.0.87: [LOWI-Scan] BSS 88:1d:fc:f5:c0:f2 LOWI_PHY_MODE_11NG_HT20(5), Beacon Interval: 102, LOWI_ENCRYPTION_TYPE_OPEN 11mcRanging: No, ANQP: No, LCI: No, Civic: No, capability(0x1421): ESS ShortPreamble ShortSlotTime
01-24 10:29:56.418  1503 14859 D LOWI-9.0.0.87: [LOWI-Scan] BSS 88:1d:fc:f5:c0:f2 FREQ: 2412, cFreq1[40:80:160] = [0:0:0] cFreq2 = 0 Country Code = CN 
01-24 10:29:56.418  1503 14859 D LOWI-9.0.0.87: [LOWI-Scan] BSS 88:1d:fc:f5:c0:f2 (wlan0) ASSO: NO AddInfo: 0x0, TSF 3, 22:30:42.570, RSSI: -138, CPL: 1, AGE: 2672,  SSID QGuest, TSFDelta: 0x3471081a, TXRate: 0
01-24 10:29:56.418  1503 14859 D LOWI-9.0.0.87: [LOWI-Scan] 
01-24 10:29:56.418  1503 14859 D LOWI-9.0.0.87: [LOWI-Scan] print_bss_handler: Report Probe TSF 340242672005 as it greater than Beacon TSF 338699080618
01-24 10:29:56.418  1503 14859 D LOWI-9.0.0.87: [LOWI-Scan] decode_rsn_wpa_ie: LOWI_ENCRYPTION_TYPE_WPA_EAP
01-24 10:29:56.418  1503 14859 D LOWI-9.0.0.87: [LOWI-Scan] is_qcom_ie, bss_age: 0
01-24 10:29:56.418  1503 14859 D LOWI-9.0.0.87: [LOWI-Scan] BSS d4:6d:50:f0:cc:ce LOWI_PHY_MODE_11AC_VHT20(8), Beacon Interval: 102, LOWI_ENCRYPTION_TYPE_WPA_EAP 11mcRanging: No, ANQP: No, LCI: No, Civic: No, capability(0x1111): ESS Privacy SpectrumMgmt
01-24 10:29:56.419  1503 14859 D LOWI-9.0.0.87: [LOWI-Scan] BSS d4:6d:50:f0:cc:ce FREQ: 5240, cFreq1[40:80:160] = [0:0:0] cFreq2 = 0 Country Code = CN 
01-24 10:29:56.419  1503 14859 D LOWI-9.0.0.87: [LOWI-Scan] BSS d4:6d:50:f0:cc:ce (wlan0) ASSO: NO AddInfo: 0x0, TSF 3, 22:30:42.672, RSSI: -170, CPL: 7, AGE: 2572,  SSID Pandora, TSFDelta: 0xf8f657d0, TXRate: 0
01-24 10:29:56.419  1503 14859 D LOWI-9.0.0.87: [LOWI-Scan] 
01-24 10:29:56.419  1503 14859 D LOWI-9.0.0.87: [LOWI-Scan] print_bss_handler: Report Probe TSF 340242821079 as it greater than Beacon TSF 335699175561
01-24 10:29:56.419  1503 14859 D LOWI-9.0.0.87: [LOWI-Scan] decode_rsn_wpa_ie: LOWI_ENCRYPTION_TYPE_WPA_PSK
01-24 10:29:56.419  1503 14859 D LOWI-9.0.0.87: [LOWI-Scan] is_qcom_ie, bss_age: 0
01-24 10:29:56.419  1503 14859 D LOWI-9.0.0.87: [LOWI-Scan] BSS 40:b0:76:ae:fa:14 LOWI_PHY_MODE_11AC_VHT80(10), Beacon Interval: 100, LOWI_ENCRYPTION_TYPE_WPA_PSK 11mcRanging: No, ANQP: No, LCI: No, Civic: No, capability(0x1011): ESS Privacy
01-24 10:29:56.419  1503 14859 D LOWI-9.0.0.87: [LOWI-Scan] BSS 40:b0:76:ae:fa:14 FREQ: 5785, cFreq1[40:80:160] = [5795:5775:0] cFreq2 = 0 Country Code =    
01-24 10:29:56.419  1503 14859 D LOWI-9.0.0.87: [LOWI-Scan] BSS 40:b0:76:ae:fa:14 (wlan0) ASSO: NO AddInfo: 0x0, TSF 3, 22:30:42.821, RSSI: -146, CPL: 127, AGE: 2420,  SSID st5, TSFDelta: 0x3f0fb0e4, TXRate: 0
01-24 10:29:56.420  1503 14859 D LOWI-9.0.0.87: [LOWI-Scan] 
01-24 10:29:56.420  1503 14859 D LOWI-9.0.0.87: [LOWI-Scan] print_bss_handler: Report Probe TSF 340243131314 as it greater than Beacon TSF 340243090865
01-24 10:29:56.420  1503 14859 D LOWI-9.0.0.87: [LOWI-Scan] decode_rsn_wpa_ie: LOWI_ENCRYPTION_TYPE_WPA_PSK
01-24 10:29:56.420  1503 14859 D LOWI-9.0.0.87: [LOWI-Scan] is_qcom_ie, bss_age: 0
01-24 10:29:56.420  1503 14859 D LOWI-9.0.0.87: [LOWI-Scan] BSS d4:6d:50:ed:31:df LOWI_PHY_MODE_11AC_VHT20(8), Beacon Interval: 102, LOWI_ENCRYPTION_TYPE_WPA_PSK 11mcRanging: No, ANQP: No, LCI: No, Civic: No, capability(0x1111): ESS Privacy SpectrumMgmt
01-24 10:29:56.420  1503 14859 D LOWI-9.0.0.87: [LOWI-Scan] BSS d4:6d:50:ed:31:df FREQ: 5280, cFreq1[40:80:160] = [0:0:0] cFreq2 = 0 Country Code = CN 
01-24 10:29:56.420  1503 14859 D LOWI-9.0.0.87: [LOWI-Scan] BSS d4:6d:50:ed:31:df (wlan0) ASSO: NO AddInfo: 0x0, TSF 3, 22:30:43.131, RSSI: -136, CPL: 7, AGE: 2112,  SSID Hydra, TSFDelta: 0xa0b4e55, TXRate: 0
01-24 10:29:56.420  1503 14859 D LOWI-9.0.0.87: [LOWI-Scan] 
01-24 10:29:56.420  1503 14859 D LOWI-9.0.0.87: [LOWI-Scan] print_bss_handler: Report Probe TSF 340243132055 as it greater than Beacon TSF 340243113718
01-24 10:29:56.420  1503 14859 D LOWI-9.0.0.87: [LOWI-Scan] is_qcom_ie, bss_age: 0
01-24 10:29:56.420  1503 14859 D LOWI-9.0.0.87: [LOWI-Scan] BSS d4:6d:50:ed:31:dd LOWI_PHY_MODE_11AC_VHT20(8), Beacon Interval: 102, LOWI_ENCRYPTION_TYPE_OPEN 11mcRanging: No, ANQP: No, LCI: No, Civic: No, capability(0x1101): ESS SpectrumMgmt
01-24 10:29:56.421  1503 14859 D LOWI-9.0.0.87: [LOWI-Scan] BSS d4:6d:50:ed:31:dd FREQ: 5280, cFreq1[40:80:160] = [0:0:0] cFreq2 = 0 Country Code = CN 
01-24 10:29:56.421  1503 14859 D LOWI-9.0.0.87: [LOWI-Scan] BSS d4:6d:50:ed:31:dd (wlan0) ASSO: NO AddInfo: 0x0, TSF 3, 22:30:43.132, RSSI: -136, CPL: 7, AGE: 2112,  SSID QGuest, TSFDelta: 0xa0f8abc, TXRate: 0
01-24 10:29:56.421  1503 14859 D LOWI-9.0.0.87: [LOWI-Scan] 
01-24 10:29:56.421  1503 14859 D LOWI-9.0.0.87: [LOWI-Scan] print_bss_handler: Report beacon TSF 340243138230 as it greater than probe TSF 340243132129
01-24 10:29:56.421  1503 14859 D LOWI-9.0.0.87: [LOWI-Scan] decode_rsn_wpa_ie: LOWI_ENCRYPTION_TYPE_WPA_EAP
01-24 10:29:56.421  1503 14859 D LOWI-9.0.0.87: [LOWI-Scan] is_qcom_ie, bss_age: 0
01-24 10:29:56.421  1503 14859 D LOWI-9.0.0.87: [LOWI-Scan] BSS d4:6d:50:ed:31:de LOWI_PHY_MODE_11AC_VHT20(8), Beacon Interval: 102, LOWI_ENCRYPTION_TYPE_WPA_EAP 11mcRanging: No, ANQP: No, LCI: No, Civic: No, capability(0x1111): ESS Privacy SpectrumMgmt
01-24 10:29:56.421  1503 14859 D LOWI-9.0.0.87: [LOWI-Scan] BSS d4:6d:50:ed:31:de FREQ: 5280, cFreq1[40:80:160] = [0:0:0] cFreq2 = 0 Country Code = CN 
01-24 10:29:56.421  1503 14859 D LOWI-9.0.0.87: [LOWI-Scan] BSS d4:6d:50:ed:31:de (wlan0) ASSO: NO AddInfo: 0x1, TSF 3, 22:30:43.138, RSSI: -136, CPL: 7, AGE: 2104,  SSID Pandora, TSFDelta: 0xa117cd0, TXRate: 0
01-24 10:29:56.422  1503 14859 D LOWI-9.0.0.87: [LOWI-Scan] 
01-24 10:29:56.422  1503 14859 D LOWI-9.0.0.87: [LOWI-Scan] print_bss_handler: Report Probe TSF 340243120954 as it greater than Beacon TSF 340243116750
01-24 10:29:56.422  1503 14859 D LOWI-9.0.0.87: [LOWI-Scan] decode_rsn_wpa_ie: LOWI_ENCRYPTION_TYPE_WPA_PSK
01-24 10:29:56.422  1503 14859 D LOWI-9.0.0.87: [LOWI-Scan] is_qcom_ie, bss_age: 0
01-24 10:29:56.422  1503 14859 D LOWI-9.0.0.87: [LOWI-Scan] BSS 40:b0:76:ae:fa:10 LOWI_PHY_MODE_11NG_HT20(5), Beacon Interval: 100, LOWI_ENCRYPTION_TYPE_WPA_PSK 11mcRanging: No, ANQP: No, LCI: No, Civic: No, capability(0x1411): ESS Privacy ShortSlotTime
01-24 10:29:56.422  1503 14859 D LOWI-9.0.0.87: [LOWI-Scan] BSS 40:b0:76:ae:fa:10 FREQ: 2442, cFreq1[40:80:160] = [0:0:0] cFreq2 = 0 Country Code =    
01-24 10:29:56.422  1503 14859 D LOWI-9.0.0.87: [LOWI-Scan] BSS 40:b0:76:ae:fa:10 (wlan0) ASSO: NO AddInfo: 0x0, TSF 3, 22:30:43.120, RSSI: -104, CPL: 127, AGE: 2120,  SSID my, TSFDelta: 0xd0377a85, TXRate: 0
01-24 10:29:56.422  1503 14859 D LOWI-9.0.0.87: [LOWI-Scan] 
01-24 10:29:56.422  1503 14859 D LOWI-9.0.0.87: [LOWI-Scan] print_bss_handler: Report beacon TSF 340243351142 as it greater than probe TSF 340243331867
01-24 10:29:56.422  1503 14859 D LOWI-9.0.0.87: [LOWI-Scan] decode_rsn_wpa_ie: LOWI_ENCRYPTION_TYPE_WPA_EAP
01-24 10:29:56.423  1503 14859 D LOWI-9.0.0.87: [LOWI-Scan] is_qcom_ie, bss_age: 0
01-24 10:29:56.423  1503 14859 D LOWI-9.0.0.87: [LOWI-Scan] BSS 88:1d:fc:f5:c0:fe LOWI_PHY_MODE_11AC_VHT20(8), Beacon Interval: 102, LOWI_ENCRYPTION_TYPE_WPA_EAP 11mcRanging: No, ANQP: No, LCI: No, Civic: No, capability(0x1111): ESS Privacy SpectrumMgmt
01-24 10:29:56.423  1503 14859 D LOWI-9.0.0.87: [LOWI-Scan] BSS 88:1d:fc:f5:c0:fe FREQ: 5320, cFreq1[40:80:160] = [0:0:0] cFreq2 = 0 Country Code = CN 
01-24 10:29:56.429  1503 14859 D LOWI-9.0.0.87: [LOWI-Scan] BSS 88:1d:fc:f5:c0:fe (wlan0) ASSO: NO AddInfo: 0x1, TSF 3, 22:30:43.351, RSSI: -144, CPL: 7, AGE: 1892,  SSID Pandora, TSFDelta: 0x4a5c3ab0, TXRate: 0
01-24 10:29:56.430  1503 14859 D LOWI-9.0.0.87: [LOWI-Scan] 
01-24 10:29:56.430  1503 14859 D LOWI-9.0.0.87: [LOWI-Scan] print_bss_handler: Report Probe TSF 340243331075 as it greater than Beacon TSF 340243301888
01-24 10:29:56.430  1503 14859 D LOWI-9.0.0.87: [LOWI-Scan] decode_rsn_wpa_ie: LOWI_ENCRYPTION_TYPE_WPA_PSK
01-24 10:29:56.430  1503 14859 D LOWI-9.0.0.87: [LOWI-Scan] is_qcom_ie, bss_age: 0
01-24 10:29:56.430  1503 14859 D LOWI-9.0.0.87: [LOWI-Scan] BSS 88:1d:fc:f5:c0:ff LOWI_PHY_MODE_11AC_VHT20(8), Beacon Interval: 102, LOWI_ENCRYPTION_TYPE_WPA_PSK 11mcRanging: No, ANQP: No, LCI: No, Civic: No, capability(0x1111): ESS Privacy SpectrumMgmt
01-24 10:29:56.430  1503 14859 D LOWI-9.0.0.87: [LOWI-Scan] BSS 88:1d:fc:f5:c0:ff FREQ: 5320, cFreq1[40:80:160] = [0:0:0] cFreq2 = 0 Country Code = CN 
01-24 10:29:56.430  1503 14859 D LOWI-9.0.0.87: [LOWI-Scan] BSS 88:1d:fc:f5:c0:ff (wlan0) ASSO: NO AddInfo: 0x0, TSF 3, 22:30:43.331, RSSI: -142, CPL: 7, AGE: 1912,  SSID Hydra, TSFDelta: 0x4a55d9c8, TXRate: 0
01-24 10:29:56.431  1503 14859 D LOWI-9.0.0.87: [LOWI-Scan] 
01-24 10:29:56.431  1503 14859 D LOWI-9.0.0.87: [LOWI-Scan] print_bss_handler: Report Probe TSF 340243331678 as it greater than Beacon TSF 340243326563
01-24 10:29:56.431  1503 14859 D LOWI-9.0.0.87: [LOWI-Scan] is_qcom_ie, bss_age: 0
01-24 10:29:56.431  1503 14859 D LOWI-9.0.0.87: [LOWI-Scan] BSS 88:1d:fc:f5:c0:fd LOWI_PHY_MODE_11AC_VHT20(8), Beacon Interval: 102, LOWI_ENCRYPTION_TYPE_OPEN 11mcRanging: No, ANQP: No, LCI: No, Civic: No, capability(0x1101): ESS SpectrumMgmt
01-24 10:29:56.431  1503 14859 D LOWI-9.0.0.87: [LOWI-Scan] BSS 88:1d:fc:f5:c0:fd FREQ: 5320, cFreq1[40:80:160] = [0:0:0] cFreq2 = 0 Country Code = CN 
01-24 10:29:56.431  1503 14859 D LOWI-9.0.0.87: [LOWI-Scan] BSS 88:1d:fc:f5:c0:fd (wlan0) ASSO: NO AddInfo: 0x0, TSF 3, 22:30:43.331, RSSI: -144, CPL: 7, AGE: 1912,  SSID QGuest, TSFDelta: 0x4a5a1617, TXRate: 0
01-24 10:29:56.432  1503 14859 D LOWI-9.0.0.87: [LOWI-Scan] 
01-24 10:29:56.432  1503 14859 D LOWI-9.0.0.87: [LOWI-Scan] print_bss_handler: Report Probe TSF 340242594865 as it greater than Beacon TSF 335698958419
01-24 10:29:56.432  1503 14859 D LOWI-9.0.0.87: [LOWI-Scan] is_qcom_ie, bss_age: 0
01-24 10:29:56.432  1503 14859 D LOWI-9.0.0.87: [LOWI-Scan] BSS 88:1d:fc:f5:c1:6d LOWI_PHY_MODE_11AC_VHT20(8), Beacon Interval: 102, LOWI_ENCRYPTION_TYPE_OPEN 11mcRanging: No, ANQP: No, LCI: No, Civic: No, capability(0x1101): ESS SpectrumMgmt
01-24 10:29:56.432  1503 14859 D LOWI-9.0.0.87: [LOWI-Scan] BSS 88:1d:fc:f5:c1:6d FREQ: 5200, cFreq1[40:80:160] = [0:0:0] cFreq2 = 0 Country Code = CN 
01-24 10:29:56.432  1503 14859 D LOWI-9.0.0.87: [LOWI-Scan] BSS 88:1d:fc:f5:c1:6d (wlan0) ASSO: NO AddInfo: 0x0, TSF 3, 22:30:42.594, RSSI: -166, CPL: 4, AGE: 2648,  SSID QGuest, TSFDelta: 0xd936fcf9, TXRate: 0
01-24 10:29:56.432  1503 14859 D LOWI-9.0.0.87: [LOWI-Scan] 
01-24 10:29:56.432  1503 14859 D LOWI-9.0.0.87: [LOWI-Scan] print_bss_handler: Report Probe TSF 340242670825 as it greater than Beacon TSF 335699033760
01-24 10:29:56.432  1503 14859 D LOWI-9.0.0.87: [LOWI-Scan] decode_rsn_wpa_ie: LOWI_ENCRYPTION_TYPE_WPA_PSK
01-24 10:29:56.433  1503 14859 D LOWI-9.0.0.87: [LOWI-Scan] is_qcom_ie, bss_age: 0
01-24 10:29:56.433  1503 14859 D LOWI-9.0.0.87: [LOWI-Scan] BSS d4:6d:50:f0:cc:cf LOWI_PHY_MODE_11AC_VHT20(8), Beacon Interval: 102, LOWI_ENCRYPTION_TYPE_WPA_PSK 11mcRanging: No, ANQP: No, LCI: No, Civic: No, capability(0x1111): ESS Privacy SpectrumMgmt
01-24 10:29:56.433  1503 14859 D LOWI-9.0.0.87: [LOWI-Scan] BSS d4:6d:50:f0:cc:cf FREQ: 5240, cFreq1[40:80:160] = [0:0:0] cFreq2 = 0 Country Code = CN 
01-24 10:29:56.433  1503 14859 D LOWI-9.0.0.87: [LOWI-Scan] BSS d4:6d:50:f0:cc:cf (wlan0) ASSO: NO AddInfo: 0x0, TSF 3, 22:30:42.670, RSSI: -170, CPL: 7, AGE: 2572,  SSID Hydra, TSFDelta: 0xf8ee5e88, TXRate: 0
01-24 10:29:56.436  1503 14859 D LOWI-9.0.0.87: [LOWI-Scan] 
01-24 10:29:56.436  1503 14859 D LOWI-9.0.0.87: [LOWI-Scan] print_bss_handler: Report Probe TSF 340242671844 as it greater than Beacon TSF 335699065260
01-24 10:29:56.436  1503 14859 D LOWI-9.0.0.87: [LOWI-Scan] is_qcom_ie, bss_age: 0
01-24 10:29:56.436  1503 14859 D LOWI-9.0.0.87: [LOWI-Scan] BSS d4:6d:50:f0:cc:cd LOWI_PHY_MODE_11AC_VHT20(8), Beacon Interval: 102, LOWI_ENCRYPTION_TYPE_OPEN 11mcRanging: No, ANQP: No, LCI: No, Civic: No, capability(0x1101): ESS SpectrumMgmt
01-24 10:29:56.436  1503 14859 D LOWI-9.0.0.87: [LOWI-Scan] BSS d4:6d:50:f0:cc:cd FREQ: 5240, cFreq1[40:80:160] = [0:0:0] cFreq2 = 0 Country Code = CN 
01-24 10:29:56.436  1503 14859 D LOWI-9.0.0.87: [LOWI-Scan] BSS d4:6d:50:f0:cc:cd (wlan0) ASSO: NO AddInfo: 0x0, TSF 3, 22:30:42.671, RSSI: -172, CPL: 7, AGE: 2572,  SSID QGuest, TSFDelta: 0xf8f29ad7, TXRate: 0
01-24 10:29:56.437  1503 14859 D LOWI-9.0.0.87: [LOWI-Scan] 
01-24 10:29:56.437  1503 14859 D LOWI-9.0.0.87: [LOWI-Scan] print_bss_handler: Report Probe TSF 340242594980 as it greater than Beacon TSF 338698983335
01-24 10:29:56.437  1503 14859 D LOWI-9.0.0.87: [LOWI-Scan] decode_rsn_wpa_ie: LOWI_ENCRYPTION_TYPE_WPA_EAP
01-24 10:29:56.437  1503 14859 D LOWI-9.0.0.87: [LOWI-Scan] is_qcom_ie, bss_age: 0
01-24 10:29:56.437  1503 14859 D LOWI-9.0.0.87: [LOWI-Scan] BSS 88:1d:fc:f5:c1:6e LOWI_PHY_MODE_11AC_VHT20(8), Beacon Interval: 102, LOWI_ENCRYPTION_TYPE_WPA_EAP 11mcRanging: No, ANQP: No, LCI: No, Civic: No, capability(0x1111): ESS Privacy SpectrumMgmt
01-24 10:29:56.437  1503 14859 D LOWI-9.0.0.87: [LOWI-Scan] BSS 88:1d:fc:f5:c1:6e FREQ: 5200, cFreq1[40:80:160] = [0:0:0] cFreq2 = 0 Country Code = CN 
01-24 10:29:56.437  1503 14859 D LOWI-9.0.0.87: [LOWI-Scan] BSS 88:1d:fc:f5:c1:6e (wlan0) ASSO: NO AddInfo: 0x0, TSF 3, 22:30:42.594, RSSI: -166, CPL: 4, AGE: 2648,  SSID Pandora, TSFDelta: 0xd93ab9f2, TXRate: 0
01-24 10:29:56.437  1503 14859 D LOWI-9.0.0.87: [LOWI-Scan] 
01-24 10:29:56.438  1503 14859 D LOWI-9.0.0.87: [LOWI-Scan] print_bss_handler: Report Probe TSF 340242594725 as it greater than Beacon TSF 340242594554
01-24 10:29:56.438  1503 14859 D LOWI-9.0.0.87: [LOWI-Scan] decode_rsn_wpa_ie: LOWI_ENCRYPTION_TYPE_WPA_PSK
01-24 10:29:56.438  1503 14859 D LOWI-9.0.0.87: [LOWI-Scan] is_qcom_ie, bss_age: 0
01-24 10:29:56.438  1503 14859 D LOWI-9.0.0.87: [LOWI-Scan] BSS 88:1d:fc:f5:c1:6f LOWI_PHY_MODE_11AC_VHT20(8), Beacon Interval: 102, LOWI_ENCRYPTION_TYPE_WPA_PSK 11mcRanging: No, ANQP: No, LCI: No, Civic: No, capability(0x1111): ESS Privacy SpectrumMgmt
01-24 10:29:56.438  1503 14859 D LOWI-9.0.0.87: [LOWI-Scan] BSS 88:1d:fc:f5:c1:6f FREQ: 5200, cFreq1[40:80:160] = [0:0:0] cFreq2 = 0 Country Code = CN 
01-24 10:29:56.438  1503 14859 D LOWI-9.0.0.87: [LOWI-Scan] BSS 88:1d:fc:f5:c1:6f (wlan0) ASSO: NO AddInfo: 0x0, TSF 3, 22:30:42.594, RSSI: -168, CPL: 4, AGE: 2648,  SSID Hydra, TSFDelta: 0xd932c062, TXRate: 0
01-24 10:29:56.438  1503 14859 D LOWI-9.0.0.87: [LOWI-Scan] 
01-24 10:29:56.438  1503 14859 D LOWI-9.0.0.87: [LOWI-Scan] print_bss_handler: Report beacon TSF 340242534348 as it greater than probe TSF 338698983258
01-24 10:29:56.438  1503 14859 D LOWI-9.0.0.87: [LOWI-Scan] decode_rsn_wpa_ie: LOWI_ENCRYPTION_TYPE_WPA_PSK
01-24 10:29:56.438  1503 14859 D LOWI-9.0.0.87: [LOWI-Scan] is_qcom_ie, bss_age: 0
01-24 10:29:56.438  1503 14859 D LOWI-9.0.0.87: [LOWI-Scan] BSS ca:50:e9:a0:02:19 LOWI_PHY_MODE_11NG_HT20(5), Beacon Interval: 100, LOWI_ENCRYPTION_TYPE_WPA_PSK 11mcRanging: No, ANQP: No, LCI: No, Civic: No, capability(0x0411): ESS Privacy ShortSlotTime
01-24 10:29:56.438  1503 14859 D LOWI-9.0.0.87: [LOWI-Scan] BSS ca:50:e9:a0:02:19 FREQ: 2412, cFreq1[40:80:160] = [0:0:0] cFreq2 = 0 Country Code =    
01-24 10:29:56.438  1503 14859 D LOWI-9.0.0.87: [LOWI-Scan] BSS ca:50:e9:a0:02:19 (wlan0) ASSO: NO AddInfo: 0x1, TSF 3, 22:30:42.534, RSSI: -172, CPL: 127, AGE: 2708,  SSID ChinaNet-sJYf, TSFDelta: 0x4978977e, TXRate: 0
01-24 10:29:56.439  1503 14859 D LOWI-9.0.0.87: [LOWI-Scan] 
01-24 10:29:56.439  1503 14859 D LOWI-9.0.0.87: [LOWI-Scan] print_bss_handler: Report beacon TSF 340242555303 as it greater than probe TSF 340242555303
01-24 10:29:56.439  1503 14859 D LOWI-9.0.0.87: [LOWI-Scan] decode_rsn_wpa_ie: LOWI_ENCRYPTION_TYPE_WPA_PSK
01-24 10:29:56.439  1503 14859 D LOWI-9.0.0.87: [LOWI-Scan] is_qcom_ie, bss_age: 0
01-24 10:29:56.439  1503 14859 D LOWI-9.0.0.87: [LOWI-Scan] BSS 9a:00:74:7d:9d:1e LOWI_PHY_MODE_11NG_HT20(5), Beacon Interval: 100, LOWI_ENCRYPTION_TYPE_WPA_PSK 11mcRanging: No, ANQP: No, LCI: No, Civic: No, capability(0x0411): ESS Privacy ShortSlotTime
01-24 10:29:56.439  1503 14859 D LOWI-9.0.0.87: [LOWI-Scan] BSS 9a:00:74:7d:9d:1e FREQ: 2412, cFreq1[40:80:160] = [0:0:0] cFreq2 = 0 Country Code =    
01-24 10:29:56.439  1503 14859 D LOWI-9.0.0.87: [LOWI-Scan] BSS 9a:00:74:7d:9d:1e (wlan0) ASSO: NO AddInfo: 0x1, TSF 3, 22:30:42.555, RSSI: -170, CPL: 127, AGE: 2688,  SSID ChinaNet-0PBw, TSFDelta: 0xdce89873, TXRate: 0
01-24 10:29:56.439  1503 14859 D LOWI-9.0.0.87: [LOWI-Scan] 
01-24 10:29:56.439  1503 14859 D LOWI-9.0.0.87: [LOWI-Scan] print_bss_handler: Report Probe TSF 340242528825 as it greater than Beacon TSF 0
01-24 10:29:56.439  1503 14859 D LOWI-9.0.0.87: [LOWI-Scan] is_qcom_ie, bss_age: 0
01-24 10:29:56.439  1503 14859 D LOWI-9.0.0.87: [LOWI-Scan] BSS d4:6d:50:f0:cc:c2 LOWI_PHY_MODE_11NG_HT20(5), Beacon Interval: 102, LOWI_ENCRYPTION_TYPE_OPEN 11mcRanging: No, ANQP: No, LCI: No, Civic: No, capability(0x1421): ESS ShortPreamble ShortSlotTime
01-24 10:29:56.439  1503 14859 D LOWI-9.0.0.87: [LOWI-Scan] BSS d4:6d:50:f0:cc:c2 FREQ: 2412, cFreq1[40:80:160] = [0:0:0] cFreq2 = 0 Country Code = CN 
01-24 10:29:56.440  1503 14859 D LOWI-9.0.0.87: [LOWI-Scan] BSS d4:6d:50:f0:cc:c2 (wlan0) ASSO: NO AddInfo: 0x0, TSF 3, 22:30:42.528, RSSI: -172, CPL: 1, AGE: 2712,  SSID QGuest, TSFDelta: 0xf5966961, TXRate: 0
01-24 10:29:56.440  1503 14859 D LOWI-9.0.0.87: [LOWI-Scan] 
01-24 10:29:56.440  1503 14859 D LOWI-9.0.0.87: [LOWI-Scan] print_bss_handler: Report Probe TSF 340242570826 as it greater than Beacon TSF 340242519802
01-24 10:29:56.440  1503 14859 D LOWI-9.0.0.87: [LOWI-Scan] decode_rsn_wpa_ie: LOWI_ENCRYPTION_TYPE_WPA_EAP
01-24 10:29:56.440  1503 14859 D LOWI-9.0.0.87: [LOWI-Scan] is_qcom_ie, bss_age: 0
01-24 10:29:56.440  1503 14859 D LOWI-9.0.0.87: [LOWI-Scan] BSS 7c:21:0e:0a:87:60 LOWI_PHY_MODE_11NG_HT20(5), Beacon Interval: 100, LOWI_ENCRYPTION_TYPE_WPA_EAP 11mcRanging: No, ANQP: No, LCI: No, Civic: No, capability(0x1011): ESS Privacy
01-24 10:29:56.440  1503 14859 D LOWI-9.0.0.87: [LOWI-Scan] BSS 7c:21:0e:0a:87:60 FREQ: 2412, cFreq1[40:80:160] = [0:0:0] cFreq2 = 0 Country Code = CN 
01-24 10:29:56.440  1503 14859 D LOWI-9.0.0.87: [LOWI-Scan] BSS 7c:21:0e:0a:87:60 (wlan0) ASSO: NO AddInfo: 0x0, TSF 3, 22:30:42.570, RSSI: -144, CPL: 127, AGE: 2672,  SSID mobilenet, TSFDelta: 0xdfaac075, TXRate: 0
01-24 10:29:56.440  1503 14859 D LOWI-9.0.0.87: [LOWI-Scan] 
01-24 10:29:56.440  1503 14859 D LOWI-9.0.0.87: [LOWI-Scan] print_bss_handler: Report beacon TSF 340242564957 as it greater than probe TSF 340242564957
01-24 10:29:56.440  1503 14859 D LOWI-9.0.0.87: [LOWI-Scan] decode_rsn_wpa_ie: LOWI_ENCRYPTION_TYPE_WPA_PSK
01-24 10:29:56.440  1503 14859 D LOWI-9.0.0.87: [LOWI-Scan] is_qcom_ie, bss_age: 0
01-24 10:29:56.440  1503 14859 D LOWI-9.0.0.87: [LOWI-Scan] BSS e6:cb:88:59:a5:fc LOWI_PHY_MODE_11NG_HT20(5), Beacon Interval: 100, LOWI_ENCRYPTION_TYPE_WPA_PSK 11mcRanging: No, ANQP: No, LCI: No, Civic: No, capability(0x1511): ESS Privacy SpectrumMgmt ShortSlotTime
01-24 10:29:56.440  1503 14859 D LOWI-9.0.0.87: [LOWI-Scan] BSS e6:cb:88:59:a5:fc FREQ: 2412, cFreq1[40:80:160] = [0:0:0] cFreq2 = 0 Country Code = CN 
01-24 10:29:56.440  1503 14859 D LOWI-9.0.0.87: [LOWI-Scan] BSS e6:cb:88:59:a5:fc (wlan0) ASSO: NO AddInfo: 0x1, TSF 3, 22:30:42.564, RSSI: -172, CPL: 127, AGE: 2676,  SSID ______, TSFDelta: 0xe8302438, TXRate: 0
01-24 10:29:56.441  1503 14859 D LOWI-9.0.0.87: [LOWI-Scan] 
01-24 10:29:56.441  1503 14859 D LOWI-9.0.0.87: [LOWI-Scan] print_bss_handler: Report beacon TSF 340242666507 as it greater than probe TSF 340242666507
01-24 10:29:56.441  1503 14859 D LOWI-9.0.0.87: [LOWI-Scan] decode_rsn_wpa_ie: LOWI_ENCRYPTION_TYPE_WPA_PSK
01-24 10:29:56.441  1503 14859 D LOWI-9.0.0.87: [LOWI-Scan] is_qcom_ie, bss_age: 0
01-24 10:29:56.441  1503 14859 D LOWI-9.0.0.87: [LOWI-Scan] BSS d2:c0:bf:39:80:0e LOWI_PHY_MODE_11AC_VHT20(8), Beacon Interval: 100, LOWI_ENCRYPTION_TYPE_WPA_PSK 11mcRanging: No, ANQP: No, LCI: No, Civic: No, capability(0x0011): ESS Privacy
01-24 10:29:56.441  1503 14859 D LOWI-9.0.0.87: [LOWI-Scan] BSS d2:c0:bf:39:80:0e FREQ: 5240, cFreq1[40:80:160] = [0:0:0] cFreq2 = 0 Country Code =    
01-24 10:29:56.441  1503 14859 D LOWI-9.0.0.87: [LOWI-Scan] BSS d2:c0:bf:39:80:0e (wlan0) ASSO: NO AddInfo: 0x1, TSF 3, 22:30:42.666, RSSI: -176, CPL: 127, AGE: 2576,  SSID RX-BF39800E, TSFDelta: 0x4e2d6974, TXRate: 0
01-24 10:29:56.441  1503 14859 D LOWI-9.0.0.87: [LOWI-Scan] 
01-24 10:29:56.441  1503 14859 D LOWI-9.0.0.87: [LOWI-Scan] print_bss_handler: Report beacon TSF 340243483189 as it greater than probe TSF 340243483189
01-24 10:29:56.441  1503 14859 D LOWI-9.0.0.87: [LOWI-Scan] decode_rsn_wpa_ie: LOWI_ENCRYPTION_TYPE_WPA_PSK
01-24 10:29:56.441  1503 14859 D LOWI-9.0.0.87: [LOWI-Scan] is_qcom_ie, bss_age: 0
01-24 10:29:56.441  1503 14859 D LOWI-9.0.0.87: [LOWI-Scan] BSS d4:6d:50:ed:31:d0 LOWI_PHY_MODE_11NG_HT20(5), Beacon Interval: 102, LOWI_ENCRYPTION_TYPE_WPA_PSK 11mcRanging: No, ANQP: No, LCI: No, Civic: No, capability(0x1431): ESS Privacy ShortPreamble ShortSlotTime
01-24 10:29:56.441  1503 14859 D LOWI-9.0.0.87: [LOWI-Scan] BSS d4:6d:50:ed:31:d0 FREQ: 2462, cFreq1[40:80:160] = [0:0:0] cFreq2 = 0 Country Code = CN 
01-24 10:29:56.441  1503 14859 D LOWI-9.0.0.87: [LOWI-Scan] BSS d4:6d:50:ed:31:d0 (wlan0) ASSO: NO AddInfo: 0x1, TSF 3, 22:30:43.483, RSSI: -128, CPL: 1, AGE: 1760,  SSID Hydra, TSFDelta: 0x13c6cb99, TXRate: 0
01-24 10:29:56.441  1503 14859 D LOWI-9.0.0.87: [LOWIDiagLog] Log: lowiMeasResult->request: invalid null argument
01-24 10:29:56.441  1503 14859 I LOWI-9.0.0.87: [LOWI-Scan] lowi_close_record:Scan done in 333036846ms, 23 APs in scan results
01-24 10:29:56.442  1503 14859 D LOWI-9.0.0.87: [LOWI-Scan] WipsScanUsingNL: passive scan cached 0, took 1544703 ms, err 0
01-24 10:29:56.442  1503 14859 D LOWI-9.0.0.87: [LOWI-Scan] lowi_proc_req_passive_scan_with_live_meas - No WLAN Frames to be parsed
01-24 10:29:56.442  1503 14859 D LOWI-9.0.0.87: [LOWIScanResultReceiver] Send scan meas to listener
01-24 10:29:56.442  1503 14859 D LOWI-9.0.0.87: [LOWIScanResultReceiver] Enter passive listening mode
01-24 10:29:56.442  1503  1667 D LOWI-9.0.0.87: [LOWIEventReceiver] handleEvent:FROM:NA, TO:NA, REQ:NA, IREQ:NA, REQ_ID:0, RESP:NA, INFO:NA
01-24 10:29:56.442  1503  1667 D LOWI-9.0.0.87: [LOWIBackgroundScanMgr] isRspForBgScanMgr: evt(LOWI_NO_EVT) - not handled
01-24 10:29:56.442  1503  1667 D LOWI-9.0.0.87: [LOWIScheduler] manageMsg: NULL results or NULL request in results
01-24 10:29:56.442  1503  1667 D LOWI-9.0.0.87: [LOWIController] Measurements received
01-24 10:29:56.442  1503  1667 D LOWI-9.0.0.87: [LOWICacheManager] putInCache:Num of Meas to add: 23
01-24 10:29:56.442  1503 14859 D LOWI-9.0.0.87: [LOWIWifiDriverInterface] getMeasurements - Passive listening mode
01-24 10:29:56.442  1503 14859 D LOWI-9.0.0.87: [LOWI-Scan] WipsScanUsingNL:wait -1 sec for netlink message
01-24 10:29:56.443  1503  1667 D LOWI-9.0.0.87: [LOWIController] processMeasurementResults: No current Request. Cache measurements
01-24 10:29:56.443  1503  1667 D LOWI-9.0.0.87: [LOWIControllerExtn] sendLOWILpDiscoveryScanResponse: Not a discovery scan response
01-24 10:29:56.436     0     0 E [wifi@1][0x5f113d128b8][10:29:56.439970] wlan: [981:E:OSIF] wlan_hdd_set_station_stats_request_pending: peer is null
01-24 10:29:56.628  1752  2003 W BroadcastQueue: Background execution not allowed: receiving Intent { act=android.intent.action.DROPBOX_ENTRY_ADDED flg=0x10 (has extras) } to com.google.android.gms/.stats.service.DropBoxEntryAddedReceiver
01-24 10:29:56.629  1752  2003 W BroadcastQueue: Background execution not allowed: receiving Intent { act=android.intent.action.DROPBOX_ENTRY_ADDED flg=0x10 (has extras) } to com.google.android.gms/.chimera.GmsIntentOperationService$PersistentTrustedReceiver
01-24 10:29:56.640  1752 10050 D CompatibilityInfo: mCompatibilityFlags - 0
01-24 10:29:56.640  1752 10050 D CompatibilityInfo: applicationDensity - 480
01-24 10:29:56.641  1752 10050 D CompatibilityInfo: applicationScale - 1.0
01-24 10:29:57.034     0     0 D cnss    : Runtime suspend start
01-24 10:29:57.035     0     0 I [kworke][0x5f1148094c4][10:29:57.038744] wlan: [26727:I:PMO] pmo_core_is_wow_applicable: lpass enabled, enabling wow
01-24 10:29:57.035     0     0 I [kworke][0x5f11480a603][10:29:57.038974] wlan: [26727:I:PMO] pmo_core_enable_wow_in_fw: drv wow is enabled
01-24 10:29:57.035     0     0 I [kworke][0x5f11480a881][10:29:57.039007] wlan: [26727:I:PMO] pmo_core_enable_wow_in_fw: RTPM wow
01-24 10:29:57.035     0     0 I [kworke][0x5f11480adf1][10:29:57.039080] wlan: [26727:I:WMI] send_wow_enable_cmd_tlv: suspend type: WOW_IFACE_PAUSE_ENABLED flag is 0x10
01-24 10:29:57.065     0     0 D cnss    : Setting MHI state: SUSPEND(6)
01-24 10:29:57.065     0     0 D cnss    : Suspending PCI link
01-24 10:29:57.066     0     0 D cnss    : Use PCIe DRV suspend
01-24 10:29:57.073     0     0 D cnss    : Runtime suspend status: 0
01-24 10:29:57.182     0     0 I (virq   : irq_count)- 3:21334919 9:5007142 348:3057090 14:1371761 380:948471 303:815371 18:802253 414:773835 282:659470 279:641458
01-24 10:29:57.182     0     0 I (cpu    : irq_count)- 0:8776040 1:8764047 2:8760353 3:9003445 4:718657 5:731901 6:769513 7:526600
01-24 10:29:57.182     0     0 I (ipi    : irq_count)- 0:49572760 1:38220087 2:0 3:0 4:0 5:7031315 6:0
