01-24 08:23:32.877   942   942 W CHIUSECASE: [WARN   ] chifeature2base.cpp:14426 SetChiStreamInfo() HDR: Not Supported : 0xb400007b75ce8130
01-24 08:23:32.877   942   942 W CHIUSECASE: [WARN   ] chifeature2base.cpp:14426 SetChiStreamInfo() HDR: Not Supported : 0xb400007b75cf3030
01-24 08:23:32.877   942   942 I CHIUSECASE: [CORE_CFG ] chifeature2base.cpp:9356 FinalizeInputPorts() MFSR:0 Blend_DMECONTEXT_IN updating stream(0xb400007b75cef670) dims from [40000 x 1] to [4000 x 3000]
01-24 08:23:32.877   942 26270 I CamX    : [CORE_CFG][CORE   ] camxsession.cpp:8107 GetActiveCSLSession() cameraId=0, session=0xb400007ac02fd040, cslsession=0x8a0200
01-24 08:23:32.878   942 26273 I CamX    : [CORE_CFG][CORE   ] camxsession.cpp:8107 GetActiveCSLSession() cameraId=0, session=0xb400007abff5a040, cslsession=0x1e0008a0200
01-24 08:23:32.878   942 26274 I CamX    : [CORE_CFG][CORE   ] camxsession.cpp:8107 GetActiveCSLSession() cameraId=0, session=0xb400007abfdb3040, cslsession=0x1e0008a0200
01-24 08:23:32.878   942   942 I CamX    : [CORE_CFG][CORE   ] camxsession.cpp:8107 GetActiveCSLSession() cameraId=0, session=0xb400007abfd0a040, cslsession=0x7f008a0200
01-24 08:23:32.879  1752  1973 I DisplayManagerService: Display device changed: DisplayDeviceInfo{"Built-in Screen": uniqueId="local:19261208755302018", 1080 x 2340, modeId 3, defaultModeId 1, supportedModes [{id=1, width=1080, height=2340, fps=120.00001}, {id=2, width=1080, height=2340, fps=90.0}, {id=3, width=1080, height=2340, fps=60.000004}], colorMode 0, supportedColorModes [0, 7, 9], HdrCapabilities HdrCapabilities{mSupportedHdrTypes=[2, 3, 4], mMaxLuminance=420.0, mMaxAverageLuminance=210.1615, mMinLuminance=0.323}, allmSupported false, gameContentTypeSupported false, density 480, 318.976 x 319.548 dpi, appVsyncOff 1000000, presDeadline 16666666, touch INTERNAL, rotation 0, type INTERNAL, address {port=130, model=0x446df7a1cdee}, deviceProductInfo DeviceProductInfo{name=, manufacturerPnpId=QCM, productId=1, modelYear=null, manufactureDate=ManufactureDate{week=27, year=2006}, relativeAddress=null}, state ON, FLAG_DEFAULT_DISPLAY, FLAG_ROTATES_WITH_CONTENT, FLAG_SECURE, FLAG_SUPPORTS_PROTECTED_BUFFERS}
01-24 08:23:32.881   942 26306 I CamX    : [CORE_CFG][CORE   ] camxnode.cpp:803 InitializeSourcePortBufferFormat() Topology: Node::MfsrPostFilter_IPE3 has a source port id 0 using format 12 dim 4000x3000, stream 0xb400007b75cf5480
01-24 08:23:32.881   942 26305 I CamX    : [CORE_CFG][CORE   ] camxnode.cpp:803 InitializeSourcePortBufferFormat() Topology: Node::MfsrBlend_IPE1 has a source port id 4 using format 12 dim 4000x3000, stream 0xb400007b75cf31f0
01-24 08:23:32.881   942 26305 I CamX    : [CORE_CFG][CORE   ] camxnode.cpp:803 InitializeSourcePortBufferFormat() Topology: Node::MfsrBlend_IPE1 has a source port id 5 using format 18 dim 1000x750, stream 0xb400007b75cf1430
01-24 08:23:32.881   942 26306 I CamX    : [CORE_CFG][CORE   ] camxnode.cpp:803 InitializeSourcePortBufferFormat() Topology: Node::MfsrPostFilter_IPE3 has a source port id 1 using format 18 dim 1000x750, stream 0xb400007b75ce7e90
01-24 08:23:32.881   942 26305 I CamX    : [CORE_CFG][CORE   ] camxnode.cpp:803 InitializeSourcePortBufferFormat() Topology: Node::MfsrBlend_IPE1 has a source port id 6 using format 18 dim 250x188, stream 0xb400007b75cf3ff0
01-24 08:23:32.881   942 26304 I CamX    : [CORE_CFG][CORE   ] camxnode.cpp:803 InitializeSourcePortBufferFormat() Topology: Node::MfsrPrefilter_BPS0 has a source port id 0 using format 9 dim 4000x3000, stream 0xb400007b75cf5e90
01-24 08:23:32.881   942 26305 I CamX    : [CORE_CFG][CORE   ] camxnode.cpp:803 InitializeSourcePortBufferFormat() Topology: Node::MfsrBlend_IPE1 has a source port id 7 using format 18 dim 64x48, stream 0xb400007b75ce6bc0
01-24 08:23:32.881   942 26272 I CamX    : [CORE_CFG][CORE   ] camxsession.cpp:8107 GetActiveCSLSession() cameraId=0, session=0xb400007abde2e040, cslsession=0x7a008a0200
01-24 08:23:32.881   942 26306 I CamX    : [CORE_CFG][MEMMGR ] camxnode.cpp:8181 CreateBufferManagers() BufferMgrCreate ,[MfsrPostFilter_IPE3_OutputPortId9_Video] width=4000, height=3000, format=3, stride 4032 scanline 3008 GetTotalSize 18321408
01-24 08:23:32.881   942 26305 I CamX    : [CORE_CFG][CORE   ] camxnode.cpp:803 InitializeSourcePortBufferFormat() Topology: Node::MfsrBlend_BPS1 has a source port id 0 using format 9 dim 4000x3000, stream 0xb400007b75cf6590
01-24 08:23:32.881   942 26306 I CamX    : [CORE_CFG][MEMMGR ] camxnode.cpp:8181 CreateBufferManagers() BufferMgrCreate ,[MfsrPostFilter_IPE3_OutputPortId9_Video] width=4000, height=3000, format=3, stride 4032 scanline 1536 GetTotalSize 18321408
01-24 08:23:32.881   942 26306 I CamX    : [CORE_CFG][CORE   ] camxpipeline.h:2985 SetPipelineStatus() MfsrPostFilter_0 status is now PipelineStatus::BUFFER_PROPERTIES_FINALIZED
01-24 08:23:32.881   942 26304 I CamX    : [CORE_CFG][MEMMGR ] camxnode.cpp:8181 CreateBufferManagers() BufferMgrCreate ,[MfsrPrefilter_IPE0_OutputPortId10_FullRef] width=4000, height=3000, format=12, stride 5376 scanline 3008 GetTotalSize 24403968
01-24 08:23:32.881   942 26305 I CamX    : [CORE_CFG][CORE   ] camxnode.cpp:803 InitializeSourcePortBufferFormat() Topology: Node::MfsrBlend_CVP1 has a source port id 6 using format 14 dim 1920x1440, stream 0xb400007b75cea890
01-24 08:23:32.881   942 26304 I CamX    : [CORE_CFG][MEMMGR ] camxnode.cpp:8181 CreateBufferManagers() BufferMgrCreate ,[MfsrPrefilter_IPE0_OutputPortId10_FullRef] width=4000, height=3000, format=12, stride 5376 scanline 1504 GetTotalSize 24403968
01-24 08:23:32.881   942 26305 W CamX    : [ WARN][FORMAT ] camximageformatmapper.cpp:786 FillImageFormatInfo() format 14 is not supported by Gralloc, use internal calc
01-24 08:23:32.881  3555  4149 I BtGatt.ScanManager: msg.what = 8
01-24 08:23:32.881   942 26304 I CamX    : [CORE_CFG][MEMMGR ] camxnode.cpp:8181 CreateBufferManagers() BufferMgrCreate ,[MfsrPrefilter_IPE0_OutputPortId11_DS4Ref] width=1000, height=750, format=18, stride 4096 scanline 384 GetTotalSize 1572864
01-24 08:23:32.881   942 26305 I CamX    : [CORE_CFG][CORE   ] camxnode.cpp:803 InitializeSourcePortBufferFormat() Topology: Node::MfsrBlend_CVP1 has a source port id 9 using format 6 dim 4000x3000, stream 0xb400007b75cef670
01-24 08:23:32.881   942 26304 I CamX    : [CORE_CFG][MEMMGR ] camxnode.cpp:8181 CreateBufferManagers() BufferMgrCreate ,[MfsrPrefilter_IPE0_OutputPortId12_DS16Ref] width=250, height=188, format=18, stride 1280 scanline 96 GetTotalSize 122880
01-24 08:23:32.881   942 26304 I CamX    : [CORE_CFG][MEMMGR ] camxnode.cpp:8181 CreateBufferManagers() BufferMgrCreate ,[MfsrPrefilter_IPE0_OutputPortId13_DS64Ref] width=64, height=48, format=18, stride 512 scanline 32 GetTotalSize 16384
01-24 08:23:32.881   942 26305 I CamX    : [CORE_CFG][MEMMGR ] camxnode.cpp:8181 CreateBufferManagers() BufferMgrCreate ,[MfsrBlend_IPE1_OutputPortId10_FullRef] width=4000, height=3000, format=12, stride 5376 scanline 3008 GetTotalSize 24403968
01-24 08:23:32.882   942 26304 I CamX    : [CORE_CFG][MEMMGR ] camxnode.cpp:8181 CreateBufferManagers() BufferMgrCreate ,[MfsrPrefilter_BPS0_OutputPortId1_Full] width=4000, height=3000, format=12, stride 5376 scanline 3008 GetTotalSize 24403968
01-24 08:23:32.882   942 26305 I CamX    : [CORE_CFG][MEMMGR ] camxnode.cpp:8181 CreateBufferManagers() BufferMgrCreate ,[MfsrBlend_IPE1_OutputPortId10_FullRef] width=4000, height=3000, format=12, stride 5376 scanline 1504 GetTotalSize 24403968
01-24 08:23:32.882   942 26304 I CamX    : [CORE_CFG][MEMMGR ] camxnode.cpp:8181 CreateBufferManagers() BufferMgrCreate ,[MfsrPrefilter_BPS0_OutputPortId1_Full] width=4000, height=3000, format=12, stride 5376 scanline 1504 GetTotalSize 24403968
01-24 08:23:32.882   942 26305 I CamX    : [CORE_CFG][MEMMGR ] camxnode.cpp:8181 CreateBufferManagers() BufferMgrCreate ,[MfsrBlend_IPE1_OutputPortId11_DS4Ref] width=1000, height=750, format=18, stride 4096 scanline 384 GetTotalSize 1572864
01-24 08:23:32.882   942 26305 I CamX    : [CORE_CFG][MEMMGR ] camxnode.cpp:8181 CreateBufferManagers() BufferMgrCreate ,[MfsrBlend_BPS1_OutputPortId1_Full] width=4000, height=3000, format=12, stride 5376 scanline 3008 GetTotalSize 24403968
01-24 08:23:32.882   942 26304 I CamX    : [CORE_CFG][MEMMGR ] camxmempoolgroup.cpp:480 RegisterBufferManager() [MPG_22]-->[MfsrPrefilter_BPS0_OutputPortId1_Full] : NumBufMgrs=10, type=CamX, heap=1, Original Immediate=0, Max=8, SelfTuned Immediate=0, Max=8, needDedicatedBuffers=0, lateBinding=1, numBatched=1, deviceCount=1, devices=23, 0, flags=0x1 width=4000, height=3000, format=12, size=24403968
01-24 08:23:32.882   942 26305 I CamX    : [CORE_CFG][MEMMGR ] camxnode.cpp:8181 CreateBufferManagers() BufferMgrCreate ,[MfsrBlend_BPS1_OutputPortId1_Full] width=4000, height=3000, format=12, stride 5376 scanline 1504 GetTotalSize 24403968
01-24 08:23:32.882   942 26304 I CamX    : [CORE_CFG][MEMMGR ] camxnode.cpp:8181 CreateBufferManagers() BufferMgrCreate ,[MfsrPrefilter_BPS0_OutputPortId7_Reg1] width=1920, height=1440, format=3, stride 1920 scanline 1440 GetTotalSize 4147200
01-24 08:23:32.882   942 26305 I CamX    : [CORE_CFG][MEMMGR ] camxmempoolgroup.cpp:480 RegisterBufferManager() [MPG_22]-->[MfsrBlend_BPS1_OutputPortId1_Full] : NumBufMgrs=11, type=CamX, heap=1, Original Immediate=0, Max=7, SelfTuned Immediate=0, Max=7, needDedicatedBuffers=0, lateBinding=1, numBatched=1, deviceCount=1, devices=23, 0, flags=0x1 width=4000, height=3000, format=12, size=24403968
01-24 08:23:32.882   942 26304 I CamX    : [CORE_CFG][MEMMGR ] camxnode.cpp:8181 CreateBufferManagers() BufferMgrCreate ,[MfsrPrefilter_BPS0_OutputPortId7_Reg1] width=1920, height=1440, format=3, stride 1920 scanline 720 GetTotalSize 4147200
01-24 08:23:32.882   942 26305 I CamX    : [CORE_CFG][MEMMGR ] camxnode.cpp:8181 CreateBufferManagers() BufferMgrCreate ,[MfsrBlend_BPS1_OutputPortId7_Reg1] width=1920, height=1440, format=3, stride 1920 scanline 1440 GetTotalSize 4147200
01-24 08:23:32.882   942 26304 I CamX    : [CORE_CFG][MEMMGR ] camxmempoolgroup.cpp:480 RegisterBufferManager() [MPG_37]-->[MfsrPrefilter_BPS0_OutputPortId7_Reg1] : NumBufMgrs=3, type=CamX, heap=1, Original Immediate=0, Max=7, SelfTuned Immediate=0, Max=7, needDedicatedBuffers=0, lateBinding=1, numBatched=1, deviceCount=1, devices=23, 0, flags=0x9 width=1920, height=1440, format=3, size=4147200
01-24 08:23:32.882   942 26305 I CamX    : [CORE_CFG][MEMMGR ] camxnode.cpp:8181 CreateBufferManagers() BufferMgrCreate ,[MfsrBlend_BPS1_OutputPortId7_Reg1] width=1920, height=1440, format=3, stride 1920 scanline 720 GetTotalSize 4147200
01-24 08:23:32.882   942 26304 I CamX    : [CORE_CFG][MEMMGR ] camxnode.cpp:8181 CreateBufferManagers() BufferMgrCreate ,[MfsrPrefilter_BPS0_OutputPortId2_DS4] width=1000, height=750, format=18, stride 4096 scanline 384 GetTotalSize 1572864
01-24 08:23:32.882   942 26304 I CamX    : [CORE_CFG][MEMMGR ] camxmempoolgroup.cpp:480 RegisterBufferManager() [MPG_36]-->[MfsrPrefilter_BPS0_OutputPortId2_DS4] : NumBufMgrs=6, type=CamX, heap=1, Original Immediate=0, Max=8, SelfTuned Immediate=0, Max=8, needDedicatedBuffers=0, lateBinding=1, numBatched=1, deviceCount=1, devices=23, 0, flags=0x1 width=1000, height=750, format=18, size=1572864
01-24 08:23:32.882   942 26304 I CamX    : [CORE_CFG][MEMMGR ] camxnode.cpp:8181 CreateBufferManagers() BufferMgrCreate ,[MfsrPrefilter_BPS0_OutputPortId3_DS16] width=250, height=188, format=18, stride 1280 scanline 96 GetTotalSize 122880
01-24 08:23:32.882   942 26304 I CamX    : [CORE_CFG][MEMMGR ] camxmempoolgroup.cpp:480 RegisterBufferManager() [MPG_21]-->[MfsrPrefilter_BPS0_OutputPortId3_DS16] : NumBufMgrs=6, type=CamX, heap=1, Original Immediate=0, Max=8, SelfTuned Immediate=0, Max=8, needDedicatedBuffers=0, lateBinding=1, numBatched=1, deviceCount=1, devices=23, 0, flags=0x1 width=250, height=188, format=18, size=122880
01-24 08:23:32.883   942 26304 I CamX    : [CORE_CFG][MEMMGR ] camxnode.cpp:8181 CreateBufferManagers() BufferMgrCreate ,[MfsrPrefilter_BPS0_OutputPortId4_DS64] width=64, height=48, format=18, stride 512 scanline 32 GetTotalSize 16384
01-24 08:23:32.883   942 26304 I CamX    : [CORE_CFG][MEMMGR ] camxmempoolgroup.cpp:480 RegisterBufferManager() [MPG_0]-->[MfsrPrefilter_BPS0_OutputPortId4_DS64] : NumBufMgrs=6, type=CamX, heap=1, Original Immediate=0, Max=8, SelfTuned Immediate=0, Max=8, needDedicatedBuffers=0, lateBinding=1, numBatched=1, deviceCount=1, devices=23, 0, flags=0x1 width=64, height=48, format=18, size=16384
01-24 08:23:32.883   942 26304 I CamX    : [CORE_CFG][MEMMGR ] camxnode.cpp:8181 CreateBufferManagers() BufferMgrCreate ,[MfsrPrefilter_CVP0_OutputPortId1_OutputData] width=40000, height=1, format=6, stride 40000 scanline 1 GetTotalSize 40960
01-24 08:23:32.883   942 26304 W CamX    : [ WARN][FORMAT ] camximageformatmapper.cpp:786 FillImageFormatInfo() format 14 is not supported by Gralloc, use internal calc
01-24 08:23:32.883  3555  4149 I BtGatt.ScanManager: msg.what = 5
01-24 08:23:32.884   942 26304 W CamX    : [ WARN][FORMAT ] camximageformatmapper.cpp:786 FillImageFormatInfo() format 14 is not supported by Gralloc, use internal calc
01-24 08:23:32.884   942 26304 W CamX    : [ WARN][FORMAT ] camximageformatmapper.cpp:786 FillImageFormatInfo() format 14 is not supported by Gralloc, use internal calc
01-24 08:23:32.884   942 26304 I CamX    : [CORE_CFG][MEMMGR ] camxnode.cpp:8181 CreateBufferManagers() BufferMgrCreate ,[MfsrPrefilter_CVP0_OutputPortId2_OutputImage] width=2048, height=1440, format=14, stride 2048 scanline 1440 GetTotalSize 4460544
01-24 08:23:32.884   942 26285 I CamX    : [CORE_CFG][CSL    ] camxcslhw.cpp:967 CSLAcquireDeviceHW() DeviceAcquired: Name=CSLHwICP phDevice=14876940 name:/dev/v4l-subdev34 dIndex 23 hIndex 12 sessionName RealTimeFeatureZSLPreviewRaw
01-24 08:23:32.884   942 26304 I CamX    : [CORE_CFG][MEMMGR ] camxnode.cpp:8181 CreateBufferManagers() BufferMgrCreate ,[MfsrPrefilter_CVP0_OutputPortId2_OutputImage] width=2048, height=1440, format=14, stride 2048 scanline 720 GetTotalSize 4460544
01-24 08:23:32.884   942 26304 I CamX    : [CORE_CFG][CORE   ] camxpipeline.h:2985 SetPipelineStatus() MfsrPrefilter_0 status is now PipelineStatus::BUFFER_PROPERTIES_FINALIZED
01-24 08:23:32.884   942 26305 I CamX    : [CORE_CFG][MEMMGR ] camxmempoolgroup.cpp:480 RegisterBufferManager() [MPG_37]-->[MfsrBlend_BPS1_OutputPortId7_Reg1] : NumBufMgrs=4, type=CamX, heap=1, Original Immediate=0, Max=7, SelfTuned Immediate=0, Max=7, needDedicatedBuffers=0, lateBinding=1, numBatched=1, deviceCount=1, devices=23, 0, flags=0x9 width=1920, height=1440, format=3, size=4147200
01-24 08:23:32.885   942 26303 I CamX    : [CORE_CFG][CORE   ] camxnode.cpp:803 InitializeSourcePortBufferFormat() Topology: Node::SWMFMergeRaw_com.qti.node.memcpy0 has a source port id 0 using format 9 dim 4000x3000, stream 0xb400007b75ce11a0
01-24 08:23:32.885   942 26303 I CamX    : [CORE_CFG][CORE   ] camxnode.cpp:803 InitializeSourcePortBufferFormat() Topology: Node::SWMFMergeRaw_com.qti.node.memcpy0 has a source port id 1 using format 9 dim 4000x3000, stream 0xb400007b75cf7080
01-24 08:23:32.885   942 26303 I CamX    : [CORE_CFG][CORE   ] camxnode.cpp:803 InitializeSourcePortBufferFormat() Topology: Node::SWMFMergeRaw_com.qti.node.memcpy0 has a source port id 2 using format 9 dim 4000x3000, stream 0xb400007b75ce9cc0
01-24 08:23:32.885   935  1070 E minksocket: MinkIPC_QRTR_Service: client with node 1 port 4b46 went down
01-24 08:23:32.885   942 26305 I CamX    : [CORE_CFG][MEMMGR ] camxnode.cpp:8181 CreateBufferManagers() BufferMgrCreate ,[MfsrBlend_BPS1_OutputPortId2_DS4] width=1000, height=750, format=18, stride 4096 scanline 384 GetTotalSize 1572864
01-24 08:23:32.885   942 26305 I CamX    : [CORE_CFG][MEMMGR ] camxmempoolgroup.cpp:480 RegisterBufferManager() [MPG_36]-->[MfsrBlend_BPS1_OutputPortId2_DS4] : NumBufMgrs=7, type=CamX, heap=1, Original Immediate=0, Max=7, SelfTuned Immediate=0, Max=7, needDedicatedBuffers=0, lateBinding=1, numBatched=1, deviceCount=1, devices=23, 0, flags=0x1 width=1000, height=750, format=18, size=1572864
01-24 08:23:32.885   942 26305 I CamX    : [CORE_CFG][MEMMGR ] camxnode.cpp:8181 CreateBufferManagers() BufferMgrCreate ,[MfsrBlend_BPS1_OutputPortId3_DS16] width=250, height=188, format=18, stride 1280 scanline 96 GetTotalSize 122880
01-24 08:23:32.885   942 26305 I CamX    : [CORE_CFG][MEMMGR ] camxmempoolgroup.cpp:480 RegisterBufferManager() [MPG_21]-->[MfsrBlend_BPS1_OutputPortId3_DS16] : NumBufMgrs=7, type=CamX, heap=1, Original Immediate=0, Max=7, SelfTuned Immediate=0, Max=7, needDedicatedBuffers=0, lateBinding=1, numBatched=1, deviceCount=1, devices=23, 0, flags=0x1 width=250, height=188, format=18, size=122880
01-24 08:23:32.885   942 26305 I CamX    : [CORE_CFG][MEMMGR ] camxnode.cpp:8181 CreateBufferManagers() BufferMgrCreate ,[MfsrBlend_BPS1_OutputPortId4_DS64] width=64, height=48, format=18, stride 512 scanline 32 GetTotalSize 16384
01-24 08:23:32.885   942 26305 I CamX    : [CORE_CFG][MEMMGR ] camxmempoolgroup.cpp:480 RegisterBufferManager() [MPG_0]-->[MfsrBlend_BPS1_OutputPortId4_DS64] : NumBufMgrs=7, type=CamX, heap=1, Original Immediate=0, Max=7, SelfTuned Immediate=0, Max=7, needDedicatedBuffers=0, lateBinding=1, numBatched=1, deviceCount=1, devices=23, 0, flags=0x1 width=64, height=48, format=18, size=16384
01-24 08:23:32.885   942 26305 I CamX    : [CORE_CFG][MEMMGR ] camxnode.cpp:8181 CreateBufferManagers() BufferMgrCreate ,[MfsrBlend_CVP1_OutputPortId1_OutputData] width=40000, height=1, format=6, stride 40000 scanline 1 GetTotalSize 40960
01-24 08:23:32.885   942 26305 W CamX    : [ WARN][FORMAT ] camximageformatmapper.cpp:786 FillImageFormatInfo() format 14 is not supported by Gralloc, use internal calc
01-24 08:23:32.886   942 26305 I chatty  : uid=1047(cameraserver) provider@2.4-se identical 1 line
01-24 08:23:32.886   942 26305 W CamX    : [ WARN][FORMAT ] camximageformatmapper.cpp:786 FillImageFormatInfo() format 14 is not supported by Gralloc, use internal calc
01-24 08:23:32.886   942 26305 I CamX    : [CORE_CFG][MEMMGR ] camxnode.cpp:8181 CreateBufferManagers() BufferMgrCreate ,[MfsrBlend_CVP1_OutputPortId2_OutputImage] width=2048, height=1440, format=14, stride 2048 scanline 1440 GetTotalSize 4460544
01-24 08:23:32.886   942 26305 I CamX    : [CORE_CFG][MEMMGR ] camxnode.cpp:8181 CreateBufferManagers() BufferMgrCreate ,[MfsrBlend_CVP1_OutputPortId2_OutputImage] width=2048, height=1440, format=14, stride 2048 scanline 720 GetTotalSize 4460544
01-24 08:23:32.886   942 26307 I CamX    : [CORE_CFG][CORE   ] camxnode.cpp:803 InitializeSourcePortBufferFormat() Topology: Node::MFHDRTwoFrameSnapshotFusion_IPE5 has a source port id 0 using format 12 dim 4000x3000, stream 0xb400007b75ce6ed0
01-24 08:23:32.886   942 26305 I CamX    : [CORE_CFG][CORE   ] camxpipeline.h:2985 SetPipelineStatus() MfsrBlend_0 status is now PipelineStatus::BUFFER_PROPERTIES_FINALIZED
01-24 08:23:32.886   942 26307 I CamX    : [CORE_CFG][CORE   ] camxnode.cpp:803 InitializeSourcePortBufferFormat() Topology: Node::MFHDRTwoFrameSnapshotFusion_IPE6 has a source port id 0 using format 12 dim 4000x3000, stream 0xb400007b75cf4990
01-24 08:23:32.886   935  1070 E minksocket: MinkIPC_QRTR_Service: client with node 1 port 4b47 went down
01-24 08:23:32.886   942 26308 I CamX    : [CORE_CFG][CORE   ] camxnode.cpp:803 InitializeSourcePortBufferFormat() Topology: Node::ZSLSnapshotYUVHAL_BPS0 has a source port id 0 using format 9 dim 4000x3000, stream 0xb400007b75ce3190
01-24 08:23:32.886   942 26307 I CamX    : [CORE_CFG][MEMMGR ] camxnode.cpp:8181 CreateBufferManagers() BufferMgrCreate ,[MFHDRTwoFrameSnapshotFusion_IPE2_OutputPortId10_FullRef] width=4000, height=3000, format=12, stride 5376 scanline 3008 GetTotalSize 24403968
01-24 08:23:32.886   942 26307 I CamX    : [CORE_CFG][MEMMGR ] camxnode.cpp:8181 CreateBufferManagers() BufferMgrCreate ,[MFHDRTwoFrameSnapshotFusion_IPE2_OutputPortId10_FullRef] width=4000, height=3000, format=12, stride 5376 scanline 1504 GetTotalSize 24403968
01-24 08:23:32.886   942 26309 I CamX    : [CORE_CFG][CORE   ] camxnode.cpp:803 InitializeSourcePortBufferFormat() Topology: Node::MFHDRThreeFrameSnapshotFusion_IPE5 has a source port id 0 using format 12 dim 4000x3000, stream 0xb400007b75cf0d30
01-24 08:23:32.886   942 26307 I CamX    : [CORE_CFG][MEMMGR ] camxmempoolgroup.cpp:480 RegisterBufferManager() [MPG_22]-->[MFHDRTwoFrameSnapshotFusion_IPE2_OutputPortId10_FullRef] : NumBufMgrs=12, type=CamX, heap=1, Original Immediate=8, Max=8, SelfTuned Immediate=0, Max=8, needDedicatedBuffers=0, lateBinding=1, numBatched=1, deviceCount=1, devices=23, 0, flags=0x19 width=4000, height=3000, format=12, size=24403968
01-24 08:23:32.886   942 26307 I CamX    : [CORE_CFG][MEMMGR ] camxnode.cpp:8181 CreateBufferManagers() BufferMgrCreate ,[MFHDRTwoFrameSnapshotFusion_IPE2_OutputPortId11_DS4Ref] width=1000, height=750, format=18, stride 4096 scanline 384 GetTotalSize 1572864
01-24 08:23:32.886   942 26309 I CamX    : [CORE_CFG][CORE   ] camxnode.cpp:803 InitializeSourcePortBufferFormat() Topology: Node::MFHDRThreeFrameSnapshotFusion_IPE6 has a source port id 0 using format 12 dim 4000x3000, stream 0xb400007b75ce8830
01-24 08:23:32.886   942 26307 I CamX    : [CORE_CFG][MEMMGR ] camxmempoolgroup.cpp:480 RegisterBufferManager() [MPG_36]-->[MFHDRTwoFrameSnapshotFusion_IPE2_OutputPortId11_DS4Ref] : NumBufMgrs=8, type=CamX, heap=1, Original Immediate=8, Max=8, SelfTuned Immediate=0, Max=8, needDedicatedBuffers=0, lateBinding=1, numBatched=1, deviceCount=1, devices=23, 0, flags=0x19 width=1000, height=750, format=18, size=1572864
01-24 08:23:32.886   942 26308 I CamX    : [CORE_CFG][MEMMGR ] camxnode.cpp:8181 CreateBufferManagers() BufferMgrCreate ,[ZSLSnapshotYUVHAL_IPE3_OutputPortId8_Display] width=4000, height=3000, format=3, stride 4032 scanline 3008 GetTotalSize 18321408
01-24 08:23:32.886   942 26308 I CamX    : [CORE_CFG][MEMMGR ] camxnode.cpp:8181 CreateBufferManagers() BufferMgrCreate ,[ZSLSnapshotYUVHAL_IPE3_OutputPortId8_Display] width=4000, height=3000, format=3, stride 4032 scanline 1536 GetTotalSize 18321408
01-24 08:23:32.886   942 26308 I CamX    : [CORE_CFG][MEMMGR ] camxnode.cpp:8181 CreateBufferManagers() BufferMgrCreate ,[ZSLSnapshotYUVHAL_IPE3_OutputPortId9_Video] width=4000, height=3000, format=3, stride 4032 scanline 3008 GetTotalSize 18321408
01-24 08:23:32.886   942 26308 I CamX    : [CORE_CFG][MEMMGR ] camxnode.cpp:8181 CreateBufferManagers() BufferMgrCreate ,[ZSLSnapshotYUVHAL_IPE3_OutputPortId9_Video] width=4000, height=3000, format=3, stride 4032 scanline 1536 GetTotalSize 18321408
01-24 08:23:32.886   942 26307 I CamX    : [CORE_CFG][MEMMGR ] camxnode.cpp:8181 CreateBufferManagers() BufferMgrCreate ,[MFHDRTwoFrameSnapshotFusion_IPE3_OutputPortId8_Display] width=4000, height=3000, format=3, stride 4032 scanline 3008 GetTotalSize 18321408
01-24 08:23:32.886   942 26308 I CamX    : [CORE_CFG][MEMMGR ] camxnode.cpp:8181 CreateBufferManagers() BufferMgrCreate ,[ZSLSnapshotYUVHAL_BPS0_OutputPortId1_Full] width=4000, height=3000, format=12, stride 5376 scanline 3008 GetTotalSize 24403968
01-24 08:23:32.886   942 26307 I CamX    : [CORE_CFG][MEMMGR ] camxnode.cpp:8181 CreateBufferManagers() BufferMgrCreate ,[MFHDRTwoFrameSnapshotFusion_IPE3_OutputPortId8_Display] width=4000, height=3000, format=3, stride 4032 scanline 1536 GetTotalSize 18321408
01-24 08:23:32.886   935  1070 E minksocket: MinkIPC_QRTR_Service: client with node 1 port 4b48 went down
01-24 08:23:32.886   942 26308 I CamX    : [CORE_CFG][MEMMGR ] camxnode.cpp:8181 CreateBufferManagers() BufferMgrCreate ,[ZSLSnapshotYUVHAL_BPS0_OutputPortId1_Full] width=4000, height=3000, format=12, stride 5376 scanline 1504 GetTotalSize 24403968
01-24 08:23:32.886   942 26307 I CamX    : [CORE_CFG][MEMMGR ] camxnode.cpp:8181 CreateBufferManagers() BufferMgrCreate ,[MFHDRTwoFrameSnapshotFusion_IPE5_OutputPortId10_FullRef] width=4000, height=3000, format=12, stride 5376 scanline 3008 GetTotalSize 24403968
01-24 08:23:32.886   942 26307 I CamX    : [CORE_CFG][MEMMGR ] camxnode.cpp:8181 CreateBufferManagers() BufferMgrCreate ,[MFHDRTwoFrameSnapshotFusion_IPE5_OutputPortId10_FullRef] width=4000, height=3000, format=12, stride 5376 scanline 1504 GetTotalSize 24403968
01-24 08:23:32.886   942 26308 I CamX    : [CORE_CFG][MEMMGR ] camxmempoolgroup.cpp:480 RegisterBufferManager() [MPG_22]-->[ZSLSnapshotYUVHAL_BPS0_OutputPortId1_Full] : NumBufMgrs=13, type=CamX, heap=1, Original Immediate=2, Max=8, SelfTuned Immediate=0, Max=8, needDedicatedBuffers=0, lateBinding=1, numBatched=1, deviceCount=1, devices=23, 0, flags=0x1 width=4000, height=3000, format=12, size=24403968
01-24 08:23:32.886   942 26303 I CamX    : [CORE_CFG][MEMMGR ] camxnode.cpp:8166 CreateBufferManagers() BufferMgrCreate ,[SWMFMergeRaw_com.qti.node.memcpy0_OutputPortId0_ ] width=4000, height=3000, format=9,raw stride 5008 raw scanline 3000 GetTotalSize 15024128
01-24 08:23:32.886   942 26303 I CamX    : [CORE_CFG][CORE   ] camxpipeline.h:2985 SetPipelineStatus() SWMFMergeRaw_0 status is now PipelineStatus::BUFFER_PROPERTIES_FINALIZED
01-24 08:23:32.886   942   942 I CamX    : [CORE_CFG][CORE   ] camxsession.cpp:2396 Initialize() Session (0xb400007abfd0a040) Initialized MfsrPrefilter, MfsrBlend, MfsrPostFilter
01-24 08:23:32.886   942   942 I CHIUSECASE: [CORE_CFG ] chifeature2base.cpp:9738 CreateTargetBufferManagers() Pipeline[MfsrPrefilter][0], port:Prefilter_UBWC_OUT port idx:0, Create CHI buffers, chistream:0xb400007b75ce8600, format:2141391881, w x h: 4000 x 3000 usage 20022 prd flags 20000 cons flags 40000Min:0 Max:2
01-24 08:23:32.887   942 26270 I CamX    : [CORE_CFG][CORE   ] camxsession.cpp:2396 Initialize() Session (0xb400007ac02fd040) Initialized SWMFMergeRaw
01-24 08:23:32.887   942 26308 I CamX    : [CORE_CFG][MEMMGR ] camxnode.cpp:8181 CreateBufferManagers() BufferMgrCreate ,[ZSLSnapshotYUVHAL_BPS0_OutputPortId2_DS4] width=1000, height=750, format=18, stride 4096 scanline 384 GetTotalSize 1572864
01-24 08:23:32.887   942 26270 I CHIUSECASE: [CORE_CFG ] chifeature2base.cpp:9738 CreateTargetBufferManagers() Pipeline[SWMFMergeRaw][0], port:RAW_Out_External port idx:0, Create CHI buffers, chistream:0xb400007b75cf4140, format:37, w x h: 4000 x 3000 usage 20000 prd flags 20000 cons flags 40000Min:0 Max:8
01-24 08:23:32.887   942   942 I CamX    : [CORE_CFG][MEMMGR ] camxmempoolgroup.cpp:480 RegisterBufferManager() [MPG_22]-->[PortTargetBuffer_MFSR:Prefilter_UBWC_OUT_0] : NumBufMgrs=14, type=CHI, heap=1, Original Immediate=0, Max=2, SelfTuned Immediate=0, Max=2, needDedicatedBuffers=0, lateBinding=1, numBatched=1, deviceCount=0, devices=0, 0, flags=0x18 width=4000, height=3000, format=12, size=24403968
01-24 08:23:32.887   942 26309 I CamX    : [CORE_CFG][CORE   ] camxnode.cpp:803 InitializeSourcePortBufferFormat() Topology: Node::MFHDRThreeFrameSnapshotFusion_IPE7 has a source port id 0 using format 12 dim 4000x3000, stream 0xb400007b75ce2080
01-24 08:23:32.887   942   942 I CHIUSECASE: [CORE_CFG ] chifeature2base.cpp:9738 CreateTargetBufferManagers() Pipeline[MfsrPrefilter][0], port:Prefilter_PD10DS4_OUT port idx:1, Create CHI buffers, chistream:0xb400007b75ce1fa0, format:2141391880, w x h: 1000 x 750 usage 20022 prd flags 20000 cons flags 40000Min:0 Max:2
01-24 08:23:32.887   942   942 I CamX    : [CORE_CFG][MEMMGR ] camxmempoolgroup.cpp:480 RegisterBufferManager() [MPG_36]-->[PortTargetBuffer_MFSR:Prefilter_PD10DS4_OUT_0] : NumBufMgrs=9, type=CHI, heap=1, Original Immediate=0, Max=2, SelfTuned Immediate=0, Max=2, needDedicatedBuffers=0, lateBinding=1, numBatched=1, deviceCount=0, devices=0, 0, flags=0x18 width=1000, height=750, format=18, size=1572864
01-24 08:23:32.887   942   942 I CHIUSECASE: [CORE_CFG ] chifeature2base.cpp:9738 CreateTargetBufferManagers() Pipeline[MfsrPrefilter][0], port:Prefilter_PD10DS16_OUT port idx:2, Create CHI buffers, chistream:0xb400007b75ce7db0, format:2141391880, w x h: 250 x 188 usage 20022 prd flags 20000 cons flags 40000Min:0 Max:2
01-24 08:23:32.887   942   942 I CamX    : [CORE_CFG][MEMMGR ] camxmempoolgroup.cpp:480 RegisterBufferManager() [MPG_21]-->[PortTargetBuffer_MFSR:Prefilter_PD10DS16_OUT_0] : NumBufMgrs=8, type=CHI, heap=1, Original Immediate=0, Max=2, SelfTuned Immediate=0, Max=2, needDedicatedBuffers=0, lateBinding=1, numBatched=1, deviceCount=0, devices=0, 0, flags=0x18 width=250, height=188, format=18, size=122880
01-24 08:23:32.887   942   942 I CHIUSECASE: [CORE_CFG ] chifeature2base.cpp:9738 CreateTargetBufferManagers() Pipeline[MfsrPrefilter][0], port:Prefilter_PD10DS64_OUT port idx:3, Create CHI buffers, chistream:0xb400007b75ce3040, format:2141391880, w x h: 64 x 48 usage 20022 prd flags 20000 cons flags 40000Min:0 Max:2
01-24 08:23:32.887   942   942 I CamX    : [CORE_CFG][MEMMGR ] camxmempoolgroup.cpp:480 RegisterBufferManager() [MPG_0]-->[PortTargetBuffer_MFSR:Prefilter_PD10DS64_OUT_0] : NumBufMgrs=8, type=CHI, heap=1, Original Immediate=0, Max=2, SelfTuned Immediate=0, Max=2, needDedicatedBuffers=0, lateBinding=1, numBatched=1, deviceCount=0, devices=0, 0, flags=0x18 width=64, height=48, format=18, size=16384
01-24 08:23:32.887   942   942 I CHIUSECASE: [CORE_CFG ] chifeature2base.cpp:9738 CreateTargetBufferManagers() Pipeline[MfsrPrefilter][0], port:Prefilter_UBWCNV12-4R_OUT port idx:4, Create CHI buffers, chistream:0xb400007b75ce1ec0, format:40, w x h: 1920 x 1440 usage 20022 prd flags 20000 cons flags 40000Min:0 Max:2
01-24 08:23:32.887   942   942 W CamX    : [ WARN][FORMAT ] camximageformatmapper.cpp:786 FillImageFormatInfo() format 14 is not supported by Gralloc, use internal calc
01-24 08:23:32.887   942   942 I CamX    : [CORE_CFG][MEMMGR ] camxmempoolgroup.cpp:480 RegisterBufferManager() [MPG_42]-->[PortTargetBuffer_MFSR:Prefilter_UBWCNV12-4R_OUT_0] : NumBufMgrs=3, type=CHI, heap=1, Original Immediate=0, Max=2, SelfTuned Immediate=0, Max=2, needDedicatedBuffers=0, lateBinding=1, numBatched=1, deviceCount=0, devices=0, 0, flags=0x18 width=1920, height=1440, format=14, size=4460544
01-24 08:23:32.887   942   942 I CHIUSECASE: [CORE_CFG ] chifeature2base.cpp:9738 CreateTargetBufferManagers() Pipeline[MfsrPrefilter][0], port:Prefilter_DMECONTEXT_OUT port idx:6, Create CHI buffers, chistream:0xb400007b75cf2150, format:33, w x h: 4000 x 3000 usage 20022 prd flags 20000 cons flags 40000Min:0 Max:2
01-24 08:23:32.887   942   942 I CamX    : [CORE_CFG][MEMMGR ] camxmempoolgroup.cpp:480 RegisterBufferManager() [MPG_19]-->[PortTargetBuffer_MFSR:Prefilter_DMECONTEXT_OUT_0] : NumBufMgrs=4, type=CHI, heap=1, Original Immediate=0, Max=2, SelfTuned Immediate=0, Max=2, needDedicatedBuffers=0, lateBinding=1, numBatched=1, deviceCount=0, devices=0, 0, flags=0x18 width=4000, height=3000, format=6, size=12001280
01-24 08:23:32.887   942   942 I CHIUSECASE: [CORE_CFG ] chifeature2base.cpp:9738 CreateTargetBufferManagers() Pipeline[MfsrBlend][1], port:Blend_UBWC_OUT port idx:0, Create CHI buffers, chistream:0xb400007b75ce5dc0, format:2141391881, w x h: 4000 x 3000 usage 20022 prd flags 20000 cons flags 40000Min:0 Max:3
01-24 08:23:32.887   942   942 I CamX    : [CORE_CFG][MEMMGR ] camxmempoolgroup.cpp:480 RegisterBufferManager() [MPG_22]-->[PortTargetBuffer_MFSR:Blend_UBWC_OUT_1] : NumBufMgrs=15, type=CHI, heap=1, Original Immediate=0, Max=3, SelfTuned Immediate=0, Max=3, needDedicatedBuffers=0, lateBinding=1, numBatched=1, deviceCount=0, devices=0, 0, flags=0x18 width=4000, height=3000, format=12, size=24403968
01-24 08:23:32.887   942   942 I CHIUSECASE: [CORE_CFG ] chifeature2base.cpp:9738 CreateTargetBufferManagers() Pipeline[MfsrBlend][1], port:Blend_PD10DS4_OUT port idx:1, Create CHI buffers, chistream:0xb400007b75ce18a0, format:2141391880, w x h: 1000 x 750 usage 20022 prd flags 20000 cons flags 40000Min:0 Max:3
01-24 08:23:32.887   942   942 I CamX    : [CORE_CFG][MEMMGR ] camxmempoolgroup.cpp:480 RegisterBufferManager() [MPG_36]-->[PortTargetBuffer_MFSR:Blend_PD10DS4_OUT_1] : NumBufMgrs=10, type=CHI, heap=1, Original Immediate=0, Max=3, SelfTuned Immediate=0, Max=3, needDedicatedBuffers=0, lateBinding=1, numBatched=1, deviceCount=0, devices=0, 0, flags=0x18 width=1000, height=750, format=18, size=1572864
01-24 08:23:32.887   942   942 I CHIUSECASE: [CORE_CFG ] chifeature2base.cpp:9738 CreateTargetBufferManagers() Pipeline[MfsrBlend][1], port:Blend_UBWCNV12-4R_OUT port idx:3, Create CHI buffers, chistream:0xb400007b75cf4bc0, format:40, w x h: 1920 x 1440 usage 20022 prd flags 20000 cons flags 40000Min:0 Max:3
01-24 08:23:32.887   942   942 W CamX    : [ WARN][FORMAT ] camximageformatmapper.cpp:786 FillImageFormatInfo() format 14 is not supported by Gralloc, use internal calc
01-24 08:23:32.887   942   942 I CamX    : [CORE_CFG][MEMMGR ] camxmempoolgroup.cpp:480 RegisterBufferManager() [MPG_42]-->[PortTargetBuffer_MFSR:Blend_UBWCNV12-4R_OUT_1] : NumBufMgrs=4, type=CHI, heap=1, Original Immediate=0, Max=3, SelfTuned Immediate=0, Max=3, needDedicatedBuffers=0, lateBinding=1, numBatched=1, deviceCount=0, devices=0, 0, flags=0x18 width=1920, height=1440, format=14, size=4460544
01-24 08:23:32.887   942   942 I CHIUSECASE: [CORE_CFG ] chifeature2base.cpp:9738 CreateTargetBufferManagers() Pipeline[MfsrBlend][1], port:Blend_DMECONTEXT_OUT port idx:4, Create CHI buffers, chistream:0xb400007b75ce0f70, format:33, w x h: 4000 x 3000 usage 20022 prd flags 20000 cons flags 40000Min:0 Max:3
01-24 08:23:32.887   942   942 I CamX    : [CORE_CFG][MEMMGR ] camxmempoolgroup.cpp:480 RegisterBufferManager() [MPG_19]-->[PortTargetBuffer_MFSR:Blend_DMECONTEXT_OUT_1] : NumBufMgrs=5, type=CHI, heap=1, Original Immediate=0, Max=3, SelfTuned Immediate=0, Max=3, needDedicatedBuffers=0, lateBinding=1, numBatched=1, deviceCount=0, devices=0, 0, flags=0x18 width=4000, height=3000, format=6, size=12001280
01-24 08:23:32.887   942   942 I CHIUSECASE: [CORE_CFG ] chifeature2base.cpp:9738 CreateTargetBufferManagers() Pipeline[MfsrPostFilter][2], port:MFSR_Postfilter_YUV_OUT port idx:0, Create CHI buffers, chistream:0xb400007b75cf30a0, format:35, w x h: 4000 x 3000 usage 20000 prd flags 20000 cons flags 40000Min:0 Max:3
01-24 08:23:32.887   942   942 I CamX    : [CORE_CFG][MEMMGR ] camxmempoolgroup.cpp:480 RegisterBufferManager() [MPG_44]-->[PortTargetBuffer_MFSR:MFSR_Postfilter_YUV_OUT_2] : NumBufMgrs=1, type=CHI, heap=1, Original Immediate=0, Max=3, SelfTuned Immediate=0, Max=3, needDedicatedBuffers=0, lateBinding=1, numBatched=1, deviceCount=0, devices=0, 0, flags=0x0 width=4000, height=3000, format=3, size=18321408
01-24 08:23:32.887   942   942 W CHIUSECASE: [WARN   ] chifeature2base.cpp:14426 SetChiStreamInfo() MFSR: Not Supported : 0xb400007b75cf7940
01-24 08:23:32.887   942   942 I chatty  : uid=1047(cameraserver) provider@2.4-se identical 6 lines
01-24 08:23:32.887   942   942 W CHIUSECASE: [WARN   ] chifeature2base.cpp:14426 SetChiStreamInfo() MFSR: Not Supported : 0xb400007b75cf7940
01-24 08:23:32.887   942 26309 I CamX    : [CORE_CFG][MEMMGR ] camxnode.cpp:8181 CreateBufferManagers() BufferMgrCreate ,[MFHDRThreeFrameSnapshotFusion_IPE3_OutputPortId10_FullRef] width=4000, height=3000, format=12, stride 5376 scanline 3008 GetTotalSize 24403968
01-24 08:23:32.887   942 26309 I CamX    : [CORE_CFG][MEMMGR ] camxnode.cpp:8181 CreateBufferManagers() BufferMgrCreate ,[MFHDRThreeFrameSnapshotFusion_IPE3_OutputPortId10_FullRef] width=4000, height=3000, format=12, stride 5376 scanline 1504 GetTotalSize 24403968
01-24 08:23:32.887   942 26309 I CamX    : [CORE_CFG][MEMMGR ] camxmempoolgroup.cpp:480 RegisterBufferManager() [MPG_22]-->[MFHDRThreeFrameSnapshotFusion_IPE3_OutputPortId10_FullRef] : NumBufMgrs=16, type=CamX, heap=1, Original Immediate=8, Max=8, SelfTuned Immediate=0, Max=8, needDedicatedBuffers=0, lateBinding=1, numBatched=1, deviceCount=1, devices=23, 0, flags=0x19 width=4000, height=3000, format=12, size=24403968
01-24 08:23:32.887   942 26309 I CamX    : [CORE_CFG][MEMMGR ] camxnode.cpp:8181 CreateBufferManagers() BufferMgrCreate ,[MFHDRThreeFrameSnapshotFusion_IPE3_OutputPortId11_DS4Ref] width=1000, height=750, format=18, stride 4096 scanline 384 GetTotalSize 1572864
01-24 08:23:32.887   942   942 W CHIUSECASE: [WARN   ] chifeature2base.cpp:14426 SetChiStreamInfo() MFSR: Not Supported : 0xb400007b75cf7940
01-24 08:23:32.887   942   942 W CHIUSECASE: [WARN   ] chifeature2base.cpp:14426 SetChiStreamInfo() MFSR: Not Supported : 0xb400007b75cf7940
01-24 08:23:32.887   942   942 W CHIUSECASE: [WARN   ] chifeature2base.cpp:14426 SetChiStreamInfo() MFSR: Not Supported : 0xb400007b75ce04f0
01-24 08:23:32.888   942 26307 I CamX    : [CORE_CFG][MEMMGR ] camxmempoolgroup.cpp:480 RegisterBufferManager() [MPG_22]-->[MFHDRTwoFrameSnapshotFusion_IPE5_OutputPortId10_FullRef] : NumBufMgrs=17, type=CamX, heap=1, Original Immediate=8, Max=8, SelfTuned Immediate=0, Max=8, needDedicatedBuffers=0, lateBinding=1, numBatched=1, deviceCount=1, devices=23, 0, flags=0x19 width=4000, height=3000, format=12, size=24403968
01-24 08:23:32.888   942 26270 I CamX    : [CORE_CFG][MEMMGR ] camxmempoolgroup.cpp:480 RegisterBufferManager() [MPG_19]-->[PortTargetBuffer_RawHDR:RAW_Out_External_0] : NumBufMgrs=6, type=CHI, heap=1, Original Immediate=0, Max=8, SelfTuned Immediate=0, Max=8, needDedicatedBuffers=0, lateBinding=1, numBatched=1, deviceCount=0, devices=0, 0, flags=0x0 width=4000, height=3000, format=9, size=15024128
01-24 08:23:32.888   942 26307 I CamX    : [CORE_CFG][MEMMGR ] camxnode.cpp:8181 CreateBufferManagers() BufferMgrCreate ,[MFHDRTwoFrameSnapshotFusion_IPE5_OutputPortId11_DS4Ref] width=1000, height=750, format=18, stride 4096 scanline 384 GetTotalSize 1572864
01-24 08:23:32.888   942   942 W CHIUSECASE: [WARN   ] chifeature2base.cpp:14426 SetChiStreamInfo() FormatConvertor: Not Supported : 0xb400007b75cf0470
01-24 08:23:32.888   942   942 I CamX    : [CORE_CFG][HAL    ] camxhal3.cpp:1250 configure_streams()  FINAL stream[0] = 0xb400007b95cd3828 - info:
01-24 08:23:32.888   942   942 I CamX    : [CORE_CFG][HAL    ] camxhal3.cpp:1253 configure_streams()             format       : 34, HAL_PIXEL_FORMAT_IMPLEMENTATION_DEFINED
01-24 08:23:32.888   942   942 I CamX    : [CORE_CFG][HAL    ] camxhal3.cpp:1255 configure_streams()             width        : 800
01-24 08:23:32.888   942   942 I CamX    : [CORE_CFG][HAL    ] camxhal3.cpp:1257 configure_streams()             height       : 600
01-24 08:23:32.888   942   942 I CamX    : [CORE_CFG][HAL    ] camxhal3.cpp:1260 configure_streams()             stream_type  : 00000000, CAMERA3_STREAM_OUTPUT
01-24 08:23:32.888   942   942 I CamX    : [CORE_CFG][HAL    ] camxhal3.cpp:1262 configure_streams()             usage        : 10020900
01-24 08:23:32.888   942   942 I CamX    : [CORE_CFG][HAL    ] camxhal3.cpp:1264 configure_streams()             max_buffers  : 8
01-24 08:23:32.888   942 26308 I CamX    : [CORE_CFG][MEMMGR ] camxmempoolgroup.cpp:480 RegisterBufferManager() [MPG_36]-->[ZSLSnapshotYUVHAL_BPS0_OutputPortId2_DS4] : NumBufMgrs=11, type=CamX, heap=1, Original Immediate=2, Max=8, SelfTuned Immediate=0, Max=8, needDedicatedBuffers=0, lateBinding=1, numBatched=1, deviceCount=1, devices=23, 0, flags=0x1 width=1000, height=750, format=18, size=1572864
01-24 08:23:32.888   942 26308 I CamX    : [CORE_CFG][MEMMGR ] camxnode.cpp:8181 CreateBufferManagers() BufferMgrCreate ,[ZSLSnapshotYUVHAL_BPS0_OutputPortId3_DS16] width=250, height=188, format=18, stride 1280 scanline 96 GetTotalSize 122880
01-24 08:23:32.888   942   942 I CamX    : [CORE_CFG][HAL    ] camxhal3.cpp:1267 configure_streams()             rotation     : 00000000, CAMERA3_STREAM_ROTATION_0
01-24 08:23:32.888   942   942 I CamX    : [CORE_CFG][HAL    ] camxhal3.cpp:1270 configure_streams()             data_space   : 00000000, HAL_DATASPACE_UNKNOWN
01-24 08:23:32.888   942 26308 I CamX    : [CORE_CFG][MEMMGR ] camxmempoolgroup.cpp:480 RegisterBufferManager() [MPG_21]-->[ZSLSnapshotYUVHAL_BPS0_OutputPortId3_DS16] : NumBufMgrs=9, type=CamX, heap=1, Original Immediate=2, Max=8, SelfTuned Immediate=0, Max=8, needDedicatedBuffers=0, lateBinding=1, numBatched=1, deviceCount=1, devices=23, 0, flags=0x1 width=250, height=188, format=18, size=122880
01-24 08:23:32.888   942 26276 I CamX    : [CORE_CFG][CORE   ] camxsession.cpp:8107 GetActiveCSLSession() cameraId=0, session=0xb400007abf4bc040, cslsession=0x7a008a0200
01-24 08:23:32.889   942 26308 I CamX    : [CORE_CFG][MEMMGR ] camxnode.cpp:8181 CreateBufferManagers() BufferMgrCreate ,[ZSLSnapshotYUVHAL_BPS0_OutputPortId4_DS64] width=64, height=48, format=18, stride 512 scanline 32 GetTotalSize 16384
01-24 08:23:32.889   942   942 I CamX    : [CORE_CFG][HAL    ] camxhal3.cpp:1272 configure_streams()             priv         : 0x0
01-24 08:23:32.889   942   942 I CamX    : [CORE_CFG][HAL    ] camxhal3.cpp:1274 configure_streams()             reserved[0]         : 0xb400007be5e5e020
01-24 08:23:32.889   942   942 I CamX    : [CORE_CFG][HAL    ] camxhal3.cpp:1276 configure_streams()             reserved[1]         : 0x0
01-24 08:23:32.889   942   942 I CamX    : [CORE_CFG][HAL    ] camxhal3.cpp:1291 configure_streams()    pHalStream: 0xb400007be5e5e020 format : 0x22, overrideFormat : 0x7fa30c06 consumer usage: 0, producer usage: 10020900
01-24 08:23:32.889   942   942 I CamX    : [CORE_CFG][HAL    ] camxhal3.cpp:1250 configure_streams()  FINAL stream[1] = 0xb400007b95d05d38 - info:
01-24 08:23:32.889   942   942 I CamX    : [CORE_CFG][HAL    ] camxhal3.cpp:1253 configure_streams()             format       : 35, HAL_PIXEL_FORMAT_YCbCr_420_888
01-24 08:23:32.889   942   942 I CamX    : [CORE_CFG][HAL    ] camxhal3.cpp:1255 configure_streams()             width        : 800
01-24 08:23:32.889   942   942 I CamX    : [CORE_CFG][HAL    ] camxhal3.cpp:1257 configure_streams()             height       : 600
01-24 08:23:32.889   942   942 I CamX    : [CORE_CFG][HAL    ] camxhal3.cpp:1260 configure_streams()             stream_type  : 00000000, CAMERA3_STREAM_OUTPUT
01-24 08:23:32.889   942   942 I CamX    : [CORE_CFG][HAL    ] camxhal3.cpp:1262 configure_streams()             usage        : 00020003
01-24 08:23:32.889   942 26307 I CamX    : [CORE_CFG][MEMMGR ] camxmempoolgroup.cpp:480 RegisterBufferManager() [MPG_36]-->[MFHDRTwoFrameSnapshotFusion_IPE5_OutputPortId11_DS4Ref] : NumBufMgrs=12, type=CamX, heap=1, Original Immediate=8, Max=8, SelfTuned Immediate=0, Max=8, needDedicatedBuffers=0, lateBinding=1, numBatched=1, deviceCount=1, devices=23, 0, flags=0x19 width=1000, height=750, format=18, size=1572864
01-24 08:23:32.889   942   942 I CamX    : [CORE_CFG][HAL    ] camxhal3.cpp:1264 configure_streams()             max_buffers  : 8
01-24 08:23:32.889   942 26282 W CamX    : [ WARN][STATS  ] camxstatscommon.cpp:698 Get3ASyncType() Failed to retrieve 3A Sync tag for Node:RealTimeFeatureZSLPreviewRaw_AutoFocus0
01-24 08:23:32.889   942   942 I CamX    : [CORE_CFG][HAL    ] camxhal3.cpp:1267 configure_streams()             rotation     : 00000000, CAMERA3_STREAM_ROTATION_0
01-24 08:23:32.889   942   942 I CamX    : [CORE_CFG][HAL    ] camxhal3.cpp:1270 configure_streams()             data_space   : 08c20000, HAL_DATASPACE_V0_JFIF
01-24 08:23:32.889   942   942 I CamX    : [CORE_CFG][HAL    ] camxhal3.cpp:1272 configure_streams()             priv         : 0x0
01-24 08:23:32.889   942   942 I CamX    : [CORE_CFG][HAL    ] camxhal3.cpp:1274 configure_streams()             reserved[0]         : 0xb400007be5e5df90
01-24 08:23:32.889   942   942 I CamX    : [CORE_CFG][HAL    ] camxhal3.cpp:1276 configure_streams()             reserved[1]         : 0x0
01-24 08:23:32.889   942   942 I CamX    : [CORE_CFG][HAL    ] camxhal3.cpp:1291 configure_streams()    pHalStream: 0xb400007be5e5df90 format : 0x23, overrideFormat : 0x23 consumer usage: 0, producer usage: 20003
01-24 08:23:32.889   942   942 I CamX    : [CORE_CFG][HAL    ] camxhal3.cpp:1297 configure_streams() HalOp: End CONFIG, logicalCameraId: 0, cameraId: 0
01-24 08:23:32.889   942 26309 I CamX    : [CORE_CFG][MEMMGR ] camxmempoolgroup.cpp:480 RegisterBufferManager() [MPG_36]-->[MFHDRThreeFrameSnapshotFusion_IPE3_OutputPortId11_DS4Ref] : NumBufMgrs=13, type=CamX, heap=1, Original Immediate=8, Max=8, SelfTuned Immediate=0, Max=8, needDedicatedBuffers=0, lateBinding=1, numBatched=1, deviceCount=1, devices=23, 0, flags=0x19 width=1000, height=750, format=18, size=1572864
01-24 08:23:32.889   942 26307 I CamX    : [CORE_CFG][MEMMGR ] camxnode.cpp:8181 CreateBufferManagers() BufferMgrCreate ,[MFHDRTwoFrameSnapshotFusion_IPE6_OutputPortId10_FullRef] width=4000, height=3000, format=12, stride 5376 scanline 3008 GetTotalSize 24403968
01-24 08:23:32.889   942 26282 W CamX    : [ WARN][STATS  ] camxstatscommon.cpp:698 Get3ASyncType() Failed to retrieve 3A Sync tag for Node:RealTimeFeatureZSLPreviewRaw_AutoFocus0
01-24 08:23:32.889   942 26309 I CamX    : [CORE_CFG][MEMMGR ] camxnode.cpp:8181 CreateBufferManagers() BufferMgrCreate ,[MFHDRThreeFrameSnapshotFusion_IPE4_OutputPortId8_Display] width=4000, height=3000, format=3, stride 4032 scanline 3008 GetTotalSize 18321408
01-24 08:23:32.889   942 26308 I CamX    : [CORE_CFG][MEMMGR ] camxmempoolgroup.cpp:480 RegisterBufferManager() [MPG_0]-->[ZSLSnapshotYUVHAL_BPS0_OutputPortId4_DS64] : NumBufMgrs=9, type=CamX, heap=1, Original Immediate=2, Max=8, SelfTuned Immediate=0, Max=8, needDedicatedBuffers=0, lateBinding=1, numBatched=1, deviceCount=1, devices=23, 0, flags=0x1 width=64, height=48, format=18, size=16384
01-24 08:23:32.889   942 26307 I CamX    : [CORE_CFG][MEMMGR ] camxnode.cpp:8181 CreateBufferManagers() BufferMgrCreate ,[MFHDRTwoFrameSnapshotFusion_IPE6_OutputPortId10_FullRef] width=4000, height=3000, format=12, stride 5376 scanline 1504 GetTotalSize 24403968
01-24 08:23:32.889   942 26309 I CamX    : [CORE_CFG][MEMMGR ] camxnode.cpp:8181 CreateBufferManagers() BufferMgrCreate ,[MFHDRThreeFrameSnapshotFusion_IPE4_OutputPortId8_Display] width=4000, height=3000, format=3, stride 4032 scanline 1536 GetTotalSize 18321408
01-24 08:23:32.889   942 26309 I CamX    : [CORE_CFG][MEMMGR ] camxnode.cpp:8181 CreateBufferManagers() BufferMgrCreate ,[MFHDRThreeFrameSnapshotFusion_IPE5_OutputPortId10_FullRef] width=4000, height=3000, format=12, stride 5376 scanline 3008 GetTotalSize 24403968
01-24 08:23:32.889   942 26308 I CamX    : [CORE_CFG][CORE   ] camxpipeline.h:2985 SetPipelineStatus() ZSLSnapshotYUVHAL_0 status is now PipelineStatus::BUFFER_PROPERTIES_FINALIZED
01-24 08:23:32.889   942 26309 I CamX    : [CORE_CFG][MEMMGR ] camxnode.cpp:8181 CreateBufferManagers() BufferMgrCreate ,[MFHDRThreeFrameSnapshotFusion_IPE5_OutputPortId10_FullRef] width=4000, height=3000, format=12, stride 5376 scanline 1504 GetTotalSize 24403968
01-24 08:23:32.889   942 26307 I CamX    : [CORE_CFG][MEMMGR ] camxmempoolgroup.cpp:480 RegisterBufferManager() [MPG_22]-->[MFHDRTwoFrameSnapshotFusion_IPE6_OutputPortId10_FullRef] : NumBufMgrs=18, type=CamX, heap=1, Original Immediate=8, Max=8, SelfTuned Immediate=0, Max=8, needDedicatedBuffers=0, lateBinding=1, numBatched=1, deviceCount=1, devices=23, 0, flags=0x19 width=4000, height=3000, format=12, size=24403968
01-24 08:23:32.889   942 26272 I CamX    : [CORE_CFG][CORE   ] camxsession.cpp:2396 Initialize() Session (0xb400007abde2e040) Initialized ZSLSnapshotYUVHAL
01-24 08:23:32.890   942 26307 I CamX    : [CORE_CFG][MEMMGR ] camxnode.cpp:8181 CreateBufferManagers() BufferMgrCreate ,[MFHDRTwoFrameSnapshotFusion_IPE6_OutputPortId11_DS4Ref] width=1000, height=750, format=18, stride 4096 scanline 384 GetTotalSize 1572864
01-24 08:23:32.890   942 26272 I CHIUSECASE: [CORE_CFG ] chifeature2base.cpp:9738 CreateTargetBufferManagers() Pipeline[ZSLSnapshotYUVHAL][0], port:YUV_Out port idx:0, Create CHI buffers, chistream:0xb400007b75ceeb10, format:35, w x h: 4000 x 3000 usage 20000 prd flags 20000 cons flags 40000Min:0 Max:8
01-24 08:23:32.889     0     0 I msm_cvp : sess: Opening cvp instance: ffffff8192f08000
01-24 08:23:32.890   942 26272 I CamX    : [CORE_CFG][MEMMGR ] camxmempoolgroup.cpp:480 RegisterBufferManager() [MPG_44]-->[PortTargetBuffer_Bayer2Yuv:YUV_Out_0] : NumBufMgrs=2, type=CHI, heap=1, Original Immediate=0, Max=8, SelfTuned Immediate=0, Max=8, needDedicatedBuffers=0, lateBinding=1, numBatched=1, deviceCount=0, devices=0, 0, flags=0x0 width=4000, height=3000, format=3, size=18321408
01-24 08:23:32.890   942 26282 W CamX    : [ WARN][STATS_AF ] af_alg_util.cpp:1225: af_alg_util_create CID:[-1] memory not allocated to AdaptiveLensMap, check if enabled from settings and tuning
01-24 08:23:32.890   942 26309 I CamX    : [CORE_CFG][MEMMGR ] camxmempoolgroup.cpp:480 RegisterBufferManager() [MPG_22]-->[MFHDRThreeFrameSnapshotFusion_IPE5_OutputPortId10_FullRef] : NumBufMgrs=19, type=CamX, heap=1, Original Immediate=8, Max=8, SelfTuned Immediate=0, Max=8, needDedicatedBuffers=0, lateBinding=1, numBatched=1, deviceCount=1, devices=23, 0, flags=0x19 width=4000, height=3000, format=12, size=24403968
01-24 08:23:32.890   942 26272 I CHIUSECASE: [CORE_CFG ] chifeature2base.cpp:9738 CreateTargetBufferManagers() Pipeline[ZSLSnapshotYUVHAL][0], port:YUV_Out2 port idx:2, Create CHI buffers, chistream:0xb400007b75cea2e0, format:35, w x h: 4000 x 3000 usage 20022 prd flags 20000 cons flags 40000Min:0 Max:8
01-24 08:23:32.890   942 26272 I CamX    : [CORE_CFG][MEMMGR ] camxmempoolgroup.cpp:480 RegisterBufferManager() [MPG_44]-->[PortTargetBuffer_Bayer2Yuv:YUV_Out2_0] : NumBufMgrs=3, type=CHI, heap=1, Original Immediate=0, Max=8, SelfTuned Immediate=0, Max=8, needDedicatedBuffers=0, lateBinding=1, numBatched=1, deviceCount=0, devices=0, 0, flags=0x18 width=4000, height=3000, format=3, size=18321408
