01-24 08:23:32.838   942   942 I CHIUSECASE: [CORE_CFG ] chifeature2base.cpp:8451 InitializeTargetStream() MFSR: Target:TARGET_BUFFER_FULLREF_UBWCTP10_OUT, PortKey:Prefilter_UBWC_OUT:0:0:0:2 stream:target:0xb400007b75cf52c0:0xb400007b75ce1980Stream: 4000 X 3000:0x7fa30c09:0:0x20022:8
01-24 08:23:32.838   942   942 I CHIUSECASE: [CORE_CFG ] chifeature2utils.cpp:973 GetTargetStream() Feature2Mapping: Target Stream[0]: TARGET_BUFFER_DS4REF_PD10_OUT 0xb400007b75ce1980: Resolution: 4000 X 3000 Format = 0x25 usage 0x20022
01-24 08:23:32.838   942   942 I CHIUSECASE: [CORE_CFG ] chifeature2base.cpp:8451 InitializeTargetStream() MFSR: Target:TARGET_BUFFER_DS4REF_PD10_OUT, PortKey:Prefilter_PD10DS4_OUT:0:0:1:2 stream:target:0xb400007b75cf15f0:0xb400007b75ce1980Stream: 1000 X 750:0x7fa30c08:0:0x20022:8
01-24 08:23:32.838   942 26270 I CHIUSECASE: [CORE_CFG ] chxpipeline.cpp:343 CreateDescriptor() Pipeline[SWMFMergeRaw] pipeline pointer 0xb400007ca5d04940 numInputs=3, numOutputs=1 stream w x h: 4000 x 3000 numBatchedFrames: 1, HALOutputBufferCombined: 0 maxFPSValue: 30
01-24 08:23:32.838   942   942 I CHIUSECASE: [CORE_CFG ] chifeature2utils.cpp:973 GetTargetStream() Feature2Mapping: Target Stream[0]: TARGET_BUFFER_DS16REF_PD10_OUT 0xb400007b75ce1980: Resolution: 4000 X 3000 Format = 0x25 usage 0x20022
01-24 08:23:32.838   942   942 I CHIUSECASE: [CORE_CFG ] chifeature2base.cpp:8451 InitializeTargetStream() MFSR: Target:TARGET_BUFFER_DS16REF_PD10_OUT, PortKey:Prefilter_PD10DS16_OUT:0:0:2:2 stream:target:0xb400007b75cf4840:0xb400007b75ce1980Stream: 250 X 188:0x7fa30c08:0:0x20022:8
01-24 08:23:32.838   942 26270 W CHIUSECASE: [WARN   ] chxextensionmodule.cpp:6980 GetFacialContourVersion() Could not get contour_version vendor tag in metadata. result: 1
01-24 08:23:32.838   942   942 I CHIUSECASE: [CORE_CFG ] chifeature2utils.cpp:973 GetTargetStream() Feature2Mapping: Target Stream[0]: TARGET_BUFFER_DS64REF_PD10_OUT 0xb400007b75ce1980: Resolution: 4000 X 3000 Format = 0x25 usage 0x20022
01-24 08:23:32.838   942 26272 W CHIUSECASE: [WARN   ] chifeature2generic.cpp:1424 OnPreparePipelineCreate() pPipelineData 0xb400007b95cc1e20 or pipeline is NULL
01-24 08:23:32.838   942   942 I CHIUSECASE: [CORE_CFG ] chifeature2base.cpp:8451 InitializeTargetStream() MFSR: Target:TARGET_BUFFER_DS64REF_PD10_OUT, PortKey:Prefilter_PD10DS64_OUT:0:0:3:2 stream:target:0xb400007b75cef440:0xb400007b75ce1980Stream: 64 X 48:0x7fa30c08:0:0x20022:8
01-24 08:23:32.838   942   942 I CHIUSECASE: [CORE_CFG ] chifeature2utils.cpp:973 GetTargetStream() Feature2Mapping: Target Stream[0]: TARGET_BUFFER_CVP_DMECONTEXT_OUT 0xb400007b75ce1980: Resolution: 4000 X 3000 Format = 0x25 usage 0x20022
01-24 08:23:32.838   942 26272 I CHIUSECASE: [CORE_CFG ] chxpipeline.cpp:343 CreateDescriptor() Pipeline[ZSLSnapshotYUVHAL] pipeline pointer 0xb400007ca5cbd630 numInputs=1, numOutputs=2 stream w x h: 4000 x 3000 numBatchedFrames: 1, HALOutputBufferCombined: 0 maxFPSValue: 30
01-24 08:23:32.838   942   942 I CHIUSECASE: [CORE_CFG ] chifeature2base.cpp:8451 InitializeTargetStream() MFSR: Target:TARGET_BUFFER_CVP_DMECONTEXT_OUT, PortKey:Prefilter_DMECONTEXT_OUT:0:0:6:2 stream:target:0xb400007b75ce8210:0xb400007b75ce1980Stream: 40000 X 1:0x21:0:0x20022:8
01-24 08:23:32.838   942   942 I CHIUSECASE: [CORE_CFG ] chifeature2utils.cpp:973 GetTargetStream() Feature2Mapping: Target Stream[0]: TARGET_BUFFER_REG_UBWCNV124R_OUT 0xb400007b75ce1980: Resolution: 4000 X 3000 Format = 0x25 usage 0x20022
01-24 08:23:32.838   942 26272 W CHIUSECASE: [WARN   ] chxextensionmodule.cpp:6980 GetFacialContourVersion() Could not get contour_version vendor tag in metadata. result: 1
01-24 08:23:32.838   942   942 I CHIUSECASE: [CORE_CFG ] chifeature2base.cpp:8451 InitializeTargetStream() MFSR: Target:TARGET_BUFFER_REG_UBWCNV124R_OUT, PortKey:Prefilter_UBWCNV12-4R_OUT:0:0:4:2 stream:target:0xb400007b75cf2850:0xb400007b75ce1980Stream: 1920 X 1440:0x28:0:0x20022:8
01-24 08:23:32.838   942   942 I CHIUSECASE: [CORE_CFG ] chifeature2utils.cpp:973 GetTargetStream() Feature2Mapping: Target Stream[0]: TARGET_BUFFER_RAW 0xb400007b75ce1980: Resolution: 4000 X 3000 Format = 0x25 usage 0x20022
01-24 08:23:32.838   942   942 I CHIUSECASE: [CORE_CFG ] chifeature2base.cpp:8451 InitializeTargetStream() MFSR: Target:TARGET_BUFFER_RAW, PortKey:Prefilter_RDI_In:0:0:0:1 stream:target:0xb400007b75ce2550:0xb400007b75ce1980Stream: 4000 X 3000:0x25:1:0x20022:8
01-24 08:23:32.838   942   942 I CHIUSECASE: [CORE_CFG ] chifeature2utils.cpp:973 GetTargetStream() Feature2Mapping: Target Stream[0]: TARGET_BUFFER_FULLREF_UBWCTP10_OUT 0xb400007b75ce1980: Resolution: 4000 X 3000 Format = 0x25 usage 0x20022
01-24 08:23:32.838   942   942 I CHIUSECASE: [CORE_CFG ] chifeature2base.cpp:8451 InitializeTargetStream() MFSR: Target:TARGET_BUFFER_FULLREF_UBWCTP10_OUT, PortKey:Blend_UBWC_OUT:0:1:0:2 stream:target:0xb400007b75cee800:0xb400007b75ce1980Stream: 4000 X 3000:0x7fa30c09:0:0x20022:8
01-24 08:23:32.838   942   942 I CHIUSECASE: [CORE_CFG ] chifeature2utils.cpp:973 GetTargetStream() Feature2Mapping: Target Stream[0]: TARGET_BUFFER_DS4REF_PD10_OUT 0xb400007b75ce1980: Resolution: 4000 X 3000 Format = 0x25 usage 0x20022
01-24 08:23:32.838   942   942 I CHIUSECASE: [CORE_CFG ] chifeature2base.cpp:8451 InitializeTargetStream() MFSR: Target:TARGET_BUFFER_DS4REF_PD10_OUT, PortKey:Blend_PD10DS4_OUT:0:1:1:2 stream:target:0xb400007b75cf2620:0xb400007b75ce1980Stream: 1000 X 750:0x7fa30c08:0:0x20022:8
01-24 08:23:32.838   942   942 I CHIUSECASE: [CORE_CFG ] chifeature2utils.cpp:973 GetTargetStream() Feature2Mapping: Target Stream[0]: TARGET_BUFFER_CVP_DMECONTEXT_OUT 0xb400007b75ce1980: Resolution: 4000 X 3000 Format = 0x25 usage 0x20022
01-24 08:23:32.838   942   942 I CHIUSECASE: [CORE_CFG ] chifeature2base.cpp:8451 InitializeTargetStream() MFSR: Target:TARGET_BUFFER_CVP_DMECONTEXT_OUT, PortKey:Blend_DMECONTEXT_OUT:0:1:4:2 stream:target:0xb400007b75ce13d0:0xb400007b75ce1980Stream: 40000 X 1:0x21:0:0x20022:8
01-24 08:23:32.838   942   942 I CHIUSECASE: [CORE_CFG ] chifeature2utils.cpp:973 GetTargetStream() Feature2Mapping: Target Stream[0]: TARGET_BUFFER_REG_UBWCNV124R_OUT 0xb400007b75ce1980: Resolution: 4000 X 3000 Format = 0x25 usage 0x20022
01-24 08:23:32.839   942   942 I CHIUSECASE: [CORE_CFG ] chifeature2base.cpp:8451 InitializeTargetStream() MFSR: Target:TARGET_BUFFER_REG_UBWCNV124R_OUT, PortKey:Blend_UBWCNV12-4R_OUT:0:1:3:2 stream:target:0xb400007b75cf1f20:0xb400007b75ce1980Stream: 1920 X 1440:0x28:0:0x20022:8
01-24 08:23:32.839   942   942 I CHIUSECASE: [CORE_CFG ] chifeature2utils.cpp:973 GetTargetStream() Feature2Mapping: Target Stream[0]: TARGET_BUFFER_REG_UBWCNV124R_IN 0xb400007b75ce1980: Resolution: 4000 X 3000 Format = 0x25 usage 0x20022
01-24 08:23:32.839   942   942 I CHIUSECASE: [CORE_CFG ] chifeature2base.cpp:8451 InitializeTargetStream() MFSR: Target:TARGET_BUFFER_REG_UBWCNV124R_IN, PortKey:Blend_UBWCNV12-4R_IN:0:1:5:0 stream:target:0xb400007b75cf3500:0xb400007b75ce1980Stream: 1920 X 1440:0x28:1:0x20022:8
01-24 08:23:32.839   942   942 I CHIUSECASE: [CORE_CFG ] chifeature2utils.cpp:973 GetTargetStream() Feature2Mapping: Target Stream[0]: TARGET_BUFFER_CVP_DMECONTEXT_IN 0xb400007b75ce1980: Resolution: 4000 X 3000 Format = 0x25 usage 0x20022
01-24 08:23:32.839   942   942 I CHIUSECASE: [CORE_CFG ] chifeature2base.cpp:8451 InitializeTargetStream() MFSR: Target:TARGET_BUFFER_CVP_DMECONTEXT_IN, PortKey:Blend_DMECONTEXT_IN:0:1:8:0 stream:target:0xb400007b75ce2010:0xb400007b75ce1980Stream: 40000 X 1:0x21:1:0x20022:8
01-24 08:23:32.839   942   942 I CHIUSECASE: [CORE_CFG ] chifeature2utils.cpp:973 GetTargetStream() Feature2Mapping: Target Stream[0]: TARGET_BUFFER_RAW 0xb400007b75ce1980: Resolution: 4000 X 3000 Format = 0x25 usage 0x20022
01-24 08:23:32.839   942   942 I CHIUSECASE: [CORE_CFG ] chifeature2base.cpp:8451 InitializeTargetStream() MFSR: Target:TARGET_BUFFER_RAW, PortKey:Blend_RDI_In:0:1:0:1 stream:target:0xb400007b75cf4a00:0xb400007b75ce1980Stream: 4000 X 3000:0x25:1:0x20022:8
01-24 08:23:32.839   942   942 I CHIUSECASE: [CORE_CFG ] chifeature2utils.cpp:973 GetTargetStream() Feature2Mapping: Target Stream[0]: TARGET_BUFFER_FULLREF_UBWCTP10_IN 0xb400007b75ce1980: Resolution: 4000 X 3000 Format = 0x25 usage 0x20022
01-24 08:23:32.839   942   942 I CHIUSECASE: [CORE_CFG ] chifeature2base.cpp:8451 InitializeTargetStream() MFSR: Target:TARGET_BUFFER_FULLREF_UBWCTP10_IN, PortKey:Blend_UBWC_IN:0:1:1:0 stream:target:0xb400007b75cf4df0:0xb400007b75ce1980Stream: 4000 X 3000:0x7fa30c09:1:0x20022:8
01-24 08:23:32.839   942   942 I CHIUSECASE: [CORE_CFG ] chifeature2utils.cpp:973 GetTargetStream() Feature2Mapping: Target Stream[0]: TARGET_BUFFER_DS4REF_PD10_IN 0xb400007b75ce1980: Resolution: 4000 X 3000 Format = 0x25 usage 0x20022
01-24 08:23:32.839   942   942 I CHIUSECASE: [CORE_CFG ] chifeature2base.cpp:8451 InitializeTargetStream() MFSR: Target:TARGET_BUFFER_DS4REF_PD10_IN, PortKey:Blend_PD10DS4_In:0:1:2:0 stream:target:0xb400007b75ce1c20:0xb400007b75ce1980Stream: 1000 X 750:0x7fa30c08:1:0x20022:8
01-24 08:23:32.839   942   942 I CHIUSECASE: [CORE_CFG ] chifeature2utils.cpp:973 GetTargetStream() Feature2Mapping: Target Stream[0]: TARGET_BUFFER_DS16REF_PD10_IN 0xb400007b75ce1980: Resolution: 4000 X 3000 Format = 0x25 usage 0x20022
01-24 08:23:32.839   942   942 I CHIUSECASE: [CORE_CFG ] chifeature2base.cpp:8451 InitializeTargetStream() MFSR: Target:TARGET_BUFFER_DS16REF_PD10_IN, PortKey:Blend_PD10DS16_In:0:1:3:0 stream:target:0xb400007b75ce9d30:0xb400007b75ce1980Stream: 250 X 188:0x7fa30c08:1:0x20022:8
01-24 08:23:32.839   942   942 I CHIUSECASE: [CORE_CFG ] chifeature2utils.cpp:973 GetTargetStream() Feature2Mapping: Target Stream[0]: TARGET_BUFFER_DS64REF_PD10_IN 0xb400007b75ce1980: Resolution: 4000 X 3000 Format = 0x25 usage 0x20022
01-24 08:23:32.839   942   942 I CHIUSECASE: [CORE_CFG ] chifeature2base.cpp:8451 InitializeTargetStream() MFSR: Target:TARGET_BUFFER_DS64REF_PD10_IN, PortKey:Blend_PD10DS64_In:0:1:4:0 stream:target:0xb400007b75ce8f30:0xb400007b75ce1980Stream: 64 X 48:0x7fa30c08:1:0x20022:8
01-24 08:23:32.839   942   942 I CHIUSECASE: [CORE_CFG ] chifeature2utils.cpp:973 GetTargetStream() Feature2Mapping: Target Stream[1]: TARGET_BUFFER_YUV 0xb400007b75cf7780: Resolution: 4000 X 3000 Format = 0x7fa30c09 usage 0x0
01-24 08:23:32.839   942   942 I CHIUSECASE: [CORE_CFG ] chifeature2base.cpp:8451 InitializeTargetStream() MFSR: Target:TARGET_BUFFER_YUV, PortKey:MFSR_Postfilter_YUV_OUT:0:2:0:3 stream:target:0xb400007b75cef130:0xb400007b75cf7780Stream: 4000 X 3000:0x7fa30c09:0:0x0:2
01-24 08:23:32.839   942   942 I CHIUSECASE: [CORE_CFG ] chifeature2utils.cpp:973 GetTargetStream() Feature2Mapping: Target Stream[0]: TARGET_BUFFER_FULLREF_UBWCTP10_IN 0xb400007b75ce1980: Resolution: 4000 X 3000 Format = 0x25 usage 0x20022
01-24 08:23:32.839   942   942 I CHIUSECASE: [CORE_CFG ] chifeature2base.cpp:8451 InitializeTargetStream() MFSR: Target:TARGET_BUFFER_FULLREF_UBWCTP10_IN, PortKey:Postfilter_UBWC_In:0:2:0:0 stream:target:0xb400007b75ce9470:0xb400007b75ce1980Stream: 4000 X 3000:0x7fa30c09:1:0x20022:8
01-24 08:23:32.839   942   942 I CHIUSECASE: [CORE_CFG ] chifeature2utils.cpp:973 GetTargetStream() Feature2Mapping: Target Stream[0]: TARGET_BUFFER_DS4REF_PD10_IN 0xb400007b75ce1980: Resolution: 4000 X 3000 Format = 0x25 usage 0x20022
01-24 08:23:32.839   942   942 I CHIUSECASE: [CORE_CFG ] chifeature2base.cpp:8451 InitializeTargetStream() MFSR: Target:TARGET_BUFFER_DS4REF_PD10_IN, PortKey:Postfilter_PD10DS4_In:0:2:1:0 stream:target:0xb400007b75ce0640:0xb400007b75ce1980Stream: 1000 X 750:0x7fa30c08:1:0x20022:8
01-24 08:23:32.839   942   942 I CHIUSECASE: [CORE_CFG ] chxpipeline.cpp:343 CreateDescriptor() Pipeline[MfsrPostFilter] pipeline pointer 0xb400007ca5d34fd0 numInputs=2, numOutputs=1 stream w x h: 4000 x 3000 numBatchedFrames: 1, HALOutputBufferCombined: 0 maxFPSValue: 30
01-24 08:23:32.839   942   942 W CHIUSECASE: [WARN   ] chxextensionmodule.cpp:6980 GetFacialContourVersion() Could not get contour_version vendor tag in metadata. result: 1
01-24 08:23:32.839   942 26270 I CamX    : [CORE_CFG][CORE   ] camxpipeline.cpp:1970 CreateNodes() Topology: Creating Pipeline SWMFMergeRaw_0, numNodes 1 isSensorInput 0 isRealTime 0
01-24 08:23:32.839   942 26272 I CamX    : [CORE_CFG][CORE   ] camxpipeline.cpp:1970 CreateNodes() Topology: Creating Pipeline ZSLSnapshotYUVHAL_0, numNodes 2 isSensorInput 0 isRealTime 0
01-24 08:23:32.839   942 26270 I CamX    : [CORE_CFG][CORE   ] camxnode.cpp:647 InitializeSinkPortBufferProperties() Topology: Node::SWMFMergeRaw_com.qti.node.memcpy0 has a sink port id 0 using format 9 dim 4000x3000, stream 0xb400007b75cf4140
01-24 08:23:32.839   942 26272 I CamX    : [CORE_CFG][CORE   ] camxnode.cpp:647 InitializeSinkPortBufferProperties() Topology: Node::ZSLSnapshotYUVHAL_IPE3 has a sink port id 8 using format 3 dim 4000x3000, stream 0xb400007b75ceeb10
01-24 08:23:32.839   942 26272 I CamX    : [CORE_CFG][CORE   ] camxnode.cpp:647 InitializeSinkPortBufferProperties() Topology: Node::ZSLSnapshotYUVHAL_IPE3 has a sink port id 9 using format 3 dim 4000x3000, stream 0xb400007b75cea2e0
01-24 08:23:32.840   942 26272 I CamX    : [CORE_CFG][CORE   ] camxpipeline.cpp:2056 CreateNodes() Topology::ZSLSnapshotYUVHAL_0 Node::ZSLSnapshotYUVHAL_IPE3 Type 65538 numInputPorts 4 numOutputPorts 2 Sensor: Real
01-24 08:23:32.840   942 26270 I CamX    : [CORE_CFG][CORE   ] camxpipeline.cpp:2056 CreateNodes() Topology::SWMFMergeRaw_0 Node::SWMFMergeRaw_com.qti.node.memcpy0 Type 255 numInputPorts 3 numOutputPorts 1 Sensor: Real
01-24 08:23:32.840   942 26272 I CamX    : [CORE_CFG][CORE   ] camxpipeline.cpp:2056 CreateNodes() Topology::ZSLSnapshotYUVHAL_0 Node::ZSLSnapshotYUVHAL_BPS0 Type 65539 numInputPorts 1 numOutputPorts 4 Sensor: Real
01-24 08:23:32.840   942 26272 I CamX    : [CORE_CFG][CORE   ] camxpipeline.cpp:2167 CreateNodes() Topology: Pipeline[ZSLSnapshotYUVHAL_0] Link: Node::ZSLSnapshotYUVHAL_BPS0(outPort 1) --> (inPort 0) Node::ZSLSnapshotYUVHAL_IPE3 using format 12
01-24 08:23:32.840   942   942 I CamX    : [CORE_CFG][CORE   ] camxpipeline.cpp:1970 CreateNodes() Topology: Creating Pipeline MfsrPostFilter_0, numNodes 1 isSensorInput 0 isRealTime 0
01-24 08:23:32.840   942 26272 I CamX    : [CORE_CFG][CORE   ] camxpipeline.cpp:2167 CreateNodes() Topology: Pipeline[ZSLSnapshotYUVHAL_0] Link: Node::ZSLSnapshotYUVHAL_BPS0(outPort 2) --> (inPort 1) Node::ZSLSnapshotYUVHAL_IPE3 using format 18
01-24 08:23:32.840   942 26272 I CamX    : [CORE_CFG][CORE   ] camxpipeline.cpp:2167 CreateNodes() Topology: Pipeline[ZSLSnapshotYUVHAL_0] Link: Node::ZSLSnapshotYUVHAL_BPS0(outPort 3) --> (inPort 2) Node::ZSLSnapshotYUVHAL_IPE3 using format 18
01-24 08:23:32.840   942 26270 I CHIUSECASE: [CORE_CFG ] chxsensorselectmode.cpp:651 FindBestSensorMode() Selected Usecase: 8, SelectedMode W=4000, H=3000, FPS:30, NumBatchedFrames:1, modeIndex:1
01-24 08:23:32.840   942 26272 I CamX    : [CORE_CFG][CORE   ] camxpipeline.cpp:2167 CreateNodes() Topology: Pipeline[ZSLSnapshotYUVHAL_0] Link: Node::ZSLSnapshotYUVHAL_BPS0(outPort 4) --> (inPort 3) Node::ZSLSnapshotYUVHAL_IPE3 using format 18
01-24 08:23:32.840   942   942 I CamX    : [CORE_CFG][CORE   ] camxnode.cpp:647 InitializeSinkPortBufferProperties() Topology: Node::MfsrPostFilter_IPE3 has a sink port id 9 using format 12 dim 4000x3000, stream 0xb400007b75cef130
01-24 08:23:32.840   942 26272 I CHIUSECASE: [CORE_CFG ] chxsensorselectmode.cpp:651 FindBestSensorMode() Selected Usecase: 8, SelectedMode W=4000, H=3000, FPS:30, NumBatchedFrames:1, modeIndex:1
01-24 08:23:32.840   942   942 I CamX    : [CORE_CFG][CORE   ] camxpipeline.cpp:2056 CreateNodes() Topology::MfsrPostFilter_0 Node::MfsrPostFilter_IPE3 Type 65538 numInputPorts 2 numOutputPorts 1 Sensor: Real
01-24 08:23:32.840   942   942 I CHIUSECASE: [CORE_CFG ] chxsensorselectmode.cpp:651 FindBestSensorMode() Selected Usecase: 8, SelectedMode W=4000, H=3000, FPS:30, NumBatchedFrames:1, modeIndex:1
01-24 08:23:32.840   942   942 I CHIUSECASE: [CORE_CFG ] chifeature2base.cpp:2768 ConfigurePipelineData() MFSR:Postfilter_UBWC_In: (4000X3000 : 4000X3000 : 16383X16383) Format:0x7fa30c09
01-24 08:23:32.840   942   942 I CHIUSECASE: [CORE_CFG ] chifeature2base.cpp:2768 ConfigurePipelineData() MFSR:Postfilter_PD10DS4_In: (4000X3000 : 4000X3000 : 16383X16383) Format:0x7fa30c08
01-24 08:23:32.840   942   942 I CHIUSECASE: [CORE_CFG ] chifeature2base.cpp:2726 OnConfigureOutputPorts() MFSR:Blend_UBWC_OUT: (4000X3000 : 4000X3000 : 16383X16383) Format:0x7fa30c09
01-24 08:23:32.840   942   942 I CHIUSECASE: [CORE_CFG ] chifeature2base.cpp:2726 OnConfigureOutputPorts() MFSR:Blend_PD10DS4_OUT: (4000X3000 : 4000X3000 : 16383X16383) Format:0x7fa30c08
01-24 08:23:32.840   942   942 I CHIUSECASE: [CORE_CFG ] chxpipeline.cpp:343 CreateDescriptor() Pipeline[MfsrBlend] pipeline pointer 0xb400007ca5d51770 numInputs=7, numOutputs=4 stream w x h: 4000 x 3000 numBatchedFrames: 1, HALOutputBufferCombined: 0 maxFPSValue: 30
01-24 08:23:32.840   942   942 W CHIUSECASE: [WARN   ] chxextensionmodule.cpp:6980 GetFacialContourVersion() Could not get contour_version vendor tag in metadata. result: 1
01-24 08:23:32.841   942 26273 I CamX    : [CORE_CFG][CORE   ] camxpipeline.cpp:1970 CreateNodes() Topology: Creating Pipeline MFHDRThreeFrameSnapshotFusion_0, numNodes 7 isSensorInput 0 isRealTime 0
01-24 08:23:32.841   942 26274 I CamX    : [CORE_CFG][CORE   ] camxpipeline.cpp:1970 CreateNodes() Topology: Creating Pipeline MFHDRTwoFrameSnapshotFusion_0, numNodes 5 isSensorInput 0 isRealTime 0
01-24 08:23:32.841   942 26273 I CamX    : [CORE_CFG][CORE   ] camxpipeline.cpp:2056 CreateNodes() Topology::MFHDRThreeFrameSnapshotFusion_0 Node::MFHDRThreeFrameSnapshotFusion_IPE3 Type 65538 numInputPorts 6 numOutputPorts 2 Sensor: Real
01-24 08:23:32.841   942   942 I CamX    : [CORE_CFG][CORE   ] camxpipeline.cpp:1970 CreateNodes() Topology: Creating Pipeline MfsrBlend_0, numNodes 3 isSensorInput 0 isRealTime 0
01-24 08:23:32.841   942 26273 I CamX    : [CORE_CFG][CORE   ] camxnode.cpp:647 InitializeSinkPortBufferProperties() Topology: Node::MFHDRThreeFrameSnapshotFusion_IPE4 has a sink port id 8 using format 3 dim 4000x3000, stream 0xb400007b75cec180
01-24 08:23:32.841   942 26274 I CamX    : [CORE_CFG][CORE   ] camxpipeline.cpp:2056 CreateNodes() Topology::MFHDRTwoFrameSnapshotFusion_0 Node::MFHDRTwoFrameSnapshotFusion_IPE2 Type 65538 numInputPorts 4 numOutputPorts 2 Sensor: Real
01-24 08:23:32.841   942   942 I CamX    : [CORE_CFG][CORE   ] camxnode.cpp:647 InitializeSinkPortBufferProperties() Topology: Node::MfsrBlend_IPE1 has a sink port id 10 using format 12 dim 4000x3000, stream 0xb400007b75cee800
01-24 08:23:32.841   942   942 I CamX    : [CORE_CFG][CORE   ] camxnode.cpp:647 InitializeSinkPortBufferProperties() Topology: Node::MfsrBlend_IPE1 has a sink port id 11 using format 18 dim 1000x750, stream 0xb400007b75cf2620
01-24 08:23:32.841   942 26273 I CamX    : [CORE_CFG][CORE   ] camxpipeline.cpp:2056 CreateNodes() Topology::MFHDRThreeFrameSnapshotFusion_0 Node::MFHDRThreeFrameSnapshotFusion_IPE4 Type 65538 numInputPorts 2 numOutputPorts 1 Sensor: Real
01-24 08:23:32.841   942 26274 I CamX    : [CORE_CFG][CORE   ] camxnode.cpp:647 InitializeSinkPortBufferProperties() Topology: Node::MFHDRTwoFrameSnapshotFusion_IPE3 has a sink port id 8 using format 3 dim 4000x3000, stream 0xb400007b75ce1d70
01-24 08:23:32.841   942 26274 I CamX    : [CORE_CFG][CORE   ] camxpipeline.cpp:2056 CreateNodes() Topology::MFHDRTwoFrameSnapshotFusion_0 Node::MFHDRTwoFrameSnapshotFusion_IPE3 Type 65538 numInputPorts 2 numOutputPorts 1 Sensor: Real
01-24 08:23:32.841   942 26273 I CamX    : [CORE_CFG][CORE   ] camxpipeline.cpp:2056 CreateNodes() Topology::MFHDRThreeFrameSnapshotFusion_0 Node::MFHDRThreeFrameSnapshotFusion_IPE5 Type 65538 numInputPorts 1 numOutputPorts 2 Sensor: Real
01-24 08:23:32.841   942   942 I CamX    : [CORE_CFG][CORE   ] camxpipeline.cpp:2056 CreateNodes() Topology::MfsrBlend_0 Node::MfsrBlend_IPE1 Type 65538 numInputPorts 8 numOutputPorts 2 Sensor: Real
01-24 08:23:32.841   942 26274 I CamX    : [CORE_CFG][CORE   ] camxpipeline.cpp:2056 CreateNodes() Topology::MFHDRTwoFrameSnapshotFusion_0 Node::MFHDRTwoFrameSnapshotFusion_IPE5 Type 65538 numInputPorts 1 numOutputPorts 2 Sensor: Real
01-24 08:23:32.841   942   942 I CamX    : [CORE_CFG][CORE   ] camxpipeline.cpp:2056 CreateNodes() Topology::MfsrBlend_0 Node::MfsrBlend_BPS1 Type 65539 numInputPorts 1 numOutputPorts 5 Sensor: Real
01-24 08:23:32.841   942 26273 I CamX    : [CORE_CFG][CORE   ] camxpipeline.cpp:2056 CreateNodes() Topology::MFHDRThreeFrameSnapshotFusion_0 Node::MFHDRThreeFrameSnapshotFusion_IPE6 Type 65538 numInputPorts 1 numOutputPorts 2 Sensor: Real
01-24 08:23:32.841   942   942 V SYNX-UMD: Synx Init!
01-24 08:23:32.841   942   942 V SYNX-UMD: Initialized /dev/synx_device
01-24 08:23:32.841   942   942 I CamX    : [CORE_CFG][CORE   ] camxnode.cpp:647 InitializeSinkPortBufferProperties() Topology: Node::MfsrBlend_CVP1 has a sink port id 1 using format 6 dim 40000x1, stream 0xb400007b75ce13d0
01-24 08:23:32.841   942 26274 I CamX    : [CORE_CFG][CORE   ] camxpipeline.cpp:2056 CreateNodes() Topology::MFHDRTwoFrameSnapshotFusion_0 Node::MFHDRTwoFrameSnapshotFusion_IPE6 Type 65538 numInputPorts 1 numOutputPorts 2 Sensor: Real
01-24 08:23:32.841   942   942 I CamX    : [CORE_CFG][CORE   ] camxnode.cpp:647 InitializeSinkPortBufferProperties() Topology: Node::MfsrBlend_CVP1 has a sink port id 2 using format 14 dim 1920x1440, stream 0xb400007b75cf1f20
01-24 08:23:32.841   942 26274 V SYNX-UMD: Synx Init!
01-24 08:23:32.841   942 26274 V SYNX-UMD: Initialized /dev/synx_device
01-24 08:23:32.841   942 26273 I CamX    : [CORE_CFG][CORE   ] camxpipeline.cpp:2056 CreateNodes() Topology::MFHDRThreeFrameSnapshotFusion_0 Node::MFHDRThreeFrameSnapshotFusion_IPE7 Type 65538 numInputPorts 1 numOutputPorts 2 Sensor: Real
01-24 08:23:32.841   942 26273 V SYNX-UMD: Synx Init!
01-24 08:23:32.841   942   942 I CamX    : [CORE_CFG][CORE   ] camxpipeline.cpp:2056 CreateNodes() Topology::MfsrBlend_0 Node::MfsrBlend_CVP1 Type 65543 numInputPorts 4 numOutputPorts 2 Sensor: Real
01-24 08:23:32.841   942 26273 V SYNX-UMD: Initialized /dev/synx_device
01-24 08:23:32.841   942   942 I CamX    : [CORE_CFG][CORE   ] camxpipeline.cpp:2167 CreateNodes() Topology: Pipeline[MfsrBlend_0] Link: Node::MfsrBlend_BPS1(outPort 1) --> (inPort 0) Node::MfsrBlend_IPE1 using format 12
01-24 08:23:32.841   942 26274 I CamX    : [CORE_CFG][CORE   ] camxpipeline.cpp:2056 CreateNodes() Topology::MFHDRTwoFrameSnapshotFusion_0 Node::MFHDRTwoFrameSnapshotFusion_CVP0 Type 65543 numInputPorts 7 numOutputPorts 5 Sensor: Real
01-24 08:23:32.841   942   942 I CamX    : [CORE_CFG][CORE   ] camxpipeline.cpp:2167 CreateNodes() Topology: Pipeline[MfsrBlend_0] Link: Node::MfsrBlend_BPS1(outPort 2) --> (inPort 1) Node::MfsrBlend_IPE1 using format 18
01-24 08:23:32.841   942 26274 I CamX    : [CORE_CFG][CORE   ] camxpipeline.cpp:2167 CreateNodes() Topology: Pipeline[MFHDRTwoFrameSnapshotFusion_0] Link: Node::MFHDRTwoFrameSnapshotFusion_IPE5(outPort 10) --> (inPort 0) Node::MFHDRTwoFrameSnapshotFusion_IPE2 using format 12
01-24 08:23:32.841   942   942 I CamX    : [CORE_CFG][CORE   ] camxpipeline.cpp:2167 CreateNodes() Topology: Pipeline[MfsrBlend_0] Link: Node::MfsrBlend_BPS1(outPort 3) --> (inPort 2) Node::MfsrBlend_IPE1 using format 18
01-24 08:23:32.841   942 26274 I CamX    : [CORE_CFG][CORE   ] camxpipeline.cpp:2167 CreateNodes() Topology: Pipeline[MFHDRTwoFrameSnapshotFusion_0] Link: Node::MFHDRTwoFrameSnapshotFusion_IPE6(outPort 10) --> (inPort 4) Node::MFHDRTwoFrameSnapshotFusion_IPE2 using format 12
01-24 08:23:32.841   942   942 I CamX    : [CORE_CFG][CORE   ] camxpipeline.cpp:2167 CreateNodes() Topology: Pipeline[MfsrBlend_0] Link: Node::MfsrBlend_BPS1(outPort 4) --> (inPort 3) Node::MfsrBlend_IPE1 using format 18
01-24 08:23:32.841   942   942 I CamX    : [CORE_CFG][CORE   ] camxpipeline.cpp:2167 CreateNodes() Topology: Pipeline[MfsrBlend_0] Link: Node::MfsrBlend_BPS1(outPort 1) --> (inPort 3) Node::MfsrBlend_CVP1 using format 12
01-24 08:23:32.841   942 26274 I CamX    : [CORE_CFG][CORE   ] camxpipeline.cpp:2167 CreateNodes() Topology: Pipeline[MFHDRTwoFrameSnapshotFusion_0] Link: Node::MFHDRTwoFrameSnapshotFusion_IPE5(outPort 11) --> (inPort 1) Node::MFHDRTwoFrameSnapshotFusion_IPE2 using format 18
01-24 08:23:32.841   942 26273 I CamX    : [CORE_CFG][CORE   ] camxpipeline.cpp:2056 CreateNodes() Topology::MFHDRThreeFrameSnapshotFusion_0 Node::MFHDRThreeFrameSnapshotFusion_CVP0 Type 65543 numInputPorts 7 numOutputPorts 5 Sensor: Real
01-24 08:23:32.841   942   942 I CamX    : [CORE_CFG][CORE   ] camxpipeline.cpp:2167 CreateNodes() Topology: Pipeline[MfsrBlend_0] Link: Node::MfsrBlend_BPS1(outPort 7) --> (inPort 5) Node::MfsrBlend_CVP1 using format 3
01-24 08:23:32.841   942 26274 I CamX    : [CORE_CFG][CORE   ] camxpipeline.cpp:2167 CreateNodes() Topology: Pipeline[MFHDRTwoFrameSnapshotFusion_0] Link: Node::MFHDRTwoFrameSnapshotFusion_IPE6(outPort 11) --> (inPort 5) Node::MFHDRTwoFrameSnapshotFusion_IPE2 using format 18
01-24 08:23:32.841   942 26274 I CamX    : [CORE_CFG][CORE   ] camxpipeline.cpp:2167 CreateNodes() Topology: Pipeline[MFHDRTwoFrameSnapshotFusion_0] Link: Node::MFHDRTwoFrameSnapshotFusion_IPE2(outPort 10) --> (inPort 0) Node::MFHDRTwoFrameSnapshotFusion_IPE3 using format 12
01-24 08:23:32.841   942 26273 V SYNX-UMD: Synx Init!
01-24 08:23:32.841   942 26274 I CamX    : [CORE_CFG][CORE   ] camxpipeline.cpp:2167 CreateNodes() Topology: Pipeline[MFHDRTwoFrameSnapshotFusion_0] Link: Node::MFHDRTwoFrameSnapshotFusion_IPE2(outPort 11) --> (inPort 1) Node::MFHDRTwoFrameSnapshotFusion_IPE3 using format 18
01-24 08:23:32.841   942 26273 V SYNX-UMD: Initialized /dev/synx_device
01-24 08:23:32.841   942 26274 I CamX    : [CORE_CFG][CORE   ] camxpipeline.cpp:2167 CreateNodes() Topology: Pipeline[MFHDRTwoFrameSnapshotFusion_0] Link: Node::MFHDRTwoFrameSnapshotFusion_IPE6(outPort 10) --> (inPort 3) Node::MFHDRTwoFrameSnapshotFusion_CVP0 using format 12
01-24 08:23:32.841   942   942 I CHIUSECASE: [CORE_CFG ] chxsensorselectmode.cpp:651 FindBestSensorMode() Selected Usecase: 8, SelectedMode W=4000, H=3000, FPS:30, NumBatchedFrames:1, modeIndex:1
01-24 08:23:32.841   942 26274 I CamX    : [CORE_CFG][CORE   ] camxpipeline.cpp:2167 CreateNodes() Topology: Pipeline[MFHDRTwoFrameSnapshotFusion_0] Link: Node::MFHDRTwoFrameSnapshotFusion_IPE5(outPort 11) --> (inPort 22) Node::MFHDRTwoFrameSnapshotFusion_CVP0 using format 18
01-24 08:23:32.841   942 26274 I CamX    : [CORE_CFG][CORE   ] camxpipeline.cpp:2167 CreateNodes() Topology: Pipeline[MFHDRTwoFrameSnapshotFusion_0] Link: Node::MFHDRTwoFrameSnapshotFusion_IPE6(outPort 11) --> (inPort 5) Node::MFHDRTwoFrameSnapshotFusion_CVP0 using format 18
01-24 08:23:32.841   942   942 I CHIUSECASE: [CORE_CFG ] chifeature2base.cpp:2768 ConfigurePipelineData() MFSR:Blend_RDI_In: (640X480 : 4000X3000 : 16383X16383) Format:0x25
01-24 08:23:32.841   942 26274 I CamX    : [CORE_CFG][CORE   ] camxpipeline.cpp:2167 CreateNodes() Topology: Pipeline[MFHDRTwoFrameSnapshotFusion_0] Link: Node::MFHDRTwoFrameSnapshotFusion_CVP0(outPort 18) --> (inPort 23) Node::MFHDRTwoFrameSnapshotFusion_CVP0 using format 14
01-24 08:23:32.841   942 26273 I CamX    : [CORE_CFG][CORE   ] camxpipeline.cpp:2056 CreateNodes() Topology::MFHDRThreeFrameSnapshotFusion_0 Node::MFHDRThreeFrameSnapshotFusion_CVP1 Type 65543 numInputPorts 7 numOutputPorts 5 Sensor: Real
01-24 08:23:32.841   942   942 I CHIUSECASE: [CORE_CFG ] chifeature2base.cpp:2768 ConfigurePipelineData() MFSR:Blend_UBWC_IN: (640X480 : 4000X3000 : 16383X16383) Format:0x7fa30c09
01-24 08:23:32.841   942 26273 I CamX    : [CORE_CFG][CORE   ] camxpipeline.cpp:2167 CreateNodes() Topology: Pipeline[MFHDRThreeFrameSnapshotFusion_0] Link: Node::MFHDRThreeFrameSnapshotFusion_IPE5(outPort 10) --> (inPort 0) Node::MFHDRThreeFrameSnapshotFusion_IPE3 using format 12
01-24 08:23:32.841   942 26274 I CamX    : [CORE_CFG][CORE   ] camxpipeline.cpp:2167 CreateNodes() Topology: Pipeline[MFHDRTwoFrameSnapshotFusion_0] Link: Node::MFHDRTwoFrameSnapshotFusion_CVP0(outPort 19) --> (inPort 29) Node::MFHDRTwoFrameSnapshotFusion_CVP0 using format 14
01-24 08:23:32.841   942   942 I CHIUSECASE: [CORE_CFG ] chifeature2base.cpp:2768 ConfigurePipelineData() MFSR:Blend_PD10DS4_In: (640X480 : 4000X3000 : 16383X16383) Format:0x7fa30c08
01-24 08:23:32.842   942 26273 I CamX    : [CORE_CFG][CORE   ] camxpipeline.cpp:2167 CreateNodes() Topology: Pipeline[MFHDRThreeFrameSnapshotFusion_0] Link: Node::MFHDRThreeFrameSnapshotFusion_IPE6(outPort 10) --> (inPort 14) Node::MFHDRThreeFrameSnapshotFusion_IPE3 using format 22
01-24 08:23:32.842   942 26274 I CamX    : [CORE_CFG][CORE   ] camxpipeline.cpp:2167 CreateNodes() Topology: Pipeline[MFHDRTwoFrameSnapshotFusion_0] Link: Node::MFHDRTwoFrameSnapshotFusion_CVP0(outPort 16) --> (inPort 10) Node::MFHDRTwoFrameSnapshotFusion_CVP0 using format 6
01-24 08:23:32.842   942   942 I CHIUSECASE: [CORE_CFG ] chifeature2base.cpp:2768 ConfigurePipelineData() MFSR:Blend_PD10DS16_In: (640X480 : 4000X3000 : 16383X16383) Format:0x7fa30c08
01-24 08:23:32.842   942 26273 I CamX    : [CORE_CFG][CORE   ] camxpipeline.cpp:2167 CreateNodes() Topology: Pipeline[MFHDRThreeFrameSnapshotFusion_0] Link: Node::MFHDRThreeFrameSnapshotFusion_IPE7(outPort 10) --> (inPort 4) Node::MFHDRThreeFrameSnapshotFusion_IPE3 using format 12
01-24 08:23:32.842   942 26274 I CamX    : [CORE_CFG][CORE   ] camxpipeline.cpp:2167 CreateNodes() Topology: Pipeline[MFHDRTwoFrameSnapshotFusion_0] Link: Node::MFHDRTwoFrameSnapshotFusion_CVP0(outPort 17) --> (inPort 11) Node::MFHDRTwoFrameSnapshotFusion_CVP0 using format 6
01-24 08:23:32.842   942   942 I CHIUSECASE: [CORE_CFG ] chifeature2base.cpp:2768 ConfigurePipelineData() MFSR:Blend_PD10DS64_In: (640X480 : 4000X3000 : 16383X16383) Format:0x7fa30c08
01-24 08:23:32.842   942 26273 I CamX    : [CORE_CFG][CORE   ] camxpipeline.cpp:2167 CreateNodes() Topology: Pipeline[MFHDRThreeFrameSnapshotFusion_0] Link: Node::MFHDRThreeFrameSnapshotFusion_IPE5(outPort 11) --> (inPort 1) Node::MFHDRThreeFrameSnapshotFusion_IPE3 using format 18
01-24 08:23:32.842   942   942 I CHIUSECASE: [CORE_CFG ] chifeature2base.cpp:2768 ConfigurePipelineData() MFSR:Blend_UBWCNV12-4R_IN: (1920X1440 : 1920X1440 : 1920X1440) Format:0x28
01-24 08:23:32.842   942 26273 I CamX    : [CORE_CFG][CORE   ] camxpipeline.cpp:2167 CreateNodes() Topology: Pipeline[MFHDRThreeFrameSnapshotFusion_0] Link: Node::MFHDRThreeFrameSnapshotFusion_IPE6(outPort 11) --> (inPort 15) Node::MFHDRThreeFrameSnapshotFusion_IPE3 using format 18
01-24 08:23:32.842   942 26274 W CamX    : [ WARN][PPROC  ] camxipenode.cpp:4728 ProcessingNodeFinalizeInputRequirement() MFHDRTwoFrameSnapshotFusion_IPE6, Output port 10 cannot determine aspect ratio for input idx: 1 0x0
01-24 08:23:32.842   942   942 I CHIUSECASE: [CORE_CFG ] chifeature2base.cpp:2768 ConfigurePipelineData() MFSR:Blend_UBWC_IN: (640X480 : 4000X3000 : 16383X16383) Format:0x7fa30c09
01-24 08:23:32.842   942 26273 I CamX    : [CORE_CFG][CORE   ] camxpipeline.cpp:2167 CreateNodes() Topology: Pipeline[MFHDRThreeFrameSnapshotFusion_0] Link: Node::MFHDRThreeFrameSnapshotFusion_IPE7(outPort 11) --> (inPort 5) Node::MFHDRThreeFrameSnapshotFusion_IPE3 using format 18
01-24 08:23:32.842   942   942 I CHIUSECASE: [CORE_CFG ] chifeature2base.cpp:2768 ConfigurePipelineData() MFSR:Blend_DMECONTEXT_IN: (40000X1 : 40000X1 : 40000X1) Format:0x21
01-24 08:23:32.842   942 26273 I CamX    : [CORE_CFG][CORE   ] camxpipeline.cpp:2167 CreateNodes() Topology: Pipeline[MFHDRThreeFrameSnapshotFusion_0] Link: Node::MFHDRThreeFrameSnapshotFusion_IPE3(outPort 10) --> (inPort 0) Node::MFHDRThreeFrameSnapshotFusion_IPE4 using format 12
01-24 08:23:32.842   942   942 I CHIUSECASE: [CORE_CFG ] chifeature2base.cpp:2726 OnConfigureOutputPorts() MFSR:Prefilter_UBWC_OUT: (640X480 : 4000X3000 : 16383X16383) Format:0x7fa30c09
01-24 08:23:32.842   942 26273 I CamX    : [CORE_CFG][CORE   ] camxpipeline.cpp:2167 CreateNodes() Topology: Pipeline[MFHDRThreeFrameSnapshotFusion_0] Link: Node::MFHDRThreeFrameSnapshotFusion_IPE3(outPort 11) --> (inPort 1) Node::MFHDRThreeFrameSnapshotFusion_IPE4 using format 18
01-24 08:23:32.842   942   942 I CHIUSECASE: [CORE_CFG ] chifeature2base.cpp:2726 OnConfigureOutputPorts() MFSR:Prefilter_PD10DS4_OUT: (640X480 : 4000X3000 : 16383X16383) Format:0x7fa30c08
01-24 08:23:32.842   942 26273 I CamX    : [CORE_CFG][CORE   ] camxpipeline.cpp:2167 CreateNodes() Topology: Pipeline[MFHDRThreeFrameSnapshotFusion_0] Link: Node::MFHDRThreeFrameSnapshotFusion_IPE6(outPort 10) --> (inPort 3) Node::MFHDRThreeFrameSnapshotFusion_CVP0 using format 22
01-24 08:23:32.842   942   942 I CHIUSECASE: [CORE_CFG ] chifeature2base.cpp:2726 OnConfigureOutputPorts() MFSR:Prefilter_PD10DS16_OUT: (640X480 : 4000X3000 : 16383X16383) Format:0x7fa30c08
01-24 08:23:32.842   942 26274 I CHIUSECASE: [CORE_CFG ] chxsensorselectmode.cpp:651 FindBestSensorMode() Selected Usecase: 8, SelectedMode W=4000, H=3000, FPS:30, NumBatchedFrames:1, modeIndex:1
01-24 08:23:32.842   942 26273 I CamX    : [CORE_CFG][CORE   ] camxpipeline.cpp:2167 CreateNodes() Topology: Pipeline[MFHDRThreeFrameSnapshotFusion_0] Link: Node::MFHDRThreeFrameSnapshotFusion_IPE5(outPort 11) --> (inPort 22) Node::MFHDRThreeFrameSnapshotFusion_CVP0 using format 18
01-24 08:23:32.842   942   942 I CHIUSECASE: [CORE_CFG ] chifeature2base.cpp:2726 OnConfigureOutputPorts() MFSR:Prefilter_PD10DS64_OUT: (640X480 : 4000X3000 : 16383X16383) Format:0x7fa30c08
01-24 08:23:32.842   942 26273 I CamX    : [CORE_CFG][CORE   ] camxpipeline.cpp:2167 CreateNodes() Topology: Pipeline[MFHDRThreeFrameSnapshotFusion_0] Link: Node::MFHDRThreeFrameSnapshotFusion_IPE6(outPort 11) --> (inPort 5) Node::MFHDRThreeFrameSnapshotFusion_CVP0 using format 18
01-24 08:23:32.842   942   942 I CHIUSECASE: [CORE_CFG ] chifeature2base.cpp:2726 OnConfigureOutputPorts() MFSR:Prefilter_UBWCNV12-4R_OUT: (1920X1440 : 1920X1440 : 1920X1440) Format:0x28
01-24 08:23:32.842   942 26273 I CamX    : [CORE_CFG][CORE   ] camxpipeline.cpp:2167 CreateNodes() Topology: Pipeline[MFHDRThreeFrameSnapshotFusion_0] Link: Node::MFHDRThreeFrameSnapshotFusion_CVP0(outPort 18) --> (inPort 23) Node::MFHDRThreeFrameSnapshotFusion_CVP0 using format 14
01-24 08:23:32.842   942   942 I CHIUSECASE: [CORE_CFG ] chifeature2base.cpp:2726 OnConfigureOutputPorts() MFSR:Prefilter_DMECONTEXT_OUT: (40000X1 : 40000X1 : 40000X1) Format:0x21
01-24 08:23:32.842   942 26273 I CamX    : [CORE_CFG][CORE   ] camxpipeline.cpp:2167 CreateNodes() Topology: Pipeline[MFHDRThreeFrameSnapshotFusion_0] Link: Node::MFHDRThreeFrameSnapshotFusion_CVP0(outPort 19) --> (inPort 29) Node::MFHDRThreeFrameSnapshotFusion_CVP0 using format 14
01-24 08:23:32.842   942 26273 I CamX    : [CORE_CFG][CORE   ] camxpipeline.cpp:2167 CreateNodes() Topology: Pipeline[MFHDRThreeFrameSnapshotFusion_0] Link: Node::MFHDRThreeFrameSnapshotFusion_CVP0(outPort 16) --> (inPort 10) Node::MFHDRThreeFrameSnapshotFusion_CVP0 using format 6
01-24 08:23:32.842   942 26273 I CamX    : [CORE_CFG][CORE   ] camxpipeline.cpp:2167 CreateNodes() Topology: Pipeline[MFHDRThreeFrameSnapshotFusion_0] Link: Node::MFHDRThreeFrameSnapshotFusion_CVP0(outPort 17) --> (inPort 11) Node::MFHDRThreeFrameSnapshotFusion_CVP0 using format 6
01-24 08:23:32.842   942   942 I CHIUSECASE: [CORE_CFG ] chxpipeline.cpp:343 CreateDescriptor() Pipeline[MfsrPrefilter] pipeline pointer 0xb400007ca5d23e70 numInputs=1, numOutputs=6 stream w x h: 4000 x 3000 numBatchedFrames: 1, HALOutputBufferCombined: 0 maxFPSValue: 30
01-24 08:23:32.842   942 26273 I CamX    : [CORE_CFG][CORE   ] camxpipeline.cpp:2167 CreateNodes() Topology: Pipeline[MFHDRThreeFrameSnapshotFusion_0] Link: Node::MFHDRThreeFrameSnapshotFusion_IPE6(outPort 10) --> (inPort 3) Node::MFHDRThreeFrameSnapshotFusion_CVP1 using format 22
01-24 08:23:32.842   942   942 W CHIUSECASE: [WARN   ] chxextensionmodule.cpp:6980 GetFacialContourVersion() Could not get contour_version vendor tag in metadata. result: 1
01-24 08:23:32.842   942 26273 I CamX    : [CORE_CFG][CORE   ] camxpipeline.cpp:2167 CreateNodes() Topology: Pipeline[MFHDRThreeFrameSnapshotFusion_0] Link: Node::MFHDRThreeFrameSnapshotFusion_IPE6(outPort 11) --> (inPort 5) Node::MFHDRThreeFrameSnapshotFusion_CVP1 using format 18
01-24 08:23:32.842   942 26273 I CamX    : [CORE_CFG][CORE   ] camxpipeline.cpp:2167 CreateNodes() Topology: Pipeline[MFHDRThreeFrameSnapshotFusion_0] Link: Node::MFHDRThreeFrameSnapshotFusion_CVP1(outPort 18) --> (inPort 23) Node::MFHDRThreeFrameSnapshotFusion_CVP1 using format 14
01-24 08:23:32.842   942   942 I CamX    : [CORE_CFG][CORE   ] camxpipeline.cpp:1970 CreateNodes() Topology: Creating Pipeline MfsrPrefilter_0, numNodes 3 isSensorInput 0 isRealTime 0
01-24 08:23:32.843   942   942 I CamX    : [CORE_CFG][CORE   ] camxnode.cpp:647 InitializeSinkPortBufferProperties() Topology: Node::MfsrPrefilter_IPE0 has a sink port id 10 using format 12 dim 4000x3000, stream 0xb400007b75cf52c0
01-24 08:23:32.843   942   942 I CamX    : [CORE_CFG][CORE   ] camxnode.cpp:647 InitializeSinkPortBufferProperties() Topology: Node::MfsrPrefilter_IPE0 has a sink port id 11 using format 18 dim 1000x750, stream 0xb400007b75cf15f0
01-24 08:23:32.843   942   942 I CamX    : [CORE_CFG][CORE   ] camxnode.cpp:647 InitializeSinkPortBufferProperties() Topology: Node::MfsrPrefilter_IPE0 has a sink port id 12 using format 18 dim 250x188, stream 0xb400007b75cf4840
01-24 08:23:32.843   942   942 I CamX    : [CORE_CFG][CORE   ] camxnode.cpp:647 InitializeSinkPortBufferProperties() Topology: Node::MfsrPrefilter_IPE0 has a sink port id 13 using format 18 dim 64x48, stream 0xb400007b75cef440
01-24 08:23:32.843   942   942 I CamX    : [CORE_CFG][CORE   ] camxpipeline.cpp:2056 CreateNodes() Topology::MfsrPrefilter_0 Node::MfsrPrefilter_IPE0 Type 65538 numInputPorts 4 numOutputPorts 4 Sensor: Real
01-24 08:23:32.843   942   942 I CamX    : [CORE_CFG][CORE   ] camxpipeline.cpp:2056 CreateNodes() Topology::MfsrPrefilter_0 Node::MfsrPrefilter_BPS0 Type 65539 numInputPorts 1 numOutputPorts 5 Sensor: Real
01-24 08:23:32.843   942   942 V SYNX-UMD: Synx Init!
01-24 08:23:32.843   942   942 V SYNX-UMD: Initialized /dev/synx_device
01-24 08:23:32.843   942   942 I CamX    : [CORE_CFG][CORE   ] camxnode.cpp:647 InitializeSinkPortBufferProperties() Topology: Node::MfsrPrefilter_CVP0 has a sink port id 1 using format 6 dim 40000x1, stream 0xb400007b75ce8210
01-24 08:23:32.843   942   942 I CamX    : [CORE_CFG][CORE   ] camxnode.cpp:647 InitializeSinkPortBufferProperties() Topology: Node::MfsrPrefilter_CVP0 has a sink port id 2 using format 14 dim 1920x1440, stream 0xb400007b75cf2850
01-24 08:23:32.843   942   942 I CamX    : [CORE_CFG][CORE   ] camxpipeline.cpp:2056 CreateNodes() Topology::MfsrPrefilter_0 Node::MfsrPrefilter_CVP0 Type 65543 numInputPorts 2 numOutputPorts 2 Sensor: Real
01-24 08:23:32.843   942   942 I CamX    : [CORE_CFG][CORE   ] camxpipeline.cpp:2167 CreateNodes() Topology: Pipeline[MfsrPrefilter_0] Link: Node::MfsrPrefilter_BPS0(outPort 1) --> (inPort 0) Node::MfsrPrefilter_IPE0 using format 12
01-24 08:23:32.843   942   942 I CamX    : [CORE_CFG][CORE   ] camxpipeline.cpp:2167 CreateNodes() Topology: Pipeline[MfsrPrefilter_0] Link: Node::MfsrPrefilter_BPS0(outPort 2) --> (inPort 1) Node::MfsrPrefilter_IPE0 using format 18
01-24 08:23:32.843   942   942 I CamX    : [CORE_CFG][CORE   ] camxpipeline.cpp:2167 CreateNodes() Topology: Pipeline[MfsrPrefilter_0] Link: Node::MfsrPrefilter_BPS0(outPort 3) --> (inPort 2) Node::MfsrPrefilter_IPE0 using format 18
01-24 08:23:32.843   942   942 I CamX    : [CORE_CFG][CORE   ] camxpipeline.cpp:2167 CreateNodes() Topology: Pipeline[MfsrPrefilter_0] Link: Node::MfsrPrefilter_BPS0(outPort 4) --> (inPort 3) Node::MfsrPrefilter_IPE0 using format 18
01-24 08:23:32.843   942   942 I CamX    : [CORE_CFG][CORE   ] camxpipeline.cpp:2167 CreateNodes() Topology: Pipeline[MfsrPrefilter_0] Link: Node::MfsrPrefilter_BPS0(outPort 1) --> (inPort 3) Node::MfsrPrefilter_CVP0 using format 12
01-24 08:23:32.843   942   942 I CamX    : [CORE_CFG][CORE   ] camxpipeline.cpp:2167 CreateNodes() Topology: Pipeline[MfsrPrefilter_0] Link: Node::MfsrPrefilter_BPS0(outPort 7) --> (inPort 5) Node::MfsrPrefilter_CVP0 using format 3
01-24 08:23:32.843   942   942 I CHIUSECASE: [CORE_CFG ] chxsensorselectmode.cpp:651 FindBestSensorMode() Selected Usecase: 8, SelectedMode W=4000, H=3000, FPS:30, NumBatchedFrames:1, modeIndex:1
01-24 08:23:32.843   942   942 I CHIUSECASE: [CORE_CFG ] chifeature2base.cpp:2768 ConfigurePipelineData() MFSR:Prefilter_RDI_In: (640X480 : 4000X3000 : 16383X16383) Format:0x25
01-24 08:23:32.843   942   942 I CHIUSECASE: [CORE_CFG ] chifeature2featurepool.cpp:932 FinalizeFeatureInstances() [MFSR:4] Input Port {0, 0, 0} influences [Demux:0] Output Port {0, 0, 2}(Fmt: 0x25 [640 x 480] [4000 x 3000] [16383 x 16383])
01-24 08:23:32.843   942   942 I CHIUSECASE: [CORE_CFG ] chifeature2base.cpp:4175 PrepareFeatureData() Feature2Mapping: FeatureName = Bayer2Yuv, numSessions = 1, numPipelines = 11 numPorts = 66
01-24 08:23:32.843   942   942 I CHIUSECASE: [CORE_CFG ] chifeature2base.cpp:4284 PrepareFeatureData() session: 0, name: Bayer2Yuv, pipeline: 0, name: ZSLSnapshotYUVHAL
01-24 08:23:32.843   942   942 I CHIUSECASE: [CORE_CFG ] chifeature2base.cpp:4175 PrepareFeatureData() Feature2Mapping: FeatureName = RealTimeSerializer, numSessions = 1, numPipelines = 1 numPorts = 12
01-24 08:23:32.844  1058  5285 E ANDR-PERF-LM: GamePerfEngine: runAsyncPeriodic() 597: AppState st 98
01-24 08:23:32.844   942   942 I CHIUSECASE: [CORE_CFG ] chifeature2utils.cpp:1228 GetTargetStreamWithIntent() Feature2Mapping: Target Stream: TARGET_BUFFER_VIDEO 0xb400007b75ce84b0 Intent: CHI_STREAM_INTENT_ANALYSIS Resolution: 640 X 480 Format = 35
01-24 08:23:32.844   942   942 I CHIUSECASE: [CORE_CFG ] chifeature2base.cpp:2726 OnConfigureOutputPorts() RealTime:Raw_Out: (640X480 : 4000X3000 : 16383X16383) Format:0x25
01-24 08:23:32.844   942   942 I CHIUSECASE: [CORE_CFG ] chxpipeline.cpp:343 CreateDescriptor() Pipeline[RealTimeFeatureZSLPreviewRaw] pipeline pointer 0xb400007ca5cf9300 numInputs=0, numOutputs=8 stream w x h: 320 x 240 numBatchedFrames: 1, HALOutputBufferCombined: 0 maxFPSValue: 30
01-24 08:23:32.844   942 26268 I CamX    : [CORE_CFG][CORE   ] camxpipeline.cpp:1970 CreateNodes() Topology: Creating Pipeline ZSLSnapshotYUVHAL_0, numNodes 2 isSensorInput 0 isRealTime 0
01-24 08:23:32.844   942 26268 I CamX    : [CORE_CFG][CORE   ] camxnode.cpp:647 InitializeSinkPortBufferProperties() Topology: Node::ZSLSnapshotYUVHAL_IPE3 has a sink port id 8 using format 12 dim 4000x3000, stream 0xb400007b75cf2700
01-24 08:23:32.844   942 26268 I CamX    : [CORE_CFG][CORE   ] camxnode.cpp:647 InitializeSinkPortBufferProperties() Topology: Node::ZSLSnapshotYUVHAL_IPE3 has a sink port id 9 using format 12 dim 4000x3000, stream 0xb400007b75cefc20
01-24 08:23:32.844   942 26268 I CamX    : [CORE_CFG][CORE   ] camxpipeline.cpp:2056 CreateNodes() Topology::ZSLSnapshotYUVHAL_0 Node::ZSLSnapshotYUVHAL_IPE3 Type 65538 numInputPorts 4 numOutputPorts 2 Sensor: Real
01-24 08:23:32.845   942 26268 I CamX    : [CORE_CFG][CORE   ] camxpipeline.cpp:2056 CreateNodes() Topology::ZSLSnapshotYUVHAL_0 Node::ZSLSnapshotYUVHAL_BPS0 Type 65539 numInputPorts 1 numOutputPorts 4 Sensor: Real
01-24 08:23:32.845   942 26268 I CamX    : [CORE_CFG][CORE   ] camxpipeline.cpp:2167 CreateNodes() Topology: Pipeline[ZSLSnapshotYUVHAL_0] Link: Node::ZSLSnapshotYUVHAL_BPS0(outPort 1) --> (inPort 0) Node::ZSLSnapshotYUVHAL_IPE3 using format 12
01-24 08:23:32.845   942 26268 I CamX    : [CORE_CFG][CORE   ] camxpipeline.cpp:2167 CreateNodes() Topology: Pipeline[ZSLSnapshotYUVHAL_0] Link: Node::ZSLSnapshotYUVHAL_BPS0(outPort 2) --> (inPort 1) Node::ZSLSnapshotYUVHAL_IPE3 using format 18
01-24 08:23:32.845   942 26268 I CamX    : [CORE_CFG][CORE   ] camxpipeline.cpp:2167 CreateNodes() Topology: Pipeline[ZSLSnapshotYUVHAL_0] Link: Node::ZSLSnapshotYUVHAL_BPS0(outPort 3) --> (inPort 2) Node::ZSLSnapshotYUVHAL_IPE3 using format 18
01-24 08:23:32.845   942 26268 I CamX    : [CORE_CFG][CORE   ] camxpipeline.cpp:2167 CreateNodes() Topology: Pipeline[ZSLSnapshotYUVHAL_0] Link: Node::ZSLSnapshotYUVHAL_BPS0(outPort 4) --> (inPort 3) Node::ZSLSnapshotYUVHAL_IPE3 using format 18
01-24 08:23:32.845   942 26268 I CHIUSECASE: [CORE_CFG ] chxsensorselectmode.cpp:651 FindBestSensorMode() Selected Usecase: 8, SelectedMode W=4000, H=3000, FPS:30, NumBatchedFrames:1, modeIndex:1
01-24 08:23:32.845   942   942 I CamX    : [CORE_CFG][CORE   ] camxpipeline.cpp:1970 CreateNodes() Topology: Creating Pipeline RealTimeFeatureZSLPreviewRaw_0, numNodes 16 isSensorInput 1 isRealTime 1
01-24 08:23:32.845   942   942 I CamX    : [CORE_CFG][CORE   ] camxpipeline.cpp:2056 CreateNodes() Topology::RealTimeFeatureZSLPreviewRaw_0 Node::RealTimeFeatureZSLPreviewRaw_Sensor0 Type 0 numInputPorts 0 numOutputPorts 2 Sensor: Real
01-24 08:23:32.848   942   942 W CamX    : [ WARN][STATS  ] camxstatscommon.cpp:698 Get3ASyncType() Failed to retrieve 3A Sync tag for Node:RealTimeFeatureZSLPreviewRaw_Stats0
01-24 08:23:32.848   942   942 I CamX    : [CORE_CFG][CORE   ] camxpipeline.cpp:2056 CreateNodes() Topology::RealTimeFeatureZSLPreviewRaw_0 Node::RealTimeFeatureZSLPreviewRaw_Stats0 Type 1 numInputPorts 5 numOutputPorts 1 Sensor: Real
01-24 08:23:32.848   942   942 W CamX    : [ WARN][STATS  ] camxstatscommon.cpp:698 Get3ASyncType() Failed to retrieve 3A Sync tag for Node:RealTimeFeatureZSLPreviewRaw_AWB0
01-24 08:23:32.848   942   942 I CamX    : [CORE_CFG][CORE   ] camxpipeline.cpp:2056 CreateNodes() Topology::RealTimeFeatureZSLPreviewRaw_0 Node::RealTimeFeatureZSLPreviewRaw_AWB0 Type 12 numInputPorts 1 numOutputPorts 1 Sensor: Real
01-24 08:23:32.848   942   942 I CamX    : [CORE_CFG][CORE   ] camxpipeline.cpp:2056 CreateNodes() Topology::RealTimeFeatureZSLPreviewRaw_0 Node::RealTimeFeatureZSLPreviewRaw_Tracker0 Type 14 numInputPorts 1 numOutputPorts 1 Sensor: Real
01-24 08:23:32.848   942   942 I CamX    : [CORE_CFG][CORE   ] camxpipeline.cpp:2056 CreateNodes() Topology::RealTimeFeatureZSLPreviewRaw_0 Node::RealTimeFeatureZSLPreviewRaw_StatsNN0 Type 16 numInputPorts 1 numOutputPorts 1 Sensor: Real
01-24 08:23:32.848   942   942 W CamX    : [ WARN][STATS  ] camxstatscommon.cpp:698 Get3ASyncType() Failed to retrieve 3A Sync tag for Node:RealTimeFeatureZSLPreviewRaw_AutoFocus0
01-24 08:23:32.848   942   942 I CamX    : [CORE_CFG][CORE   ] camxpipeline.cpp:2056 CreateNodes() Topology::RealTimeFeatureZSLPreviewRaw_0 Node::RealTimeFeatureZSLPreviewRaw_AutoFocus0 Type 5 numInputPorts 6 numOutputPorts 1 Sensor: Real
01-24 08:23:32.850   942   942 I CamX    : [CORE_CFG][CORE   ] camxnode.cpp:647 InitializeSinkPortBufferProperties() Topology: Node::RealTimeFeatureZSLPreviewRaw_IFE0 has a sink port id 9 using format 9 dim 4000x3000, stream 0xb400007b75ce1130
01-24 08:23:32.850   942   942 I CamX    : [CORE_CFG][CORE   ] camxnode.cpp:647 InitializeSinkPortBufferProperties() Topology: Node::RealTimeFeatureZSLPreviewRaw_IFE0 has a sink port id 4 using format 10 dim 4096x3072, stream 0xb400007b75ce9160
01-24 08:23:32.850   942   942 I CamX    : [CORE_CFG][CORE   ] camxpipeline.cpp:2056 CreateNodes() Topology::RealTimeFeatureZSLPreviewRaw_0 Node::RealTimeFeatureZSLPreviewRaw_IFE0 Type 65536 numInputPorts 3 numOutputPorts 19 Sensor: Real
01-24 08:23:32.850   942   942 I CamX    : [CORE_CFG][CORE   ] camxnode.cpp:647 InitializeSinkPortBufferProperties() Topology: Node::RealTimeFeatureZSLPreviewRaw_IPE0 has a sink port id 8 using format 13 dim 800x600, stream 0xb400007b75cf60c0
01-24 08:23:32.850   942   942 I CamX    : [CORE_CFG][CORE   ] camxnode.cpp:647 InitializeSinkPortBufferProperties() Topology: Node::RealTimeFeatureZSLPreviewRaw_IPE0 has a sink port id 9 using format 3 dim 640x480, stream 0xb400007b75cedae0
01-24 08:23:32.850   942   942 I CamX    : [CORE_CFG][CORE   ] camxpipeline.cpp:2056 CreateNodes() Topology::RealTimeFeatureZSLPreviewRaw_0 Node::RealTimeFeatureZSLPreviewRaw_IPE0 Type 65538 numInputPorts 3 numOutputPorts 2 Sensor: Real
01-24 08:23:32.850   942   942 I CamX    : [CORE_CFG][CORE   ] camxnode.cpp:647 InitializeSinkPortBufferProperties() Topology: Node::RealTimeFeatureZSLPreviewRaw_IPE1 has a sink port id 9 using format 3 dim 320x240, stream 0xb400007b75cf8f90
01-24 08:23:32.850   942   942 I CamX    : [CORE_CFG][CORE   ] camxnode.cpp:647 InitializeSinkPortBufferProperties() Topology: Node::RealTimeFeatureZSLPreviewRaw_IPE1 has a sink port id 8 using format 4 dim 800x600, stream 0xb400007b75cebfc0
01-24 08:23:32.850   942   942 I CamX    : [CORE_CFG][CORE   ] camxpipeline.cpp:2056 CreateNodes() Topology::RealTimeFeatureZSLPreviewRaw_0 Node::RealTimeFeatureZSLPreviewRaw_IPE1 Type 65538 numInputPorts 3 numOutputPorts 2 Sensor: Real
01-24 08:23:32.850   942   942 I CamX    : [CORE_CFG][CORE   ] camxnode.cpp:647 InitializeSinkPortBufferProperties() Topology: Node::RealTimeFeatureZSLPreviewRaw_IPE19 has a sink port id 9 using format 3 dim 640x480, stream 0xb400007b75cf4760
01-24 08:23:32.850   942   942 I CamX    : [CORE_CFG][CORE   ] camxpipeline.cpp:2056 CreateNodes() Topology::RealTimeFeatureZSLPreviewRaw_0 Node::RealTimeFeatureZSLPreviewRaw_IPE19 Type 65538 numInputPorts 1 numOutputPorts 2 Sensor: Real
01-24 08:23:32.850   942   942 I CamX    : [CORE_CFG][CORE   ] camxnode.cpp:647 InitializeSinkPortBufferProperties() Topology: Node::RealTimeFeatureZSLPreviewRaw_IPE2 has a sink port id 8 using format 3 dim 800x600, stream 0xb400007b75cee4f0
01-24 08:23:32.850   942   942 I CamX    : [CORE_CFG][CORE   ] camxpipeline.cpp:2056 CreateNodes() Topology::RealTimeFeatureZSLPreviewRaw_0 Node::RealTimeFeatureZSLPreviewRaw_IPE2 Type 65538 numInputPorts 1 numOutputPorts 1 Sensor: Real
