01-24 08:23:32.830   942   942 I CHIUSECASE: [CORE_CFG ] chifeature2base.cpp:4758 ClassifyStream() Name = AnchorSync: Res: 4000 X 3000 Format = 0x25 Usage = 0x20022 Type = 0 STREAM = 0xb400007b75ce1d00 (intent = 2 bpp = 10) PhyCamId = (null)
01-24 08:23:32.830   942   942 I CHIUSECASE: [CORE_CFG ] chifeature2base.cpp:4758 ClassifyStream() Name = AnchorSync: Res: 640 X 480 Format = 0x23 Usage = 0x0 Type = 0 STREAM = 0xb400007b75ce2240 (intent = 7 bpp = 0) PhyCamId = (null)
01-24 08:23:32.830   942   942 I CHIUSECASE: [CORE_CFG ] chifeature2featurepool.cpp:631 CreateFeatureInstances() AnchorSync(0xb400007c05cd2890) {featureId, instanceId, cameraId, flags}: {15, 0, 0, 0}
01-24 08:23:32.830   942   942 I CHIUSECASE: [CORE_CFG ] chxsensorselectmode.cpp:651 FindBestSensorMode() Selected Usecase: 8, SelectedMode W=4000, H=3000, FPS:30, NumBatchedFrames:1, modeIndex:1
01-24 08:23:32.830   942   942 I CHIUSECASE: [CORE_CFG ] chifeature2base.cpp:4758 ClassifyStream() Name = Demux: Res: 4000 X 3000 Format = 0x25 Usage = 0x20022 Type = 1 STREAM = 0xb400007b75ced7d0 (intent = 2 bpp = 0) PhyCamId = (null)
01-24 08:23:32.830   942   942 I CHIUSECASE: [CORE_CFG ] chifeature2base.cpp:4758 ClassifyStream() Name = Demux: Res: 4000 X 3000 Format = 0x25 Usage = 0x20022 Type = 0 STREAM = 0xb400007b75cf1510 (intent = 2 bpp = 0) PhyCamId = (null)
01-24 08:23:32.830   942   942 I CHIUSECASE: [CORE_CFG ] chifeature2featurepool.cpp:631 CreateFeatureInstances() Demux(0xb400007c05cd0630) {featureId, instanceId, cameraId, flags}: {25, 0, 0, 0}
01-24 08:23:32.830   942   942 I CHIUSECASE: [CORE_CFG ] chxsensorselectmode.cpp:651 FindBestSensorMode() Selected Usecase: 8, SelectedMode W=4000, H=3000, FPS:30, NumBatchedFrames:1, modeIndex:1
01-24 08:23:32.830   942   942 I CHIUSECASE: [CORE_CFG ] chifeature2base.cpp:4758 ClassifyStream() Name = Bayer2Yuv: Res: 4000 X 3000 Format = 0x25 Usage = 0x20022 Type = 1 STREAM = 0xb400007b75cf8510 (intent = 7 bpp = 10) PhyCamId = (null)
01-24 08:23:32.830   942   942 I CHIUSECASE: [CORE_CFG ] chifeature2base.cpp:4758 ClassifyStream() Name = Bayer2Yuv: Res: 4000 X 3000 Format = 0x7fa30c09 Usage = 0x0 Type = 0 STREAM = 0xb400007b75ceae40 (intent = 2 bpp = 0) PhyCamId = (null)
01-24 08:23:32.830   942   942 I CHIUSECASE: [CORE_CFG ] chifeature2base.cpp:4758 ClassifyStream() Name = Bayer2Yuv: Res: 4000 X 3000 Format = 0x7fa30c09 Usage = 0x20022 Type = 0 STREAM = 0xb400007b75cf4920 (intent = 2 bpp = 0) PhyCamId = (null)
01-24 08:23:32.830   942   942 I CHIUSECASE: [CORE_CFG ] chifeature2base.cpp:4758 ClassifyStream() Name = Bayer2Yuv: Res: 4000 X 3000 Format = 0x7fa30c09 Usage = 0x20022 Type = 0 STREAM = 0xb400007b75cf53a0 (intent = 2 bpp = 0) PhyCamId = (null)
01-24 08:23:32.830   942   942 I CHIUSECASE: [CORE_CFG ] chifeature2featurepool.cpp:631 CreateFeatureInstances() Bayer2Yuv(0xb400007c05ca0bb0) {featureId, instanceId, cameraId, flags}: {1, 4, 0, 128}
01-24 08:23:32.830   942   942 I CHIUSECASE: [CORE_CFG ] chxsensorselectmode.cpp:651 FindBestSensorMode() Selected Usecase: 8, SelectedMode W=4000, H=3000, FPS:30, NumBatchedFrames:1, modeIndex:1
01-24 08:23:32.830   942   942 I CHIUSECASE: [CORE_CFG ] chifeature2base.cpp:4758 ClassifyStream() Name = MFSR: Res: 4000 X 3000 Format = 0x25 Usage = 0x20022 Type = 1 STREAM = 0xb400007b75ce1980 (intent = 8 bpp = 10) PhyCamId = (null)
01-24 08:23:32.831   942   942 I CHIUSECASE: [CORE_CFG ] chifeature2base.cpp:4758 ClassifyStream() Name = MFSR: Res: 4000 X 3000 Format = 0x7fa30c09 Usage = 0x0 Type = 0 STREAM = 0xb400007b75cf7780 (intent = 2 bpp = 0) PhyCamId = (null)
01-24 08:23:32.831   942   942 I CHIUSECASE: [CORE_CFG ] chifeature2featurepool.cpp:631 CreateFeatureInstances() MFSR(0xb400007c05c881f0) {featureId, instanceId, cameraId, flags}: {11, 4, 0, 128}
01-24 08:23:32.831   942   942 I CHIUSECASE: [CORE_CFG ] chxsensorselectmode.cpp:651 FindBestSensorMode() Selected Usecase: 8, SelectedMode W=4000, H=3000, FPS:30, NumBatchedFrames:1, modeIndex:1
01-24 08:23:32.831   942   942 I CHIUSECASE: [CORE_CFG ] chifeature2base.cpp:4758 ClassifyStream() Name = RawHDR: Res: 4000 X 3000 Format = 0x25 Usage = 0x20022 Type = 1 STREAM = 0xb400007b75ce1440 (intent = 5 bpp = 0) PhyCamId = (null)
01-24 08:23:32.831   942   942 I CHIUSECASE: [CORE_CFG ] chifeature2base.cpp:4758 ClassifyStream() Name = RawHDR: Res: 4000 X 3000 Format = 0x25 Usage = 0x0 Type = 0 STREAM = 0xb400007b75cea740 (intent = 2 bpp = 0) PhyCamId = (null)
01-24 08:23:32.831   942   942 I CHIUSECASE: [CORE_CFG ] chifeature2featurepool.cpp:631 CreateFeatureInstances() RawHDR(0xb400007c05cb3490) {featureId, instanceId, cameraId, flags}: {10, 0, 0, 0}
01-24 08:23:32.831   942   942 I CHIUSECASE: [CORE_CFG ] chxsensorselectmode.cpp:651 FindBestSensorMode() Selected Usecase: 8, SelectedMode W=4000, H=3000, FPS:30, NumBatchedFrames:1, modeIndex:1
01-24 08:23:32.831   942   942 I CHIUSECASE: [CORE_CFG ] chifeature2base.cpp:4758 ClassifyStream() Name = Serializer: Res: 4000 X 3000 Format = 0x7fa30c09 Usage = 0x0 Type = 1 STREAM = 0xb400007b75cf5330 (intent = 2 bpp = 0) PhyCamId = (null)
01-24 08:23:32.831   942   942 I CHIUSECASE: [CORE_CFG ] chifeature2base.cpp:4758 ClassifyStream() Name = Serializer: Res: 4000 X 3000 Format = 0x23 Usage = 0x20022 Type = 0 STREAM = 0xb400007b75cdfa70 (intent = 2 bpp = 0) PhyCamId = (null)
01-24 08:23:32.831   942   942 I CHIUSECASE: [CORE_CFG ] chifeature2featurepool.cpp:631 CreateFeatureInstances() Serializer(0xb400007c05cfd1d0) {featureId, instanceId, cameraId, flags}: {26, 0, 0, 0}
01-24 08:23:32.831   942   942 I CHIUSECASE: [CORE_CFG ] chxsensorselectmode.cpp:651 FindBestSensorMode() Selected Usecase: 8, SelectedMode W=4000, H=3000, FPS:30, NumBatchedFrames:1, modeIndex:1
01-24 08:23:32.831   942   942 I CHIUSECASE: [CORE_CFG ] chifeature2base.cpp:4758 ClassifyStream() Name = Bayer2Yuv: Res: 4000 X 3000 Format = 0x25 Usage = 0x20022 Type = 1 STREAM = 0xb400007b75cf7010 (intent = 7 bpp = 10) PhyCamId = (null)
01-24 08:23:32.831   942   942 I CHIUSECASE: [CORE_CFG ] chifeature2base.cpp:4758 ClassifyStream() Name = Bayer2Yuv: Res: 4000 X 3000 Format = 0x23 Usage = 0x0 Type = 0 STREAM = 0xb400007b75cef3d0 (intent = 2 bpp = 0) PhyCamId = (null)
01-24 08:23:32.831   942   942 I CHIUSECASE: [CORE_CFG ] chifeature2base.cpp:4758 ClassifyStream() Name = Bayer2Yuv: Res: 4000 X 3000 Format = 0x23 Usage = 0x20022 Type = 0 STREAM = 0xb400007b75ce34a0 (intent = 2 bpp = 0) PhyCamId = (null)
01-24 08:23:32.831   942   942 I CHIUSECASE: [CORE_CFG ] chifeature2base.cpp:4758 ClassifyStream() Name = Bayer2Yuv: Res: 4000 X 3000 Format = 0x23 Usage = 0x20022 Type = 0 STREAM = 0xb400007b75ce2390 (intent = 2 bpp = 0) PhyCamId = (null)
01-24 08:23:32.831   942   942 I CHIUSECASE: [CORE_CFG ] chifeature2featurepool.cpp:631 CreateFeatureInstances() Bayer2Yuv(0xb400007c05cd47d0) {featureId, instanceId, cameraId, flags}: {1, 0, 0, 0}
01-24 08:23:32.831   942   942 I CHIUSECASE: [CORE_CFG ] chxsensorselectmode.cpp:651 FindBestSensorMode() Selected Usecase: 8, SelectedMode W=4000, H=3000, FPS:30, NumBatchedFrames:1, modeIndex:1
01-24 08:23:32.831   942   942 I CHIUSECASE: [CORE_CFG ] chifeature2base.cpp:4758 ClassifyStream() Name = HDR: Res: 4000 X 3000 Format = 0x23 Usage = 0x20022 Type = 0 STREAM = 0xb400007b75ce8130 (intent = 2 bpp = 0) PhyCamId = (null)
01-24 08:23:32.831   942   942 I CHIUSECASE: [CORE_CFG ] chifeature2base.cpp:4758 ClassifyStream() Name = HDR: Res: 4000 X 3000 Format = 0x7fa30c09 Usage = 0x0 Type = 1 STREAM = 0xb400007b75cf2e00 (intent = 2 bpp = 0) PhyCamId = (null)
01-24 08:23:32.831   942   942 I CHIUSECASE: [CORE_CFG ] chifeature2featurepool.cpp:631 CreateFeatureInstances() HDR(0xb400007c05d92870) {featureId, instanceId, cameraId, flags}: {6, 4, 0, 256}
01-24 08:23:32.831   942   942 I CHIUSECASE: [CORE_CFG ] chxsensorselectmode.cpp:651 FindBestSensorMode() Selected Usecase: 8, SelectedMode W=4000, H=3000, FPS:30, NumBatchedFrames:1, modeIndex:1
01-24 08:23:32.831   942   942 I CHIUSECASE: [CORE_CFG ] chifeature2base.cpp:4758 ClassifyStream() Name = HDR: Res: 4000 X 3000 Format = 0x23 Usage = 0x20022 Type = 0 STREAM = 0xb400007b75cf3030 (intent = 2 bpp = 0) PhyCamId = (null)
01-24 08:23:32.831   942   942 I CHIUSECASE: [CORE_CFG ] chifeature2base.cpp:4758 ClassifyStream() Name = HDR: Res: 4000 X 3000 Format = 0x7fa30c09 Usage = 0x0 Type = 1 STREAM = 0xb400007b75cf3f10 (intent = 2 bpp = 0) PhyCamId = (null)
01-24 08:23:32.831   942   942 I CHIUSECASE: [CORE_CFG ] chifeature2featurepool.cpp:631 CreateFeatureInstances() HDR(0xb400007c05cbe9d0) {featureId, instanceId, cameraId, flags}: {6, 8, 0, 512}
01-24 08:23:32.831   942   942 I CHIUSECASE: [CORE_CFG ] chxsensorselectmode.cpp:651 FindBestSensorMode() Selected Usecase: 8, SelectedMode W=4000, H=3000, FPS:30, NumBatchedFrames:1, modeIndex:1
01-24 08:23:32.831   942   942 I CHIUSECASE: [CORE_CFG ] chifeature2base.cpp:4758 ClassifyStream() Name = MFSR: Res: 4000 X 3000 Format = 0x25 Usage = 0x20022 Type = 1 STREAM = 0xb400007b75cf7940 (intent = 8 bpp = 10) PhyCamId = (null)
01-24 08:23:32.831   942   942 I CHIUSECASE: [CORE_CFG ] chifeature2base.cpp:4758 ClassifyStream() Name = MFSR: Res: 4000 X 3000 Format = 0x23 Usage = 0x0 Type = 0 STREAM = 0xb400007b75ce04f0 (intent = 2 bpp = 0) PhyCamId = (null)
01-24 08:23:32.831   942   942 I CHIUSECASE: [CORE_CFG ] chifeature2featurepool.cpp:631 CreateFeatureInstances() MFSR(0xb400007c05cce0b0) {featureId, instanceId, cameraId, flags}: {11, 0, 0, 0}
01-24 08:23:32.831   942   942 I CHIUSECASE: [CORE_CFG ] chxsensorselectmode.cpp:651 FindBestSensorMode() Selected Usecase: 8, SelectedMode W=4000, H=3000, FPS:30, NumBatchedFrames:1, modeIndex:1
01-24 08:23:32.831   942   942 I CHIUSECASE: [CORE_CFG ] chifeature2base.cpp:4758 ClassifyStream() Name = FormatConvertor: Res: 4000 X 3000 Format = 0x25 Usage = 0x20022 Type = 1 STREAM = 0xb400007b75cdf920 (intent = 2 bpp = 0) PhyCamId = (null)
01-24 08:23:32.831   942   942 I CHIUSECASE: [CORE_CFG ] chifeature2base.cpp:4758 ClassifyStream() Name = FormatConvertor: Res: 4000 X 3000 Format = 0x20 Usage = 0x0 Type = 0 STREAM = 0xb400007b75cf0470 (intent = 2 bpp = 0) PhyCamId = (null)
01-24 08:23:32.831   942   942 I CHIUSECASE: [CORE_CFG ] chifeature2featurepool.cpp:631 CreateFeatureInstances() FormatConvertor(0xb400007c05cf7d70) {featureId, instanceId, cameraId, flags}: {27, 0, 0, 0}
01-24 08:23:32.832   942   942 I CHIUSECASE: [CORE_CFG ] chifeature2base.cpp:4758 ClassifyStream() Name = Yuv2Yuv: Res: 800 X 600 Format = 0x22 Usage = 0x900 Type = 0 STREAM = 0xb400007b95cd3828 (intent = 1 bpp = 0) PhyCamId = 
01-24 08:23:32.832   942   942 I CHIUSECASE: [CORE_CFG ] chifeature2base.cpp:4758 ClassifyStream() Name = Yuv2Yuv: Res: 800 X 600 Format = 0x23 Usage = 0x3 Type = 0 STREAM = 0xb400007b95d05d38 (intent = 7 bpp = 0) PhyCamId = 
01-24 08:23:32.832   942   942 I CHIUSECASE: [CORE_CFG ] chifeature2featurepool.cpp:631 CreateFeatureInstances() Yuv2Yuv(0xb400007c05ce5ad0) {featureId, instanceId, cameraId, flags}: {33, 0, 0, 0}
01-24 08:23:32.832   942   942 I CHIUSECASE: [CORE_CFG ] chifeature2base.cpp:4175 PrepareFeatureData() Feature2Mapping: FeatureName = FormatConvertor, numSessions = 1, numPipelines = 1 numPorts = 4
01-24 08:23:32.832   942   942 I CHIUSECASE: [CORE_CFG ] chifeature2base.cpp:4284 PrepareFeatureData() session: 0, name: FORMATCONVERTOR, pipeline: 0, name: ZSLSnapshotFormatConvertor
01-24 08:23:32.832   942   942 I CHIUSECASE: [CORE_CFG ] chifeature2utils.cpp:973 GetTargetStream() Feature2Mapping: Target Stream[1]: TARGET_BUFFER_IDEAL_RAW_OUT 0xb400007b75cf0470: Resolution: 4000 X 3000 Format = 0x20 usage 0x0
01-24 08:23:32.832   942   942 I CHIUSECASE: [CORE_CFG ] chifeature2base.cpp:8451 InitializeTargetStream() FormatConvertor: Target:TARGET_BUFFER_IDEAL_RAW_OUT, PortKey:Output:0:0:0:3 stream:target:0xb400007b75cf8b30:0xb400007b75cf0470Stream: 4000 X 3000:0x20:0:0x0:2
01-24 08:23:32.832   942   942 I CHIUSECASE: [CORE_CFG ] chifeature2utils.cpp:973 GetTargetStream() Feature2Mapping: Target Stream[0]: TARGET_BUFFER_RAW 0xb400007b75cdf920: Resolution: 4000 X 3000 Format = 0x25 usage 0x20022
01-24 08:23:32.832   942   942 I CHIUSECASE: [CORE_CFG ] chifeature2base.cpp:8451 InitializeTargetStream() FormatConvertor: Target:TARGET_BUFFER_RAW, PortKey:Input:0:0:0:1 stream:target:0xb400007b75ce6a70:0xb400007b75cdf920Stream: 4000 X 3000:0x25:1:0x20022:2
01-24 08:23:32.832   942   942 I CHIUSECASE: [CORE_CFG ] chifeature2base.cpp:4175 PrepareFeatureData() Feature2Mapping: FeatureName = MFSR, numSessions = 1, numPipelines = 3 numPorts = 29
01-24 08:23:32.832   942   942 I CHIUSECASE: [CORE_CFG ] chifeature2base.cpp:4284 PrepareFeatureData() session: 0, name: MFSR, pipeline: 0, name: MfsrPrefilter
01-24 08:23:32.832   942   942 I CHIUSECASE: [CORE_CFG ] chifeature2base.cpp:4284 PrepareFeatureData() session: 0, name: MFSR, pipeline: 1, name: MfsrBlend
01-24 08:23:32.832   942   942 I CHIUSECASE: [CORE_CFG ] chifeature2base.cpp:4284 PrepareFeatureData() session: 0, name: MFSR, pipeline: 2, name: MfsrPostFilter
01-24 08:23:32.832   942   942 I CHIUSECASE: [CORE_CFG ] chifeature2utils.cpp:973 GetTargetStream() Feature2Mapping: Target Stream[0]: TARGET_BUFFER_FULLREF_UBWCTP10_OUT 0xb400007b75cf7940: Resolution: 4000 X 3000 Format = 0x25 usage 0x20022
01-24 08:23:32.832   942 26276 W CHIUSECASE: [WARN   ] chifeature2generic.cpp:1424 OnPreparePipelineCreate() pPipelineData 0xb400007b95d05c60 or pipeline is NULL
01-24 08:23:32.832   942   942 I CHIUSECASE: [CORE_CFG ] chifeature2base.cpp:8451 InitializeTargetStream() MFSR: Target:TARGET_BUFFER_FULLREF_UBWCTP10_OUT, PortKey:Prefilter_UBWC_OUT:0:0:0:2 stream:target:0xb400007b75ce8600:0xb400007b75cf7940Stream: 4000 X 3000:0x7fa30c09:0:0x20022:8
01-24 08:23:32.832   942   942 I CHIUSECASE: [CORE_CFG ] chifeature2utils.cpp:973 GetTargetStream() Feature2Mapping: Target Stream[0]: TARGET_BUFFER_DS4REF_PD10_OUT 0xb400007b75cf7940: Resolution: 4000 X 3000 Format = 0x25 usage 0x20022
01-24 08:23:32.832   942 26276 I CHIUSECASE: [CORE_CFG ] chxpipeline.cpp:343 CreateDescriptor() Pipeline[ZSLSnapshotFormatConvertor] pipeline pointer 0xb400007ca5d2c720 numInputs=1, numOutputs=1 stream w x h: 4000 x 3000 numBatchedFrames: 1, HALOutputBufferCombined: 0 maxFPSValue: 30
01-24 08:23:32.832   942   942 I CHIUSECASE: [CORE_CFG ] chifeature2base.cpp:8451 InitializeTargetStream() MFSR: Target:TARGET_BUFFER_DS4REF_PD10_OUT, PortKey:Prefilter_PD10DS4_OUT:0:0:1:2 stream:target:0xb400007b75ce1fa0:0xb400007b75cf7940Stream: 1000 X 750:0x7fa30c08:0:0x20022:8
01-24 08:23:32.832   942   942 I CHIUSECASE: [CORE_CFG ] chifeature2utils.cpp:973 GetTargetStream() Feature2Mapping: Target Stream[0]: TARGET_BUFFER_DS16REF_PD10_OUT 0xb400007b75cf7940: Resolution: 4000 X 3000 Format = 0x25 usage 0x20022
01-24 08:23:32.832   942 26276 W CHIUSECASE: [WARN   ] chxextensionmodule.cpp:6980 GetFacialContourVersion() Could not get contour_version vendor tag in metadata. result: 1
01-24 08:23:32.832   942   942 I CHIUSECASE: [CORE_CFG ] chifeature2base.cpp:8451 InitializeTargetStream() MFSR: Target:TARGET_BUFFER_DS16REF_PD10_OUT, PortKey:Prefilter_PD10DS16_OUT:0:0:2:2 stream:target:0xb400007b75ce7db0:0xb400007b75cf7940Stream: 250 X 188:0x7fa30c08:0:0x20022:8
01-24 08:23:32.832   942   942 I CHIUSECASE: [CORE_CFG ] chifeature2utils.cpp:973 GetTargetStream() Feature2Mapping: Target Stream[0]: TARGET_BUFFER_DS64REF_PD10_OUT 0xb400007b75cf7940: Resolution: 4000 X 3000 Format = 0x25 usage 0x20022
01-24 08:23:32.832   942   942 I CHIUSECASE: [CORE_CFG ] chifeature2base.cpp:8451 InitializeTargetStream() MFSR: Target:TARGET_BUFFER_DS64REF_PD10_OUT, PortKey:Prefilter_PD10DS64_OUT:0:0:3:2 stream:target:0xb400007b75ce3040:0xb400007b75cf7940Stream: 64 X 48:0x7fa30c08:0:0x20022:8
01-24 08:23:32.832   942   942 I CHIUSECASE: [CORE_CFG ] chifeature2utils.cpp:973 GetTargetStream() Feature2Mapping: Target Stream[0]: TARGET_BUFFER_CVP_DMECONTEXT_OUT 0xb400007b75cf7940: Resolution: 4000 X 3000 Format = 0x25 usage 0x20022
01-24 08:23:32.832   942   942 I CHIUSECASE: [CORE_CFG ] chifeature2base.cpp:8451 InitializeTargetStream() MFSR: Target:TARGET_BUFFER_CVP_DMECONTEXT_OUT, PortKey:Prefilter_DMECONTEXT_OUT:0:0:6:2 stream:target:0xb400007b75cf2150:0xb400007b75cf7940Stream: 40000 X 1:0x21:0:0x20022:8
01-24 08:23:32.832   942   942 I CHIUSECASE: [CORE_CFG ] chifeature2utils.cpp:973 GetTargetStream() Feature2Mapping: Target Stream[0]: TARGET_BUFFER_REG_UBWCNV124R_OUT 0xb400007b75cf7940: Resolution: 4000 X 3000 Format = 0x25 usage 0x20022
01-24 08:23:32.832   942   942 I CHIUSECASE: [CORE_CFG ] chifeature2base.cpp:8451 InitializeTargetStream() MFSR: Target:TARGET_BUFFER_REG_UBWCNV124R_OUT, PortKey:Prefilter_UBWCNV12-4R_OUT:0:0:4:2 stream:target:0xb400007b75ce1ec0:0xb400007b75cf7940Stream: 1920 X 1440:0x28:0:0x20022:8
01-24 08:23:32.832   942   942 I CHIUSECASE: [CORE_CFG ] chifeature2utils.cpp:973 GetTargetStream() Feature2Mapping: Target Stream[0]: TARGET_BUFFER_RAW 0xb400007b75cf7940: Resolution: 4000 X 3000 Format = 0x25 usage 0x20022
01-24 08:23:32.832   942   942 I CHIUSECASE: [CORE_CFG ] chifeature2base.cpp:8451 InitializeTargetStream() MFSR: Target:TARGET_BUFFER_RAW, PortKey:Prefilter_RDI_In:0:0:0:1 stream:target:0xb400007b75cf5e90:0xb400007b75cf7940Stream: 4000 X 3000:0x25:1:0x20022:8
01-24 08:23:32.832   942   942 I CHIUSECASE: [CORE_CFG ] chifeature2utils.cpp:973 GetTargetStream() Feature2Mapping: Target Stream[0]: TARGET_BUFFER_FULLREF_UBWCTP10_OUT 0xb400007b75cf7940: Resolution: 4000 X 3000 Format = 0x25 usage 0x20022
01-24 08:23:32.832   942   942 I CHIUSECASE: [CORE_CFG ] chifeature2base.cpp:8451 InitializeTargetStream() MFSR: Target:TARGET_BUFFER_FULLREF_UBWCTP10_OUT, PortKey:Blend_UBWC_OUT:0:1:0:2 stream:target:0xb400007b75ce5dc0:0xb400007b75cf7940Stream: 4000 X 3000:0x7fa30c09:0:0x20022:8
01-24 08:23:32.832   942   942 I CHIUSECASE: [CORE_CFG ] chifeature2utils.cpp:973 GetTargetStream() Feature2Mapping: Target Stream[0]: TARGET_BUFFER_DS4REF_PD10_OUT 0xb400007b75cf7940: Resolution: 4000 X 3000 Format = 0x25 usage 0x20022
01-24 08:23:32.832   942   942 I CHIUSECASE: [CORE_CFG ] chifeature2base.cpp:8451 InitializeTargetStream() MFSR: Target:TARGET_BUFFER_DS4REF_PD10_OUT, PortKey:Blend_PD10DS4_OUT:0:1:1:2 stream:target:0xb400007b75ce18a0:0xb400007b75cf7940Stream: 1000 X 750:0x7fa30c08:0:0x20022:8
01-24 08:23:32.832   942   942 I CHIUSECASE: [CORE_CFG ] chifeature2utils.cpp:973 GetTargetStream() Feature2Mapping: Target Stream[0]: TARGET_BUFFER_CVP_DMECONTEXT_OUT 0xb400007b75cf7940: Resolution: 4000 X 3000 Format = 0x25 usage 0x20022
01-24 08:23:32.832   942   942 I CHIUSECASE: [CORE_CFG ] chifeature2base.cpp:8451 InitializeTargetStream() MFSR: Target:TARGET_BUFFER_CVP_DMECONTEXT_OUT, PortKey:Blend_DMECONTEXT_OUT:0:1:4:2 stream:target:0xb400007b75ce0f70:0xb400007b75cf7940Stream: 40000 X 1:0x21:0:0x20022:8
01-24 08:23:32.832   942   942 I CHIUSECASE: [CORE_CFG ] chifeature2utils.cpp:973 GetTargetStream() Feature2Mapping: Target Stream[0]: TARGET_BUFFER_REG_UBWCNV124R_OUT 0xb400007b75cf7940: Resolution: 4000 X 3000 Format = 0x25 usage 0x20022
01-24 08:23:32.832   942   942 I CHIUSECASE: [CORE_CFG ] chifeature2base.cpp:8451 InitializeTargetStream() MFSR: Target:TARGET_BUFFER_REG_UBWCNV124R_OUT, PortKey:Blend_UBWCNV12-4R_OUT:0:1:3:2 stream:target:0xb400007b75cf4bc0:0xb400007b75cf7940Stream: 1920 X 1440:0x28:0:0x20022:8
01-24 08:23:32.832   942   942 I CHIUSECASE: [CORE_CFG ] chifeature2utils.cpp:973 GetTargetStream() Feature2Mapping: Target Stream[0]: TARGET_BUFFER_REG_UBWCNV124R_IN 0xb400007b75cf7940: Resolution: 4000 X 3000 Format = 0x25 usage 0x20022
01-24 08:23:32.832   942   942 I CHIUSECASE: [CORE_CFG ] chifeature2base.cpp:8451 InitializeTargetStream() MFSR: Target:TARGET_BUFFER_REG_UBWCNV124R_IN, PortKey:Blend_UBWCNV12-4R_IN:0:1:5:0 stream:target:0xb400007b75cea890:0xb400007b75cf7940Stream: 1920 X 1440:0x28:1:0x20022:8
01-24 08:23:32.832   942   942 I CHIUSECASE: [CORE_CFG ] chifeature2utils.cpp:973 GetTargetStream() Feature2Mapping: Target Stream[0]: TARGET_BUFFER_CVP_DMECONTEXT_IN 0xb400007b75cf7940: Resolution: 4000 X 3000 Format = 0x25 usage 0x20022
01-24 08:23:32.832   942   942 I CHIUSECASE: [CORE_CFG ] chifeature2base.cpp:8451 InitializeTargetStream() MFSR: Target:TARGET_BUFFER_CVP_DMECONTEXT_IN, PortKey:Blend_DMECONTEXT_IN:0:1:8:0 stream:target:0xb400007b75cef670:0xb400007b75cf7940Stream: 40000 X 1:0x21:1:0x20022:8
01-24 08:23:32.832   942   942 I CHIUSECASE: [CORE_CFG ] chifeature2utils.cpp:973 GetTargetStream() Feature2Mapping: Target Stream[0]: TARGET_BUFFER_RAW 0xb400007b75cf7940: Resolution: 4000 X 3000 Format = 0x25 usage 0x20022
01-24 08:23:32.832   942   942 I CHIUSECASE: [CORE_CFG ] chifeature2base.cpp:8451 InitializeTargetStream() MFSR: Target:TARGET_BUFFER_RAW, PortKey:Blend_RDI_In:0:1:0:1 stream:target:0xb400007b75cf6590:0xb400007b75cf7940Stream: 4000 X 3000:0x25:1:0x20022:8
01-24 08:23:32.832   942   942 I CHIUSECASE: [CORE_CFG ] chifeature2utils.cpp:973 GetTargetStream() Feature2Mapping: Target Stream[0]: TARGET_BUFFER_FULLREF_UBWCTP10_IN 0xb400007b75cf7940: Resolution: 4000 X 3000 Format = 0x25 usage 0x20022
01-24 08:23:32.832   942   942 I CHIUSECASE: [CORE_CFG ] chifeature2base.cpp:8451 InitializeTargetStream() MFSR: Target:TARGET_BUFFER_FULLREF_UBWCTP10_IN, PortKey:Blend_UBWC_IN:0:1:1:0 stream:target:0xb400007b75cf31f0:0xb400007b75cf7940Stream: 4000 X 3000:0x7fa30c09:1:0x20022:8
01-24 08:23:32.832   942   942 I CHIUSECASE: [CORE_CFG ] chifeature2utils.cpp:973 GetTargetStream() Feature2Mapping: Target Stream[0]: TARGET_BUFFER_DS4REF_PD10_IN 0xb400007b75cf7940: Resolution: 4000 X 3000 Format = 0x25 usage 0x20022
01-24 08:23:32.832   942   942 I CHIUSECASE: [CORE_CFG ] chifeature2base.cpp:8451 InitializeTargetStream() MFSR: Target:TARGET_BUFFER_DS4REF_PD10_IN, PortKey:Blend_PD10DS4_In:0:1:2:0 stream:target:0xb400007b75cf1430:0xb400007b75cf7940Stream: 1000 X 750:0x7fa30c08:1:0x20022:8
01-24 08:23:32.832   942   942 I CHIUSECASE: [CORE_CFG ] chifeature2utils.cpp:973 GetTargetStream() Feature2Mapping: Target Stream[0]: TARGET_BUFFER_DS16REF_PD10_IN 0xb400007b75cf7940: Resolution: 4000 X 3000 Format = 0x25 usage 0x20022
01-24 08:23:32.832   942   942 I CHIUSECASE: [CORE_CFG ] chifeature2base.cpp:8451 InitializeTargetStream() MFSR: Target:TARGET_BUFFER_DS16REF_PD10_IN, PortKey:Blend_PD10DS16_In:0:1:3:0 stream:target:0xb400007b75cf3ff0:0xb400007b75cf7940Stream: 250 X 188:0x7fa30c08:1:0x20022:8
01-24 08:23:32.832   942   942 I CHIUSECASE: [CORE_CFG ] chifeature2utils.cpp:973 GetTargetStream() Feature2Mapping: Target Stream[0]: TARGET_BUFFER_DS64REF_PD10_IN 0xb400007b75cf7940: Resolution: 4000 X 3000 Format = 0x25 usage 0x20022
01-24 08:23:32.832   942   942 I CHIUSECASE: [CORE_CFG ] chifeature2base.cpp:8451 InitializeTargetStream() MFSR: Target:TARGET_BUFFER_DS64REF_PD10_IN, PortKey:Blend_PD10DS64_In:0:1:4:0 stream:target:0xb400007b75ce6bc0:0xb400007b75cf7940Stream: 64 X 48:0x7fa30c08:1:0x20022:8
01-24 08:23:32.832   942   942 I CHIUSECASE: [CORE_CFG ] chifeature2utils.cpp:973 GetTargetStream() Feature2Mapping: Target Stream[1]: TARGET_BUFFER_YUV 0xb400007b75ce04f0: Resolution: 4000 X 3000 Format = 0x23 usage 0x0
01-24 08:23:32.832   942   942 I CHIUSECASE: [CORE_CFG ] chifeature2base.cpp:8451 InitializeTargetStream() MFSR: Target:TARGET_BUFFER_YUV, PortKey:MFSR_Postfilter_YUV_OUT:0:2:0:3 stream:target:0xb400007b75cf30a0:0xb400007b75ce04f0Stream: 4000 X 3000:0x23:0:0x0:2
01-24 08:23:32.832   942   942 I CHIUSECASE: [CORE_CFG ] chifeature2utils.cpp:973 GetTargetStream() Feature2Mapping: Target Stream[0]: TARGET_BUFFER_FULLREF_UBWCTP10_IN 0xb400007b75cf7940: Resolution: 4000 X 3000 Format = 0x25 usage 0x20022
01-24 08:23:32.832   942   942 I CHIUSECASE: [CORE_CFG ] chifeature2base.cpp:8451 InitializeTargetStream() MFSR: Target:TARGET_BUFFER_FULLREF_UBWCTP10_IN, PortKey:Postfilter_UBWC_In:0:2:0:0 stream:target:0xb400007b75cf5480:0xb400007b75cf7940Stream: 4000 X 3000:0x7fa30c09:1:0x20022:8
01-24 08:23:32.832   942   942 I CHIUSECASE: [CORE_CFG ] chifeature2utils.cpp:973 GetTargetStream() Feature2Mapping: Target Stream[0]: TARGET_BUFFER_DS4REF_PD10_IN 0xb400007b75cf7940: Resolution: 4000 X 3000 Format = 0x25 usage 0x20022
01-24 08:23:32.832   942   942 I CHIUSECASE: [CORE_CFG ] chifeature2base.cpp:8451 InitializeTargetStream() MFSR: Target:TARGET_BUFFER_DS4REF_PD10_IN, PortKey:Postfilter_PD10DS4_In:0:2:1:0 stream:target:0xb400007b75ce7e90:0xb400007b75cf7940Stream: 1000 X 750:0x7fa30c08:1:0x20022:8
01-24 08:23:32.832   942   942 I CHIUSECASE: [CORE_CFG ] chxpipeline.cpp:343 CreateDescriptor() Pipeline[MfsrPostFilter] pipeline pointer 0xb400007ca5d12d10 numInputs=2, numOutputs=1 stream w x h: 4000 x 3000 numBatchedFrames: 1, HALOutputBufferCombined: 0 maxFPSValue: 30
01-24 08:23:32.832   942   942 W CHIUSECASE: [WARN   ] chxextensionmodule.cpp:6980 GetFacialContourVersion() Could not get contour_version vendor tag in metadata. result: 1
01-24 08:23:32.833   942 26276 I CamX    : [CORE_CFG][CORE   ] camxpipeline.cpp:1970 CreateNodes() Topology: Creating Pipeline ZSLSnapshotFormatConvertor_0, numNodes 1 isSensorInput 0 isRealTime 0
01-24 08:23:32.833   942 26276 I CamX    : [CORE_CFG][CORE   ] camxnode.cpp:647 InitializeSinkPortBufferProperties() Topology: Node::ZSLSnapshotFormatConvertor_BPS0 has a sink port id 2 using format 10 dim 4000x3000, stream 0xb400007b75cf8b30
01-24 08:23:32.833   942 26276 I CamX    : [CORE_CFG][CORE   ] camxpipeline.cpp:2056 CreateNodes() Topology::ZSLSnapshotFormatConvertor_0 Node::ZSLSnapshotFormatConvertor_BPS0 Type 65539 numInputPorts 1 numOutputPorts 1 Sensor: Real
01-24 08:23:32.833   942   942 I CamX    : [CORE_CFG][CORE   ] camxpipeline.cpp:1970 CreateNodes() Topology: Creating Pipeline MfsrPostFilter_0, numNodes 1 isSensorInput 0 isRealTime 0
01-24 08:23:32.833   942   942 I CamX    : [CORE_CFG][CORE   ] camxnode.cpp:647 InitializeSinkPortBufferProperties() Topology: Node::MfsrPostFilter_IPE3 has a sink port id 9 using format 3 dim 4000x3000, stream 0xb400007b75cf30a0
01-24 08:23:32.833   942 26276 I CHIUSECASE: [CORE_CFG ] chxsensorselectmode.cpp:651 FindBestSensorMode() Selected Usecase: 8, SelectedMode W=4000, H=3000, FPS:30, NumBatchedFrames:1, modeIndex:1
01-24 08:23:32.834   942   942 I CamX    : [CORE_CFG][CORE   ] camxpipeline.cpp:2056 CreateNodes() Topology::MfsrPostFilter_0 Node::MfsrPostFilter_IPE3 Type 65538 numInputPorts 2 numOutputPorts 1 Sensor: Real
01-24 08:23:32.834   942   942 I CHIUSECASE: [CORE_CFG ] chxsensorselectmode.cpp:651 FindBestSensorMode() Selected Usecase: 8, SelectedMode W=4000, H=3000, FPS:30, NumBatchedFrames:1, modeIndex:1
01-24 08:23:32.834   942   942 I CHIUSECASE: [CORE_CFG ] chifeature2base.cpp:2768 ConfigurePipelineData() MFSR:Postfilter_UBWC_In: (4000X3000 : 4000X3000 : 16383X16383) Format:0x7fa30c09
01-24 08:23:32.834   942   942 I CHIUSECASE: [CORE_CFG ] chifeature2base.cpp:2768 ConfigurePipelineData() MFSR:Postfilter_PD10DS4_In: (4000X3000 : 4000X3000 : 16383X16383) Format:0x7fa30c08
01-24 08:23:32.834   942   942 I CHIUSECASE: [CORE_CFG ] chifeature2base.cpp:2726 OnConfigureOutputPorts() MFSR:Blend_UBWC_OUT: (4000X3000 : 4000X3000 : 16383X16383) Format:0x7fa30c09
01-24 08:23:32.834   942   942 I CHIUSECASE: [CORE_CFG ] chifeature2base.cpp:2726 OnConfigureOutputPorts() MFSR:Blend_PD10DS4_OUT: (4000X3000 : 4000X3000 : 16383X16383) Format:0x7fa30c08
01-24 08:23:32.834   942   942 I CHIUSECASE: [CORE_CFG ] chxpipeline.cpp:343 CreateDescriptor() Pipeline[MfsrBlend] pipeline pointer 0xb400007ca5d48ec0 numInputs=7, numOutputs=4 stream w x h: 4000 x 3000 numBatchedFrames: 1, HALOutputBufferCombined: 0 maxFPSValue: 30
01-24 08:23:32.834   942   942 W CHIUSECASE: [WARN   ] chxextensionmodule.cpp:6980 GetFacialContourVersion() Could not get contour_version vendor tag in metadata. result: 1
01-24 08:23:32.835   942   942 I CamX    : [CORE_CFG][CORE   ] camxpipeline.cpp:1970 CreateNodes() Topology: Creating Pipeline MfsrBlend_0, numNodes 3 isSensorInput 0 isRealTime 0
01-24 08:23:32.835   942   942 I CamX    : [CORE_CFG][CORE   ] camxnode.cpp:647 InitializeSinkPortBufferProperties() Topology: Node::MfsrBlend_IPE1 has a sink port id 10 using format 12 dim 4000x3000, stream 0xb400007b75ce5dc0
01-24 08:23:32.835   942   942 I CamX    : [CORE_CFG][CORE   ] camxnode.cpp:647 InitializeSinkPortBufferProperties() Topology: Node::MfsrBlend_IPE1 has a sink port id 11 using format 18 dim 1000x750, stream 0xb400007b75ce18a0
01-24 08:23:32.835   942   942 I CamX    : [CORE_CFG][CORE   ] camxpipeline.cpp:2056 CreateNodes() Topology::MfsrBlend_0 Node::MfsrBlend_IPE1 Type 65538 numInputPorts 8 numOutputPorts 2 Sensor: Real
01-24 08:23:32.835   942   942 I CamX    : [CORE_CFG][CORE   ] camxpipeline.cpp:2056 CreateNodes() Topology::MfsrBlend_0 Node::MfsrBlend_BPS1 Type 65539 numInputPorts 1 numOutputPorts 5 Sensor: Real
01-24 08:23:32.835   942   942 V SYNX-UMD: Synx Init!
01-24 08:23:32.836   942   942 V SYNX-UMD: Creating hPollThread = 527278472384
01-24 08:23:32.836   942   942 V SYNX-UMD: Completed Synx Init
01-24 08:23:32.836   942   942 I CamX    : [CORE_CFG][CORE   ] camxnode.cpp:647 InitializeSinkPortBufferProperties() Topology: Node::MfsrBlend_CVP1 has a sink port id 1 using format 6 dim 40000x1, stream 0xb400007b75ce0f70
01-24 08:23:32.836   942   942 I CamX    : [CORE_CFG][CORE   ] camxnode.cpp:647 InitializeSinkPortBufferProperties() Topology: Node::MfsrBlend_CVP1 has a sink port id 2 using format 14 dim 1920x1440, stream 0xb400007b75cf4bc0
01-24 08:23:32.836   942   942 I CamX    : [CORE_CFG][CORE   ] camxpipeline.cpp:2056 CreateNodes() Topology::MfsrBlend_0 Node::MfsrBlend_CVP1 Type 65543 numInputPorts 4 numOutputPorts 2 Sensor: Real
01-24 08:23:32.832     0     0 I synx    : [sess: 11254273] session created umd-client-942
01-24 08:23:32.832     0     0 I [drm:dsi_display_set_mode [msm_drm]] [msm-dsi-info]: mdp_transfer_time=15652, hactive=1080, vactive=2340, fps=60
01-24 08:23:32.836   942   942 I CamX    : [CORE_CFG][CORE   ] camxpipeline.cpp:2167 CreateNodes() Topology: Pipeline[MfsrBlend_0] Link: Node::MfsrBlend_BPS1(outPort 1) --> (inPort 0) Node::MfsrBlend_IPE1 using format 12
01-24 08:23:32.836   942 26279 V SYNX-UMD: Polling ...
01-24 08:23:32.836   942   942 I CamX    : [CORE_CFG][CORE   ] camxpipeline.cpp:2167 CreateNodes() Topology: Pipeline[MfsrBlend_0] Link: Node::MfsrBlend_BPS1(outPort 2) --> (inPort 1) Node::MfsrBlend_IPE1 using format 18
01-24 08:23:32.836   942   942 I CamX    : [CORE_CFG][CORE   ] camxpipeline.cpp:2167 CreateNodes() Topology: Pipeline[MfsrBlend_0] Link: Node::MfsrBlend_BPS1(outPort 3) --> (inPort 2) Node::MfsrBlend_IPE1 using format 18
01-24 08:23:32.836   942   942 I CamX    : [CORE_CFG][CORE   ] camxpipeline.cpp:2167 CreateNodes() Topology: Pipeline[MfsrBlend_0] Link: Node::MfsrBlend_BPS1(outPort 4) --> (inPort 3) Node::MfsrBlend_IPE1 using format 18
01-24 08:23:32.836   942   942 I CamX    : [CORE_CFG][CORE   ] camxpipeline.cpp:2167 CreateNodes() Topology: Pipeline[MfsrBlend_0] Link: Node::MfsrBlend_BPS1(outPort 1) --> (inPort 3) Node::MfsrBlend_CVP1 using format 12
01-24 08:23:32.836   942   942 I CamX    : [CORE_CFG][CORE   ] camxpipeline.cpp:2167 CreateNodes() Topology: Pipeline[MfsrBlend_0] Link: Node::MfsrBlend_BPS1(outPort 7) --> (inPort 5) Node::MfsrBlend_CVP1 using format 3
01-24 08:23:32.836   942   942 I CHIUSECASE: [CORE_CFG ] chxsensorselectmode.cpp:651 FindBestSensorMode() Selected Usecase: 8, SelectedMode W=4000, H=3000, FPS:30, NumBatchedFrames:1, modeIndex:1
01-24 08:23:32.836   942   942 I CHIUSECASE: [CORE_CFG ] chifeature2base.cpp:2768 ConfigurePipelineData() MFSR:Blend_RDI_In: (640X480 : 4000X3000 : 16383X16383) Format:0x25
01-24 08:23:32.836   942   942 I CHIUSECASE: [CORE_CFG ] chifeature2base.cpp:2768 ConfigurePipelineData() MFSR:Blend_UBWC_IN: (640X480 : 4000X3000 : 16383X16383) Format:0x7fa30c09
01-24 08:23:32.836   942   942 I CHIUSECASE: [CORE_CFG ] chifeature2base.cpp:2768 ConfigurePipelineData() MFSR:Blend_PD10DS4_In: (640X480 : 4000X3000 : 16383X16383) Format:0x7fa30c08
01-24 08:23:32.836   942   942 I CHIUSECASE: [CORE_CFG ] chifeature2base.cpp:2768 ConfigurePipelineData() MFSR:Blend_PD10DS16_In: (640X480 : 4000X3000 : 16383X16383) Format:0x7fa30c08
01-24 08:23:32.836   942   942 I CHIUSECASE: [CORE_CFG ] chifeature2base.cpp:2768 ConfigurePipelineData() MFSR:Blend_PD10DS64_In: (640X480 : 4000X3000 : 16383X16383) Format:0x7fa30c08
01-24 08:23:32.836   942   942 I CHIUSECASE: [CORE_CFG ] chifeature2base.cpp:2768 ConfigurePipelineData() MFSR:Blend_UBWCNV12-4R_IN: (1920X1440 : 1920X1440 : 1920X1440) Format:0x28
01-24 08:23:32.836   942   942 I CHIUSECASE: [CORE_CFG ] chifeature2base.cpp:2768 ConfigurePipelineData() MFSR:Blend_UBWC_IN: (640X480 : 4000X3000 : 16383X16383) Format:0x7fa30c09
01-24 08:23:32.836   942   942 I CHIUSECASE: [CORE_CFG ] chifeature2base.cpp:2768 ConfigurePipelineData() MFSR:Blend_DMECONTEXT_IN: (40000X1 : 40000X1 : 40000X1) Format:0x21
01-24 08:23:32.836   942   942 I CHIUSECASE: [CORE_CFG ] chifeature2base.cpp:2726 OnConfigureOutputPorts() MFSR:Prefilter_UBWC_OUT: (640X480 : 4000X3000 : 16383X16383) Format:0x7fa30c09
01-24 08:23:32.836   942   942 I CHIUSECASE: [CORE_CFG ] chifeature2base.cpp:2726 OnConfigureOutputPorts() MFSR:Prefilter_PD10DS4_OUT: (640X480 : 4000X3000 : 16383X16383) Format:0x7fa30c08
01-24 08:23:32.836   942   942 I CHIUSECASE: [CORE_CFG ] chifeature2base.cpp:2726 OnConfigureOutputPorts() MFSR:Prefilter_PD10DS16_OUT: (640X480 : 4000X3000 : 16383X16383) Format:0x7fa30c08
01-24 08:23:32.836   942   942 I CHIUSECASE: [CORE_CFG ] chifeature2base.cpp:2726 OnConfigureOutputPorts() MFSR:Prefilter_PD10DS64_OUT: (640X480 : 4000X3000 : 16383X16383) Format:0x7fa30c08
01-24 08:23:32.836   942   942 I CHIUSECASE: [CORE_CFG ] chifeature2base.cpp:2726 OnConfigureOutputPorts() MFSR:Prefilter_UBWCNV12-4R_OUT: (1920X1440 : 1920X1440 : 1920X1440) Format:0x28
01-24 08:23:32.836   942   942 I CHIUSECASE: [CORE_CFG ] chifeature2base.cpp:2726 OnConfigureOutputPorts() MFSR:Prefilter_DMECONTEXT_OUT: (40000X1 : 40000X1 : 40000X1) Format:0x21
01-24 08:23:32.836   942   942 I CHIUSECASE: [CORE_CFG ] chxpipeline.cpp:343 CreateDescriptor() Pipeline[MfsrPrefilter] pipeline pointer 0xb400007ca5d433a0 numInputs=1, numOutputs=6 stream w x h: 4000 x 3000 numBatchedFrames: 1, HALOutputBufferCombined: 0 maxFPSValue: 30
01-24 08:23:32.836   942   942 W CHIUSECASE: [WARN   ] chxextensionmodule.cpp:6980 GetFacialContourVersion() Could not get contour_version vendor tag in metadata. result: 1
01-24 08:23:32.837   942   942 I CamX    : [CORE_CFG][CORE   ] camxpipeline.cpp:1970 CreateNodes() Topology: Creating Pipeline MfsrPrefilter_0, numNodes 3 isSensorInput 0 isRealTime 0
01-24 08:23:32.837   942   942 I CamX    : [CORE_CFG][CORE   ] camxnode.cpp:647 InitializeSinkPortBufferProperties() Topology: Node::MfsrPrefilter_IPE0 has a sink port id 10 using format 12 dim 4000x3000, stream 0xb400007b75ce8600
01-24 08:23:32.837   942   942 I CamX    : [CORE_CFG][CORE   ] camxnode.cpp:647 InitializeSinkPortBufferProperties() Topology: Node::MfsrPrefilter_IPE0 has a sink port id 11 using format 18 dim 1000x750, stream 0xb400007b75ce1fa0
01-24 08:23:32.837   942   942 I CamX    : [CORE_CFG][CORE   ] camxnode.cpp:647 InitializeSinkPortBufferProperties() Topology: Node::MfsrPrefilter_IPE0 has a sink port id 12 using format 18 dim 250x188, stream 0xb400007b75ce7db0
01-24 08:23:32.837   942   942 I CamX    : [CORE_CFG][CORE   ] camxnode.cpp:647 InitializeSinkPortBufferProperties() Topology: Node::MfsrPrefilter_IPE0 has a sink port id 13 using format 18 dim 64x48, stream 0xb400007b75ce3040
01-24 08:23:32.837   942   942 I CamX    : [CORE_CFG][CORE   ] camxpipeline.cpp:2056 CreateNodes() Topology::MfsrPrefilter_0 Node::MfsrPrefilter_IPE0 Type 65538 numInputPorts 4 numOutputPorts 4 Sensor: Real
01-24 08:23:32.837   942   942 I CamX    : [CORE_CFG][CORE   ] camxpipeline.cpp:2056 CreateNodes() Topology::MfsrPrefilter_0 Node::MfsrPrefilter_BPS0 Type 65539 numInputPorts 1 numOutputPorts 5 Sensor: Real
01-24 08:23:32.837   942   942 V SYNX-UMD: Synx Init!
01-24 08:23:32.837   942   942 V SYNX-UMD: Initialized /dev/synx_device
01-24 08:23:32.837   942   942 I CamX    : [CORE_CFG][CORE   ] camxnode.cpp:647 InitializeSinkPortBufferProperties() Topology: Node::MfsrPrefilter_CVP0 has a sink port id 1 using format 6 dim 40000x1, stream 0xb400007b75cf2150
01-24 08:23:32.837   942   942 I CamX    : [CORE_CFG][CORE   ] camxnode.cpp:647 InitializeSinkPortBufferProperties() Topology: Node::MfsrPrefilter_CVP0 has a sink port id 2 using format 14 dim 1920x1440, stream 0xb400007b75ce1ec0
01-24 08:23:32.837   942   942 I CamX    : [CORE_CFG][CORE   ] camxpipeline.cpp:2056 CreateNodes() Topology::MfsrPrefilter_0 Node::MfsrPrefilter_CVP0 Type 65543 numInputPorts 2 numOutputPorts 2 Sensor: Real
01-24 08:23:32.837   942   942 I CamX    : [CORE_CFG][CORE   ] camxpipeline.cpp:2167 CreateNodes() Topology: Pipeline[MfsrPrefilter_0] Link: Node::MfsrPrefilter_BPS0(outPort 1) --> (inPort 0) Node::MfsrPrefilter_IPE0 using format 12
01-24 08:23:32.837   942   942 I CamX    : [CORE_CFG][CORE   ] camxpipeline.cpp:2167 CreateNodes() Topology: Pipeline[MfsrPrefilter_0] Link: Node::MfsrPrefilter_BPS0(outPort 2) --> (inPort 1) Node::MfsrPrefilter_IPE0 using format 18
01-24 08:23:32.837   942   942 I CamX    : [CORE_CFG][CORE   ] camxpipeline.cpp:2167 CreateNodes() Topology: Pipeline[MfsrPrefilter_0] Link: Node::MfsrPrefilter_BPS0(outPort 3) --> (inPort 2) Node::MfsrPrefilter_IPE0 using format 18
01-24 08:23:32.837   942   942 I CamX    : [CORE_CFG][CORE   ] camxpipeline.cpp:2167 CreateNodes() Topology: Pipeline[MfsrPrefilter_0] Link: Node::MfsrPrefilter_BPS0(outPort 4) --> (inPort 3) Node::MfsrPrefilter_IPE0 using format 18
01-24 08:23:32.837   942   942 I CamX    : [CORE_CFG][CORE   ] camxpipeline.cpp:2167 CreateNodes() Topology: Pipeline[MfsrPrefilter_0] Link: Node::MfsrPrefilter_BPS0(outPort 1) --> (inPort 3) Node::MfsrPrefilter_CVP0 using format 12
01-24 08:23:32.837   942   942 I CamX    : [CORE_CFG][CORE   ] camxpipeline.cpp:2167 CreateNodes() Topology: Pipeline[MfsrPrefilter_0] Link: Node::MfsrPrefilter_BPS0(outPort 7) --> (inPort 5) Node::MfsrPrefilter_CVP0 using format 3
01-24 08:23:32.837   942   942 I CHIUSECASE: [CORE_CFG ] chxsensorselectmode.cpp:651 FindBestSensorMode() Selected Usecase: 8, SelectedMode W=4000, H=3000, FPS:30, NumBatchedFrames:1, modeIndex:1
01-24 08:23:32.837   942   942 I CHIUSECASE: [CORE_CFG ] chifeature2base.cpp:2768 ConfigurePipelineData() MFSR:Prefilter_RDI_In: (640X480 : 4000X3000 : 16383X16383) Format:0x25
01-24 08:23:32.837   942   942 I CHIUSECASE: [CORE_CFG ] chifeature2featurepool.cpp:932 FinalizeFeatureInstances() [MFSR:0] Input Port {0, 0, 0} influences [AnchorSync:0] Output Port {0, 0, 0}(Fmt: 0x25 [640 x 480] [4000 x 3000] [16383 x 16383])
01-24 08:23:32.837   942   942 I CHIUSECASE: [CORE_CFG ] chifeature2base.cpp:4175 PrepareFeatureData() Feature2Mapping: FeatureName = HDR, numSessions = 1, numPipelines = 4 numPorts = 28
01-24 08:23:32.837   942   942 I CHIUSECASE: [CORE_CFG ] chifeature2base.cpp:4284 PrepareFeatureData() session: 0, name: HDRT1, pipeline: 0, name: MFHDRTwoFrameSnapshotFusion
01-24 08:23:32.837   942   942 I CHIUSECASE: [CORE_CFG ] chifeature2utils.cpp:973 GetTargetStream() Feature2Mapping: Target Stream[0]: TARGET_BUFFER_YUV_OUT 0xb400007b75cf3030: Resolution: 4000 X 3000 Format = 0x23 usage 0x20022
01-24 08:23:32.837   942   942 I CHIUSECASE: [CORE_CFG ] chifeature2base.cpp:8451 InitializeTargetStream() HDR: Target:TARGET_BUFFER_YUV_OUT, PortKey:YUV_Out_External:0:0:0:3 stream:target:0xb400007b75ce1d70:0xb400007b75cf3030Stream: 4000 X 3000:0x23:0:0x20022:2
01-24 08:23:32.837   942   942 I CHIUSECASE: [CORE_CFG ] chifeature2utils.cpp:973 GetTargetStream() Feature2Mapping: Target Stream[1]: TARGET_BUFFER_YUV0 0xb400007b75cf3f10: Resolution: 4000 X 3000 Format = 0x7fa30c09 usage 0x0
01-24 08:23:32.837   942   942 I CHIUSECASE: [CORE_CFG ] chifeature2base.cpp:8451 InitializeTargetStream() HDR: Target:TARGET_BUFFER_YUV0, PortKey:YUV_In2_Internal:0:0:2:0 stream:target:0xb400007b75ce6ed0:0xb400007b75cf3f10Stream: 4000 X 3000:0x7fa30c09:1:0x0:2
01-24 08:23:32.838   942   942 I CHIUSECASE: [CORE_CFG ] chifeature2utils.cpp:973 GetTargetStream() Feature2Mapping: Target Stream[1]: TARGET_BUFFER_YUV1 0xb400007b75cf3f10: Resolution: 4000 X 3000 Format = 0x7fa30c09 usage 0x0
01-24 08:23:32.838   942   942 I CHIUSECASE: [CORE_CFG ] chifeature2base.cpp:8451 InitializeTargetStream() HDR: Target:TARGET_BUFFER_YUV1, PortKey:YUV_In0_External:0:0:0:1 stream:target:0xb400007b75cf4990:0xb400007b75cf3f10Stream: 4000 X 3000:0x7fa30c09:1:0x0:2
01-24 08:23:32.838   942   942 I CHIUSECASE: [CORE_CFG ] chxsensorselectmode.cpp:651 FindBestSensorMode() Selected Usecase: 8, SelectedMode W=4000, H=3000, FPS:30, NumBatchedFrames:1, modeIndex:1
01-24 08:23:32.838   942   942 I CHIUSECASE: [CORE_CFG ] chifeature2base.cpp:4175 PrepareFeatureData() Feature2Mapping: FeatureName = HDR, numSessions = 1, numPipelines = 4 numPorts = 28
01-24 08:23:32.838   942   942 I CHIUSECASE: [CORE_CFG ] chifeature2base.cpp:4284 PrepareFeatureData() session: 0, name: HDRT1, pipeline: 0, name: MFHDRThreeFrameSnapshotFusion
01-24 08:23:32.838   942   942 I CHIUSECASE: [CORE_CFG ] chifeature2utils.cpp:973 GetTargetStream() Feature2Mapping: Target Stream[0]: TARGET_BUFFER_YUV_OUT 0xb400007b75ce8130: Resolution: 4000 X 3000 Format = 0x23 usage 0x20022
01-24 08:23:32.838   942   942 I CHIUSECASE: [CORE_CFG ] chifeature2base.cpp:8451 InitializeTargetStream() HDR: Target:TARGET_BUFFER_YUV_OUT, PortKey:YUV_Out_External:0:0:0:3 stream:target:0xb400007b75cec180:0xb400007b75ce8130Stream: 4000 X 3000:0x23:0:0x20022:2
01-24 08:23:32.838   942   942 I CHIUSECASE: [CORE_CFG ] chifeature2utils.cpp:973 GetTargetStream() Feature2Mapping: Target Stream[1]: TARGET_BUFFER_YUV0 0xb400007b75cf2e00: Resolution: 4000 X 3000 Format = 0x7fa30c09 usage 0x0
01-24 08:23:32.838   942 26274 I CHIUSECASE: [CORE_CFG ] chxpipeline.cpp:343 CreateDescriptor() Pipeline[MFHDRTwoFrameSnapshotFusion] pipeline pointer 0xb400007ca5d076d0 numInputs=2, numOutputs=1 stream w x h: 4000 x 3000 numBatchedFrames: 1, HALOutputBufferCombined: 0 maxFPSValue: 30
01-24 08:23:32.838   942   942 I CHIUSECASE: [CORE_CFG ] chifeature2base.cpp:8451 InitializeTargetStream() HDR: Target:TARGET_BUFFER_YUV0, PortKey:YUV_In2_Internal:0:0:2:0 stream:target:0xb400007b75cf0d30:0xb400007b75cf2e00Stream: 4000 X 3000:0x7fa30c09:1:0x0:2
01-24 08:23:32.838   942   942 I CHIUSECASE: [CORE_CFG ] chifeature2utils.cpp:973 GetTargetStream() Feature2Mapping: Target Stream[1]: TARGET_BUFFER_YUV1 0xb400007b75cf2e00: Resolution: 4000 X 3000 Format = 0x7fa30c09 usage 0x0
01-24 08:23:32.838   942   942 I CHIUSECASE: [CORE_CFG ] chifeature2base.cpp:8451 InitializeTargetStream() HDR: Target:TARGET_BUFFER_YUV1, PortKey:YUV_In0_External:0:0:0:1 stream:target:0xb400007b75ce8830:0xb400007b75cf2e00Stream: 4000 X 3000:0x7fa30c09:1:0x0:2
01-24 08:23:32.838   942 26274 W CHIUSECASE: [WARN   ] chxextensionmodule.cpp:6980 GetFacialContourVersion() Could not get contour_version vendor tag in metadata. result: 1
01-24 08:23:32.838   942   942 I CHIUSECASE: [CORE_CFG ] chifeature2utils.cpp:973 GetTargetStream() Feature2Mapping: Target Stream[1]: TARGET_BUFFER_YUV2 0xb400007b75cf2e00: Resolution: 4000 X 3000 Format = 0x7fa30c09 usage 0x0
01-24 08:23:32.838   942   942 I CHIUSECASE: [CORE_CFG ] chifeature2base.cpp:8451 InitializeTargetStream() HDR: Target:TARGET_BUFFER_YUV2, PortKey:YUV_In3_Internal:0:0:3:0 stream:target:0xb400007b75ce2080:0xb400007b75cf2e00Stream: 4000 X 3000:0x7fa30c09:1:0x0:2
01-24 08:23:32.838   942   942 I CHIUSECASE: [CORE_CFG ] chxsensorselectmode.cpp:651 FindBestSensorMode() Selected Usecase: 8, SelectedMode W=4000, H=3000, FPS:30, NumBatchedFrames:1, modeIndex:1
01-24 08:23:32.838   942   942 I CHIUSECASE: [CORE_CFG ] chifeature2base.cpp:4175 PrepareFeatureData() Feature2Mapping: FeatureName = Bayer2Yuv, numSessions = 1, numPipelines = 11 numPorts = 66
01-24 08:23:32.838   942   942 I CHIUSECASE: [CORE_CFG ] chifeature2base.cpp:4284 PrepareFeatureData() session: 0, name: Bayer2Yuv, pipeline: 0, name: ZSLSnapshotYUVHAL
01-24 08:23:32.838   942   942 I CHIUSECASE: [CORE_CFG ] chifeature2utils.cpp:1228 GetTargetStreamWithIntent() Feature2Mapping: Target Stream: TARGET_BUFFER_YUV_HAL 0xb400007b75cef3d0 Intent: CHI_STREAM_INTENT_STILL_CAPTURE Resolution: 4000 X 3000 Format = 35
01-24 08:23:32.838   942   942 I CHIUSECASE: [CORE_CFG ] chifeature2base.cpp:8451 InitializeTargetStream() Bayer2Yuv: Target:TARGET_BUFFER_YUV_HAL, PortKey:YUV_Out:0:0:0:3 stream:target:0xb400007b75ceeb10:0xb400007b75cef3d0Stream: 4000 X 3000:0x23:0:0x0:2
01-24 08:23:32.838   942   942 I CHIUSECASE: [CORE_CFG ] chifeature2utils.cpp:1228 GetTargetStreamWithIntent() Feature2Mapping: Target Stream: TARGET_BUFFER_YUV_HAL3 0xb400007b75ce34a0 Intent: CHI_STREAM_INTENT_STILL_CAPTURE Resolution: 4000 X 3000 Format = 35
01-24 08:23:32.838   942 26273 I CHIUSECASE: [CORE_CFG ] chxpipeline.cpp:343 CreateDescriptor() Pipeline[MFHDRThreeFrameSnapshotFusion] pipeline pointer 0xb400007ca5d73a30 numInputs=3, numOutputs=1 stream w x h: 4000 x 3000 numBatchedFrames: 1, HALOutputBufferCombined: 0 maxFPSValue: 30
01-24 08:23:32.838   942   942 I CHIUSECASE: [CORE_CFG ] chifeature2base.cpp:8451 InitializeTargetStream() Bayer2Yuv: Target:TARGET_BUFFER_YUV_HAL3, PortKey:YUV_Out2:0:0:2:3 stream:target:0xb400007b75cea2e0:0xb400007b75ce34a0Stream: 4000 X 3000:0x23:0:0x20022:2
01-24 08:23:32.838   942   942 I CHIUSECASE: [CORE_CFG ] chifeature2utils.cpp:1228 GetTargetStreamWithIntent() Feature2Mapping: Target Stream: TARGET_BUFFER_RAW 0xb400007b75cf7010 Intent: CHI_STREAM_INTENT_ANALYSIS Resolution: 4000 X 3000 Format = 37
01-24 08:23:32.838   942 26273 W CHIUSECASE: [WARN   ] chxextensionmodule.cpp:6980 GetFacialContourVersion() Could not get contour_version vendor tag in metadata. result: 1
01-24 08:23:32.838   942   942 I CHIUSECASE: [CORE_CFG ] chifeature2base.cpp:8451 InitializeTargetStream() Bayer2Yuv: Target:TARGET_BUFFER_RAW, PortKey:RDI_In:0:0:0:1 stream:target:0xb400007b75ce3190:0xb400007b75cf7010Stream: 4000 X 3000:0x25:1:0x20022:7
01-24 08:23:32.838   942   942 I CHIUSECASE: [CORE_CFG ] chifeature2base.cpp:4175 PrepareFeatureData() Feature2Mapping: FeatureName = Serializer, numSessions = 1, numPipelines = 1 numPorts = 6
01-24 08:23:32.838   942   942 I CHIUSECASE: [CORE_CFG ] chifeature2base.cpp:4284 PrepareFeatureData() session: 0, name: Serializer, pipeline: 0, name: Serializer
01-24 08:23:32.838   942   942 W CHIUSECASE: [WARN   ] chxusecaseutils.cpp:2943 CloneUsecase() No pipeline descriptor need to be cloned!
01-24 08:23:32.838   942   942 I CHIUSECASE: [CORE_CFG ] chifeature2base.cpp:4175 PrepareFeatureData() Feature2Mapping: FeatureName = RawHDR, numSessions = 1, numPipelines = 1 numPorts = 7
01-24 08:23:32.838   942   942 I CHIUSECASE: [CORE_CFG ] chifeature2base.cpp:4284 PrepareFeatureData() session: 0, name: RawHDR, pipeline: 0, name: SWMFMergeRaw
01-24 08:23:32.838   942   942 I CHIUSECASE: [CORE_CFG ] chifeature2utils.cpp:973 GetTargetStream() Feature2Mapping: Target Stream[1]: TARGET_BUFFER_RAW_OUT 0xb400007b75cea740: Resolution: 4000 X 3000 Format = 0x25 usage 0x0
01-24 08:23:32.838   942   942 I CHIUSECASE: [CORE_CFG ] chifeature2base.cpp:8451 InitializeTargetStream() RawHDR: Target:TARGET_BUFFER_RAW_OUT, PortKey:RAW_Out_External:0:0:0:3 stream:target:0xb400007b75cf4140:0xb400007b75cea740Stream: 4000 X 3000:0x25:0:0x0:2
01-24 08:23:32.838   942   942 I CHIUSECASE: [CORE_CFG ] chifeature2utils.cpp:973 GetTargetStream() Feature2Mapping: Target Stream[0]: TARGET_BUFFER_RAW_IN0 0xb400007b75ce1440: Resolution: 4000 X 3000 Format = 0x25 usage 0x20022
01-24 08:23:32.838   942   942 I CHIUSECASE: [CORE_CFG ] chifeature2base.cpp:8451 InitializeTargetStream() RawHDR: Target:TARGET_BUFFER_RAW_IN0, PortKey:RAW_In0_External:0:0:0:1 stream:target:0xb400007b75ce11a0:0xb400007b75ce1440Stream: 4000 X 3000:0x25:1:0x20022:5
01-24 08:23:32.838   942   942 I CHIUSECASE: [CORE_CFG ] chifeature2utils.cpp:973 GetTargetStream() Feature2Mapping: Target Stream[0]: TARGET_BUFFER_RAW_IN1 0xb400007b75ce1440: Resolution: 4000 X 3000 Format = 0x25 usage 0x20022
01-24 08:23:32.838   942   942 I CHIUSECASE: [CORE_CFG ] chifeature2base.cpp:8451 InitializeTargetStream() RawHDR: Target:TARGET_BUFFER_RAW_IN1, PortKey:RAW_In2_Internal:0:0:2:0 stream:target:0xb400007b75cf7080:0xb400007b75ce1440Stream: 4000 X 3000:0x25:1:0x20022:5
01-24 08:23:32.838   942   942 I CHIUSECASE: [CORE_CFG ] chifeature2utils.cpp:973 GetTargetStream() Feature2Mapping: Target Stream[0]: TARGET_BUFFER_RAW_IN2 0xb400007b75ce1440: Resolution: 4000 X 3000 Format = 0x25 usage 0x20022
01-24 08:23:32.838   942   942 I CHIUSECASE: [CORE_CFG ] chifeature2base.cpp:8451 InitializeTargetStream() RawHDR: Target:TARGET_BUFFER_RAW_IN2, PortKey:RAW_In3_Internal:0:0:3:0 stream:target:0xb400007b75ce9cc0:0xb400007b75ce1440Stream: 4000 X 3000:0x25:1:0x20022:5
01-24 08:23:32.838   942   942 I CHIUSECASE: [CORE_CFG ] chifeature2base.cpp:4175 PrepareFeatureData() Feature2Mapping: FeatureName = MFSR, numSessions = 1, numPipelines = 3 numPorts = 29
01-24 08:23:32.838   942   942 I CHIUSECASE: [CORE_CFG ] chifeature2base.cpp:4284 PrepareFeatureData() session: 0, name: MFSR, pipeline: 0, name: MfsrPrefilter
01-24 08:23:32.838   942   942 I CHIUSECASE: [CORE_CFG ] chifeature2base.cpp:4284 PrepareFeatureData() session: 0, name: MFSR, pipeline: 1, name: MfsrBlend
01-24 08:23:32.838   942   942 I CHIUSECASE: [CORE_CFG ] chifeature2base.cpp:4284 PrepareFeatureData() session: 0, name: MFSR, pipeline: 2, name: MfsrPostFilter
01-24 08:23:32.838   942   942 I CHIUSECASE: [CORE_CFG ] chifeature2utils.cpp:973 GetTargetStream() Feature2Mapping: Target Stream[0]: TARGET_BUFFER_FULLREF_UBWCTP10_OUT 0xb400007b75ce1980: Resolution: 4000 X 3000 Format = 0x25 usage 0x20022
