01-24 08:23:32.862   942   942 I CamX    : [CORE_CFG][MEMMGR ] camxmempoolgroup.cpp:480 RegisterBufferManager() [MPG_29]-->[PortTargetBuffer_AnchorSync:AnchorSync_RDIOut2_0] : NumBufMgrs=1, type=CHI, heap=1, Original Immediate=0, Max=0, SelfTuned Immediate=0, Max=0, needDedicatedBuffers=1, lateBinding=1, numBatched=1, deviceCount=0, devices=0, 0, flags=0x18 width=4000, height=3000, format=9, size=15024128
01-24 08:23:32.862   942   942 I CHIUSECASE: [CORE_CFG ] chifeature2base.cpp:9738 CreateTargetBufferManagers() Pipeline[AnchorSync][0], port:AnchorSync_FDOut2 port idx:7, Create CHI buffers, chistream:0xb400007b75cf0630, format:35, w x h: 640 x 480 usage 0 prd flags 0 cons flags 0Min:0 Max:0
01-24 08:23:32.862   942   942 I CamX    : [CORE_CFG][MEMMGR ] camxmempoolgroup.cpp:480 RegisterBufferManager() [MPG_30]-->[PortTargetBuffer_AnchorSync:AnchorSync_FDOut2_0] : NumBufMgrs=1, type=CHI, heap=1, Original Immediate=0, Max=0, SelfTuned Immediate=0, Max=0, needDedicatedBuffers=1, lateBinding=1, numBatched=1, deviceCount=0, devices=0, 0, flags=0x0 width=640, height=480, format=3, size=491520
01-24 08:23:32.862   942   942 I CHIUSECASE: [CORE_CFG ] chifeature2base.cpp:9651 CreateTargetBufferManagers() metamanagerName:MetaTargetBuffer_AnchorSync_AnchorSync_Metadata_Out2 pMetaPortTBM:0xb400007c05d50510
01-24 08:23:32.862   942   942 I CHIUSECASE: [CORE_CFG ] chifeature2base.cpp:9738 CreateTargetBufferManagers() Pipeline[AnchorSync][0], port:AnchorSync_RDIOut3 port idx:9, Create CHI buffers, chistream:0xb400007b75ce1750, format:37, w x h: 4000 x 3000 usage 20022 prd flags 0 cons flags 0Min:0 Max:0
01-24 08:23:32.862   942   942 I CamX    : [CORE_CFG][MEMMGR ] camxmempoolgroup.cpp:480 RegisterBufferManager() [MPG_31]-->[PortTargetBuffer_AnchorSync:AnchorSync_RDIOut3_0] : NumBufMgrs=1, type=CHI, heap=1, Original Immediate=0, Max=0, SelfTuned Immediate=0, Max=0, needDedicatedBuffers=1, lateBinding=1, numBatched=1, deviceCount=0, devices=0, 0, flags=0x18 width=4000, height=3000, format=9, size=15024128
01-24 08:23:32.862   942   942 I CHIUSECASE: [CORE_CFG ] chifeature2base.cpp:9738 CreateTargetBufferManagers() Pipeline[AnchorSync][0], port:AnchorSync_FDOut3 port idx:10, Create CHI buffers, chistream:0xb400007b75ce0720, format:35, w x h: 640 x 480 usage 0 prd flags 0 cons flags 0Min:0 Max:0
01-24 08:23:32.862   942   942 I CamX    : [CORE_CFG][MEMMGR ] camxmempoolgroup.cpp:480 RegisterBufferManager() [MPG_32]-->[PortTargetBuffer_AnchorSync:AnchorSync_FDOut3_0] : NumBufMgrs=1, type=CHI, heap=1, Original Immediate=0, Max=0, SelfTuned Immediate=0, Max=0, needDedicatedBuffers=1, lateBinding=1, numBatched=1, deviceCount=0, devices=0, 0, flags=0x0 width=640, height=480, format=3, size=491520
01-24 08:23:32.862   942   942 I CHIUSECASE: [CORE_CFG ] chifeature2base.cpp:9651 CreateTargetBufferManagers() metamanagerName:MetaTargetBuffer_AnchorSync_AnchorSync_Metadata_Out3 pMetaPortTBM:0xb400007c05cc63b0
01-24 08:23:32.862   942   942 I CHIUSECASE: [CORE_CFG ] chifeature2base.cpp:9738 CreateTargetBufferManagers() Pipeline[AnchorSync][0], port:AnchorSync_DepthCalculationRDIOut port idx:12, Create CHI buffers, chistream:0xb400007b75cf80b0, format:37, w x h: 4000 x 3000 usage 20022 prd flags 0 cons flags 0Min:0 Max:0
01-24 08:23:32.862   942   942 I CamX    : [CORE_CFG][MEMMGR ] camxmempoolgroup.cpp:480 RegisterBufferManager() [MPG_33]-->[PortTargetBuffer_AnchorSync:AnchorSync_DepthCalculationRDIOut_0] : NumBufMgrs=1, type=CHI, heap=1, Original Immediate=0, Max=0, SelfTuned Immediate=0, Max=0, needDedicatedBuffers=1, lateBinding=1, numBatched=1, deviceCount=0, devices=0, 0, flags=0x18 width=4000, height=3000, format=9, size=15024128
01-24 08:23:32.862   942   942 I CHIUSECASE: [CORE_CFG ] chifeature2base.cpp:9651 CreateTargetBufferManagers() metamanagerName:MetaTargetBuffer_AnchorSync_AnchorSync_DepthCalculationMetadataOut pMetaPortTBM:0xb400007c05db3250
01-24 08:23:32.862   942   942 W CHIUSECASE: [WARN   ] chifeature2base.cpp:14426 SetChiStreamInfo() AnchorSync: Not Supported : 0xb400007b75ce1d00
01-24 08:23:32.862   942   942 W CHIUSECASE: [WARN   ] chifeature2base.cpp:14426 SetChiStreamInfo() AnchorSync: Not Supported : 0xb400007b75ce2240
01-24 08:23:32.862   942   942 W CHIUSECASE: [WARN   ] chifeature2base.cpp:14426 SetChiStreamInfo() AnchorSync: Not Supported : 0xb400007b75ce1d00
01-24 08:23:32.862   942   942 W CHIUSECASE: [WARN   ] chifeature2base.cpp:14426 SetChiStreamInfo() AnchorSync: Not Supported : 0xb400007b75ce2240
01-24 08:23:32.862   935  1070 E minksocket: MinkIPC_QRTR_Service: client with node 1 port 4b43 went down
01-24 08:23:32.862   942   942 W CHIUSECASE: [WARN   ] chifeature2base.cpp:14426 SetChiStreamInfo() AnchorSync: Not Supported : 0xb400007b75ce1d00
01-24 08:23:32.862   942   942 W CHIUSECASE: [WARN   ] chifeature2base.cpp:14426 SetChiStreamInfo() AnchorSync: Not Supported : 0xb400007b75ce2240
01-24 08:23:32.862   942   942 W CHIUSECASE: [WARN   ] chifeature2base.cpp:14426 SetChiStreamInfo() AnchorSync: Not Supported : 0xb400007b75ce1d00
01-24 08:23:32.862   942   942 W CHIUSECASE: [WARN   ] chifeature2base.cpp:14426 SetChiStreamInfo() AnchorSync: Not Supported : 0xb400007b75ce2240
01-24 08:23:32.862   942   942 W CHIUSECASE: [WARN   ] chifeature2base.cpp:14426 SetChiStreamInfo() AnchorSync: Not Supported : 0xb400007b75ce1d00
01-24 08:23:32.863   942   942 I CHIUSECASE: [CORE_CFG ] chifeature2featurepool.cpp:1003 FinalizeFeatureInstances() [AnchorSync:0] Output Port {0, 0, 0} influences [MFSR:0] Input Port {0, 0, 0}(Fmt: 0x25 [4000 x 3000])
01-24 08:23:32.863   942   942 I CHIUSECASE: [CORE_CFG ] chifeature2featurepool.cpp:1003 FinalizeFeatureInstances() [AnchorSync:0] Output Port {0, 0, 0} influences [Demux:0] Input Port {0, 0, 0}(Fmt: 0x25 [4000 x 3000])
01-24 08:23:32.863   942   942 I CHIUSECASE: [CORE_CFG ] chifeature2base.cpp:9738 CreateTargetBufferManagers() Pipeline[Demux][0], port:Demux_RDIOut0 port idx:0, Create CHI buffers, chistream:0xb400007b75cf1510, format:37, w x h: 4000 x 3000 usage 20022 prd flags 0 cons flags 0Min:0 Max:0
01-24 08:23:32.863   942   942 I CamX    : [CORE_CFG][MEMMGR ] camxmempoolgroup.cpp:480 RegisterBufferManager() [MPG_34]-->[PortTargetBuffer_Demux:Demux_RDIOut0_0] : NumBufMgrs=1, type=CHI, heap=1, Original Immediate=0, Max=0, SelfTuned Immediate=0, Max=0, needDedicatedBuffers=1, lateBinding=1, numBatched=1, deviceCount=0, devices=0, 0, flags=0x18 width=4000, height=3000, format=9, size=15024128
01-24 08:23:32.863   942   942 I CHIUSECASE: [CORE_CFG ] chifeature2base.cpp:9651 CreateTargetBufferManagers() metamanagerName:MetaTargetBuffer_Demux_Demux_Metadata_Out0 pMetaPortTBM:0xb400007c05ca75f0
01-24 08:23:32.863   942   942 I CHIUSECASE: [CORE_CFG ] chifeature2base.cpp:9738 CreateTargetBufferManagers() Pipeline[Demux][0], port:Demux_RDIOut1 port idx:2, Create CHI buffers, chistream:0xb400007b75cf1510, format:37, w x h: 4000 x 3000 usage 20022 prd flags 0 cons flags 0Min:0 Max:0
01-24 08:23:32.863   942   942 I CamX    : [CORE_CFG][MEMMGR ] camxmempoolgroup.cpp:480 RegisterBufferManager() [MPG_35]-->[PortTargetBuffer_Demux:Demux_RDIOut1_0] : NumBufMgrs=1, type=CHI, heap=1, Original Immediate=0, Max=0, SelfTuned Immediate=0, Max=0, needDedicatedBuffers=1, lateBinding=1, numBatched=1, deviceCount=0, devices=0, 0, flags=0x18 width=4000, height=3000, format=9, size=15024128
01-24 08:23:32.863   942   942 I CHIUSECASE: [CORE_CFG ] chifeature2base.cpp:9651 CreateTargetBufferManagers() metamanagerName:MetaTargetBuffer_Demux_Demux_Metadata_Out1 pMetaPortTBM:0xb400007c05da9f70
01-24 08:23:32.863   942 26286 I CamX    : [CORE_CFG][PPROC  ] camxipenode.cpp:11224 SetConfigIOData() node RealTimeFeatureZSLPreviewRaw_IPE2, Input, firmwarePortId 0 format 12, width 800, height 600, ubwc version 2, lossy 0, fromdownscale 0
01-24 08:23:32.863   942 26286 I CamX    : [CORE_CFG][PPROC  ] camxipenode.cpp:11224 SetConfigIOData() node RealTimeFeatureZSLPreviewRaw_IPE2, Output, firmwarePortId 8 format 3, width 800, height 600, ubwc version 0, lossy 0, fromdownscale 0
01-24 08:23:32.864   942   942 I CHIUSECASE: [CORE_CFG ] chifeature2featurepool.cpp:1003 FinalizeFeatureInstances() [Demux:0] Output Port {0, 0, 0} influences [Bayer2Yuv:4] Input Port {0, 0, 0}(Fmt: 0x25 [4000 x 3000])
01-24 08:23:32.864   942   942 I CHIUSECASE: [CORE_CFG ] chifeature2featurepool.cpp:1003 FinalizeFeatureInstances() [Demux:0] Output Port {0, 0, 2} influences [MFSR:4] Input Port {0, 0, 0}(Fmt: 0x25 [4000 x 3000])
01-24 08:23:32.864   942   942 W CHIUSECASE: [WARN   ] chifeature2base.cpp:14426 SetChiStreamInfo() Bayer2Yuv: Not Supported : 0xb400007b75ceae40
01-24 08:23:32.864   942   942 W CHIUSECASE: [WARN   ] chifeature2base.cpp:14426 SetChiStreamInfo() Bayer2Yuv: Not Supported : 0xb400007b75cf4920
01-24 08:23:32.864   942   942 I CHIUSECASE: [CORE_CFG ] chifeature2featurepool.cpp:1003 FinalizeFeatureInstances() [Bayer2Yuv:4] Output Port {0, 0, 0} influences [Serializer:0] Input Port {0, 0, 0}(Fmt: 0x7fa30c09 [4000 x 3000])
01-24 08:23:32.864   942   942 I CHIUSECASE: [CORE_CFG ] chifeature2base.cpp:9356 FinalizeInputPorts() MFSR:4 Blend_DMECONTEXT_IN updating stream(0xb400007b75ce2010) dims from [40000 x 1] to [4000 x 3000]
01-24 08:23:32.864   942 26268 I CamX    : [CORE_CFG][CORE   ] camxsession.cpp:8107 GetActiveCSLSession() cameraId=0, session=0xb400007abd02a040, cslsession=0x7a008a0200
01-24 08:23:32.865   942   942 I CamX    : [CORE_CFG][CORE   ] camxsession.cpp:8107 GetActiveCSLSession() cameraId=0, session=0xb400007abce83040, cslsession=0x7f008a0200
01-24 08:23:32.867   942 26293 I CamX    : [CORE_CFG][CORE   ] camxnode.cpp:803 InitializeSourcePortBufferFormat() Topology: Node::ZSLSnapshotYUVHAL_BPS0 has a source port id 0 using format 9 dim 4000x3000, stream 0xb400007b75ce0f00
01-24 08:23:32.867   942 26293 I CamX    : [CORE_CFG][MEMMGR ] camxnode.cpp:8181 CreateBufferManagers() BufferMgrCreate ,[ZSLSnapshotYUVHAL_IPE3_OutputPortId8_Display] width=4000, height=3000, format=12, stride 5376 scanline 3008 GetTotalSize 24403968
01-24 08:23:32.867   942 26293 I CamX    : [CORE_CFG][MEMMGR ] camxnode.cpp:8181 CreateBufferManagers() BufferMgrCreate ,[ZSLSnapshotYUVHAL_IPE3_OutputPortId8_Display] width=4000, height=3000, format=12, stride 5376 scanline 1504 GetTotalSize 24403968
01-24 08:23:32.867   942 26293 I CamX    : [CORE_CFG][MEMMGR ] camxnode.cpp:8181 CreateBufferManagers() BufferMgrCreate ,[ZSLSnapshotYUVHAL_IPE3_OutputPortId9_Video] width=4000, height=3000, format=12, stride 5376 scanline 3008 GetTotalSize 24403968
01-24 08:23:32.867   942 26293 I CamX    : [CORE_CFG][MEMMGR ] camxnode.cpp:8181 CreateBufferManagers() BufferMgrCreate ,[ZSLSnapshotYUVHAL_IPE3_OutputPortId9_Video] width=4000, height=3000, format=12, stride 5376 scanline 1504 GetTotalSize 24403968
01-24 08:23:32.867   942 26293 I CamX    : [CORE_CFG][MEMMGR ] camxnode.cpp:8181 CreateBufferManagers() BufferMgrCreate ,[ZSLSnapshotYUVHAL_BPS0_OutputPortId1_Full] width=4000, height=3000, format=12, stride 5376 scanline 3008 GetTotalSize 24403968
01-24 08:23:32.868   942 26293 I CamX    : [CORE_CFG][MEMMGR ] camxnode.cpp:8181 CreateBufferManagers() BufferMgrCreate ,[ZSLSnapshotYUVHAL_BPS0_OutputPortId1_Full] width=4000, height=3000, format=12, stride 5376 scanline 1504 GetTotalSize 24403968
01-24 08:23:32.868   942 26295 I CamX    : [CORE_CFG][CORE   ] camxnode.cpp:803 InitializeSourcePortBufferFormat() Topology: Node::MfsrBlend_IPE1 has a source port id 4 using format 12 dim 4000x3000, stream 0xb400007b75cf4df0
01-24 08:23:32.868   942 26293 I CamX    : [CORE_CFG][MEMMGR ] camxmempoolgroup.cpp:480 RegisterBufferManager() [MPG_22]-->[ZSLSnapshotYUVHAL_BPS0_OutputPortId1_Full] : NumBufMgrs=2, type=CamX, heap=1, Original Immediate=2, Max=8, SelfTuned Immediate=0, Max=8, needDedicatedBuffers=0, lateBinding=1, numBatched=1, deviceCount=1, devices=23, 0, flags=0x1 width=4000, height=3000, format=12, size=24403968
01-24 08:23:32.868   942 26295 I CamX    : [CORE_CFG][CORE   ] camxnode.cpp:803 InitializeSourcePortBufferFormat() Topology: Node::MfsrBlend_IPE1 has a source port id 5 using format 18 dim 1000x750, stream 0xb400007b75ce1c20
01-24 08:23:32.868   942 26293 I CamX    : [CORE_CFG][MEMMGR ] camxnode.cpp:8181 CreateBufferManagers() BufferMgrCreate ,[ZSLSnapshotYUVHAL_BPS0_OutputPortId2_DS4] width=1000, height=750, format=18, stride 4096 scanline 384 GetTotalSize 1572864
01-24 08:23:32.868   942 26295 I CamX    : [CORE_CFG][CORE   ] camxnode.cpp:803 InitializeSourcePortBufferFormat() Topology: Node::MfsrBlend_IPE1 has a source port id 6 using format 18 dim 250x188, stream 0xb400007b75ce9d30
01-24 08:23:32.868   942 26295 I CamX    : [CORE_CFG][CORE   ] camxnode.cpp:803 InitializeSourcePortBufferFormat() Topology: Node::MfsrBlend_IPE1 has a source port id 7 using format 18 dim 64x48, stream 0xb400007b75ce8f30
01-24 08:23:32.868   942 26293 I CamX    : [CORE_CFG][MEMMGR ] camxmempoolgroup.cpp:480 RegisterBufferManager() [MPG_36]-->[ZSLSnapshotYUVHAL_BPS0_OutputPortId2_DS4] : NumBufMgrs=1, type=CamX, heap=1, Original Immediate=2, Max=8, SelfTuned Immediate=0, Max=8, needDedicatedBuffers=0, lateBinding=1, numBatched=1, deviceCount=1, devices=23, 0, flags=0x1 width=1000, height=750, format=18, size=1572864
01-24 08:23:32.868   942 26294 I CamX    : [CORE_CFG][CORE   ] camxnode.cpp:803 InitializeSourcePortBufferFormat() Topology: Node::MfsrPrefilter_BPS0 has a source port id 0 using format 9 dim 4000x3000, stream 0xb400007b75ce2550
01-24 08:23:32.868   942 26293 I CamX    : [CORE_CFG][MEMMGR ] camxnode.cpp:8181 CreateBufferManagers() BufferMgrCreate ,[ZSLSnapshotYUVHAL_BPS0_OutputPortId3_DS16] width=250, height=188, format=18, stride 1280 scanline 96 GetTotalSize 122880
01-24 08:23:32.868   942 26295 I CamX    : [CORE_CFG][CORE   ] camxnode.cpp:803 InitializeSourcePortBufferFormat() Topology: Node::MfsrBlend_BPS1 has a source port id 0 using format 9 dim 4000x3000, stream 0xb400007b75cf4a00
01-24 08:23:32.868   942 26293 I CamX    : [CORE_CFG][MEMMGR ] camxmempoolgroup.cpp:480 RegisterBufferManager() [MPG_21]-->[ZSLSnapshotYUVHAL_BPS0_OutputPortId3_DS16] : NumBufMgrs=2, type=CamX, heap=1, Original Immediate=2, Max=8, SelfTuned Immediate=0, Max=8, needDedicatedBuffers=0, lateBinding=1, numBatched=1, deviceCount=1, devices=23, 0, flags=0x1 width=250, height=188, format=18, size=122880
01-24 08:23:32.868   942 26293 I CamX    : [CORE_CFG][MEMMGR ] camxnode.cpp:8181 CreateBufferManagers() BufferMgrCreate ,[ZSLSnapshotYUVHAL_BPS0_OutputPortId4_DS64] width=64, height=48, format=18, stride 512 scanline 32 GetTotalSize 16384
01-24 08:23:32.868   942 26293 I CamX    : [CORE_CFG][MEMMGR ] camxmempoolgroup.cpp:480 RegisterBufferManager() [MPG_0]-->[ZSLSnapshotYUVHAL_BPS0_OutputPortId4_DS64] : NumBufMgrs=2, type=CamX, heap=1, Original Immediate=2, Max=8, SelfTuned Immediate=0, Max=8, needDedicatedBuffers=0, lateBinding=1, numBatched=1, deviceCount=1, devices=23, 0, flags=0x1 width=64, height=48, format=18, size=16384
01-24 08:23:32.868   942 26295 I CamX    : [CORE_CFG][CORE   ] camxnode.cpp:803 InitializeSourcePortBufferFormat() Topology: Node::MfsrBlend_CVP1 has a source port id 6 using format 14 dim 1920x1440, stream 0xb400007b75cf3500
01-24 08:23:32.868   942 26293 I CamX    : [CORE_CFG][CORE   ] camxpipeline.h:2985 SetPipelineStatus() ZSLSnapshotYUVHAL_0 status is now PipelineStatus::BUFFER_PROPERTIES_FINALIZED
01-24 08:23:32.868   942 26295 W CamX    : [ WARN][FORMAT ] camximageformatmapper.cpp:786 FillImageFormatInfo() format 14 is not supported by Gralloc, use internal calc
01-24 08:23:32.868   942 26295 I CamX    : [CORE_CFG][CORE   ] camxnode.cpp:803 InitializeSourcePortBufferFormat() Topology: Node::MfsrBlend_CVP1 has a source port id 9 using format 6 dim 4000x3000, stream 0xb400007b75ce2010
01-24 08:23:32.868   942 26294 I CamX    : [CORE_CFG][MEMMGR ] camxnode.cpp:8181 CreateBufferManagers() BufferMgrCreate ,[MfsrPrefilter_IPE0_OutputPortId10_FullRef] width=4000, height=3000, format=12, stride 5376 scanline 3008 GetTotalSize 24403968
01-24 08:23:32.866     0     0 I CAM_INFO: CAM-HFI: cam_hfi_resume: 644 Resume IO1 : [0x10c00000 0xcf300000] IO2 [0xe0200000 0x1ed00000]
01-24 08:23:32.868   942 26268 I CamX    : [CORE_CFG][CORE   ] camxsession.cpp:2396 Initialize() Session (0xb400007abd02a040) Initialized ZSLSnapshotYUVHAL
01-24 08:23:32.868   942 26294 I CamX    : [CORE_CFG][MEMMGR ] camxnode.cpp:8181 CreateBufferManagers() BufferMgrCreate ,[MfsrPrefilter_IPE0_OutputPortId10_FullRef] width=4000, height=3000, format=12, stride 5376 scanline 1504 GetTotalSize 24403968
01-24 08:23:32.868   942 26268 I CHIUSECASE: [CORE_CFG ] chifeature2base.cpp:9738 CreateTargetBufferManagers() Pipeline[ZSLSnapshotYUVHAL][0], port:YUV_Out port idx:0, Create CHI buffers, chistream:0xb400007b75cf2700, format:2141391881, w x h: 4000 x 3000 usage 20000 prd flags 20000 cons flags 40000Min:0 Max:8
01-24 08:23:32.868   942 26268 I CamX    : [CORE_CFG][MEMMGR ] camxmempoolgroup.cpp:480 RegisterBufferManager() [MPG_22]-->[PortTargetBuffer_Bayer2Yuv:YUV_Out_0] : NumBufMgrs=3, type=CHI, heap=1, Original Immediate=0, Max=8, SelfTuned Immediate=0, Max=8, needDedicatedBuffers=0, lateBinding=1, numBatched=1, deviceCount=0, devices=0, 0, flags=0x0 width=4000, height=3000, format=12, size=24403968
01-24 08:23:32.868   942 26294 I CamX    : [CORE_CFG][MEMMGR ] camxnode.cpp:8181 CreateBufferManagers() BufferMgrCreate ,[MfsrPrefilter_IPE0_OutputPortId11_DS4Ref] width=1000, height=750, format=18, stride 4096 scanline 384 GetTotalSize 1572864
01-24 08:23:32.868   942 26268 I CHIUSECASE: [CORE_CFG ] chifeature2base.cpp:9738 CreateTargetBufferManagers() Pipeline[ZSLSnapshotYUVHAL][0], port:YUV_Out2 port idx:2, Create CHI buffers, chistream:0xb400007b75cefc20, format:2141391881, w x h: 4000 x 3000 usage 20022 prd flags 20000 cons flags 40000Min:0 Max:8
01-24 08:23:32.868   942 26294 I CamX    : [CORE_CFG][MEMMGR ] camxnode.cpp:8181 CreateBufferManagers() BufferMgrCreate ,[MfsrPrefilter_IPE0_OutputPortId12_DS16Ref] width=250, height=188, format=18, stride 1280 scanline 96 GetTotalSize 122880
01-24 08:23:32.868   942 26294 I CamX    : [CORE_CFG][MEMMGR ] camxnode.cpp:8181 CreateBufferManagers() BufferMgrCreate ,[MfsrPrefilter_IPE0_OutputPortId13_DS64Ref] width=64, height=48, format=18, stride 512 scanline 32 GetTotalSize 16384
01-24 08:23:32.868   942 26268 I CamX    : [CORE_CFG][MEMMGR ] camxmempoolgroup.cpp:480 RegisterBufferManager() [MPG_22]-->[PortTargetBuffer_Bayer2Yuv:YUV_Out2_0] : NumBufMgrs=4, type=CHI, heap=1, Original Immediate=0, Max=8, SelfTuned Immediate=0, Max=8, needDedicatedBuffers=0, lateBinding=1, numBatched=1, deviceCount=0, devices=0, 0, flags=0x18 width=4000, height=3000, format=12, size=24403968
01-24 08:23:32.868   942 26294 I CamX    : [CORE_CFG][MEMMGR ] camxnode.cpp:8181 CreateBufferManagers() BufferMgrCreate ,[MfsrPrefilter_BPS0_OutputPortId1_Full] width=4000, height=3000, format=12, stride 5376 scanline 3008 GetTotalSize 24403968
01-24 08:23:32.868   942 26295 I CamX    : [CORE_CFG][MEMMGR ] camxnode.cpp:8181 CreateBufferManagers() BufferMgrCreate ,[MfsrBlend_IPE1_OutputPortId10_FullRef] width=4000, height=3000, format=12, stride 5376 scanline 3008 GetTotalSize 24403968
01-24 08:23:32.868   942 26295 I CamX    : [CORE_CFG][MEMMGR ] camxnode.cpp:8181 CreateBufferManagers() BufferMgrCreate ,[MfsrBlend_IPE1_OutputPortId10_FullRef] width=4000, height=3000, format=12, stride 5376 scanline 1504 GetTotalSize 24403968
01-24 08:23:32.868   942 26294 I CamX    : [CORE_CFG][MEMMGR ] camxnode.cpp:8181 CreateBufferManagers() BufferMgrCreate ,[MfsrPrefilter_BPS0_OutputPortId1_Full] width=4000, height=3000, format=12, stride 5376 scanline 1504 GetTotalSize 24403968
01-24 08:23:32.868   942 26295 I CamX    : [CORE_CFG][MEMMGR ] camxnode.cpp:8181 CreateBufferManagers() BufferMgrCreate ,[MfsrBlend_IPE1_OutputPortId11_DS4Ref] width=1000, height=750, format=18, stride 4096 scanline 384 GetTotalSize 1572864
01-24 08:23:32.868   942 26294 I CamX    : [CORE_CFG][MEMMGR ] camxmempoolgroup.cpp:480 RegisterBufferManager() [MPG_22]-->[MfsrPrefilter_BPS0_OutputPortId1_Full] : NumBufMgrs=5, type=CamX, heap=1, Original Immediate=0, Max=8, SelfTuned Immediate=0, Max=8, needDedicatedBuffers=0, lateBinding=1, numBatched=1, deviceCount=1, devices=23, 0, flags=0x1 width=4000, height=3000, format=12, size=24403968
01-24 08:23:32.868   942 26295 I CamX    : [CORE_CFG][MEMMGR ] camxnode.cpp:8181 CreateBufferManagers() BufferMgrCreate ,[MfsrBlend_BPS1_OutputPortId1_Full] width=4000, height=3000, format=12, stride 5376 scanline 3008 GetTotalSize 24403968
01-24 08:23:32.868   942 26295 I CamX    : [CORE_CFG][MEMMGR ] camxnode.cpp:8181 CreateBufferManagers() BufferMgrCreate ,[MfsrBlend_BPS1_OutputPortId1_Full] width=4000, height=3000, format=12, stride 5376 scanline 1504 GetTotalSize 24403968
01-24 08:23:32.868   942 26294 I CamX    : [CORE_CFG][MEMMGR ] camxnode.cpp:8181 CreateBufferManagers() BufferMgrCreate ,[MfsrPrefilter_BPS0_OutputPortId7_Reg1] width=1920, height=1440, format=3, stride 1920 scanline 1440 GetTotalSize 4147200
01-24 08:23:32.868   942 26295 I CamX    : [CORE_CFG][MEMMGR ] camxmempoolgroup.cpp:480 RegisterBufferManager() [MPG_22]-->[MfsrBlend_BPS1_OutputPortId1_Full] : NumBufMgrs=6, type=CamX, heap=1, Original Immediate=0, Max=7, SelfTuned Immediate=0, Max=7, needDedicatedBuffers=0, lateBinding=1, numBatched=1, deviceCount=1, devices=23, 0, flags=0x1 width=4000, height=3000, format=12, size=24403968
01-24 08:23:32.868   942 26294 I CamX    : [CORE_CFG][MEMMGR ] camxnode.cpp:8181 CreateBufferManagers() BufferMgrCreate ,[MfsrPrefilter_BPS0_OutputPortId7_Reg1] width=1920, height=1440, format=3, stride 1920 scanline 720 GetTotalSize 4147200
01-24 08:23:32.868   942 26295 I CamX    : [CORE_CFG][MEMMGR ] camxnode.cpp:8181 CreateBufferManagers() BufferMgrCreate ,[MfsrBlend_BPS1_OutputPortId7_Reg1] width=1920, height=1440, format=3, stride 1920 scanline 1440 GetTotalSize 4147200
01-24 08:23:32.868   942 26295 I CamX    : [CORE_CFG][MEMMGR ] camxnode.cpp:8181 CreateBufferManagers() BufferMgrCreate ,[MfsrBlend_BPS1_OutputPortId7_Reg1] width=1920, height=1440, format=3, stride 1920 scanline 720 GetTotalSize 4147200
01-24 08:23:32.868   942 26294 I CamX    : [CORE_CFG][MEMMGR ] camxmempoolgroup.cpp:480 RegisterBufferManager() [MPG_37]-->[MfsrPrefilter_BPS0_OutputPortId7_Reg1] : NumBufMgrs=1, type=CamX, heap=1, Original Immediate=0, Max=7, SelfTuned Immediate=0, Max=7, needDedicatedBuffers=0, lateBinding=1, numBatched=1, deviceCount=1, devices=23, 0, flags=0x9 width=1920, height=1440, format=3, size=4147200
01-24 08:23:32.868   942 26294 I CamX    : [CORE_CFG][MEMMGR ] camxnode.cpp:8181 CreateBufferManagers() BufferMgrCreate ,[MfsrPrefilter_BPS0_OutputPortId2_DS4] width=1000, height=750, format=18, stride 4096 scanline 384 GetTotalSize 1572864
01-24 08:23:32.868   942 26294 I CamX    : [CORE_CFG][MEMMGR ] camxmempoolgroup.cpp:480 RegisterBufferManager() [MPG_36]-->[MfsrPrefilter_BPS0_OutputPortId2_DS4] : NumBufMgrs=2, type=CamX, heap=1, Original Immediate=0, Max=8, SelfTuned Immediate=0, Max=8, needDedicatedBuffers=0, lateBinding=1, numBatched=1, deviceCount=1, devices=23, 0, flags=0x1 width=1000, height=750, format=18, size=1572864
01-24 08:23:32.869   942 26285 I CamX    : [CORE_CFG][PPROC  ] camxipenode.cpp:11224 SetConfigIOData() node RealTimeFeatureZSLPreviewRaw_IPE19, Input, firmwarePortId 0 format 3, width 640, height 480, ubwc version 0, lossy 0, fromdownscale 0
01-24 08:23:32.869   942 26283 I CamX    : [CORE_CFG][PPROC  ] camxipenode.cpp:11224 SetConfigIOData() node RealTimeFeatureZSLPreviewRaw_IPE0, Input, firmwarePortId 2 format 18, width 50, height 38, ubwc version 0, lossy 0, fromdownscale 0
01-24 08:23:32.869   942 26283 I CamX    : [CORE_CFG][PPROC  ] camxipenode.cpp:11224 SetConfigIOData() node RealTimeFeatureZSLPreviewRaw_IPE0, Input, firmwarePortId 1 format 18, width 200, height 150, ubwc version 0, lossy 0, fromdownscale 0
01-24 08:23:32.869   942 26285 I CamX    : [CORE_CFG][PPROC  ] camxipenode.cpp:11224 SetConfigIOData() node RealTimeFeatureZSLPreviewRaw_IPE19, Output, firmwarePortId 8 format 3, width 640, height 480, ubwc version 0, lossy 0, fromdownscale 0
01-24 08:23:32.869   942 26283 I CamX    : [CORE_CFG][PPROC  ] camxipenode.cpp:11224 SetConfigIOData() node RealTimeFeatureZSLPreviewRaw_IPE0, Input, firmwarePortId 0 format 12, width 800, height 600, ubwc version 2, lossy 0, fromdownscale 0
01-24 08:23:32.869   942 26283 I CamX    : [CORE_CFG][PPROC  ] camxipenode.cpp:11224 SetConfigIOData() node RealTimeFeatureZSLPreviewRaw_IPE0, Output, firmwarePortId 8 format 13, width 800, height 600, ubwc version 2, lossy 0, fromdownscale 0
01-24 08:23:32.869   942 26283 I CamX    : [CORE_CFG][PPROC  ] camxipenode.cpp:11224 SetConfigIOData() node RealTimeFeatureZSLPreviewRaw_IPE0, Output, firmwarePortId 9 format 3, width 640, height 480, ubwc version 0, lossy 0, fromdownscale 0
01-24 08:23:32.869   942 26285 I CamX    : [CORE_CFG][PPROC  ] camxipenode.cpp:11224 SetConfigIOData() node RealTimeFeatureZSLPreviewRaw_IPE19, Output, firmwarePortId 9 format 3, width 640, height 480, ubwc version 0, lossy 0, fromdownscale 0
01-24 08:23:32.869   942 26283 I CamX    : [CORE_CFG][MEMMGR ] camxmempoolgroup.cpp:480 RegisterBufferManager() [MPG_38]-->[RealTimeFeatureZSLPreviewRaw_IPE0_OutputPortId_FullRef] : NumBufMgrs=1, type=CamX, heap=1, Original Immediate=2, Max=2, SelfTuned Immediate=0, Max=2, needDedicatedBuffers=1, lateBinding=0, numBatched=1, deviceCount=1, devices=23, 0, flags=0x9 width=800, height=600, format=12, size=1187840
01-24 08:23:32.869   942 26285 I CamX    : [CORE_CFG][MEMMGR ] camxmempoolgroup.cpp:480 RegisterBufferManager() [MPG_39]-->[RealTimeFeatureZSLPreviewRaw_IPE19_InputPortId_1] : NumBufMgrs=1, type=CamX, heap=1, Original Immediate=1, Max=1, SelfTuned Immediate=0, Max=1, needDedicatedBuffers=1, lateBinding=0, numBatched=1, deviceCount=1, devices=23, 0, flags=0x9 width=160, height=120, format=18, size=49152
01-24 08:23:32.869   942 26284 I CamX    : [CORE_CFG][PPROC  ] camxipenode.cpp:11224 SetConfigIOData() node RealTimeFeatureZSLPreviewRaw_IPE1, Input, firmwarePortId 2 format 18, width 50, height 38, ubwc version 0, lossy 0, fromdownscale 0
01-24 08:23:32.869   942 26284 I CamX    : [CORE_CFG][PPROC  ] camxipenode.cpp:11224 SetConfigIOData() node RealTimeFeatureZSLPreviewRaw_IPE1, Input, firmwarePortId 1 format 18, width 200, height 150, ubwc version 0, lossy 0, fromdownscale 0
01-24 08:23:32.869   942 26284 I CamX    : [CORE_CFG][PPROC  ] camxipenode.cpp:11224 SetConfigIOData() node RealTimeFeatureZSLPreviewRaw_IPE1, Input, firmwarePortId 0 format 12, width 800, height 600, ubwc version 2, lossy 0, fromdownscale 0
01-24 08:23:32.869   942 26284 I CamX    : [CORE_CFG][PPROC  ] camxipenode.cpp:11224 SetConfigIOData() node RealTimeFeatureZSLPreviewRaw_IPE1, Output, firmwarePortId 9 format 3, width 320, height 240, ubwc version 0, lossy 0, fromdownscale 0
01-24 08:23:32.869   942 26284 I CamX    : [CORE_CFG][PPROC  ] camxipenode.cpp:11224 SetConfigIOData() node RealTimeFeatureZSLPreviewRaw_IPE1, Output, firmwarePortId 8 format 4, width 800, height 600, ubwc version 0, lossy 0, fromdownscale 0
01-24 08:23:32.870   942 26283 I CamX    : [CORE_CFG][PPROC  ] camxipenode.cpp:11224 SetConfigIOData() node RealTimeFeatureZSLPreviewRaw_IPE0, ReferenceOutput, firmwarePortId 10 format 12, width 800, height 600, ubwc version 2, lossy 0, fromdownscale 0
01-24 08:23:32.870   942 26283 I CamX    : [CORE_CFG][PPROC  ] camxipenode.cpp:11224 SetConfigIOData() node RealTimeFeatureZSLPreviewRaw_IPE0, ReferenceInput, firmwarePortId 4 format 12, width 800, height 600, ubwc version 2, lossy 0, fromdownscale 0
01-24 08:23:32.870   942 26296 I CamX    : [CORE_CFG][CORE   ] camxnode.cpp:803 InitializeSourcePortBufferFormat() Topology: Node::MfsrPostFilter_IPE3 has a source port id 0 using format 12 dim 4000x3000, stream 0xb400007b75ce9470
01-24 08:23:32.870   942 26283 I CamX    : [CORE_CFG][MEMMGR ] camxmempoolgroup.cpp:480 RegisterBufferManager() [MPG_40]-->[RealTimeFeatureZSLPreviewRaw_IPE0_OutputPortId_Ds4Ref] : NumBufMgrs=1, type=CamX, heap=1, Original Immediate=2, Max=2, SelfTuned Immediate=0, Max=2, needDedicatedBuffers=1, lateBinding=0, numBatched=1, deviceCount=1, devices=23, 0, flags=0x9 width=200, height=150, format=18, size=98304
01-24 08:23:32.870   942 26296 I CamX    : [CORE_CFG][CORE   ] camxnode.cpp:803 InitializeSourcePortBufferFormat() Topology: Node::MfsrPostFilter_IPE3 has a source port id 1 using format 18 dim 1000x750, stream 0xb400007b75ce0640
01-24 08:23:32.870   942 26296 I CamX    : [CORE_CFG][MEMMGR ] camxnode.cpp:8181 CreateBufferManagers() BufferMgrCreate ,[MfsrPostFilter_IPE3_OutputPortId9_Video] width=4000, height=3000, format=12, stride 5376 scanline 3008 GetTotalSize 24403968
01-24 08:23:32.870   942 26296 I CamX    : [CORE_CFG][MEMMGR ] camxnode.cpp:8181 CreateBufferManagers() BufferMgrCreate ,[MfsrPostFilter_IPE3_OutputPortId9_Video] width=4000, height=3000, format=12, stride 5376 scanline 1504 GetTotalSize 24403968
01-24 08:23:32.870   942 26296 I CamX    : [CORE_CFG][CORE   ] camxpipeline.h:2985 SetPipelineStatus() MfsrPostFilter_0 status is now PipelineStatus::BUFFER_PROPERTIES_FINALIZED
01-24 08:23:32.870   942 26283 I CamX    : [CORE_CFG][PPROC  ] camxipenode.cpp:11224 SetConfigIOData() node RealTimeFeatureZSLPreviewRaw_IPE0, ReferenceOutput, firmwarePortId 11 format 18, width 200, height 150, ubwc version 0, lossy 0, fromdownscale 0
01-24 08:23:32.870   942 26283 I CamX    : [CORE_CFG][PPROC  ] camxipenode.cpp:11224 SetConfigIOData() node RealTimeFeatureZSLPreviewRaw_IPE0, ReferenceInput, firmwarePortId 5 format 18, width 200, height 150, ubwc version 0, lossy 0, fromdownscale 0
01-24 08:23:32.870   942 26283 I CamX    : [CORE_CFG][MEMMGR ] camxmempoolgroup.cpp:480 RegisterBufferManager() [MPG_41]-->[RealTimeFeatureZSLPreviewRaw_IPE0_OutputPortId_DS16Ref] : NumBufMgrs=1, type=CamX, heap=1, Original Immediate=2, Max=2, SelfTuned Immediate=0, Max=2, needDedicatedBuffers=1, lateBinding=0, numBatched=1, deviceCount=1, devices=23, 0, flags=0x9 width=50, height=38, format=18, size=16384
01-24 08:23:32.870   942 26283 I CamX    : [CORE_CFG][PPROC  ] camxipenode.cpp:11224 SetConfigIOData() node RealTimeFeatureZSLPreviewRaw_IPE0, ReferenceOutput, firmwarePortId 12 format 18, width 50, height 38, ubwc version 0, lossy 0, fromdownscale 0
01-24 08:23:32.870   942 26283 I CamX    : [CORE_CFG][PPROC  ] camxipenode.cpp:11224 SetConfigIOData() node RealTimeFeatureZSLPreviewRaw_IPE0, ReferenceInput, firmwarePortId 6 format 18, width 50, height 38, ubwc version 0, lossy 0, fromdownscale 0
01-24 08:23:32.870   942 26282 W CamX    : [ WARN][STATS_AEC] camxcaecstatsprocessor.cpp:356 Initialize() UseCasePool FPS Range: pData[0]:0x0 not published
01-24 08:23:32.870   942 26282 W CamX    : [ WARN][STATS_AEC] camxaecengine.cpp:1808 StartStreaming() Invalid warm start values: sensitivity: 0.000000 0.000000 0.000000
01-24 08:23:32.870   942 26282 E CamX    : [ERROR][STATS_AEC] caecxhistory.cpp:119: GetInternalFrameHistory Frame History: No start configuration! returning NULL
01-24 08:23:32.870   942 26282 W CamX    : [ WARN][STATS_AEC] camxcaecstatsprocessor.cpp:3317 PopulatePropPoolFrameControl() Invalid exposure parameters: gain: 0.000000, exposureTime: 0
01-24 08:23:32.870   942 26282 W CamX    : [ WARN][STATS  ] camxstatscommon.cpp:698 Get3ASyncType() Failed to retrieve 3A Sync tag for Node:RealTimeFeatureZSLPreviewRaw_Stats0
01-24 08:23:32.870   942 26295 I CamX    : [CORE_CFG][MEMMGR ] camxmempoolgroup.cpp:480 RegisterBufferManager() [MPG_37]-->[MfsrBlend_BPS1_OutputPortId7_Reg1] : NumBufMgrs=2, type=CamX, heap=1, Original Immediate=0, Max=7, SelfTuned Immediate=0, Max=7, needDedicatedBuffers=0, lateBinding=1, numBatched=1, deviceCount=1, devices=23, 0, flags=0x9 width=1920, height=1440, format=3, size=4147200
01-24 08:23:32.870   942 26285 I CamX    : [CORE_CFG][PPROC  ] camxipenode.cpp:11224 SetConfigIOData() node RealTimeFeatureZSLPreviewRaw_IPE19, DownscaleInput, firmwarePortId 1 format 18, width 160, height 120, ubwc version 0, lossy 0, fromdownscale 1
01-24 08:23:32.870   942 26295 I CamX    : [CORE_CFG][MEMMGR ] camxnode.cpp:8181 CreateBufferManagers() BufferMgrCreate ,[MfsrBlend_BPS1_OutputPortId2_DS4] width=1000, height=750, format=18, stride 4096 scanline 384 GetTotalSize 1572864
01-24 08:23:32.870   942 26295 I CamX    : [CORE_CFG][MEMMGR ] camxmempoolgroup.cpp:480 RegisterBufferManager() [MPG_36]-->[MfsrBlend_BPS1_OutputPortId2_DS4] : NumBufMgrs=3, type=CamX, heap=1, Original Immediate=0, Max=7, SelfTuned Immediate=0, Max=7, needDedicatedBuffers=0, lateBinding=1, numBatched=1, deviceCount=1, devices=23, 0, flags=0x1 width=1000, height=750, format=18, size=1572864
01-24 08:23:32.871   942 26295 I CamX    : [CORE_CFG][MEMMGR ] camxnode.cpp:8181 CreateBufferManagers() BufferMgrCreate ,[MfsrBlend_BPS1_OutputPortId3_DS16] width=250, height=188, format=18, stride 1280 scanline 96 GetTotalSize 122880
01-24 08:23:32.871   942 26295 I CamX    : [CORE_CFG][MEMMGR ] camxmempoolgroup.cpp:480 RegisterBufferManager() [MPG_21]-->[MfsrBlend_BPS1_OutputPortId3_DS16] : NumBufMgrs=3, type=CamX, heap=1, Original Immediate=0, Max=7, SelfTuned Immediate=0, Max=7, needDedicatedBuffers=0, lateBinding=1, numBatched=1, deviceCount=1, devices=23, 0, flags=0x1 width=250, height=188, format=18, size=122880
01-24 08:23:32.871   942 26295 I CamX    : [CORE_CFG][MEMMGR ] camxnode.cpp:8181 CreateBufferManagers() BufferMgrCreate ,[MfsrBlend_BPS1_OutputPortId4_DS64] width=64, height=48, format=18, stride 512 scanline 32 GetTotalSize 16384
01-24 08:23:32.871   942 26295 I CamX    : [CORE_CFG][MEMMGR ] camxmempoolgroup.cpp:480 RegisterBufferManager() [MPG_0]-->[MfsrBlend_BPS1_OutputPortId4_DS64] : NumBufMgrs=3, type=CamX, heap=1, Original Immediate=0, Max=7, SelfTuned Immediate=0, Max=7, needDedicatedBuffers=0, lateBinding=1, numBatched=1, deviceCount=1, devices=23, 0, flags=0x1 width=64, height=48, format=18, size=16384
01-24 08:23:32.871   942 26295 I CamX    : [CORE_CFG][MEMMGR ] camxnode.cpp:8181 CreateBufferManagers() BufferMgrCreate ,[MfsrBlend_CVP1_OutputPortId1_OutputData] width=40000, height=1, format=6, stride 40000 scanline 1 GetTotalSize 40960
01-24 08:23:32.871   942 26295 W CamX    : [ WARN][FORMAT ] camximageformatmapper.cpp:786 FillImageFormatInfo() format 14 is not supported by Gralloc, use internal calc
01-24 08:23:32.871   942 26295 I chatty  : uid=1047(cameraserver) provider@2.4-se identical 1 line
01-24 08:23:32.871   942 26295 W CamX    : [ WARN][FORMAT ] camximageformatmapper.cpp:786 FillImageFormatInfo() format 14 is not supported by Gralloc, use internal calc
01-24 08:23:32.871   942 26295 I CamX    : [CORE_CFG][MEMMGR ] camxnode.cpp:8181 CreateBufferManagers() BufferMgrCreate ,[MfsrBlend_CVP1_OutputPortId2_OutputImage] width=2048, height=1440, format=14, stride 2048 scanline 1440 GetTotalSize 4460544
01-24 08:23:32.871   942 26295 I CamX    : [CORE_CFG][MEMMGR ] camxnode.cpp:8181 CreateBufferManagers() BufferMgrCreate ,[MfsrBlend_CVP1_OutputPortId2_OutputImage] width=2048, height=1440, format=14, stride 2048 scanline 720 GetTotalSize 4460544
01-24 08:23:32.871   942 26295 I CamX    : [CORE_CFG][CORE   ] camxpipeline.h:2985 SetPipelineStatus() MfsrBlend_0 status is now PipelineStatus::BUFFER_PROPERTIES_FINALIZED
01-24 08:23:32.872   942 26286 I CamX    : [CORE_CFG][CSL    ] camxcslhw.cpp:967 CSLAcquireDeviceHW() DeviceAcquired: Name=CSLHwICP phDevice=11796740 name:/dev/v4l-subdev34 dIndex 23 hIndex 4 sessionName RealTimeFeatureZSLPreviewRaw
01-24 08:23:32.874   942 26284 I CamX    : [CORE_CFG][CSL    ] camxcslhw.cpp:967 CSLAcquireDeviceHW() DeviceAcquired: Name=CSLHwICP phDevice=13566213 name:/dev/v4l-subdev34 dIndex 23 hIndex 5 sessionName RealTimeFeatureZSLPreviewRaw
01-24 08:23:32.875   942 26282 W CamX    : [ WARN][STATS  ] camxstatscommon.cpp:698 Get3ASyncType() Failed to retrieve 3A Sync tag for Node:RealTimeFeatureZSLPreviewRaw_AWB0
01-24 08:23:32.868   942 26294 I CamX    : [CORE_CFG][MEMMGR ] camxnode.cpp:8181 CreateBufferManagers() BufferMgrCreate ,[MfsrPrefilter_BPS0_OutputPortId3_DS16] width=250, height=188, format=18, stride 1280 scanline 96 GetTotalSize 122880
01-24 08:23:32.875   942 26294 I CamX    : [CORE_CFG][MEMMGR ] camxmempoolgroup.cpp:480 RegisterBufferManager() [MPG_21]-->[MfsrPrefilter_BPS0_OutputPortId3_DS16] : NumBufMgrs=4, type=CamX, heap=1, Original Immediate=0, Max=8, SelfTuned Immediate=0, Max=8, needDedicatedBuffers=0, lateBinding=1, numBatched=1, deviceCount=1, devices=23, 0, flags=0x1 width=250, height=188, format=18, size=122880
01-24 08:23:32.875   942 26294 I CamX    : [CORE_CFG][MEMMGR ] camxnode.cpp:8181 CreateBufferManagers() BufferMgrCreate ,[MfsrPrefilter_BPS0_OutputPortId4_DS64] width=64, height=48, format=18, stride 512 scanline 32 GetTotalSize 16384
01-24 08:23:32.875   942 26294 I CamX    : [CORE_CFG][MEMMGR ] camxmempoolgroup.cpp:480 RegisterBufferManager() [MPG_0]-->[MfsrPrefilter_BPS0_OutputPortId4_DS64] : NumBufMgrs=4, type=CamX, heap=1, Original Immediate=0, Max=8, SelfTuned Immediate=0, Max=8, needDedicatedBuffers=0, lateBinding=1, numBatched=1, deviceCount=1, devices=23, 0, flags=0x1 width=64, height=48, format=18, size=16384
01-24 08:23:32.875   942 26294 I CamX    : [CORE_CFG][MEMMGR ] camxnode.cpp:8181 CreateBufferManagers() BufferMgrCreate ,[MfsrPrefilter_CVP0_OutputPortId1_OutputData] width=40000, height=1, format=6, stride 40000 scanline 1 GetTotalSize 40960
01-24 08:23:32.875   942 26294 W CamX    : [ WARN][FORMAT ] camximageformatmapper.cpp:786 FillImageFormatInfo() format 14 is not supported by Gralloc, use internal calc
01-24 08:23:32.875   942 26294 I chatty  : uid=1047(cameraserver) provider@2.4-se identical 1 line
01-24 08:23:32.875   942 26294 W CamX    : [ WARN][FORMAT ] camximageformatmapper.cpp:786 FillImageFormatInfo() format 14 is not supported by Gralloc, use internal calc
01-24 08:23:32.875   942 26294 I CamX    : [CORE_CFG][MEMMGR ] camxnode.cpp:8181 CreateBufferManagers() BufferMgrCreate ,[MfsrPrefilter_CVP0_OutputPortId2_OutputImage] width=2048, height=1440, format=14, stride 2048 scanline 1440 GetTotalSize 4460544
01-24 08:23:32.875   942 26294 I CamX    : [CORE_CFG][MEMMGR ] camxnode.cpp:8181 CreateBufferManagers() BufferMgrCreate ,[MfsrPrefilter_CVP0_OutputPortId2_OutputImage] width=2048, height=1440, format=14, stride 2048 scanline 720 GetTotalSize 4460544
01-24 08:23:32.875   942 26294 I CamX    : [CORE_CFG][CORE   ] camxpipeline.h:2985 SetPipelineStatus() MfsrPrefilter_0 status is now PipelineStatus::BUFFER_PROPERTIES_FINALIZED
01-24 08:23:32.875   942   942 I CamX    : [CORE_CFG][CORE   ] camxsession.cpp:2396 Initialize() Session (0xb400007abce83040) Initialized MfsrPrefilter, MfsrBlend, MfsrPostFilter
01-24 08:23:32.875   942   942 I CHIUSECASE: [CORE_CFG ] chifeature2base.cpp:9738 CreateTargetBufferManagers() Pipeline[MfsrPrefilter][0], port:Prefilter_UBWC_OUT port idx:0, Create CHI buffers, chistream:0xb400007b75cf52c0, format:2141391881, w x h: 4000 x 3000 usage 20022 prd flags 20000 cons flags 40000Min:0 Max:2
01-24 08:23:32.875   942   942 I CamX    : [CORE_CFG][MEMMGR ] camxmempoolgroup.cpp:480 RegisterBufferManager() [MPG_22]-->[PortTargetBuffer_MFSR:Prefilter_UBWC_OUT_0] : NumBufMgrs=7, type=CHI, heap=1, Original Immediate=0, Max=2, SelfTuned Immediate=0, Max=2, needDedicatedBuffers=0, lateBinding=1, numBatched=1, deviceCount=0, devices=0, 0, flags=0x18 width=4000, height=3000, format=12, size=24403968
01-24 08:23:32.876   942   942 I CHIUSECASE: [CORE_CFG ] chifeature2base.cpp:9738 CreateTargetBufferManagers() Pipeline[MfsrPrefilter][0], port:Prefilter_PD10DS4_OUT port idx:1, Create CHI buffers, chistream:0xb400007b75cf15f0, format:2141391880, w x h: 1000 x 750 usage 20022 prd flags 20000 cons flags 40000Min:0 Max:2
01-24 08:23:32.876   942   942 I CamX    : [CORE_CFG][MEMMGR ] camxmempoolgroup.cpp:480 RegisterBufferManager() [MPG_36]-->[PortTargetBuffer_MFSR:Prefilter_PD10DS4_OUT_0] : NumBufMgrs=4, type=CHI, heap=1, Original Immediate=0, Max=2, SelfTuned Immediate=0, Max=2, needDedicatedBuffers=0, lateBinding=1, numBatched=1, deviceCount=0, devices=0, 0, flags=0x18 width=1000, height=750, format=18, size=1572864
01-24 08:23:32.876   942   942 I CHIUSECASE: [CORE_CFG ] chifeature2base.cpp:9738 CreateTargetBufferManagers() Pipeline[MfsrPrefilter][0], port:Prefilter_PD10DS16_OUT port idx:2, Create CHI buffers, chistream:0xb400007b75cf4840, format:2141391880, w x h: 250 x 188 usage 20022 prd flags 20000 cons flags 40000Min:0 Max:2
01-24 08:23:32.876   942   942 I CamX    : [CORE_CFG][MEMMGR ] camxmempoolgroup.cpp:480 RegisterBufferManager() [MPG_21]-->[PortTargetBuffer_MFSR:Prefilter_PD10DS16_OUT_0] : NumBufMgrs=5, type=CHI, heap=1, Original Immediate=0, Max=2, SelfTuned Immediate=0, Max=2, needDedicatedBuffers=0, lateBinding=1, numBatched=1, deviceCount=0, devices=0, 0, flags=0x18 width=250, height=188, format=18, size=122880
01-24 08:23:32.876   942   942 I CHIUSECASE: [CORE_CFG ] chifeature2base.cpp:9738 CreateTargetBufferManagers() Pipeline[MfsrPrefilter][0], port:Prefilter_PD10DS64_OUT port idx:3, Create CHI buffers, chistream:0xb400007b75cef440, format:2141391880, w x h: 64 x 48 usage 20022 prd flags 20000 cons flags 40000Min:0 Max:2
01-24 08:23:32.876   942 26283 I CamX    : [CORE_CFG][CSL    ] camxcslhw.cpp:967 CSLAcquireDeviceHW() DeviceAcquired: Name=CSLHwICP phDevice=12714246 name:/dev/v4l-subdev34 dIndex 23 hIndex 6 sessionName RealTimeFeatureZSLPreviewRaw
01-24 08:23:32.876   942   942 I CamX    : [CORE_CFG][MEMMGR ] camxmempoolgroup.cpp:480 RegisterBufferManager() [MPG_0]-->[PortTargetBuffer_MFSR:Prefilter_PD10DS64_OUT_0] : NumBufMgrs=5, type=CHI, heap=1, Original Immediate=0, Max=2, SelfTuned Immediate=0, Max=2, needDedicatedBuffers=0, lateBinding=1, numBatched=1, deviceCount=0, devices=0, 0, flags=0x18 width=64, height=48, format=18, size=16384
01-24 08:23:32.876   942   942 I CHIUSECASE: [CORE_CFG ] chifeature2base.cpp:9738 CreateTargetBufferManagers() Pipeline[MfsrPrefilter][0], port:Prefilter_UBWCNV12-4R_OUT port idx:4, Create CHI buffers, chistream:0xb400007b75cf2850, format:40, w x h: 1920 x 1440 usage 20022 prd flags 20000 cons flags 40000Min:0 Max:2
01-24 08:23:32.876   942   942 W CamX    : [ WARN][FORMAT ] camximageformatmapper.cpp:786 FillImageFormatInfo() format 14 is not supported by Gralloc, use internal calc
01-24 08:23:32.876   942   942 I CamX    : [CORE_CFG][MEMMGR ] camxmempoolgroup.cpp:480 RegisterBufferManager() [MPG_42]-->[PortTargetBuffer_MFSR:Prefilter_UBWCNV12-4R_OUT_0] : NumBufMgrs=1, type=CHI, heap=1, Original Immediate=0, Max=2, SelfTuned Immediate=0, Max=2, needDedicatedBuffers=0, lateBinding=1, numBatched=1, deviceCount=0, devices=0, 0, flags=0x18 width=1920, height=1440, format=14, size=4460544
01-24 08:23:32.876   942   942 I CHIUSECASE: [CORE_CFG ] chifeature2base.cpp:9738 CreateTargetBufferManagers() Pipeline[MfsrPrefilter][0], port:Prefilter_DMECONTEXT_OUT port idx:6, Create CHI buffers, chistream:0xb400007b75ce8210, format:33, w x h: 4000 x 3000 usage 20022 prd flags 20000 cons flags 40000Min:0 Max:2
01-24 08:23:32.876   942   942 I CamX    : [CORE_CFG][MEMMGR ] camxmempoolgroup.cpp:480 RegisterBufferManager() [MPG_19]-->[PortTargetBuffer_MFSR:Prefilter_DMECONTEXT_OUT_0] : NumBufMgrs=2, type=CHI, heap=1, Original Immediate=0, Max=2, SelfTuned Immediate=0, Max=2, needDedicatedBuffers=0, lateBinding=1, numBatched=1, deviceCount=0, devices=0, 0, flags=0x18 width=4000, height=3000, format=6, size=12001280
01-24 08:23:32.876   942   942 I CHIUSECASE: [CORE_CFG ] chifeature2base.cpp:9738 CreateTargetBufferManagers() Pipeline[MfsrBlend][1], port:Blend_UBWC_OUT port idx:0, Create CHI buffers, chistream:0xb400007b75cee800, format:2141391881, w x h: 4000 x 3000 usage 20022 prd flags 20000 cons flags 40000Min:0 Max:3
01-24 08:23:32.876   942   942 I CamX    : [CORE_CFG][MEMMGR ] camxmempoolgroup.cpp:480 RegisterBufferManager() [MPG_22]-->[PortTargetBuffer_MFSR:Blend_UBWC_OUT_1] : NumBufMgrs=8, type=CHI, heap=1, Original Immediate=0, Max=3, SelfTuned Immediate=0, Max=3, needDedicatedBuffers=0, lateBinding=1, numBatched=1, deviceCount=0, devices=0, 0, flags=0x18 width=4000, height=3000, format=12, size=24403968
01-24 08:23:32.876   942   942 I CHIUSECASE: [CORE_CFG ] chifeature2base.cpp:9738 CreateTargetBufferManagers() Pipeline[MfsrBlend][1], port:Blend_PD10DS4_OUT port idx:1, Create CHI buffers, chistream:0xb400007b75cf2620, format:2141391880, w x h: 1000 x 750 usage 20022 prd flags 20000 cons flags 40000Min:0 Max:3
01-24 08:23:32.876   942   942 I CamX    : [CORE_CFG][MEMMGR ] camxmempoolgroup.cpp:480 RegisterBufferManager() [MPG_36]-->[PortTargetBuffer_MFSR:Blend_PD10DS4_OUT_1] : NumBufMgrs=5, type=CHI, heap=1, Original Immediate=0, Max=3, SelfTuned Immediate=0, Max=3, needDedicatedBuffers=0, lateBinding=1, numBatched=1, deviceCount=0, devices=0, 0, flags=0x18 width=1000, height=750, format=18, size=1572864
01-24 08:23:32.876   942   942 I CHIUSECASE: [CORE_CFG ] chifeature2base.cpp:9738 CreateTargetBufferManagers() Pipeline[MfsrBlend][1], port:Blend_UBWCNV12-4R_OUT port idx:3, Create CHI buffers, chistream:0xb400007b75cf1f20, format:40, w x h: 1920 x 1440 usage 20022 prd flags 20000 cons flags 40000Min:0 Max:3
01-24 08:23:32.876   942   942 W CamX    : [ WARN][FORMAT ] camximageformatmapper.cpp:786 FillImageFormatInfo() format 14 is not supported by Gralloc, use internal calc
01-24 08:23:32.876   942   942 I CamX    : [CORE_CFG][MEMMGR ] camxmempoolgroup.cpp:480 RegisterBufferManager() [MPG_42]-->[PortTargetBuffer_MFSR:Blend_UBWCNV12-4R_OUT_1] : NumBufMgrs=2, type=CHI, heap=1, Original Immediate=0, Max=3, SelfTuned Immediate=0, Max=3, needDedicatedBuffers=0, lateBinding=1, numBatched=1, deviceCount=0, devices=0, 0, flags=0x18 width=1920, height=1440, format=14, size=4460544
01-24 08:23:32.876   942   942 I CHIUSECASE: [CORE_CFG ] chifeature2base.cpp:9738 CreateTargetBufferManagers() Pipeline[MfsrBlend][1], port:Blend_DMECONTEXT_OUT port idx:4, Create CHI buffers, chistream:0xb400007b75ce13d0, format:33, w x h: 4000 x 3000 usage 20022 prd flags 20000 cons flags 40000Min:0 Max:3
01-24 08:23:32.876   942   942 I CamX    : [CORE_CFG][MEMMGR ] camxmempoolgroup.cpp:480 RegisterBufferManager() [MPG_19]-->[PortTargetBuffer_MFSR:Blend_DMECONTEXT_OUT_1] : NumBufMgrs=3, type=CHI, heap=1, Original Immediate=0, Max=3, SelfTuned Immediate=0, Max=3, needDedicatedBuffers=0, lateBinding=1, numBatched=1, deviceCount=0, devices=0, 0, flags=0x18 width=4000, height=3000, format=6, size=12001280
01-24 08:23:32.876   935  1070 E minksocket: MinkIPC_QRTR_Service: client with node 1 port 4b45 went down
01-24 08:23:32.876   942   942 I CHIUSECASE: [CORE_CFG ] chifeature2base.cpp:9738 CreateTargetBufferManagers() Pipeline[MfsrPostFilter][2], port:MFSR_Postfilter_YUV_OUT port idx:0, Create CHI buffers, chistream:0xb400007b75cef130, format:2141391881, w x h: 4000 x 3000 usage 20000 prd flags 20000 cons flags 40000Min:0 Max:3
01-24 08:23:32.876   942   942 I CamX    : [CORE_CFG][MEMMGR ] camxmempoolgroup.cpp:480 RegisterBufferManager() [MPG_22]-->[PortTargetBuffer_MFSR:MFSR_Postfilter_YUV_OUT_2] : NumBufMgrs=9, type=CHI, heap=1, Original Immediate=0, Max=3, SelfTuned Immediate=0, Max=3, needDedicatedBuffers=0, lateBinding=1, numBatched=1, deviceCount=0, devices=0, 0, flags=0x0 width=4000, height=3000, format=12, size=24403968
01-24 08:23:32.876   942   942 W CHIUSECASE: [WARN   ] chifeature2base.cpp:14426 SetChiStreamInfo() MFSR: Not Supported : 0xb400007b75ce1980
01-24 08:23:32.876   942   942 I chatty  : uid=1047(cameraserver) provider@2.4-se identical 8 lines
01-24 08:23:32.876   942   942 W CHIUSECASE: [WARN   ] chifeature2base.cpp:14426 SetChiStreamInfo() MFSR: Not Supported : 0xb400007b75ce1980
01-24 08:23:32.876   942   942 W CHIUSECASE: [WARN   ] chifeature2base.cpp:14426 SetChiStreamInfo() MFSR: Not Supported : 0xb400007b75cf7780
01-24 08:23:32.876   942   942 I CHIUSECASE: [CORE_CFG ] chifeature2featurepool.cpp:1003 FinalizeFeatureInstances() [MFSR:4] Output Port {0, 2, 0} influences [Serializer:0] Input Port {0, 0, 2}(Fmt: 0x7fa30c09 [4000 x 3000])
01-24 08:23:32.876   942   942 W CHIUSECASE: [WARN   ] chifeature2base.cpp:14426 SetChiStreamInfo() RawHDR: Not Supported : 0xb400007b75cea740
01-24 08:23:32.876   942   942 I CHIUSECASE: [CORE_CFG ] chifeature2base.cpp:9738 CreateTargetBufferManagers() Pipeline[Serializer][0], port:Serializer_RDI_Out0 port idx:0, Create CHI buffers, chistream:0xb400007b75cdfa70, format:35, w x h: 4000 x 3000 usage 20022 prd flags 0 cons flags 0Min:0 Max:0
01-24 08:23:32.876   942   942 I CamX    : [CORE_CFG][MEMMGR ] camxmempoolgroup.cpp:480 RegisterBufferManager() [MPG_43]-->[PortTargetBuffer_Serializer:Serializer_RDI_Out0_0] : NumBufMgrs=1, type=CHI, heap=1, Original Immediate=0, Max=0, SelfTuned Immediate=0, Max=0, needDedicatedBuffers=1, lateBinding=1, numBatched=1, deviceCount=0, devices=0, 0, flags=0x18 width=4000, height=3000, format=3, size=18321408
01-24 08:23:32.876   942   942 I CHIUSECASE: [CORE_CFG ] chifeature2base.cpp:9651 CreateTargetBufferManagers() metamanagerName:MetaTargetBuffer_Serializer_Serializer_Output_Metadata0 pMetaPortTBM:0xb400007c05c9cd30
01-24 08:23:32.877   942   942 I CHIUSECASE: [CORE_CFG ] chifeature2featurepool.cpp:1003 FinalizeFeatureInstances() [Serializer:0] Output Port {0, 0, 0} influences [HDR:4] Input Port {0, 0, 0}(Fmt: 0x23 [4000 x 3000])
01-24 08:23:32.877   942   942 I CHIUSECASE: [CORE_CFG ] chifeature2featurepool.cpp:1003 FinalizeFeatureInstances() [Serializer:0] Output Port {0, 0, 0} influences [HDR:8] Input Port {0, 0, 0}(Fmt: 0x23 [4000 x 3000])
01-24 08:23:32.877   942   942 W CHIUSECASE: [WARN   ] chifeature2base.cpp:14426 SetChiStreamInfo() Bayer2Yuv: Not Supported : 0xb400007b75cef3d0
01-24 08:23:32.877   942   942 W CHIUSECASE: [WARN   ] chifeature2base.cpp:14426 SetChiStreamInfo() Bayer2Yuv: Not Supported : 0xb400007b75ce34a0
