2018-12-07 15:25:01.597 731-6950/? E/CHIUSECASE: [CONFIG ] chxfeaturezsl.cpp:858 RequestThreadProcessing() Waiting for RDI/Meta of zslInputFrameNumber 106, requestIdIndex: 106, requestFrameIndex: 106 for triggering snapshot request
2018-12-07 15:25:01.599 731-1762/? E/CamX: [ERROR][STATS  ] camxstatscommon.cpp:646 ReadVendorTag() org.codeaurora.qcamera3.ADRC: disable tag not defined
2018-12-07 15:25:01.611 731-1766/? W/CamX: [ WARN][STATS  ] camxafinterface.cpp:207 AFGetParam() Number of unsupported AF Param types 2
2018-12-07 15:25:01.611 6892-6970/com.jian.detectx.lahaina.debug I/Yolov5_Jian_JNI: [Profiling] Inference: 21 ms
2018-12-07 15:25:01.612 731-1765/? E/CamX: [ERROR][CPP    ] camxbpsnode.cpp:1689 GetFaceROI() Face ROI is not published
2018-12-07 15:25:01.621 6892-6970/com.jian.detectx.lahaina.debug I/Yolov5_Jian_JNI: [Profiling] Proposal generation: 10 ms
2018-12-07 15:25:01.621 6892-6970/com.jian.detectx.lahaina.debug I/Yolov5_Jian_JNI: 0 proposals generated
2018-12-07 15:25:01.621 6892-6970/com.jian.detectx.lahaina.debug I/Yolov5_Jian_JNI: [Profiling] NMS: 0 ms
2018-12-07 15:25:01.621 6892-6970/com.jian.detectx.lahaina.debug D/Jian_JNI: detected objects : 0
2018-12-07 15:25:01.621 6892-6970/com.jian.detectx.lahaina.debug D/Jian_Java_MainActivity: detected object:0
2018-12-07 15:25:01.622 731-1765/? E/CamX: [ERROR][STATS_AWB] camxcawbmain.cpp:917: AWBProcess Invalid StatsDataPointer input!
2018-12-07 15:25:01.623 731-1764/? E/CamX: [ERROR][STATS  ] camxstatscommon.cpp:646 ReadVendorTag() org.codeaurora.qcamera3.ADRC: disable tag not defined
2018-12-07 15:25:01.628 6981-6981/? A/linker: CANNOT LINK EXECUTABLE "/vendor/bin/hw/vendor.qti.hardware.scve.objecttracker@1.0-service": library "libscveCommon.so" not found
2018-12-07 15:25:01.633 731-1766/? W/CHIUSECASE: [WARN   ] chxadvancedcamerausecase.cpp:1845 UpdateBufferReadyForRDIQueue() released framenumber :97,framenumber:106, buffer handle is used or released
2018-12-07 15:25:01.633 731-6950/? E/CHIUSECASE: [CONFIG ] chxfeaturezsl.cpp:960 RequestThreadProcessing() Sending ZSL snapshot requestIdIndex:106, requestFrameIndex:106, frameNumber:106 for RDI frame:106, request:106 metadata:0x77b0fef980 count 196
2018-12-07 15:25:01.634 731-6950/? E/CHIUSECASE: [CONFIG ] chxfeaturezsl.cpp:858 RequestThreadProcessing() Waiting for RDI/Meta of zslInputFrameNumber 107, requestIdIndex: 107, requestFrameIndex: 107 for triggering snapshot request
2018-12-07 15:25:01.637 6892-6970/com.jian.detectx.lahaina.debug I/Yolov5_Jian_JNI: jiache >>> before preprocess2 >>> 
2018-12-07 15:25:01.642 731-1764/? E/CamX: [ERROR][CPP    ] camxbpsnode.cpp:1689 GetFaceROI() Face ROI is not published
2018-12-07 15:25:01.644 731-1766/? W/CamX: [ WARN][STATS  ] camxafinterface.cpp:207 AFGetParam() Number of unsupported AF Param types 2
2018-12-07 15:25:01.653 6892-6970/com.jian.detectx.lahaina.debug I/Yolov5_Jian_JNI: jiache >>> after preprocess2 >>> 
2018-12-07 15:25:01.653 6892-6970/com.jian.detectx.lahaina.debug I/Yolov5_Jian_JNI: [Profiling] Pre-processing: 16 ms
2018-12-07 15:25:01.654 6982-6982/? A/linker: CANNOT LINK EXECUTABLE "/vendor/bin/hw/vendor.qti.hardware.scve.panorama@1.0-service": library "libscveCommon.so" not found
2018-12-07 15:25:01.656 731-1765/? E/CamX: [ERROR][STATS_AWB] camxcawbmain.cpp:917: AWBProcess Invalid StatsDataPointer input!
2018-12-07 15:25:01.659 731-1762/? E/CamX: [ERROR][STATS  ] camxstatscommon.cpp:646 ReadVendorTag() org.codeaurora.qcamera3.ADRC: disable tag not defined
2018-12-07 15:25:01.663 731-1764/? W/CHIUSECASE: [WARN   ] chxadvancedcamerausecase.cpp:1845 UpdateBufferReadyForRDIQueue() released framenumber :98,framenumber:107, buffer handle is used or released
2018-12-07 15:25:01.664 731-6950/? E/CHIUSECASE: [CONFIG ] chxfeaturezsl.cpp:960 RequestThreadProcessing() Sending ZSL snapshot requestIdIndex:107, requestFrameIndex:107, frameNumber:107 for RDI frame:107, request:107 metadata:0x77b0fefc00 count 196
2018-12-07 15:25:01.664 731-6950/? E/CHIUSECASE: [CONFIG ] chxfeaturezsl.cpp:858 RequestThreadProcessing() Waiting for RDI/Meta of zslInputFrameNumber 108, requestIdIndex: 108, requestFrameIndex: 108 for triggering snapshot request
2018-12-07 15:25:01.672 731-1762/? E/CamX: [ERROR][CPP    ] camxbpsnode.cpp:1689 GetFaceROI() Face ROI is not published
2018-12-07 15:25:01.673 731-1765/? W/CamX: [ WARN][STATS  ] camxafinterface.cpp:207 AFGetParam() Number of unsupported AF Param types 2
2018-12-07 15:25:01.675 6892-6970/com.jian.detectx.lahaina.debug I/Yolov5_Jian_JNI: [Profiling] Inference: 21 ms
2018-12-07 15:25:01.686 6892-6970/com.jian.detectx.lahaina.debug I/Yolov5_Jian_JNI: [Profiling] Proposal generation: 11 ms
2018-12-07 15:25:01.686 6892-6970/com.jian.detectx.lahaina.debug I/Yolov5_Jian_JNI: 0 proposals generated
2018-12-07 15:25:01.686 6892-6970/com.jian.detectx.lahaina.debug I/Yolov5_Jian_JNI: [Profiling] NMS: 0 ms
2018-12-07 15:25:01.686 6892-6970/com.jian.detectx.lahaina.debug D/Jian_JNI: detected objects : 0
2018-12-07 15:25:01.687 6892-6970/com.jian.detectx.lahaina.debug D/Jian_Java_MainActivity: detected object:0
2018-12-07 15:25:01.689 731-1762/? E/CamX: [ERROR][STATS_AWB] camxcawbmain.cpp:917: AWBProcess Invalid StatsDataPointer input!
2018-12-07 15:25:01.690 731-1767/? E/CamX: [ERROR][STATS  ] camxstatscommon.cpp:646 ReadVendorTag() org.codeaurora.qcamera3.ADRC: disable tag not defined
2018-12-07 15:25:01.702 731-1762/? W/CHIUSECASE: [WARN   ] chxadvancedcamerausecase.cpp:1845 UpdateBufferReadyForRDIQueue() released framenumber :99,framenumber:108, buffer handle is used or released
2018-12-07 15:25:01.702 731-6950/? E/CHIUSECASE: [CONFIG ] chxfeaturezsl.cpp:960 RequestThreadProcessing() Sending ZSL snapshot requestIdIndex:108, requestFrameIndex:108, frameNumber:108 for RDI frame:108, request:108 metadata:0x77b0fefe80 count 196
2018-12-07 15:25:01.702 731-6950/? E/CHIUSECASE: [CONFIG ] chxfeaturezsl.cpp:858 RequestThreadProcessing() Waiting for RDI/Meta of zslInputFrameNumber 109, requestIdIndex: 109, requestFrameIndex: 109 for triggering snapshot request
2018-12-07 15:25:01.703 6892-6970/com.jian.detectx.lahaina.debug I/Yolov5_Jian_JNI: jiache >>> before preprocess2 >>> 
2018-12-07 15:25:01.711 731-1764/? E/CamX: [ERROR][CPP    ] camxbpsnode.cpp:1689 GetFaceROI() Face ROI is not published
2018-12-07 15:25:01.713 731-1767/? W/CamX: [ WARN][STATS  ] camxafinterface.cpp:207 AFGetParam() Number of unsupported AF Param types 2
2018-12-07 15:25:01.721 6892-6970/com.jian.detectx.lahaina.debug I/Yolov5_Jian_JNI: jiache >>> after preprocess2 >>> 
2018-12-07 15:25:01.721 6892-6970/com.jian.detectx.lahaina.debug I/Yolov5_Jian_JNI: [Profiling] Pre-processing: 18 ms
2018-12-07 15:25:01.723 731-1764/? E/CamX: [ERROR][STATS_AWB] camxcawbmain.cpp:917: AWBProcess Invalid StatsDataPointer input!
2018-12-07 15:25:01.724 731-1765/? E/CamX: [ERROR][STATS  ] camxstatscommon.cpp:646 ReadVendorTag() org.codeaurora.qcamera3.ADRC: disable tag not defined
2018-12-07 15:25:01.734 731-1767/? W/CHIUSECASE: [WARN   ] chxadvancedcamerausecase.cpp:1845 UpdateBufferReadyForRDIQueue() released framenumber :100,framenumber:109, buffer handle is used or released
2018-12-07 15:25:01.734 731-6950/? E/CHIUSECASE: [CONFIG ] chxfeaturezsl.cpp:960 RequestThreadProcessing() Sending ZSL snapshot requestIdIndex:109, requestFrameIndex:109, frameNumber:109 for RDI frame:109, request:109 metadata:0x77b0ff0100 count 196
2018-12-07 15:25:01.734 731-6950/? E/CHIUSECASE: [CONFIG ] chxfeaturezsl.cpp:858 RequestThreadProcessing() Waiting for RDI/Meta of zslInputFrameNumber 110, requestIdIndex: 110, requestFrameIndex: 110 for triggering snapshot request
2018-12-07 15:25:01.743 6892-6970/com.jian.detectx.lahaina.debug I/Yolov5_Jian_JNI: [Profiling] Inference: 22 ms
2018-12-07 15:25:01.743 731-1762/? E/CamX: [ERROR][CPP    ] camxbpsnode.cpp:1689 GetFaceROI() Face ROI is not published
2018-12-07 15:25:01.745 731-1766/? W/CamX: [ WARN][STATS  ] camxafinterface.cpp:207 AFGetParam() Number of unsupported AF Param types 2
2018-12-07 15:25:01.755 6892-6970/com.jian.detectx.lahaina.debug I/Yolov5_Jian_JNI: [Profiling] Proposal generation: 11 ms
2018-12-07 15:25:01.755 6892-6970/com.jian.detectx.lahaina.debug I/Yolov5_Jian_JNI: 0 proposals generated
2018-12-07 15:25:01.755 6892-6970/com.jian.detectx.lahaina.debug I/Yolov5_Jian_JNI: [Profiling] NMS: 0 ms
2018-12-07 15:25:01.755 6892-6970/com.jian.detectx.lahaina.debug D/Jian_JNI: detected objects : 0
2018-12-07 15:25:01.755 6892-6970/com.jian.detectx.lahaina.debug D/Jian_Java_MainActivity: detected object:0
2018-12-07 15:25:01.756 731-1765/? E/CamX: [ERROR][STATS_AWB] camxcawbmain.cpp:917: AWBProcess Invalid StatsDataPointer input!
2018-12-07 15:25:01.756 731-1767/? E/CamX: [ERROR][STATS  ] camxstatscommon.cpp:646 ReadVendorTag() org.codeaurora.qcamera3.ADRC: disable tag not defined
2018-12-07 15:25:01.764 731-1765/? W/CHIUSECASE: [WARN   ] chxadvancedcamerausecase.cpp:1845 UpdateBufferReadyForRDIQueue() released framenumber :101,framenumber:110, buffer handle is used or released
2018-12-07 15:25:01.765 731-6950/? E/CHIUSECASE: [CONFIG ] chxfeaturezsl.cpp:960 RequestThreadProcessing() Sending ZSL snapshot requestIdIndex:110, requestFrameIndex:110, frameNumber:110 for RDI frame:110, request:110 metadata:0x77b0ff0380 count 196
2018-12-07 15:25:01.765 731-6950/? E/CHIUSECASE: [CONFIG ] chxfeaturezsl.cpp:858 RequestThreadProcessing() Waiting for RDI/Meta of zslInputFrameNumber 111, requestIdIndex: 111, requestFrameIndex: 111 for triggering snapshot request
2018-12-07 15:25:01.774 6892-6970/com.jian.detectx.lahaina.debug I/Yolov5_Jian_JNI: jiache >>> before preprocess2 >>> 
2018-12-07 15:25:01.777 731-1762/? E/CamX: [ERROR][CPP    ] camxbpsnode.cpp:1689 GetFaceROI() Face ROI is not published
2018-12-07 15:25:01.783 731-1764/? W/CamX: [ WARN][STATS  ] camxafinterface.cpp:207 AFGetParam() Number of unsupported AF Param types 2
2018-12-07 15:25:01.788 731-1766/? E/CamX: [ERROR][STATS_AWB] camxcawbmain.cpp:917: AWBProcess Invalid StatsDataPointer input!
2018-12-07 15:25:01.789 731-1766/? E/CamX: [ERROR][STATS  ] camxstatscommon.cpp:646 ReadVendorTag() org.codeaurora.qcamera3.ADRC: disable tag not defined
2018-12-07 15:25:01.792 6892-6970/com.jian.detectx.lahaina.debug I/Yolov5_Jian_JNI: jiache >>> after preprocess2 >>> 
2018-12-07 15:25:01.792 6892-6970/com.jian.detectx.lahaina.debug I/Yolov5_Jian_JNI: [Profiling] Pre-processing: 18 ms
2018-12-07 15:25:01.799 731-1762/? W/CHIUSECASE: [WARN   ] chxadvancedcamerausecase.cpp:1845 UpdateBufferReadyForRDIQueue() released framenumber :102,framenumber:111, buffer handle is used or released
2018-12-07 15:25:01.799 731-6950/? E/CHIUSECASE: [CONFIG ] chxfeaturezsl.cpp:960 RequestThreadProcessing() Sending ZSL snapshot requestIdIndex:111, requestFrameIndex:111, frameNumber:111 for RDI frame:111, request:111 metadata:0x77b0ff0600 count 196
2018-12-07 15:25:01.799 731-6950/? E/CHIUSECASE: [CONFIG ] chxfeaturezsl.cpp:858 RequestThreadProcessing() Waiting for RDI/Meta of zslInputFrameNumber 112, requestIdIndex: 112, requestFrameIndex: 112 for triggering snapshot request
2018-12-07 15:25:01.809 731-1765/? E/CamX: [ERROR][CPP    ] camxbpsnode.cpp:1689 GetFaceROI() Face ROI is not published
2018-12-07 15:25:01.811 731-1766/? W/CamX: [ WARN][STATS  ] camxafinterface.cpp:207 AFGetParam() Number of unsupported AF Param types 2
2018-12-07 15:25:01.814 6892-6970/com.jian.detectx.lahaina.debug I/Yolov5_Jian_JNI: [Profiling] Inference: 22 ms
2018-12-07 15:25:01.822 731-1767/? E/CamX: [ERROR][STATS_AWB] camxcawbmain.cpp:917: AWBProcess Invalid StatsDataPointer input!
2018-12-07 15:25:01.822 731-1765/? E/CamX: [ERROR][STATS  ] camxstatscommon.cpp:646 ReadVendorTag() org.codeaurora.qcamera3.ADRC: disable tag not defined
2018-12-07 15:25:01.827 6892-6970/com.jian.detectx.lahaina.debug I/Yolov5_Jian_JNI: [Profiling] Proposal generation: 12 ms
2018-12-07 15:25:01.827 6892-6970/com.jian.detectx.lahaina.debug I/Yolov5_Jian_JNI: 0 proposals generated
2018-12-07 15:25:01.827 6892-6970/com.jian.detectx.lahaina.debug I/Yolov5_Jian_JNI: [Profiling] NMS: 0 ms
2018-12-07 15:25:01.827 6892-6970/com.jian.detectx.lahaina.debug D/Jian_JNI: detected objects : 0
2018-12-07 15:25:01.827 6892-6970/com.jian.detectx.lahaina.debug D/Jian_Java_MainActivity: detected object:0
2018-12-07 15:25:01.831 731-1767/? W/CHIUSECASE: [WARN   ] chxadvancedcamerausecase.cpp:1845 UpdateBufferReadyForRDIQueue() released framenumber :103,framenumber:112, buffer handle is used or released
2018-12-07 15:25:01.832 731-6950/? E/CHIUSECASE: [CONFIG ] chxfeaturezsl.cpp:960 RequestThreadProcessing() Sending ZSL snapshot requestIdIndex:112, requestFrameIndex:112, frameNumber:112 for RDI frame:112, request:112 metadata:0x77b0ff0880 count 196
2018-12-07 15:25:01.832 731-6950/? E/CHIUSECASE: [CONFIG ] chxfeaturezsl.cpp:858 RequestThreadProcessing() Waiting for RDI/Meta of zslInputFrameNumber 113, requestIdIndex: 113, requestFrameIndex: 113 for triggering snapshot request
2018-12-07 15:25:01.841 6892-6970/com.jian.detectx.lahaina.debug I/Yolov5_Jian_JNI: jiache >>> before preprocess2 >>> 
2018-12-07 15:25:01.842 731-1766/? E/CamX: [ERROR][CPP    ] camxbpsnode.cpp:1689 GetFaceROI() Face ROI is not published
2018-12-07 15:25:01.844 731-1764/? W/CamX: [ WARN][STATS  ] camxafinterface.cpp:207 AFGetParam() Number of unsupported AF Param types 2
2018-12-07 15:25:01.856 731-1764/? E/CamX: [ERROR][STATS  ] camxstatscommon.cpp:646 ReadVendorTag() org.codeaurora.qcamera3.ADRC: disable tag not defined
2018-12-07 15:25:01.856 731-1766/? E/CamX: [ERROR][STATS_AWB] camxcawbmain.cpp:917: AWBProcess Invalid StatsDataPointer input!
2018-12-07 15:25:01.857 6892-6970/com.jian.detectx.lahaina.debug I/Yolov5_Jian_JNI: jiache >>> after preprocess2 >>> 
2018-12-07 15:25:01.857 6892-6970/com.jian.detectx.lahaina.debug I/Yolov5_Jian_JNI: [Profiling] Pre-processing: 16 ms
2018-12-07 15:25:01.870 731-1766/? W/CHIUSECASE: [WARN   ] chxadvancedcamerausecase.cpp:1845 UpdateBufferReadyForRDIQueue() released framenumber :104,framenumber:113, buffer handle is used or released
2018-12-07 15:25:01.870 731-6950/? E/CHIUSECASE: [CONFIG ] chxfeaturezsl.cpp:960 RequestThreadProcessing() Sending ZSL snapshot requestIdIndex:113, requestFrameIndex:113, frameNumber:113 for RDI frame:113, request:113 metadata:0x77b0ff0b00 count 196
2018-12-07 15:25:01.871 731-6950/? E/CHIUSECASE: [CONFIG ] chxfeaturezsl.cpp:858 RequestThreadProcessing() Waiting for RDI/Meta of zslInputFrameNumber 114, requestIdIndex: 114, requestFrameIndex: 114 for triggering snapshot request
2018-12-07 15:25:01.878 731-1765/? E/CamX: [ERROR][CPP    ] camxbpsnode.cpp:1689 GetFaceROI() Face ROI is not published
2018-12-07 15:25:01.879 6892-6970/com.jian.detectx.lahaina.debug I/Yolov5_Jian_JNI: [Profiling] Inference: 22 ms
2018-12-07 15:25:01.884 731-1766/? W/CamX: [ WARN][STATS  ] camxafinterface.cpp:207 AFGetParam() Number of unsupported AF Param types 2
2018-12-07 15:25:01.889 731-1762/? E/CamX: [ERROR][STATS_AWB] camxcawbmain.cpp:917: AWBProcess Invalid StatsDataPointer input!
2018-12-07 15:25:01.890 731-1766/? E/CamX: [ERROR][STATS  ] camxstatscommon.cpp:646 ReadVendorTag() org.codeaurora.qcamera3.ADRC: disable tag not defined
2018-12-07 15:25:01.892 6892-6970/com.jian.detectx.lahaina.debug I/Yolov5_Jian_JNI: [Profiling] Proposal generation: 12 ms
2018-12-07 15:25:01.892 6892-6970/com.jian.detectx.lahaina.debug I/Yolov5_Jian_JNI: 0 proposals generated
2018-12-07 15:25:01.892 6892-6970/com.jian.detectx.lahaina.debug I/Yolov5_Jian_JNI: [Profiling] NMS: 0 ms
2018-12-07 15:25:01.892 6892-6970/com.jian.detectx.lahaina.debug D/Jian_JNI: detected objects : 0
2018-12-07 15:25:01.892 6892-6970/com.jian.detectx.lahaina.debug D/Jian_Java_MainActivity: detected object:0
2018-12-07 15:25:01.900 731-1765/? W/CHIUSECASE: [WARN   ] chxadvancedcamerausecase.cpp:1845 UpdateBufferReadyForRDIQueue() released framenumber :105,framenumber:114, buffer handle is used or released
2018-12-07 15:25:01.901 731-6950/? E/CHIUSECASE: [CONFIG ] chxfeaturezsl.cpp:960 RequestThreadProcessing() Sending ZSL snapshot requestIdIndex:114, requestFrameIndex:114, frameNumber:114 for RDI frame:114, request:114 metadata:0x77b0ff0d80 count 196
2018-12-07 15:25:01.901 731-6950/? E/CHIUSECASE: [CONFIG ] chxfeaturezsl.cpp:858 RequestThreadProcessing() Waiting for RDI/Meta of zslInputFrameNumber 115, requestIdIndex: 115, requestFrameIndex: 115 for triggering snapshot request
2018-12-07 15:25:01.908 731-1766/? E/CamX: [ERROR][CPP    ] camxbpsnode.cpp:1689 GetFaceROI() Face ROI is not published
2018-12-07 15:25:01.911 6892-6970/com.jian.detectx.lahaina.debug I/Yolov5_Jian_JNI: jiache >>> before preprocess2 >>> 
2018-12-07 15:25:01.918 731-1765/? W/CamX: [ WARN][STATS  ] camxafinterface.cpp:207 AFGetParam() Number of unsupported AF Param types 2
2018-12-07 15:25:01.922 731-1765/? E/CamX: [ERROR][STATS_AWB] camxcawbmain.cpp:917: AWBProcess Invalid StatsDataPointer input!
2018-12-07 15:25:01.922 731-1762/? E/CamX: [ERROR][STATS  ] camxstatscommon.cpp:646 ReadVendorTag() org.codeaurora.qcamera3.ADRC: disable tag not defined
2018-12-07 15:25:01.929 6892-6970/com.jian.detectx.lahaina.debug I/Yolov5_Jian_JNI: jiache >>> after preprocess2 >>> 
2018-12-07 15:25:01.929 6892-6970/com.jian.detectx.lahaina.debug I/Yolov5_Jian_JNI: [Profiling] Pre-processing: 18 ms
2018-12-07 15:25:01.930 731-1765/? W/CHIUSECASE: [WARN   ] chxadvancedcamerausecase.cpp:1845 UpdateBufferReadyForRDIQueue() released framenumber :106,framenumber:115, buffer handle is used or released
2018-12-07 15:25:01.930 731-6950/? E/CHIUSECASE: [CONFIG ] chxfeaturezsl.cpp:960 RequestThreadProcessing() Sending ZSL snapshot requestIdIndex:115, requestFrameIndex:115, frameNumber:115 for RDI frame:115, request:115 metadata:0x77b1bd3000 count 196
2018-12-07 15:25:01.930 731-6950/? E/CHIUSECASE: [CONFIG ] chxfeaturezsl.cpp:858 RequestThreadProcessing() Waiting for RDI/Meta of zslInputFrameNumber 116, requestIdIndex: 116, requestFrameIndex: 116 for triggering snapshot request
2018-12-07 15:25:01.940 731-1764/? E/CamX: [ERROR][CPP    ] camxbpsnode.cpp:1689 GetFaceROI() Face ROI is not published
2018-12-07 15:25:01.942 731-1766/? W/CamX: [ WARN][STATS  ] camxafinterface.cpp:207 AFGetParam() Number of unsupported AF Param types 2
2018-12-07 15:25:01.952 6892-6970/com.jian.detectx.lahaina.debug I/Yolov5_Jian_JNI: [Profiling] Inference: 22 ms
2018-12-07 15:25:01.955 731-1766/? E/CamX: [ERROR][STATS_AWB] camxcawbmain.cpp:917: AWBProcess Invalid StatsDataPointer input!
2018-12-07 15:25:01.956 731-1765/? E/CamX: [ERROR][STATS  ] camxstatscommon.cpp:646 ReadVendorTag() org.codeaurora.qcamera3.ADRC: disable tag not defined
2018-12-07 15:25:01.964 731-1765/? W/CHIUSECASE: [WARN   ] chxadvancedcamerausecase.cpp:1845 UpdateBufferReadyForRDIQueue() released framenumber :107,framenumber:116, buffer handle is used or released
2018-12-07 15:25:01.964 731-6950/? E/CHIUSECASE: [CONFIG ] chxfeaturezsl.cpp:960 RequestThreadProcessing() Sending ZSL snapshot requestIdIndex:116, requestFrameIndex:116, frameNumber:116 for RDI frame:116, request:116 metadata:0x77b1bd3280 count 196
2018-12-07 15:25:01.965 731-6950/? E/CHIUSECASE: [CONFIG ] chxfeaturezsl.cpp:858 RequestThreadProcessing() Waiting for RDI/Meta of zslInputFrameNumber 117, requestIdIndex: 117, requestFrameIndex: 117 for triggering snapshot request
2018-12-07 15:25:01.970 6892-6970/com.jian.detectx.lahaina.debug I/Yolov5_Jian_JNI: [Profiling] Proposal generation: 17 ms
2018-12-07 15:25:01.970 6892-6970/com.jian.detectx.lahaina.debug I/Yolov5_Jian_JNI: 0 proposals generated
2018-12-07 15:25:01.970 6892-6970/com.jian.detectx.lahaina.debug I/Yolov5_Jian_JNI: [Profiling] NMS: 0 ms
2018-12-07 15:25:01.970 6892-6970/com.jian.detectx.lahaina.debug D/Jian_JNI: detected objects : 0
2018-12-07 15:25:01.970 6892-6970/com.jian.detectx.lahaina.debug D/Jian_Java_MainActivity: detected object:0
2018-12-07 15:25:01.974 731-1766/? W/CamX: [ WARN][STATS  ] camxafinterface.cpp:207 AFGetParam() Number of unsupported AF Param types 2
2018-12-07 15:25:01.975 731-1765/? E/CamX: [ERROR][CPP    ] camxbpsnode.cpp:1689 GetFaceROI() Face ROI is not published
2018-12-07 15:25:01.986 6892-6970/com.jian.detectx.lahaina.debug I/Yolov5_Jian_JNI: jiache >>> before preprocess2 >>> 
2018-12-07 15:25:01.989 731-1767/? E/CamX: [ERROR][STATS_AWB] camxcawbmain.cpp:917: AWBProcess Invalid StatsDataPointer input!
2018-12-07 15:25:01.990 731-1762/? E/CamX: [ERROR][STATS  ] camxstatscommon.cpp:646 ReadVendorTag() org.codeaurora.qcamera3.ADRC: disable tag not defined
2018-12-07 15:25:02.001 6892-6970/com.jian.detectx.lahaina.debug I/Yolov5_Jian_JNI: jiache >>> after preprocess2 >>> 
2018-12-07 15:25:02.002 6892-6970/com.jian.detectx.lahaina.debug I/Yolov5_Jian_JNI: [Profiling] Pre-processing: 15 ms
2018-12-07 15:25:02.002 731-1767/? W/CHIUSECASE: [WARN   ] chxadvancedcamerausecase.cpp:1845 UpdateBufferReadyForRDIQueue() released framenumber :108,framenumber:117, buffer handle is used or released
2018-12-07 15:25:02.003 731-6950/? E/CHIUSECASE: [CONFIG ] chxfeaturezsl.cpp:960 RequestThreadProcessing() Sending ZSL snapshot requestIdIndex:117, requestFrameIndex:117, frameNumber:117 for RDI frame:117, request:117 metadata:0x77b1bd3500 count 196
2018-12-07 15:25:02.003 731-6950/? E/CHIUSECASE: [CONFIG ] chxfeaturezsl.cpp:858 RequestThreadProcessing() Waiting for RDI/Meta of zslInputFrameNumber 118, requestIdIndex: 118, requestFrameIndex: 118 for triggering snapshot request
2018-12-07 15:25:02.012 731-1766/? E/CamX: [ERROR][CPP    ] camxbpsnode.cpp:1689 GetFaceROI() Face ROI is not published
2018-12-07 15:25:02.013 731-1762/? W/CamX: [ WARN][STATS  ] camxafinterface.cpp:207 AFGetParam() Number of unsupported AF Param types 2
2018-12-07 15:25:02.022 731-1764/? E/CamX: [ERROR][STATS  ] camxstatscommon.cpp:646 ReadVendorTag() org.codeaurora.qcamera3.ADRC: disable tag not defined
2018-12-07 15:25:02.023 731-1762/? E/CamX: [ERROR][STATS_AWB] camxcawbmain.cpp:917: AWBProcess Invalid StatsDataPointer input!
2018-12-07 15:25:02.024 6892-6970/com.jian.detectx.lahaina.debug I/Yolov5_Jian_JNI: [Profiling] Inference: 21 ms
2018-12-07 15:25:02.034 6892-6970/com.jian.detectx.lahaina.debug I/Yolov5_Jian_JNI: [Profiling] Proposal generation: 10 ms
2018-12-07 15:25:02.034 6892-6970/com.jian.detectx.lahaina.debug I/Yolov5_Jian_JNI: 0 proposals generated
2018-12-07 15:25:02.034 6892-6970/com.jian.detectx.lahaina.debug I/Yolov5_Jian_JNI: [Profiling] NMS: 0 ms
2018-12-07 15:25:02.034 6892-6970/com.jian.detectx.lahaina.debug D/Jian_JNI: detected objects : 0
2018-12-07 15:25:02.034 731-1765/? W/CHIUSECASE: [WARN   ] chxadvancedcamerausecase.cpp:1845 UpdateBufferReadyForRDIQueue() released framenumber :109,framenumber:118, buffer handle is used or released
2018-12-07 15:25:02.035 6892-6970/com.jian.detectx.lahaina.debug D/Jian_Java_MainActivity: detected object:0
2018-12-07 15:25:02.035 731-6950/? E/CHIUSECASE: [CONFIG ] chxfeaturezsl.cpp:960 RequestThreadProcessing() Sending ZSL snapshot requestIdIndex:118, requestFrameIndex:118, frameNumber:118 for RDI frame:118, request:118 metadata:0x77b1bd3780 count 196
2018-12-07 15:25:02.035 731-6950/? E/CHIUSECASE: [CONFIG ] chxfeaturezsl.cpp:858 RequestThreadProcessing() Waiting for RDI/Meta of zslInputFrameNumber 119, requestIdIndex: 119, requestFrameIndex: 119 for triggering snapshot request
2018-12-07 15:25:02.048 731-1767/? W/CamX: [ WARN][STATS  ] camxafinterface.cpp:207 AFGetParam() Number of unsupported AF Param types 2
2018-12-07 15:25:02.051 731-1765/? E/CamX: [ERROR][CPP    ] camxbpsnode.cpp:1689 GetFaceROI() Face ROI is not published
2018-12-07 15:25:02.053 6892-6970/com.jian.detectx.lahaina.debug I/Yolov5_Jian_JNI: jiache >>> before preprocess2 >>> 
2018-12-07 15:25:02.055 731-1767/? E/CamX: [ERROR][STATS_AWB] camxcawbmain.cpp:917: AWBProcess Invalid StatsDataPointer input!
2018-12-07 15:25:02.057 731-1764/? E/CamX: [ERROR][STATS  ] camxstatscommon.cpp:646 ReadVendorTag() org.codeaurora.qcamera3.ADRC: disable tag not defined
2018-12-07 15:25:02.064 731-1765/? W/CHIUSECASE: [WARN   ] chxadvancedcamerausecase.cpp:1845 UpdateBufferReadyForRDIQueue() released framenumber :110,framenumber:119, buffer handle is used or released
2018-12-07 15:25:02.065 731-6950/? E/CHIUSECASE: [CONFIG ] chxfeaturezsl.cpp:960 RequestThreadProcessing() Sending ZSL snapshot requestIdIndex:119, requestFrameIndex:119, frameNumber:119 for RDI frame:119, request:119 metadata:0x77b1bd3a00 count 196
2018-12-07 15:25:02.065 731-6950/? E/CHIUSECASE: [CONFIG ] chxfeaturezsl.cpp:858 RequestThreadProcessing() Waiting for RDI/Meta of zslInputFrameNumber 120, requestIdIndex: 120, requestFrameIndex: 120 for triggering snapshot request
2018-12-07 15:25:02.071 6892-6970/com.jian.detectx.lahaina.debug I/Yolov5_Jian_JNI: jiache >>> after preprocess2 >>> 
2018-12-07 15:25:02.071 6892-6970/com.jian.detectx.lahaina.debug I/Yolov5_Jian_JNI: [Profiling] Pre-processing: 18 ms
2018-12-07 15:25:02.074 731-1765/? E/CamX: [ERROR][CPP    ] camxbpsnode.cpp:1689 GetFaceROI() Face ROI is not published
2018-12-07 15:25:02.077 731-1766/? W/CamX: [ WARN][STATS  ] camxafinterface.cpp:207 AFGetParam() Number of unsupported AF Param types 2
2018-12-07 15:25:02.089 731-1765/? E/CamX: [ERROR][STATS_AWB] camxcawbmain.cpp:917: AWBProcess Invalid StatsDataPointer input!
2018-12-07 15:25:02.089 731-1762/? E/CamX: [ERROR][STATS  ] camxstatscommon.cpp:646 ReadVendorTag() org.codeaurora.qcamera3.ADRC: disable tag not defined
2018-12-07 15:25:02.093 6892-6970/com.jian.detectx.lahaina.debug I/Yolov5_Jian_JNI: [Profiling] Inference: 22 ms
2018-12-07 15:25:02.099 731-1765/? W/CHIUSECASE: [WARN   ] chxadvancedcamerausecase.cpp:1845 UpdateBufferReadyForRDIQueue() released framenumber :111,framenumber:120, buffer handle is used or released
2018-12-07 15:25:02.100 731-6950/? E/CHIUSECASE: [CONFIG ] chxfeaturezsl.cpp:960 RequestThreadProcessing() Sending ZSL snapshot requestIdIndex:120, requestFrameIndex:120, frameNumber:120 for RDI frame:120, request:120 metadata:0x77b0fef700 count 196
2018-12-07 15:25:02.100 731-6950/? E/CHIUSECASE: [CONFIG ] chxfeaturezsl.cpp:858 RequestThreadProcessing() Waiting for RDI/Meta of zslInputFrameNumber 121, requestIdIndex: 121, requestFrameIndex: 121 for triggering snapshot request
2018-12-07 15:25:02.109 731-1766/? E/CamX: [ERROR][CPP    ] camxbpsnode.cpp:1689 GetFaceROI() Face ROI is not published
2018-12-07 15:25:02.111 6892-6970/com.jian.detectx.lahaina.debug I/Yolov5_Jian_JNI: [Profiling] Proposal generation: 17 ms
2018-12-07 15:25:02.111 6892-6970/com.jian.detectx.lahaina.debug I/Yolov5_Jian_JNI: 0 proposals generated
2018-12-07 15:25:02.111 6892-6970/com.jian.detectx.lahaina.debug I/Yolov5_Jian_JNI: [Profiling] NMS: 0 ms
2018-12-07 15:25:02.111 6892-6970/com.jian.detectx.lahaina.debug D/Jian_JNI: detected objects : 0
2018-12-07 15:25:02.111 6892-6970/com.jian.detectx.lahaina.debug D/Jian_Java_MainActivity: detected object:0
2018-12-07 15:25:02.111 731-1765/? W/CamX: [ WARN][STATS  ] camxafinterface.cpp:207 AFGetParam() Number of unsupported AF Param types 2
2018-12-07 15:25:02.123 731-1764/? E/CamX: [ERROR][STATS_AWB] camxcawbmain.cpp:917: AWBProcess Invalid StatsDataPointer input!
2018-12-07 15:25:02.123 731-1764/? E/CamX: [ERROR][STATS  ] camxstatscommon.cpp:646 ReadVendorTag() org.codeaurora.qcamera3.ADRC: disable tag not defined
2018-12-07 15:25:02.129 6892-6970/com.jian.detectx.lahaina.debug I/Yolov5_Jian_JNI: jiache >>> before preprocess2 >>> 
2018-12-07 15:25:02.139 731-1767/? W/CHIUSECASE: [WARN   ] chxadvancedcamerausecase.cpp:1845 UpdateBufferReadyForRDIQueue() released framenumber :112,framenumber:121, buffer handle is used or released
2018-12-07 15:25:02.144 731-6950/? E/CHIUSECASE: [CONFIG ] chxfeaturezsl.cpp:960 RequestThreadProcessing() Sending ZSL snapshot requestIdIndex:121, requestFrameIndex:121, frameNumber:121 for RDI frame:121, request:121 metadata:0x77b0fef980 count 196
2018-12-07 15:25:02.144 731-6950/? E/CHIUSECASE: [CONFIG ] chxfeaturezsl.cpp:858 RequestThreadProcessing() Waiting for RDI/Meta of zslInputFrameNumber 122, requestIdIndex: 122, requestFrameIndex: 122 for triggering snapshot request
2018-12-07 15:25:02.145 6892-6970/com.jian.detectx.lahaina.debug I/Yolov5_Jian_JNI: jiache >>> after preprocess2 >>> 
2018-12-07 15:25:02.145 6892-6970/com.jian.detectx.lahaina.debug I/Yolov5_Jian_JNI: [Profiling] Pre-processing: 16 ms
2018-12-07 15:25:02.156 731-1762/? E/CamX: [ERROR][STATS_AWB] camxcawbmain.cpp:917: AWBProcess Invalid StatsDataPointer input!
2018-12-07 15:25:02.159 731-1764/? E/CamX: [ERROR][STATS  ] camxstatscommon.cpp:646 ReadVendorTag() org.codeaurora.qcamera3.ADRC: disable tag not defined
2018-12-07 15:25:02.162 731-1765/? E/CamX: [ERROR][CPP    ] camxbpsnode.cpp:1689 GetFaceROI() Face ROI is not published
2018-12-07 15:25:02.167 6892-6970/com.jian.detectx.lahaina.debug I/Yolov5_Jian_JNI: [Profiling] Inference: 21 ms
2018-12-07 15:25:02.169 731-1764/? W/CamX: [ WARN][STATS  ] camxafinterface.cpp:207 AFGetParam() Number of unsupported AF Param types 2
2018-12-07 15:25:02.170 731-1767/? W/CHIUSECASE: [WARN   ] chxadvancedcamerausecase.cpp:1845 UpdateBufferReadyForRDIQueue() released framenumber :113,framenumber:122, buffer handle is used or released
2018-12-07 15:25:02.170 731-6950/? E/CHIUSECASE: [CONFIG ] chxfeaturezsl.cpp:960 RequestThreadProcessing() Sending ZSL snapshot requestIdIndex:122, requestFrameIndex:122, frameNumber:122 for RDI frame:122, request:122 metadata:0x77b0fefc00 count 196
2018-12-07 15:25:02.171 731-6950/? E/CHIUSECASE: [CONFIG ] chxfeaturezsl.cpp:858 RequestThreadProcessing() Waiting for RDI/Meta of zslInputFrameNumber 123, requestIdIndex: 123, requestFrameIndex: 123 for triggering snapshot request
2018-12-07 15:25:02.181 731-1764/? E/CamX: [ERROR][CPP    ] camxbpsnode.cpp:1689 GetFaceROI() Face ROI is not published
2018-12-07 15:25:02.185 6892-6970/com.jian.detectx.lahaina.debug I/Yolov5_Jian_JNI: [Profiling] Proposal generation: 18 ms
2018-12-07 15:25:02.185 6892-6970/com.jian.detectx.lahaina.debug I/Yolov5_Jian_JNI: 0 proposals generated
2018-12-07 15:25:02.185 6892-6970/com.jian.detectx.lahaina.debug I/Yolov5_Jian_JNI: [Profiling] NMS: 0 ms
2018-12-07 15:25:02.185 6892-6970/com.jian.detectx.lahaina.debug D/Jian_JNI: detected objects : 0
2018-12-07 15:25:02.185 6892-6970/com.jian.detectx.lahaina.debug D/Jian_Java_MainActivity: detected object:0
2018-12-07 15:25:02.186 731-1766/? W/CamX: [ WARN][STATS  ] camxafinterface.cpp:207 AFGetParam() Number of unsupported AF Param types 2
2018-12-07 15:25:02.189 731-1762/? E/CamX: [ERROR][STATS_AWB] camxcawbmain.cpp:917: AWBProcess Invalid StatsDataPointer input!
2018-12-07 15:25:02.189 731-1765/? E/CamX: [ERROR][STATS  ] camxstatscommon.cpp:646 ReadVendorTag() org.codeaurora.qcamera3.ADRC: disable tag not defined
2018-12-07 15:25:02.200 6892-6970/com.jian.detectx.lahaina.debug I/Yolov5_Jian_JNI: jiache >>> before preprocess2 >>> 
2018-12-07 15:25:02.209 731-1765/? W/CHIUSECASE: [WARN   ] chxadvancedcamerausecase.cpp:1845 UpdateBufferReadyForRDIQueue() released framenumber :114,framenumber:123, buffer handle is used or released
2018-12-07 15:25:02.213 731-6950/? E/CHIUSECASE: [CONFIG ] chxfeaturezsl.cpp:960 RequestThreadProcessing() Sending ZSL snapshot requestIdIndex:123, requestFrameIndex:123, frameNumber:123 for RDI frame:123, request:123 metadata:0x77b0fefe80 count 196
2018-12-07 15:25:02.213 731-6950/? E/CHIUSECASE: [CONFIG ] chxfeaturezsl.cpp:858 RequestThreadProcessing() Waiting for RDI/Meta of zslInputFrameNumber 124, requestIdIndex: 124, requestFrameIndex: 124 for triggering snapshot request
2018-12-07 15:25:02.219 6892-6970/com.jian.detectx.lahaina.debug I/Yolov5_Jian_JNI: jiache >>> after preprocess2 >>> 
2018-12-07 15:25:02.219 6892-6970/com.jian.detectx.lahaina.debug I/Yolov5_Jian_JNI: [Profiling] Pre-processing: 18 ms
2018-12-07 15:25:02.225 731-1762/? E/CamX: [ERROR][STATS_AWB] camxcawbmain.cpp:917: AWBProcess Invalid StatsDataPointer input!
2018-12-07 15:25:02.226 731-1766/? E/CamX: [ERROR][STATS  ] camxstatscommon.cpp:646 ReadVendorTag() org.codeaurora.qcamera3.ADRC: disable tag not defined
2018-12-07 15:25:02.238 731-1762/? W/CamX: [ WARN][STATS  ] camxafinterface.cpp:207 AFGetParam() Number of unsupported AF Param types 2
2018-12-07 15:25:02.241 6892-6970/com.jian.detectx.lahaina.debug I/Yolov5_Jian_JNI: [Profiling] Inference: 21 ms
2018-12-07 15:25:02.243 731-1767/? E/CamX: [ERROR][CPP    ] camxbpsnode.cpp:1689 GetFaceROI() Face ROI is not published
2018-12-07 15:25:02.245 731-1762/? W/CHIUSECASE: [WARN   ] chxadvancedcamerausecase.cpp:1845 UpdateBufferReadyForRDIQueue() released framenumber :115,framenumber:124, buffer handle is used or released
2018-12-07 15:25:02.246 731-6950/? E/CHIUSECASE: [CONFIG ] chxfeaturezsl.cpp:960 RequestThreadProcessing() Sending ZSL snapshot requestIdIndex:124, requestFrameIndex:124, frameNumber:124 for RDI frame:124, request:124 metadata:0x77b0ff0100 count 196
2018-12-07 15:25:02.246 731-6950/? E/CHIUSECASE: [CONFIG ] chxfeaturezsl.cpp:858 RequestThreadProcessing() Waiting for RDI/Meta of zslInputFrameNumber 125, requestIdIndex: 125, requestFrameIndex: 125 for triggering snapshot request
2018-12-07 15:25:02.251 6892-6970/com.jian.detectx.lahaina.debug I/Yolov5_Jian_JNI: [Profiling] Proposal generation: 10 ms
2018-12-07 15:25:02.251 6892-6970/com.jian.detectx.lahaina.debug I/Yolov5_Jian_JNI: 0 proposals generated
2018-12-07 15:25:02.251 6892-6970/com.jian.detectx.lahaina.debug I/Yolov5_Jian_JNI: [Profiling] NMS: 0 ms
2018-12-07 15:25:02.251 6892-6970/com.jian.detectx.lahaina.debug D/Jian_JNI: detected objects : 0
2018-12-07 15:25:02.251 6892-6970/com.jian.detectx.lahaina.debug D/Jian_Java_MainActivity: detected object:0
2018-12-07 15:25:02.256 731-1765/? W/CamX: [ WARN][STATS  ] camxafinterface.cpp:207 AFGetParam() Number of unsupported AF Param types 2
2018-12-07 15:25:02.256 731-1762/? E/CamX: [ERROR][STATS_AWB] camxcawbmain.cpp:917: AWBProcess Invalid StatsDataPointer input!
2018-12-07 15:25:02.257 731-1766/? E/CamX: [ERROR][STATS  ] camxstatscommon.cpp:646 ReadVendorTag() org.codeaurora.qcamera3.ADRC: disable tag not defined
2018-12-07 15:25:02.257 731-1767/? E/CamX: [ERROR][CPP    ] camxbpsnode.cpp:1689 GetFaceROI() Face ROI is not published
2018-12-07 15:25:02.263 731-1762/? W/CHIUSECASE: [WARN   ] chxadvancedcamerausecase.cpp:1845 UpdateBufferReadyForRDIQueue() released framenumber :116,framenumber:125, buffer handle is used or released
2018-12-07 15:25:02.263 731-6950/? E/CHIUSECASE: [CONFIG ] chxfeaturezsl.cpp:960 RequestThreadProcessing() Sending ZSL snapshot requestIdIndex:125, requestFrameIndex:125, frameNumber:125 for RDI frame:125, request:125 metadata:0x77b0ff0380 count 196
2018-12-07 15:25:02.263 731-6950/? E/CHIUSECASE: [CONFIG ] chxfeaturezsl.cpp:858 RequestThreadProcessing() Waiting for RDI/Meta of zslInputFrameNumber 126, requestIdIndex: 126, requestFrameIndex: 126 for triggering snapshot request
2018-12-07 15:25:02.270 6892-6970/com.jian.detectx.lahaina.debug I/Yolov5_Jian_JNI: jiache >>> before preprocess2 >>> 
2018-12-07 15:25:02.276 731-1765/? W/CamX: [ WARN][STATS  ] camxafinterface.cpp:207 AFGetParam() Number of unsupported AF Param types 2
2018-12-07 15:25:02.277 731-1766/? E/CamX: [ERROR][CPP    ] camxbpsnode.cpp:1689 GetFaceROI() Face ROI is not published
2018-12-07 15:25:02.286 6892-6970/com.jian.detectx.lahaina.debug I/Yolov5_Jian_JNI: jiache >>> after preprocess2 >>> 
2018-12-07 15:25:02.286 6892-6970/com.jian.detectx.lahaina.debug I/Yolov5_Jian_JNI: [Profiling] Pre-processing: 15 ms
2018-12-07 15:25:02.289 731-1762/? E/CamX: [ERROR][STATS_AWB] camxcawbmain.cpp:917: AWBProcess Invalid StatsDataPointer input!
2018-12-07 15:25:02.290 731-1767/? E/CamX: [ERROR][STATS  ] camxstatscommon.cpp:646 ReadVendorTag() org.codeaurora.qcamera3.ADRC: disable tag not defined
2018-12-07 15:25:02.300 731-1764/? W/CHIUSECASE: [WARN   ] chxadvancedcamerausecase.cpp:1845 UpdateBufferReadyForRDIQueue() released framenumber :117,framenumber:126, buffer handle is used or released
2018-12-07 15:25:02.300 731-6950/? E/CHIUSECASE: [CONFIG ] chxfeaturezsl.cpp:960 RequestThreadProcessing() Sending ZSL snapshot requestIdIndex:126, requestFrameIndex:126, frameNumber:126 for RDI frame:126, request:126 metadata:0x77b0ff0600 count 196
2018-12-07 15:25:02.300 731-6950/? E/CHIUSECASE: [CONFIG ] chxfeaturezsl.cpp:858 RequestThreadProcessing() Waiting for RDI/Meta of zslInputFrameNumber 127, requestIdIndex: 127, requestFrameIndex: 127 for triggering snapshot request
2018-12-07 15:25:02.308 6892-6970/com.jian.detectx.lahaina.debug I/Yolov5_Jian_JNI: [Profiling] Inference: 22 ms
2018-12-07 15:25:02.311 731-1766/? W/CamX: [ WARN][STATS  ] camxafinterface.cpp:207 AFGetParam() Number of unsupported AF Param types 2
2018-12-07 15:25:02.312 731-1762/? E/CamX: [ERROR][CPP    ] camxbpsnode.cpp:1689 GetFaceROI() Face ROI is not published
2018-12-07 15:25:02.320 6892-6970/com.jian.detectx.lahaina.debug I/Yolov5_Jian_JNI: [Profiling] Proposal generation: 11 ms
2018-12-07 15:25:02.320 6892-6970/com.jian.detectx.lahaina.debug I/Yolov5_Jian_JNI: 0 proposals generated
2018-12-07 15:25:02.320 6892-6970/com.jian.detectx.lahaina.debug I/Yolov5_Jian_JNI: [Profiling] NMS: 0 ms
2018-12-07 15:25:02.320 6892-6970/com.jian.detectx.lahaina.debug D/Jian_JNI: detected objects : 0
2018-12-07 15:25:02.320 6892-6970/com.jian.detectx.lahaina.debug D/Jian_Java_MainActivity: detected object:0
2018-12-07 15:25:02.322 731-1765/? E/CamX: [ERROR][STATS_AWB] camxcawbmain.cpp:917: AWBProcess Invalid StatsDataPointer input!
2018-12-07 15:25:02.322 731-1766/? E/CamX: [ERROR][STATS  ] camxstatscommon.cpp:646 ReadVendorTag() org.codeaurora.qcamera3.ADRC: disable tag not defined
2018-12-07 15:25:02.333 731-1766/? W/CHIUSECASE: [WARN   ] chxadvancedcamerausecase.cpp:1845 UpdateBufferReadyForRDIQueue() released framenumber :118,framenumber:127, buffer handle is used or released
2018-12-07 15:25:02.334 731-6950/? E/CHIUSECASE: [CONFIG ] chxfeaturezsl.cpp:960 RequestThreadProcessing() Sending ZSL snapshot requestIdIndex:127, requestFrameIndex:127, frameNumber:127 for RDI frame:127, request:127 metadata:0x77b0ff0880 count 196
2018-12-07 15:25:02.334 731-6950/? E/CHIUSECASE: [CONFIG ] chxfeaturezsl.cpp:858 RequestThreadProcessing() Waiting for RDI/Meta of zslInputFrameNumber 128, requestIdIndex: 0, requestFrameIndex: 0 for triggering snapshot request
2018-12-07 15:25:02.334 6892-6970/com.jian.detectx.lahaina.debug I/Yolov5_Jian_JNI: jiache >>> before preprocess2 >>> 
2018-12-07 15:25:02.345 731-1765/? E/CamX: [ERROR][CPP    ] camxbpsnode.cpp:1689 GetFaceROI() Face ROI is not published
2018-12-07 15:25:02.345 731-1766/? W/CamX: [ WARN][STATS  ] camxafinterface.cpp:207 AFGetParam() Number of unsupported AF Param types 2
2018-12-07 15:25:02.350 6892-6970/com.jian.detectx.lahaina.debug I/Yolov5_Jian_JNI: jiache >>> after preprocess2 >>> 
2018-12-07 15:25:02.350 6892-6970/com.jian.detectx.lahaina.debug I/Yolov5_Jian_JNI: [Profiling] Pre-processing: 15 ms
2018-12-07 15:25:02.355 731-1766/? E/CamX: [ERROR][STATS_AWB] camxcawbmain.cpp:917: AWBProcess Invalid StatsDataPointer input!
2018-12-07 15:25:02.355 731-1762/? E/CamX: [ERROR][STATS  ] camxstatscommon.cpp:646 ReadVendorTag() org.codeaurora.qcamera3.ADRC: disable tag not defined
2018-12-07 15:25:02.364 731-1762/? W/CHIUSECASE: [WARN   ] chxadvancedcamerausecase.cpp:1845 UpdateBufferReadyForRDIQueue() released framenumber :119,framenumber:128, buffer handle is used or released
2018-12-07 15:25:02.364 731-6950/? E/CHIUSECASE: [CONFIG ] chxfeaturezsl.cpp:960 RequestThreadProcessing() Sending ZSL snapshot requestIdIndex:0, requestFrameIndex:0, frameNumber:128 for RDI frame:128, request:128 metadata:0x77b0ff0b00 count 196
2018-12-07 15:25:02.364 731-6950/? E/CHIUSECASE: [CONFIG ] chxfeaturezsl.cpp:858 RequestThreadProcessing() Waiting for RDI/Meta of zslInputFrameNumber 129, requestIdIndex: 1, requestFrameIndex: 1 for triggering snapshot request
2018-12-07 15:25:02.372 6892-6970/com.jian.detectx.lahaina.debug I/Yolov5_Jian_JNI: [Profiling] Inference: 22 ms
2018-12-07 15:25:02.373 731-1765/? E/CamX: [ERROR][CPP    ] camxbpsnode.cpp:1689 GetFaceROI() Face ROI is not published
2018-12-07 15:25:02.376 731-1764/? W/CamX: [ WARN][STATS  ] camxafinterface.cpp:207 AFGetParam() Number of unsupported AF Param types 2
2018-12-07 15:25:02.388 6892-6970/com.jian.detectx.lahaina.debug I/Yolov5_Jian_JNI: [Profiling] Proposal generation: 15 ms
2018-12-07 15:25:02.388 6892-6970/com.jian.detectx.lahaina.debug I/Yolov5_Jian_JNI: 0 proposals generated
2018-12-07 15:25:02.388 6892-6970/com.jian.detectx.lahaina.debug I/Yolov5_Jian_JNI: [Profiling] NMS: 0 ms
2018-12-07 15:25:02.388 6892-6970/com.jian.detectx.lahaina.debug D/Jian_JNI: detected objects : 0
2018-12-07 15:25:02.389 6892-6970/com.jian.detectx.lahaina.debug D/Jian_Java_MainActivity: detected object:0
2018-12-07 15:25:02.389 731-1764/? E/CamX: [ERROR][STATS_AWB] camxcawbmain.cpp:917: AWBProcess Invalid StatsDataPointer input!
2018-12-07 15:25:02.389 731-1764/? E/CamX: [ERROR][STATS  ] camxstatscommon.cpp:646 ReadVendorTag() org.codeaurora.qcamera3.ADRC: disable tag not defined
2018-12-07 15:25:02.397 731-1767/? W/CHIUSECASE: [WARN   ] chxadvancedcamerausecase.cpp:1845 UpdateBufferReadyForRDIQueue() released framenumber :120,framenumber:129, buffer handle is used or released
2018-12-07 15:25:02.399 731-6950/? E/CHIUSECASE: [CONFIG ] chxfeaturezsl.cpp:960 RequestThreadProcessing() Sending ZSL snapshot requestIdIndex:1, requestFrameIndex:1, frameNumber:129 for RDI frame:129, request:129 metadata:0x77b0ff0d80 count 196
2018-12-07 15:25:02.400 731-6950/? E/CHIUSECASE: [CONFIG ] chxfeaturezsl.cpp:858 RequestThreadProcessing() Waiting for RDI/Meta of zslInputFrameNumber 130, requestIdIndex: 2, requestFrameIndex: 2 for triggering snapshot request
2018-12-07 15:25:02.405 6892-6970/com.jian.detectx.lahaina.debug I/Yolov5_Jian_JNI: jiache >>> before preprocess2 >>> 
2018-12-07 15:25:02.409 731-1764/? W/CamX: [ WARN][STATS  ] camxafinterface.cpp:207 AFGetParam() Number of unsupported AF Param types 2
2018-12-07 15:25:02.410 731-1767/? E/CamX: [ERROR][CPP    ] camxbpsnode.cpp:1689 GetFaceROI() Face ROI is not published
2018-12-07 15:25:02.422 6892-6970/com.jian.detectx.lahaina.debug I/Yolov5_Jian_JNI: jiache >>> after preprocess2 >>> 
2018-12-07 15:25:02.422 731-1766/? E/CamX: [ERROR][STATS  ] camxstatscommon.cpp:646 ReadVendorTag() org.codeaurora.qcamera3.ADRC: disable tag not defined
2018-12-07 15:25:02.422 6892-6970/com.jian.detectx.lahaina.debug I/Yolov5_Jian_JNI: [Profiling] Pre-processing: 17 ms
2018-12-07 15:25:02.422 731-1762/? E/CamX: [ERROR][STATS_AWB] camxcawbmain.cpp:917: AWBProcess Invalid StatsDataPointer input!
2018-12-07 15:25:02.430 731-1767/? W/CHIUSECASE: [WARN   ] chxadvancedcamerausecase.cpp:1845 UpdateBufferReadyForRDIQueue() released framenumber :121,framenumber:130, buffer handle is used or released
2018-12-07 15:25:02.430 731-6950/? E/CHIUSECASE: [CONFIG ] chxfeaturezsl.cpp:960 RequestThreadProcessing() Sending ZSL snapshot requestIdIndex:2, requestFrameIndex:2, frameNumber:130 for RDI frame:130, request:130 metadata:0x77b1bd3000 count 196
2018-12-07 15:25:02.430 731-6950/? E/CHIUSECASE: [CONFIG ] chxfeaturezsl.cpp:858 RequestThreadProcessing() Waiting for RDI/Meta of zslInputFrameNumber 131, requestIdIndex: 3, requestFrameIndex: 3 for triggering snapshot request
2018-12-07 15:25:02.440 731-1765/? W/CamX: [ WARN][STATS  ] camxafinterface.cpp:207 AFGetParam() Number of unsupported AF Param types 2
2018-12-07 15:25:02.441 731-1765/? E/CamX: [ERROR][CPP    ] camxbpsnode.cpp:1689 GetFaceROI() Face ROI is not published
2018-12-07 15:25:02.444 6892-6970/com.jian.detectx.lahaina.debug I/Yolov5_Jian_JNI: [Profiling] Inference: 21 ms
2018-12-07 15:25:02.455 731-1765/? E/CamX: [ERROR][STATS_AWB] camxcawbmain.cpp:917: AWBProcess Invalid StatsDataPointer input!
2018-12-07 15:25:02.456 6892-6970/com.jian.detectx.lahaina.debug I/Yolov5_Jian_JNI: [Profiling] Proposal generation: 12 ms
2018-12-07 15:25:02.456 6892-6970/com.jian.detectx.lahaina.debug I/Yolov5_Jian_JNI: 0 proposals generated
2018-12-07 15:25:02.456 6892-6970/com.jian.detectx.lahaina.debug I/Yolov5_Jian_JNI: [Profiling] NMS: 0 ms
2018-12-07 15:25:02.456 6892-6970/com.jian.detectx.lahaina.debug D/Jian_JNI: detected objects : 0
2018-12-07 15:25:02.456 6892-6970/com.jian.detectx.lahaina.debug D/Jian_Java_MainActivity: detected object:0
2018-12-07 15:25:02.456 731-1762/? E/CamX: [ERROR][STATS  ] camxstatscommon.cpp:646 ReadVendorTag() org.codeaurora.qcamera3.ADRC: disable tag not defined
2018-12-07 15:25:02.464 731-1766/? W/CHIUSECASE: [WARN   ] chxadvancedcamerausecase.cpp:1845 UpdateBufferReadyForRDIQueue() released framenumber :122,framenumber:131, buffer handle is used or released
2018-12-07 15:25:02.465 731-6950/? E/CHIUSECASE: [CONFIG ] chxfeaturezsl.cpp:960 RequestThreadProcessing() Sending ZSL snapshot requestIdIndex:3, requestFrameIndex:3, frameNumber:131 for RDI frame:131, request:131 metadata:0x77b1bd3280 count 196
2018-12-07 15:25:02.465 731-6950/? E/CHIUSECASE: [CONFIG ] chxfeaturezsl.cpp:858 RequestThreadProcessing() Waiting for RDI/Meta of zslInputFrameNumber 132, requestIdIndex: 4, requestFrameIndex: 4 for triggering snapshot request
2018-12-07 15:25:02.473 731-1764/? E/CamX: [ERROR][CPP    ] camxbpsnode.cpp:1689 GetFaceROI() Face ROI is not published
2018-12-07 15:25:02.474 731-1765/? W/CamX: [ WARN][STATS  ] camxafinterface.cpp:207 AFGetParam() Number of unsupported AF Param types 2
2018-12-07 15:25:02.475 6892-6970/com.jian.detectx.lahaina.debug I/Yolov5_Jian_JNI: jiache >>> before preprocess2 >>> 
2018-12-07 15:25:02.489 731-1762/? E/CamX: [ERROR][STATS_AWB] camxcawbmain.cpp:917: AWBProcess Invalid StatsDataPointer input!
2018-12-07 15:25:02.489 731-1764/? E/CamX: [ERROR][STATS  ] camxstatscommon.cpp:646 ReadVendorTag() org.codeaurora.qcamera3.ADRC: disable tag not defined
2018-12-07 15:25:02.494 6892-6970/com.jian.detectx.lahaina.debug I/Yolov5_Jian_JNI: jiache >>> after preprocess2 >>> 
2018-12-07 15:25:02.494 6892-6970/com.jian.detectx.lahaina.debug I/Yolov5_Jian_JNI: [Profiling] Pre-processing: 19 ms
2018-12-07 15:25:02.497 731-1762/? W/CHIUSECASE: [WARN   ] chxadvancedcamerausecase.cpp:1845 UpdateBufferReadyForRDIQueue() released framenumber :123,framenumber:132, buffer handle is used or released
2018-12-07 15:25:02.497 731-6950/? E/CHIUSECASE: [CONFIG ] chxfeaturezsl.cpp:960 RequestThreadProcessing() Sending ZSL snapshot requestIdIndex:4, requestFrameIndex:4, frameNumber:132 for RDI frame:132, request:132 metadata:0x77b1bd3500 count 196
2018-12-07 15:25:02.497 731-6950/? E/CHIUSECASE: [CONFIG ] chxfeaturezsl.cpp:858 RequestThreadProcessing() Waiting for RDI/Meta of zslInputFrameNumber 133, requestIdIndex: 5, requestFrameIndex: 5 for triggering snapshot request
2018-12-07 15:25:02.506 731-1766/? E/CamX: [ERROR][CPP    ] camxbpsnode.cpp:1689 GetFaceROI() Face ROI is not published
2018-12-07 15:25:02.509 731-1765/? W/CamX: [ WARN][STATS  ] camxafinterface.cpp:207 AFGetParam() Number of unsupported AF Param types 2
2018-12-07 15:25:02.516 6892-6970/com.jian.detectx.lahaina.debug I/Yolov5_Jian_JNI: [Profiling] Inference: 22 ms
2018-12-07 15:25:02.523 731-1762/? E/CamX: [ERROR][STATS_AWB] camxcawbmain.cpp:917: AWBProcess Invalid StatsDataPointer input!
2018-12-07 15:25:02.523 731-1764/? E/CamX: [ERROR][STATS  ] camxstatscommon.cpp:646 ReadVendorTag() org.codeaurora.qcamera3.ADRC: disable tag not defined
2018-12-07 15:25:02.534 6892-6970/com.jian.detectx.lahaina.debug I/Yolov5_Jian_JNI: [Profiling] Proposal generation: 16 ms
2018-12-07 15:25:02.534 6892-6970/com.jian.detectx.lahaina.debug I/Yolov5_Jian_JNI: 0 proposals generated
2018-12-07 15:25:02.534 6892-6970/com.jian.detectx.lahaina.debug I/Yolov5_Jian_JNI: [Profiling] NMS: 0 ms
2018-12-07 15:25:02.534 6892-6970/com.jian.detectx.lahaina.debug D/Jian_JNI: detected objects : 0
2018-12-07 15:25:02.534 6892-6970/com.jian.detectx.lahaina.debug D/Jian_Java_MainActivity: detected object:0
2018-12-07 15:25:02.534 731-1767/? W/CHIUSECASE: [WARN   ] chxadvancedcamerausecase.cpp:1845 UpdateBufferReadyForRDIQueue() released framenumber :124,framenumber:133, buffer handle is used or released
2018-12-07 15:25:02.535 731-6950/? E/CHIUSECASE: [CONFIG ] chxfeaturezsl.cpp:960 RequestThreadProcessing() Sending ZSL snapshot requestIdIndex:5, requestFrameIndex:5, frameNumber:133 for RDI frame:133, request:133 metadata:0x77b1bd3780 count 196
2018-12-07 15:25:02.535 731-6950/? E/CHIUSECASE: [CONFIG ] chxfeaturezsl.cpp:858 RequestThreadProcessing() Waiting for RDI/Meta of zslInputFrameNumber 134, requestIdIndex: 6, requestFrameIndex: 6 for triggering snapshot request
2018-12-07 15:25:02.543 731-1765/? E/CamX: [ERROR][CPP    ] camxbpsnode.cpp:1689 GetFaceROI() Face ROI is not published
2018-12-07 15:25:02.545 731-1767/? W/CamX: [ WARN][STATS  ] camxafinterface.cpp:207 AFGetParam() Number of unsupported AF Param types 2
2018-12-07 15:25:02.553 6892-6970/com.jian.detectx.lahaina.debug I/Yolov5_Jian_JNI: jiache >>> before preprocess2 >>> 
2018-12-07 15:25:02.556 731-1765/? E/CamX: [ERROR][STATS_AWB] camxcawbmain.cpp:917: AWBProcess Invalid StatsDataPointer input!
2018-12-07 15:25:02.557 731-1762/? E/CamX: [ERROR][STATS  ] camxstatscommon.cpp:646 ReadVendorTag() org.codeaurora.qcamera3.ADRC: disable tag not defined
2018-12-07 15:25:02.570 6892-6970/com.jian.detectx.lahaina.debug I/Yolov5_Jian_JNI: jiache >>> after preprocess2 >>> 
2018-12-07 15:25:02.570 6892-6970/com.jian.detectx.lahaina.debug I/Yolov5_Jian_JNI: [Profiling] Pre-processing: 17 ms
2018-12-07 15:25:02.571 731-1764/? W/CHIUSECASE: [WARN   ] chxadvancedcamerausecase.cpp:1845 UpdateBufferReadyForRDIQueue() released framenumber :125,framenumber:134, buffer handle is used or released
2018-12-07 15:25:02.571 731-6950/? E/CHIUSECASE: [CONFIG ] chxfeaturezsl.cpp:960 RequestThreadProcessing() Sending ZSL snapshot requestIdIndex:6, requestFrameIndex:6, frameNumber:134 for RDI frame:134, request:134 metadata:0x77b1bd3a00 count 196
