:29.071 6541-6638/com.jian.detectx.lahaina.debug I/Yolov5_Jian_JNI: [Profiling] Pre-processing: 17 ms
2018-12-07 15:24:29.094 6541-6638/com.jian.detectx.lahaina.debug I/Yolov5_Jian_JNI: [Profiling] Inference: 22 ms
2018-12-07 15:24:29.119 6541-6638/com.jian.detectx.lahaina.debug I/Yolov5_Jian_JNI: [Profiling] Proposal generation: 24 ms
2018-12-07 15:24:29.119 6541-6638/com.jian.detectx.lahaina.debug I/Yolov5_Jian_JNI: 0 proposals generated
2018-12-07 15:24:29.119 6541-6638/com.jian.detectx.lahaina.debug I/Yolov5_Jian_JNI: [Profiling] NMS: 0 ms
2018-12-07 15:24:29.119 6541-6638/com.jian.detectx.lahaina.debug D/Jian_JNI: detected objects : 0
2018-12-07 15:24:29.119 6541-6638/com.jian.detectx.lahaina.debug D/Jian_Java_MainActivity: detected object:0
2018-12-07 15:24:29.123 731-1767/? E/CamX: [ERROR][STATS_AWB] camxcawbmain.cpp:917: AWBProcess Invalid StatsDataPointer input!
2018-12-07 15:24:29.124 731-1765/? E/CamX: [ERROR][STATS  ] camxstatscommon.cpp:646 ReadVendorTag() org.codeaurora.qcamera3.ADRC: disable tag not defined
2018-12-07 15:24:29.136 6541-6638/com.jian.detectx.lahaina.debug I/Yolov5_Jian_JNI: jiache >>> before preprocess2 >>> 
2018-12-07 15:24:29.141 731-1763/? W/CHIUSECASE: [WARN   ] chxadvancedcamerausecase.cpp:1845 UpdateBufferReadyForRDIQueue() released framenumber :1322,framenumber:1331, buffer handle is used or released
2018-12-07 15:24:29.141 731-6618/? E/CHIUSECASE: [CONFIG ] chxfeaturezsl.cpp:960 RequestThreadProcessing() Sending ZSL snapshot requestIdIndex:51, requestFrameIndex:51, frameNumber:1331 for RDI frame:1331, request:1331 metadata:0x77b2bc1a00 count 196
2018-12-07 15:24:29.141 731-6618/? E/CHIUSECASE: [CONFIG ] chxfeaturezsl.cpp:858 RequestThreadProcessing() Waiting for RDI/Meta of zslInputFrameNumber 1332, requestIdIndex: 52, requestFrameIndex: 52 for triggering snapshot request
2018-12-07 15:24:29.154 6541-6638/com.jian.detectx.lahaina.debug I/Yolov5_Jian_JNI: jiache >>> after preprocess2 >>> 
2018-12-07 15:24:29.154 6541-6638/com.jian.detectx.lahaina.debug I/Yolov5_Jian_JNI: [Profiling] Pre-processing: 17 ms
2018-12-07 15:24:29.156 731-1762/? E/CamX: [ERROR][CPP    ] camxbpsnode.cpp:1689 GetFaceROI() Face ROI is not published
2018-12-07 15:24:29.157 731-1764/? W/CamX: [ WARN][STATS  ] camxafinterface.cpp:207 AFGetParam() Number of unsupported AF Param types 2
2018-12-07 15:24:29.176 6541-6638/com.jian.detectx.lahaina.debug I/Yolov5_Jian_JNI: [Profiling] Inference: 21 ms
2018-12-07 15:24:29.195 6541-6638/com.jian.detectx.lahaina.debug I/Yolov5_Jian_JNI: [Profiling] Proposal generation: 18 ms
2018-12-07 15:24:29.195 6541-6638/com.jian.detectx.lahaina.debug I/Yolov5_Jian_JNI: 0 proposals generated
2018-12-07 15:24:29.195 6541-6638/com.jian.detectx.lahaina.debug I/Yolov5_Jian_JNI: [Profiling] NMS: 0 ms
2018-12-07 15:24:29.195 6541-6638/com.jian.detectx.lahaina.debug D/Jian_JNI: detected objects : 0
2018-12-07 15:24:29.195 6541-6638/com.jian.detectx.lahaina.debug D/Jian_Java_MainActivity: detected object:0
2018-12-07 15:24:29.203 731-1765/? E/CamX: [ERROR][STATS_AWB] camxcawbmain.cpp:917: AWBProcess Invalid StatsDataPointer input!
2018-12-07 15:24:29.203 731-1762/? E/CamX: [ERROR][STATS  ] camxstatscommon.cpp:646 ReadVendorTag() org.codeaurora.qcamera3.ADRC: disable tag not defined
2018-12-07 15:24:29.216 731-1767/? W/CHIUSECASE: [WARN   ] chxadvancedcamerausecase.cpp:1845 UpdateBufferReadyForRDIQueue() released framenumber :1323,framenumber:1332, buffer handle is used or released
2018-12-07 15:24:29.217 731-6618/? E/CHIUSECASE: [CONFIG ] chxfeaturezsl.cpp:960 RequestThreadProcessing() Sending ZSL snapshot requestIdIndex:52, requestFrameIndex:52, frameNumber:1332 for RDI frame:1332, request:1332 metadata:0x77b2bc1c80 count 196
2018-12-07 15:24:29.217 731-6618/? E/CHIUSECASE: [CONFIG ] chxfeaturezsl.cpp:858 RequestThreadProcessing() Waiting for RDI/Meta of zslInputFrameNumber 1333, requestIdIndex: 53, requestFrameIndex: 53 for triggering snapshot request
2018-12-07 15:24:29.224 6541-6638/com.jian.detectx.lahaina.debug I/Yolov5_Jian_JNI: jiache >>> before preprocess2 >>> 
2018-12-07 15:24:29.227 731-1765/? E/CamX: [ERROR][CPP    ] camxbpsnode.cpp:1689 GetFaceROI() Face ROI is not published
2018-12-07 15:24:29.233 731-1764/? W/CamX: [ WARN][STATS  ] camxafinterface.cpp:207 AFGetParam() Number of unsupported AF Param types 2
2018-12-07 15:24:29.244 6541-6638/com.jian.detectx.lahaina.debug I/Yolov5_Jian_JNI: jiache >>> after preprocess2 >>> 
2018-12-07 15:24:29.244 6541-6638/com.jian.detectx.lahaina.debug I/Yolov5_Jian_JNI: [Profiling] Pre-processing: 20 ms
2018-12-07 15:24:29.267 6541-6638/com.jian.detectx.lahaina.debug I/Yolov5_Jian_JNI: [Profiling] Inference: 22 ms
2018-12-07 15:24:29.283 731-1763/? E/CamX: [ERROR][STATS_AWB] camxcawbmain.cpp:917: AWBProcess Invalid StatsDataPointer input!
2018-12-07 15:24:29.283 731-1765/? E/CamX: [ERROR][STATS  ] camxstatscommon.cpp:646 ReadVendorTag() org.codeaurora.qcamera3.ADRC: disable tag not defined
2018-12-07 15:24:29.289 6541-6638/com.jian.detectx.lahaina.debug I/Yolov5_Jian_JNI: [Profiling] Proposal generation: 22 ms
2018-12-07 15:24:29.289 6541-6638/com.jian.detectx.lahaina.debug I/Yolov5_Jian_JNI: 0 proposals generated
2018-12-07 15:24:29.289 6541-6638/com.jian.detectx.lahaina.debug I/Yolov5_Jian_JNI: [Profiling] NMS: 0 ms
2018-12-07 15:24:29.289 6541-6638/com.jian.detectx.lahaina.debug D/Jian_JNI: detected objects : 0
2018-12-07 15:24:29.289 6541-6638/com.jian.detectx.lahaina.debug D/Jian_Java_MainActivity: detected object:0
2018-12-07 15:24:29.291 731-1762/? W/CHIUSECASE: [WARN   ] chxadvancedcamerausecase.cpp:1845 UpdateBufferReadyForRDIQueue() released framenumber :1324,framenumber:1333, buffer handle is used or released
2018-12-07 15:24:29.292 731-6618/? E/CHIUSECASE: [CONFIG ] chxfeaturezsl.cpp:960 RequestThreadProcessing() Sending ZSL snapshot requestIdIndex:53, requestFrameIndex:53, frameNumber:1333 for RDI frame:1333, request:1333 metadata:0x77b2bc1f00 count 196
2018-12-07 15:24:29.292 731-6618/? E/CHIUSECASE: [CONFIG ] chxfeaturezsl.cpp:858 RequestThreadProcessing() Waiting for RDI/Meta of zslInputFrameNumber 1334, requestIdIndex: 54, requestFrameIndex: 54 for triggering snapshot request
2018-12-07 15:24:29.304 731-1767/? E/CamX: [ERROR][CPP    ] camxbpsnode.cpp:1689 GetFaceROI() Face ROI is not published
2018-12-07 15:24:29.304 731-1763/? W/CamX: [ WARN][STATS  ] camxafinterface.cpp:207 AFGetParam() Number of unsupported AF Param types 2
2018-12-07 15:24:29.305 6541-6638/com.jian.detectx.lahaina.debug I/Yolov5_Jian_JNI: jiache >>> before preprocess2 >>> 
2018-12-07 15:24:29.323 6541-6638/com.jian.detectx.lahaina.debug I/Yolov5_Jian_JNI: jiache >>> after preprocess2 >>> 
2018-12-07 15:24:29.323 6541-6638/com.jian.detectx.lahaina.debug I/Yolov5_Jian_JNI: [Profiling] Pre-processing: 17 ms
2018-12-07 15:24:29.345 6541-6638/com.jian.detectx.lahaina.debug I/Yolov5_Jian_JNI: [Profiling] Inference: 22 ms
2018-12-07 15:24:29.363 731-1765/? E/CamX: [ERROR][STATS_AWB] camxcawbmain.cpp:917: AWBProcess Invalid StatsDataPointer input!
2018-12-07 15:24:29.363 731-1763/? E/CamX: [ERROR][STATS  ] camxstatscommon.cpp:646 ReadVendorTag() org.codeaurora.qcamera3.ADRC: disable tag not defined
2018-12-07 15:24:29.365 6541-6638/com.jian.detectx.lahaina.debug I/Yolov5_Jian_JNI: [Profiling] Proposal generation: 20 ms
2018-12-07 15:24:29.365 6541-6638/com.jian.detectx.lahaina.debug I/Yolov5_Jian_JNI: 0 proposals generated
2018-12-07 15:24:29.365 6541-6638/com.jian.detectx.lahaina.debug I/Yolov5_Jian_JNI: [Profiling] NMS: 0 ms
2018-12-07 15:24:29.365 6541-6638/com.jian.detectx.lahaina.debug D/Jian_JNI: detected objects : 0
2018-12-07 15:24:29.366 6541-6638/com.jian.detectx.lahaina.debug D/Jian_Java_MainActivity: detected object:0
2018-12-07 15:24:29.376 731-1764/? W/CHIUSECASE: [WARN   ] chxadvancedcamerausecase.cpp:1845 UpdateBufferReadyForRDIQueue() released framenumber :1325,framenumber:1334, buffer handle is used or released
2018-12-07 15:24:29.376 731-6618/? E/CHIUSECASE: [CONFIG ] chxfeaturezsl.cpp:960 RequestThreadProcessing() Sending ZSL snapshot requestIdIndex:54, requestFrameIndex:54, frameNumber:1334 for RDI frame:1334, request:1334 metadata:0x77b2bc2180 count 196
2018-12-07 15:24:29.377 731-6618/? E/CHIUSECASE: [CONFIG ] chxfeaturezsl.cpp:858 RequestThreadProcessing() Waiting for RDI/Meta of zslInputFrameNumber 1335, requestIdIndex: 55, requestFrameIndex: 55 for triggering snapshot request
2018-12-07 15:24:29.387 6541-6638/com.jian.detectx.lahaina.debug I/Yolov5_Jian_JNI: jiache >>> before preprocess2 >>> 
2018-12-07 15:24:29.396 731-1767/? W/CamX: [ WARN][STATS  ] camxafinterface.cpp:207 AFGetParam() Number of unsupported AF Param types 2
2018-12-07 15:24:29.398 731-1764/? E/CamX: [ERROR][CPP    ] camxbpsnode.cpp:1689 GetFaceROI() Face ROI is not published
2018-12-07 15:24:29.405 6541-6638/com.jian.detectx.lahaina.debug I/Yolov5_Jian_JNI: jiache >>> after preprocess2 >>> 
2018-12-07 15:24:29.405 6541-6638/com.jian.detectx.lahaina.debug I/Yolov5_Jian_JNI: [Profiling] Pre-processing: 18 ms
2018-12-07 15:24:29.427 6541-6638/com.jian.detectx.lahaina.debug I/Yolov5_Jian_JNI: [Profiling] Inference: 21 ms
2018-12-07 15:24:29.443 731-1764/? E/CamX: [ERROR][STATS_AWB] camxcawbmain.cpp:917: AWBProcess Invalid StatsDataPointer input!
2018-12-07 15:24:29.443 731-1765/? E/CamX: [ERROR][STATS  ] camxstatscommon.cpp:646 ReadVendorTag() org.codeaurora.qcamera3.ADRC: disable tag not defined
2018-12-07 15:24:29.449 6541-6638/com.jian.detectx.lahaina.debug I/Yolov5_Jian_JNI: [Profiling] Proposal generation: 22 ms
2018-12-07 15:24:29.449 6541-6638/com.jian.detectx.lahaina.debug I/Yolov5_Jian_JNI: 0 proposals generated
2018-12-07 15:24:29.449 6541-6638/com.jian.detectx.lahaina.debug I/Yolov5_Jian_JNI: [Profiling] NMS: 0 ms
2018-12-07 15:24:29.449 6541-6638/com.jian.detectx.lahaina.debug D/Jian_JNI: detected objects : 0
2018-12-07 15:24:29.449 6541-6638/com.jian.detectx.lahaina.debug D/Jian_Java_MainActivity: detected object:0
2018-12-07 15:24:29.452 731-1764/? W/CHIUSECASE: [WARN   ] chxadvancedcamerausecase.cpp:1845 UpdateBufferReadyForRDIQueue() released framenumber :1326,framenumber:1335, buffer handle is used or released
2018-12-07 15:24:29.453 731-6618/? E/CHIUSECASE: [CONFIG ] chxfeaturezsl.cpp:960 RequestThreadProcessing() Sending ZSL snapshot requestIdIndex:55, requestFrameIndex:55, frameNumber:1335 for RDI frame:1335, request:1335 metadata:0x77b35a3e80 count 196
2018-12-07 15:24:29.453 731-6618/? E/CHIUSECASE: [CONFIG ] chxfeaturezsl.cpp:858 RequestThreadProcessing() Waiting for RDI/Meta of zslInputFrameNumber 1336, requestIdIndex: 56, requestFrameIndex: 56 for triggering snapshot request
2018-12-07 15:24:29.461 731-1763/? E/CamX: [ERROR][CPP    ] camxbpsnode.cpp:1689 GetFaceROI() Face ROI is not published
2018-12-07 15:24:29.466 731-1762/? W/CamX: [ WARN][STATS  ] camxafinterface.cpp:207 AFGetParam() Number of unsupported AF Param types 2
2018-12-07 15:24:29.466 6541-6638/com.jian.detectx.lahaina.debug I/Yolov5_Jian_JNI: jiache >>> before preprocess2 >>> 
2018-12-07 15:24:29.483 6541-6638/com.jian.detectx.lahaina.debug I/Yolov5_Jian_JNI: jiache >>> after preprocess2 >>> 
2018-12-07 15:24:29.483 6541-6638/com.jian.detectx.lahaina.debug I/Yolov5_Jian_JNI: [Profiling] Pre-processing: 16 ms
2018-12-07 15:24:29.505 6541-6638/com.jian.detectx.lahaina.debug I/Yolov5_Jian_JNI: [Profiling] Inference: 22 ms
2018-12-07 15:24:29.523 731-1765/? E/CamX: [ERROR][STATS_AWB] camxcawbmain.cpp:917: AWBProcess Invalid StatsDataPointer input!
2018-12-07 15:24:29.524 731-1764/? E/CamX: [ERROR][STATS  ] camxstatscommon.cpp:646 ReadVendorTag() org.codeaurora.qcamera3.ADRC: disable tag not defined
2018-12-07 15:24:29.526 6541-6638/com.jian.detectx.lahaina.debug I/Yolov5_Jian_JNI: [Profiling] Proposal generation: 20 ms
2018-12-07 15:24:29.526 6541-6638/com.jian.detectx.lahaina.debug I/Yolov5_Jian_JNI: 0 proposals generated
2018-12-07 15:24:29.526 6541-6638/com.jian.detectx.lahaina.debug I/Yolov5_Jian_JNI: [Profiling] NMS: 0 ms
2018-12-07 15:24:29.526 6541-6638/com.jian.detectx.lahaina.debug D/Jian_JNI: detected objects : 0
2018-12-07 15:24:29.526 6541-6638/com.jian.detectx.lahaina.debug D/Jian_Java_MainActivity: detected object:0
2018-12-07 15:24:29.534 731-1762/? W/CHIUSECASE: [WARN   ] chxadvancedcamerausecase.cpp:1845 UpdateBufferReadyForRDIQueue() released framenumber :1327,framenumber:1336, buffer handle is used or released
2018-12-07 15:24:29.535 731-6618/? E/CHIUSECASE: [CONFIG ] chxfeaturezsl.cpp:960 RequestThreadProcessing() Sending ZSL snapshot requestIdIndex:56, requestFrameIndex:56, frameNumber:1336 for RDI frame:1336, request:1336 metadata:0x77b35a4100 count 196
2018-12-07 15:24:29.535 731-6618/? E/CHIUSECASE: [CONFIG ] chxfeaturezsl.cpp:858 RequestThreadProcessing() Waiting for RDI/Meta of zslInputFrameNumber 1337, requestIdIndex: 57, requestFrameIndex: 57 for triggering snapshot request
2018-12-07 15:24:29.541 6541-6638/com.jian.detectx.lahaina.debug I/Yolov5_Jian_JNI: jiache >>> before preprocess2 >>> 
2018-12-07 15:24:29.550 731-1764/? E/CamX: [ERROR][CPP    ] camxbpsnode.cpp:1689 GetFaceROI() Face ROI is not published
2018-12-07 15:24:29.550 731-1765/? W/CamX: [ WARN][STATS  ] camxafinterface.cpp:207 AFGetParam() Number of unsupported AF Param types 2
2018-12-07 15:24:29.557 6541-6638/com.jian.detectx.lahaina.debug I/Yolov5_Jian_JNI: jiache >>> after preprocess2 >>> 
2018-12-07 15:24:29.557 6541-6638/com.jian.detectx.lahaina.debug I/Yolov5_Jian_JNI: [Profiling] Pre-processing: 16 ms
2018-12-07 15:24:29.580 6541-6638/com.jian.detectx.lahaina.debug I/Yolov5_Jian_JNI: [Profiling] Inference: 22 ms
2018-12-07 15:24:29.589 6541-6638/com.jian.detectx.lahaina.debug I/Yolov5_Jian_JNI: [Profiling] Proposal generation: 8 ms
2018-12-07 15:24:29.589 6541-6638/com.jian.detectx.lahaina.debug I/Yolov5_Jian_JNI: 0 proposals generated
2018-12-07 15:24:29.589 6541-6638/com.jian.detectx.lahaina.debug I/Yolov5_Jian_JNI: [Profiling] NMS: 0 ms
2018-12-07 15:24:29.589 6541-6638/com.jian.detectx.lahaina.debug D/Jian_JNI: detected objects : 0
2018-12-07 15:24:29.589 6541-6638/com.jian.detectx.lahaina.debug D/Jian_Java_MainActivity: detected object:0
2018-12-07 15:24:29.605 731-1763/? E/CamX: [ERROR][STATS_AWB] camxcawbmain.cpp:917: AWBProcess Invalid StatsDataPointer input!
2018-12-07 15:24:29.605 731-1764/? E/CamX: [ERROR][STATS  ] camxstatscommon.cpp:646 ReadVendorTag() org.codeaurora.qcamera3.ADRC: disable tag not defined
2018-12-07 15:24:29.610 6541-6638/com.jian.detectx.lahaina.debug I/Yolov5_Jian_JNI: jiache >>> before preprocess2 >>> 
2018-12-07 15:24:29.616 731-1765/? W/CHIUSECASE: [WARN   ] chxadvancedcamerausecase.cpp:1845 UpdateBufferReadyForRDIQueue() released framenumber :1328,framenumber:1337, buffer handle is used or released
2018-12-07 15:24:29.617 731-6618/? E/CHIUSECASE: [CONFIG ] chxfeaturezsl.cpp:960 RequestThreadProcessing() Sending ZSL snapshot requestIdIndex:57, requestFrameIndex:57, frameNumber:1337 for RDI frame:1337, request:1337 metadata:0x77b35a4380 count 196
2018-12-07 15:24:29.617 731-6618/? E/CHIUSECASE: [CONFIG ] chxfeaturezsl.cpp:858 RequestThreadProcessing() Waiting for RDI/Meta of zslInputFrameNumber 1338, requestIdIndex: 58, requestFrameIndex: 58 for triggering snapshot request
2018-12-07 15:24:29.629 731-1767/? E/CamX: [ERROR][CPP    ] camxbpsnode.cpp:1689 GetFaceROI() Face ROI is not published
2018-12-07 15:24:29.631 731-1763/? W/CamX: [ WARN][STATS  ] camxafinterface.cpp:207 AFGetParam() Number of unsupported AF Param types 2
2018-12-07 15:24:29.632 6541-6638/com.jian.detectx.lahaina.debug I/Yolov5_Jian_JNI: jiache >>> after preprocess2 >>> 
2018-12-07 15:24:29.632 6541-6638/com.jian.detectx.lahaina.debug I/Yolov5_Jian_JNI: [Profiling] Pre-processing: 21 ms
2018-12-07 15:24:29.654 6541-6638/com.jian.detectx.lahaina.debug I/Yolov5_Jian_JNI: [Profiling] Inference: 22 ms
2018-12-07 15:24:29.676 6541-6638/com.jian.detectx.lahaina.debug I/Yolov5_Jian_JNI: [Profiling] Proposal generation: 21 ms
2018-12-07 15:24:29.676 6541-6638/com.jian.detectx.lahaina.debug I/Yolov5_Jian_JNI: 0 proposals generated
2018-12-07 15:24:29.676 6541-6638/com.jian.detectx.lahaina.debug I/Yolov5_Jian_JNI: [Profiling] NMS: 0 ms
2018-12-07 15:24:29.676 6541-6638/com.jian.detectx.lahaina.debug D/Jian_JNI: detected objects : 0
2018-12-07 15:24:29.676 6541-6638/com.jian.detectx.lahaina.debug D/Jian_Java_MainActivity: detected object:0
2018-12-07 15:24:29.684 731-1764/? E/CamX: [ERROR][STATS_AWB] camxcawbmain.cpp:917: AWBProcess Invalid StatsDataPointer input!
2018-12-07 15:24:29.684 731-1763/? E/CamX: [ERROR][STATS  ] camxstatscommon.cpp:646 ReadVendorTag() org.codeaurora.qcamera3.ADRC: disable tag not defined
2018-12-07 15:24:29.695 731-1765/? W/CHIUSECASE: [WARN   ] chxadvancedcamerausecase.cpp:1845 UpdateBufferReadyForRDIQueue() released framenumber :1329,framenumber:1338, buffer handle is used or released
2018-12-07 15:24:29.696 6541-6638/com.jian.detectx.lahaina.debug I/Yolov5_Jian_JNI: jiache >>> before preprocess2 >>> 
2018-12-07 15:24:29.696 731-6618/? E/CHIUSECASE: [CONFIG ] chxfeaturezsl.cpp:960 RequestThreadProcessing() Sending ZSL snapshot requestIdIndex:58, requestFrameIndex:58, frameNumber:1338 for RDI frame:1338, request:1338 metadata:0x77b35a4600 count 196
2018-12-07 15:24:29.696 731-6618/? E/CHIUSECASE: [CONFIG ] chxfeaturezsl.cpp:858 RequestThreadProcessing() Waiting for RDI/Meta of zslInputFrameNumber 1339, requestIdIndex: 59, requestFrameIndex: 59 for triggering snapshot request
2018-12-07 15:24:29.714 731-1763/? W/CamX: [ WARN][STATS  ] camxafinterface.cpp:207 AFGetParam() Number of unsupported AF Param types 2
2018-12-07 15:24:29.717 6541-6638/com.jian.detectx.lahaina.debug I/Yolov5_Jian_JNI: jiache >>> after preprocess2 >>> 
2018-12-07 15:24:29.717 6541-6638/com.jian.detectx.lahaina.debug I/Yolov5_Jian_JNI: [Profiling] Pre-processing: 21 ms
2018-12-07 15:24:29.717 731-1762/? E/CamX: [ERROR][CPP    ] camxbpsnode.cpp:1689 GetFaceROI() Face ROI is not published
2018-12-07 15:24:29.740 6541-6638/com.jian.detectx.lahaina.debug I/Yolov5_Jian_JNI: [Profiling] Inference: 22 ms
2018-12-07 15:24:29.756 6541-6638/com.jian.detectx.lahaina.debug I/Yolov5_Jian_JNI: [Profiling] Proposal generation: 16 ms
2018-12-07 15:24:29.756 6541-6638/com.jian.detectx.lahaina.debug I/Yolov5_Jian_JNI: 0 proposals generated
2018-12-07 15:24:29.756 6541-6638/com.jian.detectx.lahaina.debug I/Yolov5_Jian_JNI: [Profiling] NMS: 0 ms
2018-12-07 15:24:29.756 6541-6638/com.jian.detectx.lahaina.debug D/Jian_JNI: detected objects : 0
2018-12-07 15:24:29.757 6541-6638/com.jian.detectx.lahaina.debug D/Jian_Java_MainActivity: detected object:0
2018-12-07 15:24:29.764 731-1762/? E/CamX: [ERROR][STATS_AWB] camxcawbmain.cpp:917: AWBProcess Invalid StatsDataPointer input!
2018-12-07 15:24:29.764 731-1764/? E/CamX: [ERROR][STATS  ] camxstatscommon.cpp:646 ReadVendorTag() org.codeaurora.qcamera3.ADRC: disable tag not defined
2018-12-07 15:24:29.773 731-1767/? W/CHIUSECASE: [WARN   ] chxadvancedcamerausecase.cpp:1845 UpdateBufferReadyForRDIQueue() released framenumber :1330,framenumber:1339, buffer handle is used or released
2018-12-07 15:24:29.773 731-6618/? E/CHIUSECASE: [CONFIG ] chxfeaturezsl.cpp:960 RequestThreadProcessing() Sending ZSL snapshot requestIdIndex:59, requestFrameIndex:59, frameNumber:1339 for RDI frame:1339, request:1339 metadata:0x77b35a4880 count 196
2018-12-07 15:24:29.773 731-6618/? E/CHIUSECASE: [CONFIG ] chxfeaturezsl.cpp:858 RequestThreadProcessing() Waiting for RDI/Meta of zslInputFrameNumber 1340, requestIdIndex: 60, requestFrameIndex: 60 for triggering snapshot request
2018-12-07 15:24:29.783 6541-6638/com.jian.detectx.lahaina.debug I/Yolov5_Jian_JNI: jiache >>> before preprocess2 >>> 
2018-12-07 15:24:29.784 731-1762/? E/CamX: [ERROR][CPP    ] camxbpsnode.cpp:1689 GetFaceROI() Face ROI is not published
2018-12-07 15:24:29.791 731-1763/? W/CamX: [ WARN][STATS  ] camxafinterface.cpp:207 AFGetParam() Number of unsupported AF Param types 2
2018-12-07 15:24:29.806 6541-6638/com.jian.detectx.lahaina.debug I/Yolov5_Jian_JNI: jiache >>> after preprocess2 >>> 
2018-12-07 15:24:29.806 6541-6638/com.jian.detectx.lahaina.debug I/Yolov5_Jian_JNI: [Profiling] Pre-processing: 23 ms
2018-12-07 15:24:29.828 6541-6638/com.jian.detectx.lahaina.debug I/Yolov5_Jian_JNI: [Profiling] Inference: 22 ms
2018-12-07 15:24:29.843 731-1763/? E/CamX: [ERROR][STATS_AWB] camxcawbmain.cpp:917: AWBProcess Invalid StatsDataPointer input!
2018-12-07 15:24:29.843 731-1762/? E/CamX: [ERROR][STATS  ] camxstatscommon.cpp:646 ReadVendorTag() org.codeaurora.qcamera3.ADRC: disable tag not defined
2018-12-07 15:24:29.850 6541-6638/com.jian.detectx.lahaina.debug I/Yolov5_Jian_JNI: [Profiling] Proposal generation: 21 ms
2018-12-07 15:24:29.850 6541-6638/com.jian.detectx.lahaina.debug I/Yolov5_Jian_JNI: 0 proposals generated
2018-12-07 15:24:29.850 6541-6638/com.jian.detectx.lahaina.debug I/Yolov5_Jian_JNI: [Profiling] NMS: 0 ms
2018-12-07 15:24:29.850 6541-6638/com.jian.detectx.lahaina.debug D/Jian_JNI: detected objects : 0
2018-12-07 15:24:29.851 6541-6638/com.jian.detectx.lahaina.debug D/Jian_Java_MainActivity: detected object:0
2018-12-07 15:24:29.853 731-1764/? W/CHIUSECASE: [WARN   ] chxadvancedcamerausecase.cpp:1845 UpdateBufferReadyForRDIQueue() released framenumber :1331,framenumber:1340, buffer handle is used or released
2018-12-07 15:24:29.853 731-6618/? E/CHIUSECASE: [CONFIG ] chxfeaturezsl.cpp:960 RequestThreadProcessing() Sending ZSL snapshot requestIdIndex:60, requestFrameIndex:60, frameNumber:1340 for RDI frame:1340, request:1340 metadata:0x77b35a4b00 count 196
2018-12-07 15:24:29.854 731-6618/? E/CHIUSECASE: [CONFIG ] chxfeaturezsl.cpp:858 RequestThreadProcessing() Waiting for RDI/Meta of zslInputFrameNumber 1341, requestIdIndex: 61, requestFrameIndex: 61 for triggering snapshot request
2018-12-07 15:24:29.864 731-1763/? E/CamX: [ERROR][CPP    ] camxbpsnode.cpp:1689 GetFaceROI() Face ROI is not published
2018-12-07 15:24:29.864 6541-6638/com.jian.detectx.lahaina.debug I/Yolov5_Jian_JNI: jiache >>> before preprocess2 >>> 
2018-12-07 15:24:29.865 731-1762/? W/CamX: [ WARN][STATS  ] camxafinterface.cpp:207 AFGetParam() Number of unsupported AF Param types 2
2018-12-07 15:24:29.880 6541-6638/com.jian.detectx.lahaina.debug I/Yolov5_Jian_JNI: jiache >>> after preprocess2 >>> 
2018-12-07 15:24:29.880 6541-6638/com.jian.detectx.lahaina.debug I/Yolov5_Jian_JNI: [Profiling] Pre-processing: 16 ms
2018-12-07 15:24:29.903 6541-6638/com.jian.detectx.lahaina.debug I/Yolov5_Jian_JNI: [Profiling] Inference: 22 ms
2018-12-07 15:24:29.917 6541-6638/com.jian.detectx.lahaina.debug I/Yolov5_Jian_JNI: [Profiling] Proposal generation: 14 ms
2018-12-07 15:24:29.917 6541-6638/com.jian.detectx.lahaina.debug I/Yolov5_Jian_JNI: 0 proposals generated
2018-12-07 15:24:29.917 6541-6638/com.jian.detectx.lahaina.debug I/Yolov5_Jian_JNI: [Profiling] NMS: 0 ms
2018-12-07 15:24:29.917 6541-6638/com.jian.detectx.lahaina.debug D/Jian_JNI: detected objects : 0
2018-12-07 15:24:29.917 6541-6638/com.jian.detectx.lahaina.debug D/Jian_Java_MainActivity: detected object:0
2018-12-07 15:24:29.924 731-1764/? E/CamX: [ERROR][STATS  ] camxstatscommon.cpp:646 ReadVendorTag() org.codeaurora.qcamera3.ADRC: disable tag not defined
2018-12-07 15:24:29.925 731-1765/? E/CamX: [ERROR][STATS_AWB] camxcawbmain.cpp:917: AWBProcess Invalid StatsDataPointer input!
2018-12-07 15:24:29.933 731-1763/? W/CHIUSECASE: [WARN   ] chxadvancedcamerausecase.cpp:1845 UpdateBufferReadyForRDIQueue() released framenumber :1332,framenumber:1341, buffer handle is used or released
2018-12-07 15:24:29.934 731-6618/? E/CHIUSECASE: [CONFIG ] chxfeaturezsl.cpp:960 RequestThreadProcessing() Sending ZSL snapshot requestIdIndex:61, requestFrameIndex:61, frameNumber:1341 for RDI frame:1341, request:1341 metadata:0x77b35a4d80 count 196
2018-12-07 15:24:29.934 731-6618/? E/CHIUSECASE: [CONFIG ] chxfeaturezsl.cpp:858 RequestThreadProcessing() Waiting for RDI/Meta of zslInputFrameNumber 1342, requestIdIndex: 62, requestFrameIndex: 62 for triggering snapshot request
2018-12-07 15:24:29.935 6541-6638/com.jian.detectx.lahaina.debug I/Yolov5_Jian_JNI: jiache >>> before preprocess2 >>> 
2018-12-07 15:24:29.941 731-1764/? E/CamX: [ERROR][CPP    ] camxbpsnode.cpp:1689 GetFaceROI() Face ROI is not published
2018-12-07 15:24:29.951 731-1764/? W/CamX: [ WARN][STATS  ] camxafinterface.cpp:207 AFGetParam() Number of unsupported AF Param types 2
2018-12-07 15:24:29.953 6541-6638/com.jian.detectx.lahaina.debug I/Yolov5_Jian_JNI: jiache >>> after preprocess2 >>> 
2018-12-07 15:24:29.953 6541-6638/com.jian.detectx.lahaina.debug I/Yolov5_Jian_JNI: [Profiling] Pre-processing: 17 ms
2018-12-07 15:24:29.975 6541-6638/com.jian.detectx.lahaina.debug I/Yolov5_Jian_JNI: [Profiling] Inference: 22 ms
2018-12-07 15:24:29.995 6541-6638/com.jian.detectx.lahaina.debug I/Yolov5_Jian_JNI: [Profiling] Proposal generation: 19 ms
2018-12-07 15:24:29.995 6541-6638/com.jian.detectx.lahaina.debug I/Yolov5_Jian_JNI: 0 proposals generated
2018-12-07 15:24:29.995 6541-6638/com.jian.detectx.lahaina.debug I/Yolov5_Jian_JNI: [Profiling] NMS: 0 ms
2018-12-07 15:24:29.995 6541-6638/com.jian.detectx.lahaina.debug D/Jian_JNI: detected objects : 0
2018-12-07 15:24:29.996 6541-6638/com.jian.detectx.lahaina.debug D/Jian_Java_MainActivity: detected object:0
2018-12-07 15:24:30.003 731-1763/? E/CamX: [ERROR][STATS_AWB] camxcawbmain.cpp:917: AWBProcess Invalid StatsDataPointer input!
2018-12-07 15:24:30.004 731-1767/? E/CamX: [ERROR][STATS  ] camxstatscommon.cpp:646 ReadVendorTag() org.codeaurora.qcamera3.ADRC: disable tag not defined
2018-12-07 15:24:30.014 6541-6638/com.jian.detectx.lahaina.debug I/Yolov5_Jian_JNI: jiache >>> before preprocess2 >>> 
2018-12-07 15:24:30.014 731-1762/? W/CHIUSECASE: [WARN   ] chxadvancedcamerausecase.cpp:1845 UpdateBufferReadyForRDIQueue() released framenumber :1333,framenumber:1342, buffer handle is used or released
2018-12-07 15:24:30.017 731-6618/? E/CHIUSECASE: [CONFIG ] chxfeaturezsl.cpp:960 RequestThreadProcessing() Sending ZSL snapshot requestIdIndex:62, requestFrameIndex:62, frameNumber:1342 for RDI frame:1342, request:1342 metadata:0x77b2bc1000 count 196
2018-12-07 15:24:30.017 731-6618/? E/CHIUSECASE: [CONFIG ] chxfeaturezsl.cpp:858 RequestThreadProcessing() Waiting for RDI/Meta of zslInputFrameNumber 1343, requestIdIndex: 63, requestFrameIndex: 63 for triggering snapshot request
2018-12-07 15:24:30.031 731-1764/? E/CamX: [ERROR][CPP    ] camxbpsnode.cpp:1689 GetFaceROI() Face ROI is not published
2018-12-07 15:24:30.032 6541-6638/com.jian.detectx.lahaina.debug I/Yolov5_Jian_JNI: jiache >>> after preprocess2 >>> 
2018-12-07 15:24:30.032 6541-6638/com.jian.detectx.lahaina.debug I/Yolov5_Jian_JNI: [Profiling] Pre-processing: 18 ms
2018-12-07 15:24:30.032 731-1765/? W/CamX: [ WARN][STATS  ] camxafinterface.cpp:207 AFGetParam() Number of unsupported AF Param types 2
2018-12-07 15:24:30.055 6541-6638/com.jian.detectx.lahaina.debug I/Yolov5_Jian_JNI: [Profiling] Inference: 22 ms
2018-12-07 15:24:30.077 6541-6638/com.jian.detectx.lahaina.debug I/Yolov5_Jian_JNI: [Profiling] Proposal generation: 22 ms
2018-12-07 15:24:30.077 6541-6638/com.jian.detectx.lahaina.debug I/Yolov5_Jian_JNI: 0 proposals generated
2018-12-07 15:24:30.077 6541-6638/com.jian.detectx.lahaina.debug I/Yolov5_Jian_JNI: [Profiling] NMS: 0 ms
2018-12-07 15:24:30.077 6541-6638/com.jian.detectx.lahaina.debug D/Jian_JNI: detected objects : 0
2018-12-07 15:24:30.077 6541-6638/com.jian.detectx.lahaina.debug D/Jian_Java_MainActivity: detected object:0
2018-12-07 15:24:30.084 731-1764/? E/CamX: [ERROR][STATS_AWB] camxcawbmain.cpp:917: AWBProcess Invalid StatsDataPointer input!
2018-12-07 15:24:30.084 731-1763/? E/CamX: [ERROR][STATS  ] camxstatscommon.cpp:646 ReadVendorTag() org.codeaurora.qcamera3.ADRC: disable tag not defined
2018-12-07 15:24:30.096 731-1762/? W/CHIUSECASE: [WARN   ] chxadvancedcamerausecase.cpp:1845 UpdateBufferReadyForRDIQueue() released framenumber :1334,framenumber:1343, buffer handle is used or released
2018-12-07 15:24:30.096 6541-6638/com.jian.detectx.lahaina.debug I/Yolov5_Jian_JNI: jiache >>> before preprocess2 >>> 
2018-12-07 15:24:30.097 731-6618/? E/CHIUSECASE: [CONFIG ] chxfeaturezsl.cpp:960 RequestThreadProcessing() Sending ZSL snapshot requestIdIndex:63, requestFrameIndex:63, frameNumber:1343 for RDI frame:1343, request:1343 metadata:0x77b2bc1280 count 196
2018-12-07 15:24:30.098 731-6618/? E/CHIUSECASE: [CONFIG ] chxfeaturezsl.cpp:858 RequestThreadProcessing() Waiting for RDI/Meta of zslInputFrameNumber 1344, requestIdIndex: 64, requestFrameIndex: 64 for triggering snapshot request
2018-12-07 15:24:30.108 731-1767/? E/CamX: [ERROR][CPP    ] camxbpsnode.cpp:1689 GetFaceROI() Face ROI is not published
2018-12-07 15:24:30.109 731-1763/? W/CamX: [ WARN][STATS  ] camxafinterface.cpp:207 AFGetParam() Number of unsupported AF Param types 2
2018-12-07 15:24:30.114 6541-6638/com.jian.detectx.lahaina.debug I/Yolov5_Jian_JNI: jiache >>> after preprocess2 >>> 
2018-12-07 15:24:30.114 6541-6638/com.jian.detectx.lahaina.debug I/Yolov5_Jian_JNI: [Profiling] Pre-processing: 17 ms
2018-12-07 15:24:30.136 6541-6638/com.jian.detectx.lahaina.debug I/Yolov5_Jian_JNI: [Profiling] Inference: 22 ms
2018-12-07 15:24:30.153 6541-6638/com.jian.detectx.lahaina.debug I/Yolov5_Jian_JNI: [Profiling] Proposal generation: 16 ms
2018-12-07 15:24:30.154 6541-6638/com.jian.detectx.lahaina.debug I/Yolov5_Jian_JNI: 0 proposals generated
2018-12-07 15:24:30.154 6541-6638/com.jian.detectx.lahaina.debug I/Yolov5_Jian_JNI: [Profiling] NMS: 0 ms
2018-12-07 15:24:30.154 6541-6638/com.jian.detectx.lahaina.debug D/Jian_JNI: detected objects : 0
2018-12-07 15:24:30.154 6541-6638/com.jian.detectx.lahaina.debug D/Jian_Java_MainActivity: detected object:0
2018-12-07 15:24:30.164 731-1765/? E/CamX: [ERROR][STATS_AWB] camxcawbmain.cpp:917: AWBProcess Invalid StatsDataPointer input!
2018-12-07 15:24:30.164 731-1767/? E/CamX: [ERROR][STATS  ] camxstatscommon.cpp:646 ReadVendorTag() org.codeaurora.qcamera3.ADRC: disable tag not defined
2018-12-07 15:24:30.172 6541-6638/com.jian.detectx.lahaina.debug I/Yolov5_Jian_JNI: jiache >>> before preprocess2 >>> 
2018-12-07 15:24:30.176 731-1763/? W/CHIUSECASE: [WARN   ] chxadvancedcamerausecase.cpp:1845 UpdateBufferReadyForRDIQueue() released framenumber :1335,framenumber:1344, buffer handle is used or released
2018-12-07 15:24:30.176 731-6618/? E/CHIUSECASE: [CONFIG ] chxfeaturezsl.cpp:960 RequestThreadProcessing() Sending ZSL snapshot requestIdIndex:64, requestFrameIndex:64, frameNumber:1344 for RDI frame:1344, request:1344 metadata:0x77b2bc1500 count 196
2018-12-07 15:24:30.178 731-6618/? E/CHIUSECASE: [CONFIG ] chxfeaturezsl.cpp:858 RequestThreadProcessing() Waiting for RDI/Meta of zslInputFrameNumber 1345, requestIdIndex: 65, requestFrameIndex: 65 for triggering snapshot request
2018-12-07 15:24:30.186 731-1763/? E/CamX: [ERROR][CPP    ] camxbpsnode.cpp:1689 GetFaceROI() Face ROI is not published
2018-12-07 15:24:30.188 731-1764/? W/CamX: [ WARN][STATS  ] camxafinterface.cpp:207 AFGetParam() Number of unsupported AF Param types 2
2018-12-07 15:24:30.191 6541-6638/com.jian.detectx.lahaina.debug I/Yolov5_Jian_JNI: jiache >>> after preprocess2 >>> 
2018-12-07 15:24:30.191 6541-6638/com.jian.detectx.lahaina.debug I/Yolov5_Jian_JNI: [Profiling] Pre-processing: 18 ms
2018-12-07 15:24:30.213 6541-6638/com.jian.detectx.lahaina.debug I/Yolov5_Jian_JNI: [Profiling] Inference: 22 ms
2018-12-07 15:24:30.242 6541-6638/com.jian.detectx.lahaina.debug I/Yolov5_Jian_JNI: [Profiling] Proposal generation: 28 ms
2018-12-07 15:24:30.242 6541-6638/com.jian.detectx.lahaina.debug I/Yolov5_Jian_JNI: 0 proposals generated
2018-12-07 15:24:30.242 6541-6638/com.jian.detectx.lahaina.debug I/Yolov5_Jian_JNI: [Profiling] NMS: 0 ms
2018-12-07 15:24:30.242 6541-6638/com.jian.detectx.lahaina.debug D/Jian_JNI: detected objects : 0
2018-12-07 15:24:30.242 6541-6638/com.jian.detectx.lahaina.debug D/Jian_Java_MainActivity: detected object:0
2018-12-07 15:24:30.243 731-1765/? E/CamX: [ERROR][STATS_AWB] camxcawbmain.cpp:917: AWBProcess Invalid StatsDataPointer input!
2018-12-07 15:24:30.243 731-1762/? E/CamX: [ERROR][STATS  ] camxstatscommon.cpp:646 ReadVendorTag() org.codeaurora.qcamera3.ADRC: disable tag not defined
2018-12-07 15:24:30.256 731-1767/? W/CHIUSECASE: [WARN   ] chxadvancedcamerausecase.cpp:1845 UpdateBufferReadyForRDIQueue() released framenumber :1336,framenumber:1345, buffer handle is used or released
2018-12-07 15:24:30.256 731-6618/? E/CHIUSECASE: [CONFIG ] chxfeaturezsl.cpp:960 RequestThreadProcessing() Sending ZSL snapshot requestIdIndex:65, requestFrameIndex:65, frameNumber:1345 for RDI frame:1345, request:1345 metadata:0x77b2bc1780 count 196
2018-12-07 15:24:30.257 731-6618/? E/CHIUSECASE: [CONFIG ] chxfeaturezsl.cpp:858 RequestThreadProcessing() Waiting for RDI/Meta of zslInputFrameNumber 1346, requestIdIndex: 66, requestFrameIndex: 66 for triggering snapshot request
2018-12-07 15:24:30.259 6541-6638/com.jian.detectx.lahaina.debug I/Yolov5_Jian_JNI: jiache >>> before preprocess2 >>> 
2018-12-07 15:24:30.269 731-1765/? W/CamX: [ WARN][STATS  ] camxafinterface.cpp:207 AFGetParam() Number of unsupported AF Param types 2
2018-12-07 15:24:30.270 731-1767/? E/CamX: [ERROR][CPP    ] camxbpsnode.cpp:1689 GetFaceROI() Face ROI is not published
2018-12-07 15:24:30.275 6541-6638/com.jian.detectx.lahaina.debug I/Yolov5_Jian_JNI: jiache >>> after preprocess2 >>> 
2018-12-07 15:24:30.275 6541-6638/com.jian.detectx.lahaina.debug I/Yolov5_Jian_JNI: [Profiling] Pre-processing: 16 ms
2018-12-07 15:24:30.297 6541-6638/com.jian.detectx.lahaina.debug I/Yolov5_Jian_JNI: [Profiling] Inference: 21 ms
2018-12-07 15:24:30.313 6541-6638/com.jian.detectx.lahaina.debug I/Yolov5_Jian_JNI: [Profiling] Proposal generation: 15 ms
2018-12-07 15:24:30.313 6541-6638/com.jian.detectx.lahaina.debug I/Yolov5_Jian_JNI: 0 proposals generated
2018-12-07 15:24:30.314 6541-6638/com.jian.detectx.lahaina.debug I/Yolov5_Jian_JNI: [Profiling] NMS: 0 ms
2018-12-07 15:24:30.314 6541-6638/com.jian.detectx.lahaina.debug D/Jian_JNI: detected objects : 0
2018-12-07 15:24:30.314 6541-6638/com.jian.detectx.lahaina.debug D/Jian_Java_MainActivity: detected object:0
2018-12-07 15:24:30.324 731-1762/? E/CamX: [ERROR][STATS_AWB] camxcawbmain.cpp:917: AWBProcess Invalid StatsDataPointer input!
2018-12-07 15:24:30.325 731-1767/? E/CamX: [ERROR][STATS  ] camxstatscommon.cpp:646 ReadVendorTag() org.codeaurora.qcamera3.ADRC: disable tag not defined
2018-12-07 15:24:30.333 6541-6638/com.jian.detectx.lahaina.debug I/Yolov5_Jian_JNI: jiache >>> before preprocess2 >>> 
2018-12-07 15:24:30.336 731-1767/? W/CHIUSECASE: [WARN   ] chxadvancedcamerausecase.cpp:1845 UpdateBufferReadyForRDIQueue() released framenumber :1337,framenumber:1346, buffer handle is used or released
2018-12-07 15:24:30.337 731-6618/? E/CHIUSECASE: [CONFIG ] chxfeaturezsl.cpp:960 RequestThreadProcessing() Sending ZSL snapshot requestIdIndex:66, requestFrameIndex:66, frameNumber:1346 for RDI frame:1346, request:1346 metadata:0x77b2bc1a00 count 196
2018-12-07 15:24:30.337 731-6618/? E/CHIUSECASE: [CONFIG ] chxfeaturezsl.cpp:858 RequestThreadProcessing() Waiting for RDI/Meta of zslInputFrameNumber 1347, requestIdIndex: 67, requestFrameIndex: 67 for triggering snapshot request
2018-12-07 15:24:30.347 731-1762/? E/CamX: [ERROR][CPP    ] camxbpsnode.cpp:1689 GetFaceROI() Face ROI is not published
2018-12-07 15:24:30.350 731-1765/? W/CamX: [ WARN][STATS  ] camxafinterface.cpp:207 AFGetParam() Number of unsupported AF Param types 2
2018-12-07 15:24:30.351 6541-6638/com.jian.detectx.lahaina.debug I/Yolov5_Jian_JNI: jiache >>> after preprocess2 >>> 
2018-12-07 15:24:30.351 6541-6638/com.jian.detectx.lahaina.debug I/Yolov5_Jian_JNI: [Profiling] Pre-processing: 18 ms
2018-12-07 15:24:30.374 6541-6638/com.jian.detectx.lahaina.debug I/Yolov5_Jian_JNI: [Profiling] Inference: 22 ms
2018-12-07 15:24:30.402 6541-6638/com.jian.detectx.lahaina.debug I/Yolov5_Jian_JNI: [Profiling] Proposal generation: 27 ms
2018-12-07 15:24:30.402 6541-6638/com.jian.detectx.lahaina.debug I/Yolov5_Jian_JNI: 0 proposals generated
2018-12-07 15:24:30.402 6541-6638/com.jian.detectx.lahaina.debug I/Yolov5_Jian_JNI: [Profiling] NMS: 0 ms
2018-12-07 15:24:30.402 6541-6638/com.jian.detectx.lahaina.debug D/Jian_JNI: detected objects : 0
2018-12-07 15:24:30.402 6541-6638/com.jian.detectx.lahaina.debug D/Jian_Java_MainActivity: detected object:0
2018-12-07 15:24:30.403 731-1765/? E/CamX: [ERROR][STATS_AWB] camxcawbmain.cpp:917: AWBProcess Invalid StatsDataPointer input!
2018-12-07 15:24:30.404 731-1767/? E/CamX: [ERROR][STATS  ] camxstatscommon.cpp:646 ReadVendorTag() org.codeaurora.qcamera3.ADRC: disable tag not defined
2018-12-07 15:24:30.419 731-1762/? W/CHIUSECASE: [WARN   ] chxadvancedcamerausecase.cpp:1845 UpdateBufferReadyForRDIQueue() released framenumber :1338,framenumber:1347, buffer handle is used or released
2018-12-07 15:24:30.420 731-6618/? E/CHIUSECASE: [CONFIG ] chxfeaturezsl.cpp:960 RequestThreadProcessing() Sending ZSL snapshot requestIdIndex:67, requestFrameIndex:67, frameNumber:1347 for RDI frame:1347, request:1347 metadata:0x77b2bc1c80 count 196
2018-12-07 15:24:30.420 6541-6638/com.jian.detectx.lahaina.debug I/Yolov5_Jian_JNI: jiache >>> before preprocess2 >>> 
2018-12-07 15:24:30.420 731-6618/? E/CHIUSECASE: [CONFIG ] chxfeaturezsl.cpp:858 RequestThreadProcessing() Waiting for RDI/Meta of zslInputFrameNumber 1348, requestIdIndex: 68, requestFrameIndex: 68 for triggering snapshot request
2018-12-07 15:24:30.432 731-1763/? E/CamX: [ERROR][CPP    ] camxbpsnode.cpp:1689 GetFaceROI() Face ROI is not published
2018-12-07 15:24:30.433 731-1762/? W/CamX: [ WARN][STATS  ] camxafinterface.cpp:207 AFGetParam() Number of unsupported AF Param types 2
2018-12-07 15:24:30.437 6541-6638/com.jian.detectx.lahaina.debug I/Yolov5_Jian_JNI: jiache >>> after preprocess2 >>> 
2018-12-07 15:24:30.437 6541-6638/com.jian.detectx.lahaina.debug I/Yolov5_Jian_JNI: [Profiling] Pre-processing: 16 ms
2018-12-07 15:24:30.460 6541-6638/com.jian.detectx.lahaina.debug I/Yolov5_Jian_JNI: [Profiling] Inference: 22 ms
2018-12-07 15:24:30.468 6541-6638/com.jian.detectx.lahaina.debug I/Yolov5_Jian_JNI: [Profiling] Proposal generation: 8 ms
2018-12-07 15:24:30.468 6541-6638/com.jian.detectx.lahaina.debug I/Yolov5_Jian_JNI: 0 proposals generated
2018-12-07 15:24:30.468 6541-6638/com.jian.detectx.lahaina.debug I/Yolov5_Jian_JNI: [Profiling] NMS: 0 ms
2018-12-07 15:24:30.468 6541-6638/com.jian.detectx.lahaina.debug D/Jian_JNI: detected objects : 0
2018-12-07 15:24:30.469 6541-6638/com.jian.detectx.lahaina.debug D/Jian_Java_MainActivity: detected object:0
2018-12-07 15:24:30.483 731-1762/? E/CamX: [ERROR][STATS_AWB] camxcawbmain.cpp:917: AWBProcess Invalid StatsDataPointer input!
2018-12-07 15:24:30.484 731-1763/? E/CamX: [ERROR][STATS  ] camxstatscommon.cpp:646 ReadVendorTag() org.codeaurora.qcamera3.ADRC: disable tag not defined
2018-12-07 15:24:30.490 6541-6638/com.jian.detectx.lahaina.debug I/Yolov5_Jian_JNI: jiache >>> before preprocess2 >>> 
2018-12-07 15:24:30.492 731-1767/? W/CHIUSECASE: [WARN   ] chxadvancedcamerausecase.cpp:1845 UpdateBufferReadyForRDIQueue() released framenumber :1339,framenumber:1348, buffer handle is used or released
2018-12-07 15:24:30.492 731-6618/? E/CHIUSECASE: [CONFIG ] chxfeaturezsl.cpp:960 RequestThreadProcessing() Sending ZSL snapshot requestIdIndex:68, requestFrameIndex:68, frameNumber:1348 for RDI frame:1348, request:1348 metadata:0x77b2bc1f00 count 196
2018-12-07 15:24:30.492 731-6618/? E/CHIUSECASE: [CONFIG ] chxfeaturezsl.cpp:858 RequestThreadProcessing() Waiting for RDI/Meta of zslInputFrameNumber 1349, requestIdIndex: 69, requestFrameIndex: 69 for triggering snapshot request
2018-12-07 15:24:30.508 731-1762/? E/CamX: [ERROR][CPP    ] camxbpsnode.cpp:1689 GetFaceROI() Face ROI is not published
2018-12-07 15:24:30.509 731-1764/? W/CamX: [ WARN][STATS  ] camxafinterface.cpp:207 AFGetParam() Number of unsupported AF Param types 2
2018-12-07 15:24:30.512 6541-6638/com.jian.detectx.lahaina.debug I/Yolov5_Jian_JNI: jiache >>> after preprocess2 >>> 
2018-12-07 15:24:30.512 6541-6638/com.jian.detectx.lahaina.debug I/Yolov5_Jian_JNI: [Profiling] Pre-processing: 22 ms
2018-12-07 15:24:30.534 6541-6638/com.jian.detectx.lahaina.debug I/Yolov5_Jian_JNI: [Profiling] Inference: 22 ms
2018-12-07 15:24:30.559 6541-6638/com.jian.detectx.lahaina.debug I/Yolov5_Jian_JNI: [Profiling] Proposal generation: 24 ms
2018-12-07 15:24:30.559 6541-6638/com.jian.detectx.lahaina.debug I/Yolov5_Jian_JNI: 0 proposals generated
2018-12-07 15:24:30.559 6541-6638/com.jian.detectx.lahaina.debug I/Yolov5_Jian_JNI: [Profiling] NMS: 0 ms
2018-12-07 15:24:30.559 6541-6638/com.jian.detectx.lahaina.debug D/Jian_JNI: detected objects : 0
2018-12-07 15:24:30.559 6541-6638/com.jian.detectx.lahaina.debug D/Jian_Java_MainActivity: detected object:0
2018-12-07 15:24:30.564 731-1767/? E/CamX: [ERROR][STATS_AWB] camxcawbmain.cpp:917: AWBProcess Invalid StatsDataPointer input!
2018-12-07 15:24:30.565 731-1767/? E/CamX: [ERROR][STATS  ] camxstatscommon.cpp:646 ReadVendorTag() org.codeaurora.qcamera3.ADRC: disable tag not defined
2018-12-07 15:24:30.574 731-1763/? W/CHIUSECASE: [WARN   ] chxadvancedcamerausecase.cpp:1845 UpdateBufferReadyForRDIQueue() released framenumber :1340,framenumber:1349, buffer handle is used or released
2018-12-07 15:24:30.575 731-6618/? E/CHIUSECASE: [CONFIG ] chxfeaturezsl.cpp:960 RequestThreadProcessing() Sending ZSL snapshot requestIdIndex:69, requestFrameIndex:69, frameNumber:1349 for RDI frame:1349, request:1349 metadata:0x77b2bc2180 count 196
2018-12-07 15:24:30.575 731-6618/? E/CHIUSECASE: [CONFIG ] chxfeaturezsl.cpp:858 RequestThreadProcessing() Waiting for RDI/Meta of zslInputFrameNumber 1350, requestIdIndex: 70, requestFrameIndex: 70 for triggering snapshot request
2018-12-07 15:24:30.577 6541-6638/com.jian.detectx.lahaina.debug I/Yolov5_Jian_JNI: jiache >>> before preprocess2 >>> 
2018-12-07 15:24:30.588 731-1767/? E/CamX: [ERROR][CPP    ] camxbpsnode.cpp:1689 GetFaceROI() Face ROI is not published
2018-12-07 15:24:30.594 6541-6638/com.jian.detectx.lahaina.debug I/Yolov5_Jian_JNI: jiache >>> after preprocess2 >>> 
2018-12-07 15:24:30.595 6541-6638/com.jian.detectx.lahaina.debug I/Yolov5_Jian_JNI: [Profiling] Pre-processing: 17 ms
2018-12-07 15:24:30.597 731-1765/? W/CamX: [ WARN][STATS  ] camxafinterface.cpp:207 AFGetParam() Number of unsupported AF Param types 2
2018-12-07 15:24:30.616 6541-6638/com.jian.detectx.lahaina.debug I/Yolov5_Jian_JNI: [Profiling] Inference: 21 ms
2018-12-07 15:24:30.633 6541-6638/com.jian.detectx.lahaina.debug I/Yolov5_Jian_JNI: [Profiling] Proposal generation: 16 ms
2018-12-07 15:24:30.633 6541-6638/com.jian.detectx.lahaina.debug I/Yolov5_Jian_JNI: 0 proposals generated
2018-12-07 15:24:30.633 6541-6638/com.jian.detectx.lahaina.debug I/Yolov5_Jian_JNI: [Profiling] NMS: 0 ms
2018-12-07 15:24:30.633 6541-6638/com.jian.detectx.lahaina.debug D/Jian_JNI: detected objects : 0
2018-12-07 15:24:30.633 6541-6638/com.jian.detectx.lahaina.debug D/Jian_Java_MainActivity: detected object:0
2018-12-07 15:24:30.643 731-1763/? E/CamX: [ERROR][STATS_AWB] camxcawbmain.cpp:917: AWBProcess Invalid StatsDataPointer input!
2018-12-07 15:24:30.646 731-1767/? E/CamX: [ERROR][STATS  ] camxstatscommon.cpp:646 ReadVendorTag() org.codeaurora.qcamera3.ADRC: disable tag not defined
2018-12-07 15:24:30.651 6541-6638/com.jian.detectx.lahaina.debug I/Yolov5_Jian_JNI: jiache >>> before preprocess2 >>> 
2018-12-07 15:24:30.653 731-1763/? W/CHIUSECASE: [WARN   ] chxadvancedcamerausecase.cpp:1845 UpdateBufferReadyForRDIQueue() released framenumber :1341,framenumber:1350, buffer handle is used or released
2018-12-07 15:24:30.653 731-6618/? E/CHIUSECASE: [CONFIG ] chxfeaturezsl.cpp:960 RequestThreadProcessing() Sending ZSL snapshot requestIdIndex:70, requestFrameIndex:70, frameNumber:1350 for RDI frame:1350, request:1350 metadata:0x77b35a3e80 count 196
2018-12-07 15:24:30.654 731-6618/? E/CHIUSECASE: [CONFIG ] chxfeaturezsl.cpp:858 RequestThreadProcessing() Waiting for RDI/Meta of zslInputFrameNumber 1351, requestIdIndex: 71, requestFrameIndex: 71 for triggering snapshot request
2018-12-07 15:24:30.666 6541-6638/com.jian.detectx.lahaina.debug I/Yolov5_Jian_JNI: jiache >>> after preprocess2 >>> 
2018-12-07 15:24:30.666 6541-6638/com.jian.detectx.lahaina.debug I/Yolov5_Jian_JNI: [Profiling] Pre-processing: 15 ms
2018-12-07 15:24:30.670 731-1762/? E/CamX: [ERROR][CPP    ] camxbpsnode.cpp:1689 GetFaceROI() Face ROI is not published
2018-12-07 15:24:30.671 731-1767/? W/CamX: [ WARN][STATS  ] camxafinterface.cpp:207 AFGetParam() Number of unsupported AF Param types 2
2018-12-07 15:24:30.671 888-4228/system_process I/ActivityManager: Force stopping com.jian.detectx.lahaina.debug appid=10124 user=0: from pid 6767
2018-12-07 15:24:30.671 760-760/? E/ANDR-IOP: IOP HAL: Received pkg_name = com.jian.detectx.lahaina.debug pid = 0
2018-12-07 15:24:30.673 888-4228/system_process I/ActivityManager: Killing 6541:com.jian.detectx.lahaina.debug/u0a124 (adj 0): stop com.jian.detectx.lahaina.debug
2018-12-07 15:24:30.681 760-760/? E/ANDR-IOP: IOP HAL: Received pkg_name = com.jian.detectx.lahaina.debug pid = 0
2018-12-07 15:24:30.681 888-1058/system_process W/libprocessgroup: kill(-6541, 9) failed: No such process
2018-12-07 15:24:30.692 888-4228/system_process D/CompatibilityInfo: mCompatibilityFlags - 4
2018-12-07 15:24:30.692 888-4228/system_process D/CompatibilityInfo: applicationDensity - 544
2018-12-07 15:24:30.692 888-4228/system_process D/CompatibilityInfo: applicationScale - 1.0
2018-12-07 15:24:30.701 888-4228/system_process I/ActivityManager:   Force finishing activity ActivityRecord{6ae4bb3 u0 com.jian.detectx.lahaina.debug/com.jian.detectx.LauncherActivity t458}
2018-12-07 15:24:30.703 888-1058/system_process W/libprocessgroup: kill(-6541, 9) failed: No such process
2018-12-07 15:24:30.714 888-4228/system_process I/ActivityManager:   Force finishing activity ActivityRecord{6ae4bb3 u0 com.jian.detectx.lahaina.debug/com.jian.detectx.LauncherActivity t458 f}
2018-12-07 15:24:30.714 888-4228/system_process W/ActivityManager: Duplicate finish request for ActivityRecord{6ae4bb3 u0 com.jian.detectx.lahaina.debug/com.jian.detectx.LauncherActivity t458 f}
2018-12-07 15:24:30.721 760-760/? E/ANDR-IOP: UXEngine PHAL: Received back-to-home. Cmd: 4
2018-12-07 15:24:30.723 731-1767/? E/CamX: [ERROR][STATS_AWB] camxcawbmain.cpp:917: AWBProcess Invalid StatsDataPointer input!
2018-12-07 15:24:30.724 731-1767/? E/CamX: [ERROR][STATS  ] camxstatscommon.cpp:646 ReadVendorTag() org.codeaurora.qcamera3.ADRC: disable tag not defined
2018-12-07 15:24:30.728 2857-2857/com.android.nfc D/RegisteredServicesCache: Intent action: android.intent.action.PACKAGE_RESTARTED
2018-12-07 15:24:30.729 2299-2299/com.android.phone E/PhoneInterfaceManager: [PhoneIntfMgr] getCarrierPackageNamesForIntent: No UICC
2018-12-07 15:24:30.729 2299-2299/com.android.phone D/CarrierSvcBindHelper: No carrier app for: 0
2018-12-07 15:24:30.730 2299-2299/com.android.phone E/PhoneInterfaceManager: [PhoneIntfMgr] getCarrierPackageNamesForIntent: No UICC
2018-12-07 15:24:30.730 2299-2299/com.android.phone D/CarrierSvcBindHelper: No carrier app for: 1
2018-12-07 15:24:30.749 888-1058/system_process W/libprocessgroup: kill(-6541, 9) failed: No such process
2018-12-07 15:24:30.782 2857-2857/com.android.nfc D/RegisteredServicesCache:  Reading service state data always from file
2018-12-07 15:24:30.783 2857-2857/com.android.nfc D/RegisteredServicesCache: ServiceStateFileVersion=1.0
2018-12-07 15:24:30.783 2857-2857/com.android.nfc E/RegisteredServicesCache: Next Tag=services
2018-12-07 15:24:30.783 2857-2857/com.android.nfc E/RegisteredServicesCache: 1invalidateCache:WriteServiceStateToFile
2018-12-07 15:24:30.783 2857-2857/com.android.nfc E/RegisteredServicesCache:  Writing service state Data Always
2018-12-07 15:24:30.788 888-1058/system_process W/libprocessgroup: kill(-6541, 9) failed: No such process
2018-12-07 15:24:30.794 2857-2857/com.android.nfc D/CardEmulationManager: Current default: ComponentInfo{com.google.android.gms/com.google.android.gms.tapandpay.hce.service.TpHceService}
2018-12-07 15:24:30.794 2857-2857/com.android.nfc D/RegisteredAidCache: onServicesUpdated
2018-12-07 15:24:30.795 2857-2857/com.android.nfc I/libnfc_nci: [INFO:phNxpConfig.cpp(905)] find found DEFAULT_AID_ROUTE=(0x0)
2018-12-07 15:24:30.795 2857-2857/com.android.nfc I/libnfc_nci: [INFO:phNxpConfig.cpp(905)] find found DEFAULT_AID_PWR_STATE=(0x39)
2018-12-07 15:24:30.795 2857-2857/com.android.nfc D/NfcService: defaultAidRoute : 57
2018-12-07 15:24:30.795 2857-2857/com.android.nfc D/NfcService: GetDefaultRouteLoc  :0
2018-12-07 15:24:30.796 2857-2857/com.android.nfc I/libnfc_nci: [INFO:phNxpConfig.cpp(905)] find found DEFAULT_AID_ROUTE=(0x0)
2018-12-07 15:24:30.796 2857-2857/com.android.nfc I/libnfc_nci: [INFO:phNxpConfig.cpp(905)] find found DEFAULT_AID_PWR_STATE=(0x39)
2018-12-07 15:24:30.796 2857-2857/com.android.nfc D/NfcService: defaultAidRoute : 57
2018-12-07 15:24:30.796 2857-2857/com.android.nfc I/libnfc_nci: [INFO:phNxpConfig.cpp(905)] find found DEFAULT_AID_ROUTE=(0x0)
2018-12-07 15:24:30.796 2857-2857/com.android.nfc I/libnfc_nci: [INFO:phNxpConfig.cpp(905)] find found DEFAULT_AID_PWR_STATE=(0x39)
2018-12-07 15:24:30.796 2857-2857/com.android.nfc D/NfcService: defaultAidRoute : 57
2018-12-07 15:24:30.796 2857-2857/com.android.nfc D/NfcService: GetDefaultRouteLoc  :0
2018-12-07 15:24:30.796 2857-2857/com.android.nfc D/AidRoutingManager: mCurrDefaultAidRoute0
2018-12-07 15:24:30.796 2857-2857/com.android.nfc E/AidRoutingManager: Size of routing table510
2018-12-07 15:24:30.796 2857-2857/com.android.nfc D/AidRoutingManager: Routing table unchanged, but commit the routing
2018-12-07 15:24:30.797 2857-2857/com.android.nfc E/RegisteredServicesCache: 3updateStatusOfServices:WriteServiceStateToFile
