2018-12-07 15:24:58.705 731-1767/? W/CHIUSECASE: [WARN   ] chxadvancedcamerausecase.cpp:1845 UpdateBufferReadyForRDIQueue() released framenumber :46,framenumber:55, buffer handle is used or released
2018-12-07 15:24:58.705 6892-6970/com.jian.detectx.lahaina.debug I/Yolov5_Jian_JNI: jiache >>> after preprocess2 >>> 
2018-12-07 15:24:58.705 6892-6970/com.jian.detectx.lahaina.debug I/Yolov5_Jian_JNI: [Profiling] Pre-processing: 16 ms
2018-12-07 15:24:58.705 731-6950/? E/CHIUSECASE: [CONFIG ] chxfeaturezsl.cpp:960 RequestThreadProcessing() Sending ZSL snapshot requestIdIndex:55, requestFrameIndex:55, frameNumber:55 for RDI frame:55, request:55 metadata:0x77b1bd3000 count 196
2018-12-07 15:24:58.705 731-6950/? E/CHIUSECASE: [CONFIG ] chxfeaturezsl.cpp:858 RequestThreadProcessing() Waiting for RDI/Meta of zslInputFrameNumber 56, requestIdIndex: 56, requestFrameIndex: 56 for triggering snapshot request
2018-12-07 15:24:58.713 731-1764/? E/CamX: [ERROR][CPP    ] camxbpsnode.cpp:1689 GetFaceROI() Face ROI is not published
2018-12-07 15:24:58.715 731-1766/? W/CamX: [ WARN][STATS  ] camxafinterface.cpp:207 AFGetParam() Number of unsupported AF Param types 2
2018-12-07 15:24:58.727 6892-6970/com.jian.detectx.lahaina.debug I/Yolov5_Jian_JNI: [Profiling] Inference: 21 ms
2018-12-07 15:24:58.737 6892-6970/com.jian.detectx.lahaina.debug I/Yolov5_Jian_JNI: [Profiling] Proposal generation: 10 ms
2018-12-07 15:24:58.737 6892-6970/com.jian.detectx.lahaina.debug I/Yolov5_Jian_JNI: 0 proposals generated
2018-12-07 15:24:58.737 6892-6970/com.jian.detectx.lahaina.debug I/Yolov5_Jian_JNI: [Profiling] NMS: 0 ms
2018-12-07 15:24:58.737 6892-6970/com.jian.detectx.lahaina.debug D/Jian_JNI: detected objects : 0
2018-12-07 15:24:58.737 6892-6970/com.jian.detectx.lahaina.debug D/Jian_Java_MainActivity: detected object:0
2018-12-07 15:24:58.767 6892-6970/com.jian.detectx.lahaina.debug I/Yolov5_Jian_JNI: jiache >>> before preprocess2 >>> 
2018-12-07 15:24:58.777 731-1765/? E/CamX: [ERROR][STATS_AWB] camxcawbmain.cpp:917: AWBProcess Invalid StatsDataPointer input!
2018-12-07 15:24:58.778 731-1766/? E/CamX: [ERROR][STATS  ] camxstatscommon.cpp:646 ReadVendorTag() org.codeaurora.qcamera3.ADRC: disable tag not defined
2018-12-07 15:24:58.785 6892-6970/com.jian.detectx.lahaina.debug I/Yolov5_Jian_JNI: jiache >>> after preprocess2 >>> 
2018-12-07 15:24:58.785 6892-6970/com.jian.detectx.lahaina.debug I/Yolov5_Jian_JNI: [Profiling] Pre-processing: 18 ms
2018-12-07 15:24:58.786 731-1762/? W/CHIUSECASE: [WARN   ] chxadvancedcamerausecase.cpp:1845 UpdateBufferReadyForRDIQueue() released framenumber :47,framenumber:56, buffer handle is used or released
2018-12-07 15:24:58.786 731-6950/? E/CHIUSECASE: [CONFIG ] chxfeaturezsl.cpp:960 RequestThreadProcessing() Sending ZSL snapshot requestIdIndex:56, requestFrameIndex:56, frameNumber:56 for RDI frame:56, request:56 metadata:0x77b1bd3280 count 196
2018-12-07 15:24:58.787 731-6950/? E/CHIUSECASE: [CONFIG ] chxfeaturezsl.cpp:858 RequestThreadProcessing() Waiting for RDI/Meta of zslInputFrameNumber 57, requestIdIndex: 57, requestFrameIndex: 57 for triggering snapshot request
2018-12-07 15:24:58.795 731-1762/? E/CamX: [ERROR][CPP    ] camxbpsnode.cpp:1689 GetFaceROI() Face ROI is not published
2018-12-07 15:24:58.796 731-1765/? W/CamX: [ WARN][STATS  ] camxafinterface.cpp:207 AFGetParam() Number of unsupported AF Param types 2
2018-12-07 15:24:58.807 6892-6970/com.jian.detectx.lahaina.debug I/Yolov5_Jian_JNI: [Profiling] Inference: 21 ms
2018-12-07 15:24:58.818 6892-6970/com.jian.detectx.lahaina.debug I/Yolov5_Jian_JNI: [Profiling] Proposal generation: 10 ms
2018-12-07 15:24:58.818 6892-6970/com.jian.detectx.lahaina.debug I/Yolov5_Jian_JNI: 0 proposals generated
2018-12-07 15:24:58.818 6892-6970/com.jian.detectx.lahaina.debug I/Yolov5_Jian_JNI: [Profiling] NMS: 0 ms
2018-12-07 15:24:58.818 6892-6970/com.jian.detectx.lahaina.debug D/Jian_JNI: detected objects : 0
2018-12-07 15:24:58.818 6892-6970/com.jian.detectx.lahaina.debug D/Jian_Java_MainActivity: detected object:0
2018-12-07 15:24:58.848 6892-6970/com.jian.detectx.lahaina.debug I/Yolov5_Jian_JNI: jiache >>> before preprocess2 >>> 
2018-12-07 15:24:58.857 731-1765/? E/CamX: [ERROR][STATS_AWB] camxcawbmain.cpp:917: AWBProcess Invalid StatsDataPointer input!
2018-12-07 15:24:58.857 731-1766/? E/CamX: [ERROR][STATS  ] camxstatscommon.cpp:646 ReadVendorTag() org.codeaurora.qcamera3.ADRC: disable tag not defined
2018-12-07 15:24:58.866 6892-6970/com.jian.detectx.lahaina.debug I/Yolov5_Jian_JNI: jiache >>> after preprocess2 >>> 
2018-12-07 15:24:58.866 6892-6970/com.jian.detectx.lahaina.debug I/Yolov5_Jian_JNI: [Profiling] Pre-processing: 17 ms
2018-12-07 15:24:58.867 731-1766/? W/CHIUSECASE: [WARN   ] chxadvancedcamerausecase.cpp:1845 UpdateBufferReadyForRDIQueue() released framenumber :48,framenumber:57, buffer handle is used or released
2018-12-07 15:24:58.867 731-6950/? E/CHIUSECASE: [CONFIG ] chxfeaturezsl.cpp:960 RequestThreadProcessing() Sending ZSL snapshot requestIdIndex:57, requestFrameIndex:57, frameNumber:57 for RDI frame:57, request:57 metadata:0x77b1bd3500 count 196
2018-12-07 15:24:58.867 731-6950/? E/CHIUSECASE: [CONFIG ] chxfeaturezsl.cpp:858 RequestThreadProcessing() Waiting for RDI/Meta of zslInputFrameNumber 58, requestIdIndex: 58, requestFrameIndex: 58 for triggering snapshot request
2018-12-07 15:24:58.875 731-1766/? E/CamX: [ERROR][CPP    ] camxbpsnode.cpp:1689 GetFaceROI() Face ROI is not published
2018-12-07 15:24:58.878 731-1767/? W/CamX: [ WARN][STATS  ] camxafinterface.cpp:207 AFGetParam() Number of unsupported AF Param types 2
2018-12-07 15:24:58.888 6892-6970/com.jian.detectx.lahaina.debug I/Yolov5_Jian_JNI: [Profiling] Inference: 21 ms
2018-12-07 15:24:58.898 6892-6970/com.jian.detectx.lahaina.debug I/Yolov5_Jian_JNI: [Profiling] Proposal generation: 10 ms
2018-12-07 15:24:58.898 6892-6970/com.jian.detectx.lahaina.debug I/Yolov5_Jian_JNI: 0 proposals generated
2018-12-07 15:24:58.899 6892-6970/com.jian.detectx.lahaina.debug I/Yolov5_Jian_JNI: [Profiling] NMS: 0 ms
2018-12-07 15:24:58.899 6892-6970/com.jian.detectx.lahaina.debug D/Jian_JNI: detected objects : 0
2018-12-07 15:24:58.899 6892-6970/com.jian.detectx.lahaina.debug D/Jian_Java_MainActivity: detected object:0
2018-12-07 15:24:58.928 6892-6970/com.jian.detectx.lahaina.debug I/Yolov5_Jian_JNI: jiache >>> before preprocess2 >>> 
2018-12-07 15:24:58.938 731-1767/? E/CamX: [ERROR][STATS_AWB] camxcawbmain.cpp:917: AWBProcess Invalid StatsDataPointer input!
2018-12-07 15:24:58.938 731-1765/? E/CamX: [ERROR][STATS  ] camxstatscommon.cpp:646 ReadVendorTag() org.codeaurora.qcamera3.ADRC: disable tag not defined
2018-12-07 15:24:58.945 731-1764/? W/CHIUSECASE: [WARN   ] chxadvancedcamerausecase.cpp:1845 UpdateBufferReadyForRDIQueue() released framenumber :49,framenumber:58, buffer handle is used or released
2018-12-07 15:24:58.945 731-6950/? E/CHIUSECASE: [CONFIG ] chxfeaturezsl.cpp:960 RequestThreadProcessing() Sending ZSL snapshot requestIdIndex:58, requestFrameIndex:58, frameNumber:58 for RDI frame:58, request:58 metadata:0x77b1bd3780 count 196
2018-12-07 15:24:58.945 731-6950/? E/CHIUSECASE: [CONFIG ] chxfeaturezsl.cpp:858 RequestThreadProcessing() Waiting for RDI/Meta of zslInputFrameNumber 59, requestIdIndex: 59, requestFrameIndex: 59 for triggering snapshot request
2018-12-07 15:24:58.947 6892-6970/com.jian.detectx.lahaina.debug I/Yolov5_Jian_JNI: jiache >>> after preprocess2 >>> 
2018-12-07 15:24:58.947 6892-6970/com.jian.detectx.lahaina.debug I/Yolov5_Jian_JNI: [Profiling] Pre-processing: 18 ms
2018-12-07 15:24:58.953 731-1766/? E/CamX: [ERROR][CPP    ] camxbpsnode.cpp:1689 GetFaceROI() Face ROI is not published
2018-12-07 15:24:58.956 731-1762/? W/CamX: [ WARN][STATS  ] camxafinterface.cpp:207 AFGetParam() Number of unsupported AF Param types 2
2018-12-07 15:24:58.969 6892-6970/com.jian.detectx.lahaina.debug I/Yolov5_Jian_JNI: [Profiling] Inference: 21 ms
2018-12-07 15:24:58.979 6892-6970/com.jian.detectx.lahaina.debug I/Yolov5_Jian_JNI: [Profiling] Proposal generation: 10 ms
2018-12-07 15:24:58.979 6892-6970/com.jian.detectx.lahaina.debug I/Yolov5_Jian_JNI: 0 proposals generated
2018-12-07 15:24:58.979 6892-6970/com.jian.detectx.lahaina.debug I/Yolov5_Jian_JNI: [Profiling] NMS: 0 ms
2018-12-07 15:24:58.979 6892-6970/com.jian.detectx.lahaina.debug D/Jian_JNI: detected objects : 0
2018-12-07 15:24:58.979 6892-6970/com.jian.detectx.lahaina.debug D/Jian_Java_MainActivity: detected object:0
2018-12-07 15:24:59.011 6892-6970/com.jian.detectx.lahaina.debug I/Yolov5_Jian_JNI: jiache >>> before preprocess2 >>> 
2018-12-07 15:24:59.019 731-1766/? E/CamX: [ERROR][STATS_AWB] camxcawbmain.cpp:917: AWBProcess Invalid StatsDataPointer input!
2018-12-07 15:24:59.021 731-1765/? E/CamX: [ERROR][STATS  ] camxstatscommon.cpp:646 ReadVendorTag() org.codeaurora.qcamera3.ADRC: disable tag not defined
2018-12-07 15:24:59.031 731-1766/? W/CHIUSECASE: [WARN   ] chxadvancedcamerausecase.cpp:1845 UpdateBufferReadyForRDIQueue() released framenumber :50,framenumber:59, buffer handle is used or released
2018-12-07 15:24:59.032 731-6950/? E/CHIUSECASE: [CONFIG ] chxfeaturezsl.cpp:960 RequestThreadProcessing() Sending ZSL snapshot requestIdIndex:59, requestFrameIndex:59, frameNumber:59 for RDI frame:59, request:59 metadata:0x77b1bd3a00 count 196
2018-12-07 15:24:59.032 731-6950/? E/CHIUSECASE: [CONFIG ] chxfeaturezsl.cpp:858 RequestThreadProcessing() Waiting for RDI/Meta of zslInputFrameNumber 60, requestIdIndex: 60, requestFrameIndex: 60 for triggering snapshot request
2018-12-07 15:24:59.033 6892-6970/com.jian.detectx.lahaina.debug I/Yolov5_Jian_JNI: jiache >>> after preprocess2 >>> 
2018-12-07 15:24:59.033 6892-6970/com.jian.detectx.lahaina.debug I/Yolov5_Jian_JNI: [Profiling] Pre-processing: 21 ms
2018-12-07 15:24:59.047 731-1766/? W/CamX: [ WARN][STATS  ] camxafinterface.cpp:207 AFGetParam() Number of unsupported AF Param types 2
2018-12-07 15:24:59.050 731-1767/? E/CamX: [ERROR][CPP    ] camxbpsnode.cpp:1689 GetFaceROI() Face ROI is not published
2018-12-07 15:24:59.055 6892-6970/com.jian.detectx.lahaina.debug I/Yolov5_Jian_JNI: [Profiling] Inference: 22 ms
2018-12-07 15:24:59.076 6892-6970/com.jian.detectx.lahaina.debug I/Yolov5_Jian_JNI: [Profiling] Proposal generation: 20 ms
2018-12-07 15:24:59.076 6892-6970/com.jian.detectx.lahaina.debug I/Yolov5_Jian_JNI: 0 proposals generated
2018-12-07 15:24:59.076 6892-6970/com.jian.detectx.lahaina.debug I/Yolov5_Jian_JNI: [Profiling] NMS: 0 ms
2018-12-07 15:24:59.076 6892-6970/com.jian.detectx.lahaina.debug D/Jian_JNI: detected objects : 0
2018-12-07 15:24:59.076 6892-6970/com.jian.detectx.lahaina.debug D/Jian_Java_MainActivity: detected object:0
2018-12-07 15:24:59.098 731-1762/? E/CamX: [ERROR][STATS_AWB] camxcawbmain.cpp:917: AWBProcess Invalid StatsDataPointer input!
2018-12-07 15:24:59.099 731-1765/? E/CamX: [ERROR][STATS  ] camxstatscommon.cpp:646 ReadVendorTag() org.codeaurora.qcamera3.ADRC: disable tag not defined
2018-12-07 15:24:59.108 731-1767/? W/CHIUSECASE: [WARN   ] chxadvancedcamerausecase.cpp:1845 UpdateBufferReadyForRDIQueue() released framenumber :51,framenumber:60, buffer handle is used or released
2018-12-07 15:24:59.108 731-6950/? E/CHIUSECASE: [CONFIG ] chxfeaturezsl.cpp:960 RequestThreadProcessing() Sending ZSL snapshot requestIdIndex:60, requestFrameIndex:60, frameNumber:60 for RDI frame:60, request:60 metadata:0x77b0fef700 count 196
2018-12-07 15:24:59.109 731-6950/? E/CHIUSECASE: [CONFIG ] chxfeaturezsl.cpp:858 RequestThreadProcessing() Waiting for RDI/Meta of zslInputFrameNumber 61, requestIdIndex: 61, requestFrameIndex: 61 for triggering snapshot request
2018-12-07 15:24:59.120 731-1766/? E/CamX: [ERROR][CPP    ] camxbpsnode.cpp:1689 GetFaceROI() Face ROI is not published
2018-12-07 15:24:59.121 731-1764/? W/CamX: [ WARN][STATS  ] camxafinterface.cpp:207 AFGetParam() Number of unsupported AF Param types 2
2018-12-07 15:24:59.128 6892-6970/com.jian.detectx.lahaina.debug I/Yolov5_Jian_JNI: jiache >>> before preprocess2 >>> 
2018-12-07 15:24:59.147 6892-6970/com.jian.detectx.lahaina.debug I/Yolov5_Jian_JNI: jiache >>> after preprocess2 >>> 
2018-12-07 15:24:59.148 6892-6970/com.jian.detectx.lahaina.debug I/Yolov5_Jian_JNI: [Profiling] Pre-processing: 19 ms
2018-12-07 15:24:59.170 6892-6970/com.jian.detectx.lahaina.debug I/Yolov5_Jian_JNI: [Profiling] Inference: 22 ms
2018-12-07 15:24:59.179 731-1766/? E/CamX: [ERROR][STATS_AWB] camxcawbmain.cpp:917: AWBProcess Invalid StatsDataPointer input!
2018-12-07 15:24:59.179 731-1767/? E/CamX: [ERROR][STATS  ] camxstatscommon.cpp:646 ReadVendorTag() org.codeaurora.qcamera3.ADRC: disable tag not defined
2018-12-07 15:24:59.190 6892-6970/com.jian.detectx.lahaina.debug I/Yolov5_Jian_JNI: [Profiling] Proposal generation: 19 ms
2018-12-07 15:24:59.190 6892-6970/com.jian.detectx.lahaina.debug I/Yolov5_Jian_JNI: 0 proposals generated
2018-12-07 15:24:59.190 6892-6970/com.jian.detectx.lahaina.debug I/Yolov5_Jian_JNI: [Profiling] NMS: 0 ms
2018-12-07 15:24:59.190 6892-6970/com.jian.detectx.lahaina.debug D/Jian_JNI: detected objects : 0
2018-12-07 15:24:59.190 6892-6970/com.jian.detectx.lahaina.debug D/Jian_Java_MainActivity: detected object:0
2018-12-07 15:24:59.193 731-1765/? W/CHIUSECASE: [WARN   ] chxadvancedcamerausecase.cpp:1845 UpdateBufferReadyForRDIQueue() released framenumber :52,framenumber:61, buffer handle is used or released
2018-12-07 15:24:59.193 731-6950/? E/CHIUSECASE: [CONFIG ] chxfeaturezsl.cpp:960 RequestThreadProcessing() Sending ZSL snapshot requestIdIndex:61, requestFrameIndex:61, frameNumber:61 for RDI frame:61, request:61 metadata:0x77b0fef980 count 196
2018-12-07 15:24:59.194 731-6950/? E/CHIUSECASE: [CONFIG ] chxfeaturezsl.cpp:858 RequestThreadProcessing() Waiting for RDI/Meta of zslInputFrameNumber 62, requestIdIndex: 62, requestFrameIndex: 62 for triggering snapshot request
2018-12-07 15:24:59.205 6892-6970/com.jian.detectx.lahaina.debug I/Yolov5_Jian_JNI: jiache >>> before preprocess2 >>> 
2018-12-07 15:24:59.211 731-1764/? E/CamX: [ERROR][CPP    ] camxbpsnode.cpp:1689 GetFaceROI() Face ROI is not published
2018-12-07 15:24:59.215 731-1766/? W/CamX: [ WARN][STATS  ] camxafinterface.cpp:207 AFGetParam() Number of unsupported AF Param types 2
2018-12-07 15:24:59.221 6892-6970/com.jian.detectx.lahaina.debug I/Yolov5_Jian_JNI: jiache >>> after preprocess2 >>> 
2018-12-07 15:24:59.221 6892-6970/com.jian.detectx.lahaina.debug I/Yolov5_Jian_JNI: [Profiling] Pre-processing: 16 ms
2018-12-07 15:24:59.243 6892-6970/com.jian.detectx.lahaina.debug I/Yolov5_Jian_JNI: [Profiling] Inference: 21 ms
2018-12-07 15:24:59.258 6892-6970/com.jian.detectx.lahaina.debug I/Yolov5_Jian_JNI: [Profiling] Proposal generation: 14 ms
2018-12-07 15:24:59.258 6892-6970/com.jian.detectx.lahaina.debug I/Yolov5_Jian_JNI: 0 proposals generated
2018-12-07 15:24:59.258 6892-6970/com.jian.detectx.lahaina.debug I/Yolov5_Jian_JNI: [Profiling] NMS: 0 ms
2018-12-07 15:24:59.258 6892-6970/com.jian.detectx.lahaina.debug D/Jian_JNI: detected objects : 0
2018-12-07 15:24:59.258 6892-6970/com.jian.detectx.lahaina.debug D/Jian_Java_MainActivity: detected object:0
2018-12-07 15:24:59.259 731-1762/? E/CamX: [ERROR][STATS_AWB] camxcawbmain.cpp:917: AWBProcess Invalid StatsDataPointer input!
2018-12-07 15:24:59.259 731-1764/? E/CamX: [ERROR][STATS  ] camxstatscommon.cpp:646 ReadVendorTag() org.codeaurora.qcamera3.ADRC: disable tag not defined
2018-12-07 15:24:59.270 731-1766/? W/CHIUSECASE: [WARN   ] chxadvancedcamerausecase.cpp:1845 UpdateBufferReadyForRDIQueue() released framenumber :53,framenumber:62, buffer handle is used or released
2018-12-07 15:24:59.270 731-6950/? E/CHIUSECASE: [CONFIG ] chxfeaturezsl.cpp:960 RequestThreadProcessing() Sending ZSL snapshot requestIdIndex:62, requestFrameIndex:62, frameNumber:62 for RDI frame:62, request:62 metadata:0x77b0fefc00 count 196
2018-12-07 15:24:59.270 731-6950/? E/CHIUSECASE: [CONFIG ] chxfeaturezsl.cpp:858 RequestThreadProcessing() Waiting for RDI/Meta of zslInputFrameNumber 63, requestIdIndex: 63, requestFrameIndex: 63 for triggering snapshot request
2018-12-07 15:24:59.276 6892-6970/com.jian.detectx.lahaina.debug I/Yolov5_Jian_JNI: jiache >>> before preprocess2 >>> 
2018-12-07 15:24:59.283 731-1762/? E/CamX: [ERROR][CPP    ] camxbpsnode.cpp:1689 GetFaceROI() Face ROI is not published
2018-12-07 15:24:59.286 731-1766/? W/CamX: [ WARN][STATS  ] camxafinterface.cpp:207 AFGetParam() Number of unsupported AF Param types 2
2018-12-07 15:24:59.294 6892-6970/com.jian.detectx.lahaina.debug I/Yolov5_Jian_JNI: jiache >>> after preprocess2 >>> 
2018-12-07 15:24:59.294 6892-6970/com.jian.detectx.lahaina.debug I/Yolov5_Jian_JNI: [Profiling] Pre-processing: 17 ms
2018-12-07 15:24:59.316 6892-6970/com.jian.detectx.lahaina.debug I/Yolov5_Jian_JNI: [Profiling] Inference: 22 ms
2018-12-07 15:24:59.335 6892-6970/com.jian.detectx.lahaina.debug I/Yolov5_Jian_JNI: [Profiling] Proposal generation: 18 ms
2018-12-07 15:24:59.335 6892-6970/com.jian.detectx.lahaina.debug I/Yolov5_Jian_JNI: 0 proposals generated
2018-12-07 15:24:59.335 6892-6970/com.jian.detectx.lahaina.debug I/Yolov5_Jian_JNI: [Profiling] NMS: 0 ms
2018-12-07 15:24:59.335 6892-6970/com.jian.detectx.lahaina.debug D/Jian_JNI: detected objects : 0
2018-12-07 15:24:59.335 6892-6970/com.jian.detectx.lahaina.debug D/Jian_Java_MainActivity: detected object:0
2018-12-07 15:24:59.339 731-1766/? E/CamX: [ERROR][STATS_AWB] camxcawbmain.cpp:917: AWBProcess Invalid StatsDataPointer input!
2018-12-07 15:24:59.339 731-1764/? E/CamX: [ERROR][STATS  ] camxstatscommon.cpp:646 ReadVendorTag() org.codeaurora.qcamera3.ADRC: disable tag not defined
2018-12-07 15:24:59.355 6892-6970/com.jian.detectx.lahaina.debug I/Yolov5_Jian_JNI: jiache >>> before preprocess2 >>> 
2018-12-07 15:24:59.357 731-1762/? W/CHIUSECASE: [WARN   ] chxadvancedcamerausecase.cpp:1845 UpdateBufferReadyForRDIQueue() released framenumber :54,framenumber:63, buffer handle is used or released
2018-12-07 15:24:59.362 731-6950/? E/CHIUSECASE: [CONFIG ] chxfeaturezsl.cpp:960 RequestThreadProcessing() Sending ZSL snapshot requestIdIndex:63, requestFrameIndex:63, frameNumber:63 for RDI frame:63, request:63 metadata:0x77b0fefe80 count 196
2018-12-07 15:24:59.362 731-6950/? E/CHIUSECASE: [CONFIG ] chxfeaturezsl.cpp:858 RequestThreadProcessing() Waiting for RDI/Meta of zslInputFrameNumber 64, requestIdIndex: 64, requestFrameIndex: 64 for triggering snapshot request
2018-12-07 15:24:59.373 6892-6970/com.jian.detectx.lahaina.debug I/Yolov5_Jian_JNI: jiache >>> after preprocess2 >>> 
2018-12-07 15:24:59.373 6892-6970/com.jian.detectx.lahaina.debug I/Yolov5_Jian_JNI: [Profiling] Pre-processing: 17 ms
2018-12-07 15:24:59.374 731-1765/? E/CamX: [ERROR][CPP    ] camxbpsnode.cpp:1689 GetFaceROI() Face ROI is not published
2018-12-07 15:24:59.375 731-1764/? W/CamX: [ WARN][STATS  ] camxafinterface.cpp:207 AFGetParam() Number of unsupported AF Param types 2
2018-12-07 15:24:59.395 6892-6970/com.jian.detectx.lahaina.debug I/Yolov5_Jian_JNI: [Profiling] Inference: 22 ms
2018-12-07 15:24:59.415 6892-6970/com.jian.detectx.lahaina.debug I/Yolov5_Jian_JNI: [Profiling] Proposal generation: 19 ms
2018-12-07 15:24:59.415 6892-6970/com.jian.detectx.lahaina.debug I/Yolov5_Jian_JNI: 0 proposals generated
2018-12-07 15:24:59.415 6892-6970/com.jian.detectx.lahaina.debug I/Yolov5_Jian_JNI: [Profiling] NMS: 0 ms
2018-12-07 15:24:59.415 6892-6970/com.jian.detectx.lahaina.debug D/Jian_JNI: detected objects : 0
2018-12-07 15:24:59.415 6892-6970/com.jian.detectx.lahaina.debug D/Jian_Java_MainActivity: detected object:0
2018-12-07 15:24:59.420 731-1767/? E/CamX: [ERROR][STATS_AWB] camxcawbmain.cpp:917: AWBProcess Invalid StatsDataPointer input!
2018-12-07 15:24:59.420 731-1766/? E/CamX: [ERROR][STATS  ] camxstatscommon.cpp:646 ReadVendorTag() org.codeaurora.qcamera3.ADRC: disable tag not defined
2018-12-07 15:24:59.421 731-1766/? E/CamX: [ERROR][STATS_AEC] camxcaecstatsprocessor.cpp:1153 GetAlgoInput() ReqId:68 PropertyID 805306412 (ISP BHist Stats) has not been published! 
2018-12-07 15:24:59.434 731-1765/? W/CHIUSECASE: [WARN   ] chxadvancedcamerausecase.cpp:1845 UpdateBufferReadyForRDIQueue() released framenumber :55,framenumber:64, buffer handle is used or released
2018-12-07 15:24:59.434 731-6950/? E/CHIUSECASE: [CONFIG ] chxfeaturezsl.cpp:960 RequestThreadProcessing() Sending ZSL snapshot requestIdIndex:64, requestFrameIndex:64, frameNumber:64 for RDI frame:64, request:64 metadata:0x77b0ff0100 count 196
2018-12-07 15:24:59.434 731-6950/? E/CHIUSECASE: [CONFIG ] chxfeaturezsl.cpp:858 RequestThreadProcessing() Waiting for RDI/Meta of zslInputFrameNumber 65, requestIdIndex: 65, requestFrameIndex: 65 for triggering snapshot request
2018-12-07 15:24:59.435 6892-6970/com.jian.detectx.lahaina.debug I/Yolov5_Jian_JNI: jiache >>> before preprocess2 >>> 
2018-12-07 15:24:59.443 731-1767/? E/CamX: [ERROR][CPP    ] camxbpsnode.cpp:1689 GetFaceROI() Face ROI is not published
2018-12-07 15:24:59.453 6892-6970/com.jian.detectx.lahaina.debug I/Yolov5_Jian_JNI: jiache >>> after preprocess2 >>> 
2018-12-07 15:24:59.453 6892-6970/com.jian.detectx.lahaina.debug I/Yolov5_Jian_JNI: [Profiling] Pre-processing: 17 ms
2018-12-07 15:24:59.454 731-1762/? W/CamX: [ WARN][STATS  ] camxafinterface.cpp:207 AFGetParam() Number of unsupported AF Param types 2
2018-12-07 15:24:59.475 6892-6970/com.jian.detectx.lahaina.debug I/Yolov5_Jian_JNI: [Profiling] Inference: 22 ms
2018-12-07 15:24:59.495 6892-6970/com.jian.detectx.lahaina.debug I/Yolov5_Jian_JNI: [Profiling] Proposal generation: 20 ms
2018-12-07 15:24:59.495 6892-6970/com.jian.detectx.lahaina.debug I/Yolov5_Jian_JNI: 0 proposals generated
2018-12-07 15:24:59.496 6892-6970/com.jian.detectx.lahaina.debug I/Yolov5_Jian_JNI: [Profiling] NMS: 0 ms
2018-12-07 15:24:59.496 6892-6970/com.jian.detectx.lahaina.debug D/Jian_JNI: detected objects : 0
2018-12-07 15:24:59.496 6892-6970/com.jian.detectx.lahaina.debug D/Jian_Java_MainActivity: detected object:0
2018-12-07 15:24:59.500 731-1762/? E/CamX: [ERROR][STATS_AWB] camxcawbmain.cpp:917: AWBProcess Invalid StatsDataPointer input!
2018-12-07 15:24:59.500 731-1767/? E/CamX: [ERROR][STATS  ] camxstatscommon.cpp:646 ReadVendorTag() org.codeaurora.qcamera3.ADRC: disable tag not defined
2018-12-07 15:24:59.508 731-1765/? W/CHIUSECASE: [WARN   ] chxadvancedcamerausecase.cpp:1845 UpdateBufferReadyForRDIQueue() released framenumber :56,framenumber:65, buffer handle is used or released
2018-12-07 15:24:59.509 731-6950/? E/CHIUSECASE: [CONFIG ] chxfeaturezsl.cpp:960 RequestThreadProcessing() Sending ZSL snapshot requestIdIndex:65, requestFrameIndex:65, frameNumber:65 for RDI frame:65, request:65 metadata:0x77b0ff0380 count 196
2018-12-07 15:24:59.509 731-6950/? E/CHIUSECASE: [CONFIG ] chxfeaturezsl.cpp:858 RequestThreadProcessing() Waiting for RDI/Meta of zslInputFrameNumber 66, requestIdIndex: 66, requestFrameIndex: 66 for triggering snapshot request
2018-12-07 15:24:59.515 6892-6970/com.jian.detectx.lahaina.debug I/Yolov5_Jian_JNI: jiache >>> before preprocess2 >>> 
2018-12-07 15:24:59.527 731-1767/? W/CamX: [ WARN][STATS  ] camxafinterface.cpp:207 AFGetParam() Number of unsupported AF Param types 2
2018-12-07 15:24:59.529 731-1767/? E/CamX: [ERROR][CPP    ] camxbpsnode.cpp:1689 GetFaceROI() Face ROI is not published
2018-12-07 15:24:59.533 6892-6970/com.jian.detectx.lahaina.debug I/Yolov5_Jian_JNI: jiache >>> after preprocess2 >>> 
2018-12-07 15:24:59.533 6892-6970/com.jian.detectx.lahaina.debug I/Yolov5_Jian_JNI: [Profiling] Pre-processing: 17 ms
2018-12-07 15:24:59.555 6892-6970/com.jian.detectx.lahaina.debug I/Yolov5_Jian_JNI: [Profiling] Inference: 22 ms
2018-12-07 15:24:59.575 6892-6970/com.jian.detectx.lahaina.debug I/Yolov5_Jian_JNI: [Profiling] Proposal generation: 19 ms
2018-12-07 15:24:59.576 6892-6970/com.jian.detectx.lahaina.debug I/Yolov5_Jian_JNI: 0 proposals generated
2018-12-07 15:24:59.576 6892-6970/com.jian.detectx.lahaina.debug I/Yolov5_Jian_JNI: [Profiling] NMS: 0 ms
2018-12-07 15:24:59.576 6892-6970/com.jian.detectx.lahaina.debug D/Jian_JNI: detected objects : 0
2018-12-07 15:24:59.576 6892-6970/com.jian.detectx.lahaina.debug D/Jian_Java_MainActivity: detected object:0
2018-12-07 15:24:59.579 731-1765/? E/CamX: [ERROR][STATS_AWB] camxcawbmain.cpp:917: AWBProcess Invalid StatsDataPointer input!
2018-12-07 15:24:59.579 731-1766/? E/CamX: [ERROR][STATS  ] camxstatscommon.cpp:646 ReadVendorTag() org.codeaurora.qcamera3.ADRC: disable tag not defined
2018-12-07 15:24:59.589 731-1767/? W/CHIUSECASE: [WARN   ] chxadvancedcamerausecase.cpp:1845 UpdateBufferReadyForRDIQueue() released framenumber :57,framenumber:66, buffer handle is used or released
2018-12-07 15:24:59.589 731-6950/? E/CHIUSECASE: [CONFIG ] chxfeaturezsl.cpp:960 RequestThreadProcessing() Sending ZSL snapshot requestIdIndex:66, requestFrameIndex:66, frameNumber:66 for RDI frame:66, request:66 metadata:0x77b0ff0600 count 196
2018-12-07 15:24:59.590 731-6950/? E/CHIUSECASE: [CONFIG ] chxfeaturezsl.cpp:858 RequestThreadProcessing() Waiting for RDI/Meta of zslInputFrameNumber 67, requestIdIndex: 67, requestFrameIndex: 67 for triggering snapshot request
2018-12-07 15:24:59.595 6892-6970/com.jian.detectx.lahaina.debug I/Yolov5_Jian_JNI: jiache >>> before preprocess2 >>> 
2018-12-07 15:24:59.598 731-1764/? E/CamX: [ERROR][CPP    ] camxbpsnode.cpp:1689 GetFaceROI() Face ROI is not published
2018-12-07 15:24:59.609 731-1767/? W/CamX: [ WARN][STATS  ] camxafinterface.cpp:207 AFGetParam() Number of unsupported AF Param types 2
2018-12-07 15:24:59.612 6892-6970/com.jian.detectx.lahaina.debug I/Yolov5_Jian_JNI: jiache >>> after preprocess2 >>> 
2018-12-07 15:24:59.612 6892-6970/com.jian.detectx.lahaina.debug I/Yolov5_Jian_JNI: [Profiling] Pre-processing: 17 ms
2018-12-07 15:24:59.635 6892-6970/com.jian.detectx.lahaina.debug I/Yolov5_Jian_JNI: [Profiling] Inference: 22 ms
2018-12-07 15:24:59.657 6892-6970/com.jian.detectx.lahaina.debug I/Yolov5_Jian_JNI: [Profiling] Proposal generation: 22 ms
2018-12-07 15:24:59.657 6892-6970/com.jian.detectx.lahaina.debug I/Yolov5_Jian_JNI: 0 proposals generated
2018-12-07 15:24:59.657 6892-6970/com.jian.detectx.lahaina.debug I/Yolov5_Jian_JNI: [Profiling] NMS: 0 ms
2018-12-07 15:24:59.657 6892-6970/com.jian.detectx.lahaina.debug D/Jian_JNI: detected objects : 0
2018-12-07 15:24:59.657 6892-6970/com.jian.detectx.lahaina.debug D/Jian_Java_MainActivity: detected object:0
2018-12-07 15:24:59.658 731-1764/? E/CamX: [ERROR][STATS_AWB] camxcawbmain.cpp:917: AWBProcess Invalid StatsDataPointer input!
2018-12-07 15:24:59.659 731-1762/? E/CamX: [ERROR][STATS  ] camxstatscommon.cpp:646 ReadVendorTag() org.codeaurora.qcamera3.ADRC: disable tag not defined
2018-12-07 15:24:59.671 731-1764/? W/CHIUSECASE: [WARN   ] chxadvancedcamerausecase.cpp:1845 UpdateBufferReadyForRDIQueue() released framenumber :58,framenumber:67, buffer handle is used or released
2018-12-07 15:24:59.672 731-6950/? E/CHIUSECASE: [CONFIG ] chxfeaturezsl.cpp:960 RequestThreadProcessing() Sending ZSL snapshot requestIdIndex:67, requestFrameIndex:67, frameNumber:67 for RDI frame:67, request:67 metadata:0x77b0ff0880 count 196
2018-12-07 15:24:59.672 731-6950/? E/CHIUSECASE: [CONFIG ] chxfeaturezsl.cpp:858 RequestThreadProcessing() Waiting for RDI/Meta of zslInputFrameNumber 68, requestIdIndex: 68, requestFrameIndex: 68 for triggering snapshot request
2018-12-07 15:24:59.676 6892-6970/com.jian.detectx.lahaina.debug I/Yolov5_Jian_JNI: jiache >>> before preprocess2 >>> 
2018-12-07 15:24:59.683 731-1764/? E/CamX: [ERROR][CPP    ] camxbpsnode.cpp:1689 GetFaceROI() Face ROI is not published
2018-12-07 15:24:59.685 731-1765/? W/CamX: [ WARN][STATS  ] camxafinterface.cpp:207 AFGetParam() Number of unsupported AF Param types 2
2018-12-07 15:24:59.694 6892-6970/com.jian.detectx.lahaina.debug I/Yolov5_Jian_JNI: jiache >>> after preprocess2 >>> 
2018-12-07 15:24:59.694 6892-6970/com.jian.detectx.lahaina.debug I/Yolov5_Jian_JNI: [Profiling] Pre-processing: 17 ms
2018-12-07 15:24:59.716 6892-6970/com.jian.detectx.lahaina.debug I/Yolov5_Jian_JNI: [Profiling] Inference: 22 ms
2018-12-07 15:24:59.735 6892-6970/com.jian.detectx.lahaina.debug I/Yolov5_Jian_JNI: [Profiling] Proposal generation: 18 ms
2018-12-07 15:24:59.735 6892-6970/com.jian.detectx.lahaina.debug I/Yolov5_Jian_JNI: 0 proposals generated
2018-12-07 15:24:59.735 6892-6970/com.jian.detectx.lahaina.debug I/Yolov5_Jian_JNI: [Profiling] NMS: 0 ms
2018-12-07 15:24:59.735 6892-6970/com.jian.detectx.lahaina.debug D/Jian_JNI: detected objects : 0
2018-12-07 15:24:59.735 6892-6970/com.jian.detectx.lahaina.debug D/Jian_Java_MainActivity: detected object:0
2018-12-07 15:24:59.738 731-1764/? E/CamX: [ERROR][STATS_AWB] camxcawbmain.cpp:917: AWBProcess Invalid StatsDataPointer input!
2018-12-07 15:24:59.739 731-1765/? E/CamX: [ERROR][STATS  ] camxstatscommon.cpp:646 ReadVendorTag() org.codeaurora.qcamera3.ADRC: disable tag not defined
2018-12-07 15:24:59.747 731-1766/? W/CHIUSECASE: [WARN   ] chxadvancedcamerausecase.cpp:1845 UpdateBufferReadyForRDIQueue() released framenumber :59,framenumber:68, buffer handle is used or released
2018-12-07 15:24:59.747 731-6950/? E/CHIUSECASE: [CONFIG ] chxfeaturezsl.cpp:960 RequestThreadProcessing() Sending ZSL snapshot requestIdIndex:68, requestFrameIndex:68, frameNumber:68 for RDI frame:68, request:68 metadata:0x77b0ff0b00 count 196
2018-12-07 15:24:59.748 731-6950/? E/CHIUSECASE: [CONFIG ] chxfeaturezsl.cpp:858 RequestThreadProcessing() Waiting for RDI/Meta of zslInputFrameNumber 69, requestIdIndex: 69, requestFrameIndex: 69 for triggering snapshot request
2018-12-07 15:24:59.757 731-1764/? E/CamX: [ERROR][CPP    ] camxbpsnode.cpp:1689 GetFaceROI() Face ROI is not published
2018-12-07 15:24:59.759 731-1766/? W/CamX: [ WARN][STATS  ] camxafinterface.cpp:207 AFGetParam() Number of unsupported AF Param types 2
2018-12-07 15:24:59.762 6892-6970/com.jian.detectx.lahaina.debug I/Yolov5_Jian_JNI: jiache >>> before preprocess2 >>> 
2018-12-07 15:24:59.783 6892-6970/com.jian.detectx.lahaina.debug I/Yolov5_Jian_JNI: jiache >>> after preprocess2 >>> 
2018-12-07 15:24:59.783 6892-6970/com.jian.detectx.lahaina.debug I/Yolov5_Jian_JNI: [Profiling] Pre-processing: 21 ms
2018-12-07 15:24:59.805 6892-6970/com.jian.detectx.lahaina.debug I/Yolov5_Jian_JNI: [Profiling] Inference: 21 ms
2018-12-07 15:24:59.818 731-1766/? E/CamX: [ERROR][STATS_AWB] camxcawbmain.cpp:917: AWBProcess Invalid StatsDataPointer input!
2018-12-07 15:24:59.819 731-1767/? E/CamX: [ERROR][STATS  ] camxstatscommon.cpp:646 ReadVendorTag() org.codeaurora.qcamera3.ADRC: disable tag not defined
2018-12-07 15:24:59.827 731-1765/? W/CHIUSECASE: [WARN   ] chxadvancedcamerausecase.cpp:1845 UpdateBufferReadyForRDIQueue() released framenumber :60,framenumber:69, buffer handle is used or released
2018-12-07 15:24:59.827 731-6950/? E/CHIUSECASE: [CONFIG ] chxfeaturezsl.cpp:960 RequestThreadProcessing() Sending ZSL snapshot requestIdIndex:69, requestFrameIndex:69, frameNumber:69 for RDI frame:69, request:69 metadata:0x77b0ff0d80 count 196
2018-12-07 15:24:59.828 731-6950/? E/CHIUSECASE: [CONFIG ] chxfeaturezsl.cpp:858 RequestThreadProcessing() Waiting for RDI/Meta of zslInputFrameNumber 70, requestIdIndex: 70, requestFrameIndex: 70 for triggering snapshot request
2018-12-07 15:24:59.828 6892-6970/com.jian.detectx.lahaina.debug I/Yolov5_Jian_JNI: [Profiling] Proposal generation: 23 ms
2018-12-07 15:24:59.828 6892-6970/com.jian.detectx.lahaina.debug I/Yolov5_Jian_JNI: 0 proposals generated
2018-12-07 15:24:59.828 6892-6970/com.jian.detectx.lahaina.debug I/Yolov5_Jian_JNI: [Profiling] NMS: 0 ms
2018-12-07 15:24:59.828 6892-6970/com.jian.detectx.lahaina.debug D/Jian_JNI: detected objects : 0
2018-12-07 15:24:59.829 6892-6970/com.jian.detectx.lahaina.debug D/Jian_Java_MainActivity: detected object:0
2018-12-07 15:24:59.841 731-1765/? W/CamX: [ WARN][STATS  ] camxafinterface.cpp:207 AFGetParam() Number of unsupported AF Param types 2
2018-12-07 15:24:59.843 731-1762/? E/CamX: [ERROR][CPP    ] camxbpsnode.cpp:1689 GetFaceROI() Face ROI is not published
2018-12-07 15:24:59.843 6892-6970/com.jian.detectx.lahaina.debug I/Yolov5_Jian_JNI: jiache >>> before preprocess2 >>> 
2018-12-07 15:24:59.860 6892-6970/com.jian.detectx.lahaina.debug I/Yolov5_Jian_JNI: jiache >>> after preprocess2 >>> 
2018-12-07 15:24:59.860 6892-6970/com.jian.detectx.lahaina.debug I/Yolov5_Jian_JNI: [Profiling] Pre-processing: 16 ms
2018-12-07 15:24:59.882 6892-6970/com.jian.detectx.lahaina.debug I/Yolov5_Jian_JNI: [Profiling] Inference: 21 ms
2018-12-07 15:24:59.895 6892-6970/com.jian.detectx.lahaina.debug I/Yolov5_Jian_JNI: [Profiling] Proposal generation: 13 ms
2018-12-07 15:24:59.895 6892-6970/com.jian.detectx.lahaina.debug I/Yolov5_Jian_JNI: 0 proposals generated
2018-12-07 15:24:59.895 6892-6970/com.jian.detectx.lahaina.debug I/Yolov5_Jian_JNI: [Profiling] NMS: 0 ms
2018-12-07 15:24:59.895 6892-6970/com.jian.detectx.lahaina.debug D/Jian_JNI: detected objects : 0
2018-12-07 15:24:59.895 6892-6970/com.jian.detectx.lahaina.debug D/Jian_Java_MainActivity: detected object:0
2018-12-07 15:24:59.899 731-1764/? E/CamX: [ERROR][STATS_AWB] camxcawbmain.cpp:917: AWBProcess Invalid StatsDataPointer input!
2018-12-07 15:24:59.899 731-1765/? E/CamX: [ERROR][STATS  ] camxstatscommon.cpp:646 ReadVendorTag() org.codeaurora.qcamera3.ADRC: disable tag not defined
2018-12-07 15:24:59.908 731-1764/? W/CHIUSECASE: [WARN   ] chxadvancedcamerausecase.cpp:1845 UpdateBufferReadyForRDIQueue() released framenumber :61,framenumber:70, buffer handle is used or released
2018-12-07 15:24:59.909 731-6950/? E/CHIUSECASE: [CONFIG ] chxfeaturezsl.cpp:960 RequestThreadProcessing() Sending ZSL snapshot requestIdIndex:70, requestFrameIndex:70, frameNumber:70 for RDI frame:70, request:70 metadata:0x77b1bd3000 count 196
2018-12-07 15:24:59.909 731-6950/? E/CHIUSECASE: [CONFIG ] chxfeaturezsl.cpp:858 RequestThreadProcessing() Waiting for RDI/Meta of zslInputFrameNumber 71, requestIdIndex: 71, requestFrameIndex: 71 for triggering snapshot request
2018-12-07 15:24:59.914 6892-6970/com.jian.detectx.lahaina.debug I/Yolov5_Jian_JNI: jiache >>> before preprocess2 >>> 
2018-12-07 15:24:59.923 731-1765/? E/CamX: [ERROR][CPP    ] camxbpsnode.cpp:1689 GetFaceROI() Face ROI is not published
2018-12-07 15:24:59.926 731-1767/? W/CamX: [ WARN][STATS  ] camxafinterface.cpp:207 AFGetParam() Number of unsupported AF Param types 2
2018-12-07 15:24:59.932 6892-6970/com.jian.detectx.lahaina.debug I/Yolov5_Jian_JNI: jiache >>> after preprocess2 >>> 
2018-12-07 15:24:59.932 6892-6970/com.jian.detectx.lahaina.debug I/Yolov5_Jian_JNI: [Profiling] Pre-processing: 18 ms
2018-12-07 15:24:59.954 6892-6970/com.jian.detectx.lahaina.debug I/Yolov5_Jian_JNI: [Profiling] Inference: 22 ms
2018-12-07 15:24:59.976 6892-6970/com.jian.detectx.lahaina.debug I/Yolov5_Jian_JNI: [Profiling] Proposal generation: 21 ms
2018-12-07 15:24:59.976 6892-6970/com.jian.detectx.lahaina.debug I/Yolov5_Jian_JNI: 0 proposals generated
2018-12-07 15:24:59.976 6892-6970/com.jian.detectx.lahaina.debug I/Yolov5_Jian_JNI: [Profiling] NMS: 0 ms
2018-12-07 15:24:59.976 6892-6970/com.jian.detectx.lahaina.debug D/Jian_JNI: detected objects : 0
2018-12-07 15:24:59.976 6892-6970/com.jian.detectx.lahaina.debug D/Jian_Java_MainActivity: detected object:0
2018-12-07 15:24:59.981 731-1766/? E/CamX: [ERROR][STATS_AWB] camxcawbmain.cpp:917: AWBProcess Invalid StatsDataPointer input!
2018-12-07 15:24:59.982 731-1762/? E/CamX: [ERROR][STATS  ] camxstatscommon.cpp:646 ReadVendorTag() org.codeaurora.qcamera3.ADRC: disable tag not defined
2018-12-07 15:24:59.994 731-1765/? W/CHIUSECASE: [WARN   ] chxadvancedcamerausecase.cpp:1845 UpdateBufferReadyForRDIQueue() released framenumber :62,framenumber:71, buffer handle is used or released
2018-12-07 15:24:59.994 731-6950/? E/CHIUSECASE: [CONFIG ] chxfeaturezsl.cpp:960 RequestThreadProcessing() Sending ZSL snapshot requestIdIndex:71, requestFrameIndex:71, frameNumber:71 for RDI frame:71, request:71 metadata:0x77b1bd3280 count 196
2018-12-07 15:24:59.994 731-6950/? E/CHIUSECASE: [CONFIG ] chxfeaturezsl.cpp:858 RequestThreadProcessing() Waiting for RDI/Meta of zslInputFrameNumber 72, requestIdIndex: 72, requestFrameIndex: 72 for triggering snapshot request
2018-12-07 15:24:59.995 6892-6970/com.jian.detectx.lahaina.debug I/Yolov5_Jian_JNI: jiache >>> before preprocess2 >>> 
2018-12-07 15:25:00.003 1954-1954/com.android.systemui D/KeyguardUpdateMonitor: received broadcast android.intent.action.TIME_TICK
2018-12-07 15:25:00.004 1954-1954/com.android.systemui D/KeyguardUpdateMonitor: handleTimeUpdate
2018-12-07 15:25:00.009 731-1762/? E/CamX: [ERROR][CPP    ] camxbpsnode.cpp:1689 GetFaceROI() Face ROI is not published
2018-12-07 15:25:00.013 6892-6970/com.jian.detectx.lahaina.debug I/Yolov5_Jian_JNI: jiache >>> after preprocess2 >>> 
2018-12-07 15:25:00.013 6892-6970/com.jian.detectx.lahaina.debug I/Yolov5_Jian_JNI: [Profiling] Pre-processing: 18 ms
2018-12-07 15:25:00.019 731-1764/? W/CamX: [ WARN][STATS  ] camxafinterface.cpp:207 AFGetParam() Number of unsupported AF Param types 2
2018-12-07 15:25:00.035 6892-6970/com.jian.detectx.lahaina.debug I/Yolov5_Jian_JNI: [Profiling] Inference: 22 ms
2018-12-07 15:25:00.037 2758-2758/com.qualcomm.qti.qdma D/QDMA:PeriodicCI: Received Intent.ACTION_TIME_TICK
2018-12-07 15:25:00.038 2758-2758/com.qualcomm.qti.qdma W/QDMA:PeriodicCI: [ERROR] Current time is wrong, status=3
2018-12-07 15:25:00.038 2758-2758/com.qualcomm.qti.qdma V/QDMA:PeriodicCI: curr=1544167500
2018-12-07 15:25:00.038 2758-2758/com.qualcomm.qti.qdma V/QDMA:PeriodicCI: base=1544181891
2018-12-07 15:25:00.054 6892-6970/com.jian.detectx.lahaina.debug I/Yolov5_Jian_JNI: [Profiling] Proposal generation: 19 ms
2018-12-07 15:25:00.055 6892-6970/com.jian.detectx.lahaina.debug I/Yolov5_Jian_JNI: 0 proposals generated
2018-12-07 15:25:00.055 6892-6970/com.jian.detectx.lahaina.debug I/Yolov5_Jian_JNI: [Profiling] NMS: 0 ms
2018-12-07 15:25:00.055 6892-6970/com.jian.detectx.lahaina.debug D/Jian_JNI: detected objects : 0
2018-12-07 15:25:00.055 6892-6970/com.jian.detectx.lahaina.debug D/Jian_Java_MainActivity: detected object:0
2018-12-07 15:25:00.059 731-1767/? E/CamX: [ERROR][STATS_AWB] camxcawbmain.cpp:917: AWBProcess Invalid StatsDataPointer input!
2018-12-07 15:25:00.060 731-1765/? E/CamX: [ERROR][STATS  ] camxstatscommon.cpp:646 ReadVendorTag() org.codeaurora.qcamera3.ADRC: disable tag not defined
2018-12-07 15:25:00.071 731-1766/? W/CHIUSECASE: [WARN   ] chxadvancedcamerausecase.cpp:1845 UpdateBufferReadyForRDIQueue() released framenumber :63,framenumber:72, buffer handle is used or released
2018-12-07 15:25:00.071 731-6950/? E/CHIUSECASE: [CONFIG ] chxfeaturezsl.cpp:960 RequestThreadProcessing() Sending ZSL snapshot requestIdIndex:72, requestFrameIndex:72, frameNumber:72 for RDI frame:72, request:72 metadata:0x77b1bd3500 count 196
2018-12-07 15:25:00.071 731-6950/? E/CHIUSECASE: [CONFIG ] chxfeaturezsl.cpp:858 RequestThreadProcessing() Waiting for RDI/Meta of zslInputFrameNumber 73, requestIdIndex: 73, requestFrameIndex: 73 for triggering snapshot request
2018-12-07 15:25:00.073 6892-6970/com.jian.detectx.lahaina.debug I/Yolov5_Jian_JNI: jiache >>> before preprocess2 >>> 
2018-12-07 15:25:00.080 731-1762/? E/CamX: [ERROR][CPP    ] camxbpsnode.cpp:1689 GetFaceROI() Face ROI is not published
2018-12-07 15:25:00.084 731-1767/? W/CamX: [ WARN][STATS  ] camxafinterface.cpp:207 AFGetParam() Number of unsupported AF Param types 2
2018-12-07 15:25:00.091 6892-6970/com.jian.detectx.lahaina.debug I/Yolov5_Jian_JNI: jiache >>> after preprocess2 >>> 
2018-12-07 15:25:00.091 6892-6970/com.jian.detectx.lahaina.debug I/Yolov5_Jian_JNI: [Profiling] Pre-processing: 17 ms
2018-12-07 15:25:00.113 6892-6970/com.jian.detectx.lahaina.debug I/Yolov5_Jian_JNI: [Profiling] Inference: 22 ms
2018-12-07 15:25:00.139 731-1762/? E/CamX: [ERROR][STATS_AWB] camxcawbmain.cpp:917: AWBProcess Invalid StatsDataPointer input!
2018-12-07 15:25:00.140 6892-6970/com.jian.detectx.lahaina.debug I/Yolov5_Jian_JNI: [Profiling] Proposal generation: 26 ms
2018-12-07 15:25:00.140 6892-6970/com.jian.detectx.lahaina.debug I/Yolov5_Jian_JNI: 0 proposals generated
2018-12-07 15:25:00.140 6892-6970/com.jian.detectx.lahaina.debug I/Yolov5_Jian_JNI: [Profiling] NMS: 0 ms
2018-12-07 15:25:00.140 6892-6970/com.jian.detectx.lahaina.debug D/Jian_JNI: detected objects : 0
2018-12-07 15:25:00.141 6892-6970/com.jian.detectx.lahaina.debug D/Jian_Java_MainActivity: detected object:0
2018-12-07 15:25:00.142 731-1765/? E/CamX: [ERROR][STATS  ] camxstatscommon.cpp:646 ReadVendorTag() org.codeaurora.qcamera3.ADRC: disable tag not defined
2018-12-07 15:25:00.147 731-1766/? W/CHIUSECASE: [WARN   ] chxadvancedcamerausecase.cpp:1845 UpdateBufferReadyForRDIQueue() released framenumber :64,framenumber:73, buffer handle is used or released
2018-12-07 15:25:00.148 731-6950/? E/CHIUSECASE: [CONFIG ] chxfeaturezsl.cpp:960 RequestThreadProcessing() Sending ZSL snapshot requestIdIndex:73, requestFrameIndex:73, frameNumber:73 for RDI frame:73, request:73 metadata:0x77b1bd3780 count 196
2018-12-07 15:25:00.149 731-6950/? E/CHIUSECASE: [CONFIG ] chxfeaturezsl.cpp:858 RequestThreadProcessing() Waiting for RDI/Meta of zslInputFrameNumber 74, requestIdIndex: 74, requestFrameIndex: 74 for triggering snapshot request
2018-12-07 15:25:00.162 6892-6970/com.jian.detectx.lahaina.debug I/Yolov5_Jian_JNI: jiache >>> before preprocess2 >>> 
2018-12-07 15:25:00.167 731-1764/? E/CamX: [ERROR][CPP    ] camxbpsnode.cpp:1689 GetFaceROI() Face ROI is not published
2018-12-07 15:25:00.170 731-1767/? W/CamX: [ WARN][STATS  ] camxafinterface.cpp:207 AFGetParam() Number of unsupported AF Param types 2
2018-12-07 15:25:00.179 6892-6970/com.jian.detectx.lahaina.debug I/Yolov5_Jian_JNI: jiache >>> after preprocess2 >>> 
2018-12-07 15:25:00.179 6892-6970/com.jian.detectx.lahaina.debug I/Yolov5_Jian_JNI: [Profiling] Pre-processing: 16 ms
2018-12-07 15:25:00.201 6892-6970/com.jian.detectx.lahaina.debug I/Yolov5_Jian_JNI: [Profiling] Inference: 22 ms
2018-12-07 15:25:00.214 6892-6970/com.jian.detectx.lahaina.debug I/Yolov5_Jian_JNI: [Profiling] Proposal generation: 13 ms
2018-12-07 15:25:00.215 6892-6970/com.jian.detectx.lahaina.debug I/Yolov5_Jian_JNI: 0 proposals generated
2018-12-07 15:25:00.215 6892-6970/com.jian.detectx.lahaina.debug I/Yolov5_Jian_JNI: [Profiling] NMS: 0 ms
2018-12-07 15:25:00.215 6892-6970/com.jian.detectx.lahaina.debug D/Jian_JNI: detected objects : 0
2018-12-07 15:25:00.215 6892-6970/com.jian.detectx.lahaina.debug D/Jian_Java_MainActivity: detected object:0
2018-12-07 15:25:00.219 731-1765/? E/CamX: [ERROR][STATS_AWB] camxcawbmain.cpp:917: AWBProcess Invalid StatsDataPointer input!
2018-12-07 15:25:00.220 731-1762/? E/CamX: [ERROR][STATS  ] camxstatscommon.cpp:646 ReadVendorTag() org.codeaurora.qcamera3.ADRC: disable tag not defined
2018-12-07 15:25:00.227 731-1764/? W/CHIUSECASE: [WARN   ] chxadvancedcamerausecase.cpp:1845 UpdateBufferReadyForRDIQueue() released framenumber :65,framenumber:74, buffer handle is used or released
2018-12-07 15:25:00.227 731-6950/? E/CHIUSECASE: [CONFIG ] chxfeaturezsl.cpp:960 RequestThreadProcessing() Sending ZSL snapshot requestIdIndex:74, requestFrameIndex:74, frameNumber:74 for RDI frame:74, request:74 metadata:0x77b1bd3a00 count 196
2018-12-07 15:25:00.228 731-6950/? E/CHIUSECASE: [CONFIG ] chxfeaturezsl.cpp:858 RequestThreadProcessing() Waiting for RDI/Meta of zslInputFrameNumber 75, requestIdIndex: 75, requestFrameIndex: 75 for triggering snapshot request
2018-12-07 15:25:00.233 6892-6970/com.jian.detectx.lahaina.debug I/Yolov5_Jian_JNI: jiache >>> before preprocess2 >>> 
2018-12-07 15:25:00.240 731-1765/? W/CamX: [ WARN][STATS  ] camxafinterface.cpp:207 AFGetParam() Number of unsupported AF Param types 2
2018-12-07 15:25:00.241 731-1765/? E/CamX: [ERROR][CPP    ] camxbpsnode.cpp:1689 GetFaceROI() Face ROI is not published
2018-12-07 15:25:00.252 6892-6970/com.jian.detectx.lahaina.debug I/Yolov5_Jian_JNI: jiache >>> after preprocess2 >>> 
2018-12-07 15:25:00.252 6892-6970/com.jian.detectx.lahaina.debug I/Yolov5_Jian_JNI: [Profiling] Pre-processing: 18 ms
2018-12-07 15:25:00.274 6892-6970/com.jian.detectx.lahaina.debug I/Yolov5_Jian_JNI: [Profiling] Inference: 22 ms
2018-12-07 15:25:00.293 731-1765/? E/CamX: [ERROR][STATS_AF ] af_process.cpp:1080: af_process_parse_stats Invalid FV data!
2018-12-07 15:25:00.298 6892-6970/com.jian.detectx.lahaina.debug I/Yolov5_Jian_JNI: [Profiling] Proposal generation: 24 ms
2018-12-07 15:25:00.299 6892-6970/com.jian.detectx.lahaina.debug I/Yolov5_Jian_JNI: 0 proposals generated
2018-12-07 15:25:00.299 6892-6970/com.jian.detectx.lahaina.debug I/Yolov5_Jian_JNI: [Profiling] NMS: 0 ms
2018-12-07 15:25:00.299 6892-6970/com.jian.detectx.lahaina.debug D/Jian_JNI: detected objects : 0
2018-12-07 15:25:00.299 6892-6970/com.jian.detectx.lahaina.debug D/Jian_Java_MainActivity: detected object:0
2018-12-07 15:25:00.299 731-1767/? E/CamX: [ERROR][STATS_AWB] camxcawbmain.cpp:917: AWBProcess Invalid StatsDataPointer input!
2018-12-07 15:25:00.300 731-1762/? E/CamX: [ERROR][STATS  ] camxstatscommon.cpp:646 ReadVendorTag() org.codeaurora.qcamera3.ADRC: disable tag not defined
2018-12-07 15:25:00.312 731-1765/? W/CHIUSECASE: [WARN   ] chxadvancedcamerausecase.cpp:1845 UpdateBufferReadyForRDIQueue() released framenumber :66,framenumber:75, buffer handle is used or released
2018-12-07 15:25:00.312 731-6950/? E/CHIUSECASE: [CONFIG ] chxfeaturezsl.cpp:960 RequestThreadProcessing() Sending ZSL snapshot requestIdIndex:75, requestFrameIndex:75, frameNumber:75 for RDI frame:75, request:75 metadata:0x77b0fef700 count 196
2018-12-07 15:25:00.313 731-6950/? E/CHIUSECASE: [CONFIG ] chxfeaturezsl.cpp:858 RequestThreadProcessing() Waiting for RDI/Meta of zslInputFrameNumber 76, requestIdIndex: 76, requestFrameIndex: 76 for triggering snapshot request
2018-12-07 15:25:00.317 6892-6970/com.jian.detectx.lahaina.debug I/Yolov5_Jian_JNI: jiache >>> before preprocess2 >>> 
2018-12-07 15:25:00.333 731-1766/? E/CamX: [ERROR][CPP    ] camxbpsnode.cpp:1689 GetFaceROI() Face ROI is not published
2018-12-07 15:25:00.335 6892-6970/com.jian.detectx.lahaina.debug I/Yolov5_Jian_JNI: jiache >>> after preprocess2 >>> 
2018-12-07 15:25:00.335 6892-6970/com.jian.detectx.lahaina.debug I/Yolov5_Jian_JNI: [Profiling] Pre-processing: 17 ms
2018-12-07 15:25:00.339 731-1767/? W/CamX: [ WARN][STATS  ] camxafinterface.cpp:207 AFGetParam() Number of unsupported AF Param types 2
2018-12-07 15:25:00.357 6892-6970/com.jian.detectx.lahaina.debug I/Yolov5_Jian_JNI: [Profiling] Inference: 21 ms
2018-12-07 15:25:00.374 6892-6970/com.jian.detectx.lahaina.debug I/Yolov5_Jian_JNI: [Profiling] Proposal generation: 17 ms
2018-12-07 15:25:00.374 6892-6970/com.jian.detectx.lahaina.debug I/Yolov5_Jian_JNI: 0 proposals generated
2018-12-07 15:25:00.374 6892-6970/com.jian.detectx.lahaina.debug I/Yolov5_Jian_JNI: [Profiling] NMS: 0 ms
2018-12-07 15:25:00.374 6892-6970/com.jian.detectx.lahaina.debug D/Jian_JNI: detected objects : 0
2018-12-07 15:25:00.374 6892-6970/com.jian.detectx.lahaina.debug D/Jian_Java_MainActivity: detected object:0
2018-12-07 15:25:00.379 731-1767/? E/CamX: [ERROR][STATS_AWB] camxcawbmain.cpp:917: AWBProcess Invalid StatsDataPointer input!
2018-12-07 15:25:00.380 731-1762/? E/CamX: [ERROR][STATS  ] camxstatscommon.cpp:646 ReadVendorTag() org.codeaurora.qcamera3.ADRC: disable tag not defined
2018-12-07 15:25:00.390 731-1765/? W/CHIUSECASE: [WARN   ] chxadvancedcamerausecase.cpp:1845 UpdateBufferReadyForRDIQueue() released framenumber :67,framenumber:76, buffer handle is used or released
2018-12-07 15:25:00.391 731-6950/? E/CHIUSECASE: [CONFIG ] chxfeaturezsl.cpp:960 RequestThreadProcessing() Sending ZSL snapshot requestIdIndex:76, requestFrameIndex:76, frameNumber:76 for RDI frame:76, request:76 metadata:0x77b0fef980 count 196
2018-12-07 15:25:00.391 731-6950/? E/CHIUSECASE: [CONFIG ] chxfeaturezsl.cpp:858 RequestThreadProcessing() Waiting for RDI/Meta of zslInputFrameNumber 77, requestIdIndex: 77, requestFrameIndex: 77 for triggering snapshot request
2018-12-07 15:25:00.394 6892-6970/com.jian.detectx.lahaina.debug I/Yolov5_Jian_JNI: jiache >>> before preprocess2 >>> 
2018-12-07 15:25:00.404 731-1766/? E/CamX: [ERROR][CPP    ] camxbpsnode.cpp:1689 GetFaceROI() Face ROI is not published
2018-12-07 15:25:00.404 731-1764/? W/CamX: [ WARN][STATS  ] camxafinterface.cpp:207 AFGetParam() Number of unsupported AF Param types 2
2018-12-07 15:25:00.412 6892-6970/com.jian.detectx.lahaina.debug I/Yolov5_Jian_JNI: jiache >>> after preprocess2 >>> 
2018-12-07 15:25:00.413 6892-6970/com.jian.detectx.lahaina.debug I/Yolov5_Jian_JNI: [Profiling] Pre-processing: 18 ms
2018-12-07 15:25:00.435 6892-6970/com.jian.detectx.lahaina.debug I/Yolov5_Jian_JNI: [Profiling] Inference: 22 ms
2018-12-07 15:25:00.457 6892-6970/com.jian.detectx.lahaina.debug I/Yolov5_Jian_JNI: [Profiling] Proposal generation: 22 ms
2018-12-07 15:25:00.458 6892-6970/com.jian.detectx.lahaina.debug I/Yolov5_Jian_JNI: 0 proposals generated
2018-12-07 15:25:00.458 6892-6970/com.jian.detectx.lahaina.debug I/Yolov5_Jian_JNI: [Profiling] NMS: 0 ms
2018-12-07 15:25:00.458 6892-6970/com.jian.detectx.lahaina.debug D/Jian_JNI: detected objects : 0
2018-12-07 15:25:00.458 6892-6970/com.jian.detectx.lahaina.debug D/Jian_Java_MainActivity: detected object:0
2018-12-07 15:25:00.459 731-1767/? E/CamX: [ERROR][STATS_AWB] camxcawbmain.cpp:917: AWBProcess Invalid StatsDataPointer input!
2018-12-07 15:25:00.462 731-1765/? E/CamX: [ERROR][STATS  ] camxstatscommon.cpp:646 ReadVendorTag() org.codeaurora.qcamera3.ADRC: disable tag not defined
2018-12-07 15:25:00.472 731-1767/? W/CHIUSECASE: [WARN   ] chxadvancedcamerausecase.cpp:1845 UpdateBufferReadyForRDIQueue() released framenumber :68,framenumber:77, buffer handle is used or released
