2018-12-07 15:24:55.183 731-6950/? E/CHIUSECASE: [CONFIG ] chxfeaturezsl.cpp:858 RequestThreadProcessing() Waiting for RDI/Meta of zslInputFrameNumber 12, requestIdIndex: 12, requestFrameIndex: 12 for triggering snapshot request
2018-12-07 15:24:55.190 731-1766/? E/CamX: [ERROR][CPP    ] camxbpsnode.cpp:1689 GetFaceROI() Face ROI is not published
2018-12-07 15:24:55.193 731-1764/? W/CamX: [ WARN][STATS  ] camxafinterface.cpp:207 AFGetParam() Number of unsupported AF Param types 2
2018-12-07 15:24:55.197 6892-6970/com.jian.detectx.lahaina.debug I/Yolov5_Jian_JNI: [Profiling] Inference: 21 ms
2018-12-07 15:24:55.208 6892-6970/com.jian.detectx.lahaina.debug I/Yolov5_Jian_JNI: [Profiling] Proposal generation: 10 ms
2018-12-07 15:24:55.208 6892-6970/com.jian.detectx.lahaina.debug I/Yolov5_Jian_JNI: 0 proposals generated
2018-12-07 15:24:55.208 6892-6970/com.jian.detectx.lahaina.debug I/Yolov5_Jian_JNI: [Profiling] NMS: 0 ms
2018-12-07 15:24:55.208 6892-6970/com.jian.detectx.lahaina.debug D/Jian_JNI: detected objects : 0
2018-12-07 15:24:55.208 6892-6970/com.jian.detectx.lahaina.debug D/Jian_Java_MainActivity: detected object:0
2018-12-07 15:24:55.246 6892-6970/com.jian.detectx.lahaina.debug I/Yolov5_Jian_JNI: jiache >>> before preprocess2 >>> 
2018-12-07 15:24:55.256 731-1762/? E/CamX: [ERROR][STATS_AWB] camxcawbmain.cpp:917: AWBProcess Invalid StatsDataPointer input!
2018-12-07 15:24:55.257 731-1765/? E/CamX: [ERROR][STATS  ] camxstatscommon.cpp:646 ReadVendorTag() org.codeaurora.qcamera3.ADRC: disable tag not defined
2018-12-07 15:24:55.261 6892-6970/com.jian.detectx.lahaina.debug I/Yolov5_Jian_JNI: jiache >>> after preprocess2 >>> 
2018-12-07 15:24:55.261 6892-6970/com.jian.detectx.lahaina.debug I/Yolov5_Jian_JNI: [Profiling] Pre-processing: 15 ms
2018-12-07 15:24:55.266 731-1766/? W/CHIUSECASE: [WARN   ] chxadvancedcamerausecase.cpp:1845 UpdateBufferReadyForRDIQueue() released framenumber :3,framenumber:12, buffer handle is used or released
2018-12-07 15:24:55.267 731-6950/? E/CHIUSECASE: [CONFIG ] chxfeaturezsl.cpp:960 RequestThreadProcessing() Sending ZSL snapshot requestIdIndex:12, requestFrameIndex:12, frameNumber:12 for RDI frame:12, request:12 metadata:0x77b1bd3500 count 196
2018-12-07 15:24:55.267 731-6950/? E/CHIUSECASE: [CONFIG ] chxfeaturezsl.cpp:858 RequestThreadProcessing() Waiting for RDI/Meta of zslInputFrameNumber 13, requestIdIndex: 13, requestFrameIndex: 13 for triggering snapshot request
2018-12-07 15:24:55.278 731-1764/? E/CamX: [ERROR][CPP    ] camxbpsnode.cpp:1689 GetFaceROI() Face ROI is not published
2018-12-07 15:24:55.279 731-1767/? W/CamX: [ WARN][STATS  ] camxafinterface.cpp:207 AFGetParam() Number of unsupported AF Param types 2
2018-12-07 15:24:55.283 6892-6970/com.jian.detectx.lahaina.debug I/Yolov5_Jian_JNI: [Profiling] Inference: 21 ms
2018-12-07 15:24:55.292 6892-6970/com.jian.detectx.lahaina.debug I/Yolov5_Jian_JNI: [Profiling] Proposal generation: 9 ms
2018-12-07 15:24:55.292 6892-6970/com.jian.detectx.lahaina.debug I/Yolov5_Jian_JNI: 0 proposals generated
2018-12-07 15:24:55.293 6892-6970/com.jian.detectx.lahaina.debug I/Yolov5_Jian_JNI: [Profiling] NMS: 0 ms
2018-12-07 15:24:55.293 6892-6970/com.jian.detectx.lahaina.debug D/Jian_JNI: detected objects : 0
2018-12-07 15:24:55.293 6892-6970/com.jian.detectx.lahaina.debug D/Jian_Java_MainActivity: detected object:0
2018-12-07 15:24:55.334 6892-6970/com.jian.detectx.lahaina.debug I/Yolov5_Jian_JNI: jiache >>> before preprocess2 >>> 
2018-12-07 15:24:55.336 731-1766/? E/CamX: [ERROR][STATS_AWB] camxcawbmain.cpp:917: AWBProcess Invalid StatsDataPointer input!
2018-12-07 15:24:55.336 731-1764/? E/CamX: [ERROR][STATS  ] camxstatscommon.cpp:646 ReadVendorTag() org.codeaurora.qcamera3.ADRC: disable tag not defined
2018-12-07 15:24:55.344 731-1762/? W/CHIUSECASE: [WARN   ] chxadvancedcamerausecase.cpp:1845 UpdateBufferReadyForRDIQueue() released framenumber :4,framenumber:13, buffer handle is used or released
2018-12-07 15:24:55.344 731-6950/? E/CHIUSECASE: [CONFIG ] chxfeaturezsl.cpp:960 RequestThreadProcessing() Sending ZSL snapshot requestIdIndex:13, requestFrameIndex:13, frameNumber:13 for RDI frame:13, request:13 metadata:0x77b1bd3780 count 196
2018-12-07 15:24:55.344 731-6950/? E/CHIUSECASE: [CONFIG ] chxfeaturezsl.cpp:858 RequestThreadProcessing() Waiting for RDI/Meta of zslInputFrameNumber 14, requestIdIndex: 14, requestFrameIndex: 14 for triggering snapshot request
2018-12-07 15:24:55.353 6892-6970/com.jian.detectx.lahaina.debug I/Yolov5_Jian_JNI: jiache >>> after preprocess2 >>> 
2018-12-07 15:24:55.353 6892-6970/com.jian.detectx.lahaina.debug I/Yolov5_Jian_JNI: [Profiling] Pre-processing: 18 ms
2018-12-07 15:24:55.354 731-1767/? E/CamX: [ERROR][CPP    ] camxbpsnode.cpp:1689 GetFaceROI() Face ROI is not published
2018-12-07 15:24:55.355 731-1764/? W/CamX: [ WARN][STATS  ] camxafinterface.cpp:207 AFGetParam() Number of unsupported AF Param types 2
2018-12-07 15:24:55.374 6892-6970/com.jian.detectx.lahaina.debug I/Yolov5_Jian_JNI: [Profiling] Inference: 21 ms
2018-12-07 15:24:55.385 6892-6970/com.jian.detectx.lahaina.debug I/Yolov5_Jian_JNI: [Profiling] Proposal generation: 10 ms
2018-12-07 15:24:55.385 6892-6970/com.jian.detectx.lahaina.debug I/Yolov5_Jian_JNI: 0 proposals generated
2018-12-07 15:24:55.385 6892-6970/com.jian.detectx.lahaina.debug I/Yolov5_Jian_JNI: [Profiling] NMS: 0 ms
2018-12-07 15:24:55.385 6892-6970/com.jian.detectx.lahaina.debug D/Jian_JNI: detected objects : 0
2018-12-07 15:24:55.385 6892-6970/com.jian.detectx.lahaina.debug D/Jian_Java_MainActivity: detected object:0
2018-12-07 15:24:55.406 6892-6970/com.jian.detectx.lahaina.debug I/Yolov5_Jian_JNI: jiache >>> before preprocess2 >>> 
2018-12-07 15:24:55.416 731-1767/? E/CamX: [ERROR][STATS_AWB] camxcawbmain.cpp:917: AWBProcess Invalid StatsDataPointer input!
2018-12-07 15:24:55.416 731-1762/? E/CamX: [ERROR][STATS  ] camxstatscommon.cpp:646 ReadVendorTag() org.codeaurora.qcamera3.ADRC: disable tag not defined
2018-12-07 15:24:55.422 6892-6970/com.jian.detectx.lahaina.debug I/Yolov5_Jian_JNI: jiache >>> after preprocess2 >>> 
2018-12-07 15:24:55.422 6892-6970/com.jian.detectx.lahaina.debug I/Yolov5_Jian_JNI: [Profiling] Pre-processing: 15 ms
2018-12-07 15:24:55.426 731-1767/? W/CHIUSECASE: [WARN   ] chxadvancedcamerausecase.cpp:1845 UpdateBufferReadyForRDIQueue() released framenumber :5,framenumber:14, buffer handle is used or released
2018-12-07 15:24:55.427 731-6950/? E/CHIUSECASE: [CONFIG ] chxfeaturezsl.cpp:960 RequestThreadProcessing() Sending ZSL snapshot requestIdIndex:14, requestFrameIndex:14, frameNumber:14 for RDI frame:14, request:14 metadata:0x77b1bd3a00 count 196
2018-12-07 15:24:55.427 731-6950/? E/CHIUSECASE: [CONFIG ] chxfeaturezsl.cpp:858 RequestThreadProcessing() Waiting for RDI/Meta of zslInputFrameNumber 15, requestIdIndex: 15, requestFrameIndex: 15 for triggering snapshot request
2018-12-07 15:24:55.433 731-1767/? E/CamX: [ERROR][CPP    ] camxbpsnode.cpp:1689 GetFaceROI() Face ROI is not published
2018-12-07 15:24:55.436 731-1762/? W/CamX: [ WARN][STATS  ] camxafinterface.cpp:207 AFGetParam() Number of unsupported AF Param types 2
2018-12-07 15:24:55.443 6892-6970/com.jian.detectx.lahaina.debug I/Yolov5_Jian_JNI: [Profiling] Inference: 21 ms
2018-12-07 15:24:55.453 6892-6970/com.jian.detectx.lahaina.debug I/Yolov5_Jian_JNI: [Profiling] Proposal generation: 9 ms
2018-12-07 15:24:55.453 6892-6970/com.jian.detectx.lahaina.debug I/Yolov5_Jian_JNI: 0 proposals generated
2018-12-07 15:24:55.453 6892-6970/com.jian.detectx.lahaina.debug I/Yolov5_Jian_JNI: [Profiling] NMS: 0 ms
2018-12-07 15:24:55.453 6892-6970/com.jian.detectx.lahaina.debug D/Jian_JNI: detected objects : 0
2018-12-07 15:24:55.453 6892-6970/com.jian.detectx.lahaina.debug D/Jian_Java_MainActivity: detected object:0
2018-12-07 15:24:55.487 6892-6970/com.jian.detectx.lahaina.debug I/Yolov5_Jian_JNI: jiache >>> before preprocess2 >>> 
2018-12-07 15:24:55.495 731-1762/? E/CamX: [ERROR][STATS  ] camxstatscommon.cpp:646 ReadVendorTag() org.codeaurora.qcamera3.ADRC: disable tag not defined
2018-12-07 15:24:55.495 731-1764/? E/CamX: [ERROR][STATS_AWB] camxcawbmain.cpp:917: AWBProcess Invalid StatsDataPointer input!
2018-12-07 15:24:55.503 731-1766/? W/CHIUSECASE: [WARN   ] chxadvancedcamerausecase.cpp:1845 UpdateBufferReadyForRDIQueue() released framenumber :6,framenumber:15, buffer handle is used or released
2018-12-07 15:24:55.503 731-6950/? E/CHIUSECASE: [CONFIG ] chxfeaturezsl.cpp:960 RequestThreadProcessing() Sending ZSL snapshot requestIdIndex:15, requestFrameIndex:15, frameNumber:15 for RDI frame:15, request:15 metadata:0x77b0fef700 count 196
2018-12-07 15:24:55.503 731-6950/? E/CHIUSECASE: [CONFIG ] chxfeaturezsl.cpp:858 RequestThreadProcessing() Waiting for RDI/Meta of zslInputFrameNumber 16, requestIdIndex: 16, requestFrameIndex: 16 for triggering snapshot request
2018-12-07 15:24:55.506 6892-6970/com.jian.detectx.lahaina.debug I/Yolov5_Jian_JNI: jiache >>> after preprocess2 >>> 
2018-12-07 15:24:55.506 6892-6970/com.jian.detectx.lahaina.debug I/Yolov5_Jian_JNI: [Profiling] Pre-processing: 19 ms
2018-12-07 15:24:55.513 731-1762/? W/CamX: [ WARN][STATS  ] camxafinterface.cpp:207 AFGetParam() Number of unsupported AF Param types 2
2018-12-07 15:24:55.513 731-1764/? E/CamX: [ERROR][CPP    ] camxbpsnode.cpp:1689 GetFaceROI() Face ROI is not published
2018-12-07 15:24:55.528 6892-6970/com.jian.detectx.lahaina.debug I/Yolov5_Jian_JNI: [Profiling] Inference: 21 ms
2018-12-07 15:24:55.539 6892-6970/com.jian.detectx.lahaina.debug I/Yolov5_Jian_JNI: [Profiling] Proposal generation: 10 ms
2018-12-07 15:24:55.539 6892-6970/com.jian.detectx.lahaina.debug I/Yolov5_Jian_JNI: 0 proposals generated
2018-12-07 15:24:55.539 6892-6970/com.jian.detectx.lahaina.debug I/Yolov5_Jian_JNI: [Profiling] NMS: 0 ms
2018-12-07 15:24:55.539 6892-6970/com.jian.detectx.lahaina.debug D/Jian_JNI: detected objects : 0
2018-12-07 15:24:55.539 6892-6970/com.jian.detectx.lahaina.debug D/Jian_Java_MainActivity: detected object:0
2018-12-07 15:24:55.569 6892-6970/com.jian.detectx.lahaina.debug I/Yolov5_Jian_JNI: jiache >>> before preprocess2 >>> 
2018-12-07 15:24:55.576 731-1762/? E/CamX: [ERROR][STATS_AWB] camxcawbmain.cpp:917: AWBProcess Invalid StatsDataPointer input!
2018-12-07 15:24:55.576 731-1764/? E/CamX: [ERROR][STATS  ] camxstatscommon.cpp:646 ReadVendorTag() org.codeaurora.qcamera3.ADRC: disable tag not defined
2018-12-07 15:24:55.584 731-1762/? W/CHIUSECASE: [WARN   ] chxadvancedcamerausecase.cpp:1845 UpdateBufferReadyForRDIQueue() released framenumber :7,framenumber:16, buffer handle is used or released
2018-12-07 15:24:55.584 731-6950/? E/CHIUSECASE: [CONFIG ] chxfeaturezsl.cpp:960 RequestThreadProcessing() Sending ZSL snapshot requestIdIndex:16, requestFrameIndex:16, frameNumber:16 for RDI frame:16, request:16 metadata:0x77b0fef980 count 196
2018-12-07 15:24:55.584 731-6950/? E/CHIUSECASE: [CONFIG ] chxfeaturezsl.cpp:858 RequestThreadProcessing() Waiting for RDI/Meta of zslInputFrameNumber 17, requestIdIndex: 17, requestFrameIndex: 17 for triggering snapshot request
2018-12-07 15:24:55.588 6892-6970/com.jian.detectx.lahaina.debug I/Yolov5_Jian_JNI: jiache >>> after preprocess2 >>> 
2018-12-07 15:24:55.588 6892-6970/com.jian.detectx.lahaina.debug I/Yolov5_Jian_JNI: [Profiling] Pre-processing: 19 ms
2018-12-07 15:24:55.592 731-1764/? E/CamX: [ERROR][CPP    ] camxbpsnode.cpp:1689 GetFaceROI() Face ROI is not published
2018-12-07 15:24:55.595 731-1766/? W/CamX: [ WARN][STATS  ] camxafinterface.cpp:207 AFGetParam() Number of unsupported AF Param types 2
2018-12-07 15:24:55.610 6892-6970/com.jian.detectx.lahaina.debug I/Yolov5_Jian_JNI: [Profiling] Inference: 21 ms
2018-12-07 15:24:55.621 6892-6970/com.jian.detectx.lahaina.debug I/Yolov5_Jian_JNI: [Profiling] Proposal generation: 10 ms
2018-12-07 15:24:55.621 6892-6970/com.jian.detectx.lahaina.debug I/Yolov5_Jian_JNI: 0 proposals generated
2018-12-07 15:24:55.621 6892-6970/com.jian.detectx.lahaina.debug I/Yolov5_Jian_JNI: [Profiling] NMS: 0 ms
2018-12-07 15:24:55.621 6892-6970/com.jian.detectx.lahaina.debug D/Jian_JNI: detected objects : 0
2018-12-07 15:24:55.621 6892-6970/com.jian.detectx.lahaina.debug D/Jian_Java_MainActivity: detected object:0
2018-12-07 15:24:55.646 6892-6970/com.jian.detectx.lahaina.debug I/Yolov5_Jian_JNI: jiache >>> before preprocess2 >>> 
2018-12-07 15:24:55.656 731-1765/? E/CamX: [ERROR][STATS_AWB] camxcawbmain.cpp:917: AWBProcess Invalid StatsDataPointer input!
2018-12-07 15:24:55.656 731-1767/? E/CamX: [ERROR][STATS  ] camxstatscommon.cpp:646 ReadVendorTag() org.codeaurora.qcamera3.ADRC: disable tag not defined
2018-12-07 15:24:55.662 6892-6970/com.jian.detectx.lahaina.debug I/Yolov5_Jian_JNI: jiache >>> after preprocess2 >>> 
2018-12-07 15:24:55.662 6892-6970/com.jian.detectx.lahaina.debug I/Yolov5_Jian_JNI: [Profiling] Pre-processing: 15 ms
2018-12-07 15:24:55.663 731-1765/? W/CHIUSECASE: [WARN   ] chxadvancedcamerausecase.cpp:1845 UpdateBufferReadyForRDIQueue() released framenumber :8,framenumber:17, buffer handle is used or released
2018-12-07 15:24:55.664 731-6950/? E/CHIUSECASE: [CONFIG ] chxfeaturezsl.cpp:960 RequestThreadProcessing() Sending ZSL snapshot requestIdIndex:17, requestFrameIndex:17, frameNumber:17 for RDI frame:17, request:17 metadata:0x77b0fefc00 count 196
2018-12-07 15:24:55.664 731-6950/? E/CHIUSECASE: [CONFIG ] chxfeaturezsl.cpp:858 RequestThreadProcessing() Waiting for RDI/Meta of zslInputFrameNumber 18, requestIdIndex: 18, requestFrameIndex: 18 for triggering snapshot request
2018-12-07 15:24:55.673 731-1764/? E/CamX: [ERROR][CPP    ] camxbpsnode.cpp:1689 GetFaceROI() Face ROI is not published
2018-12-07 15:24:55.674 731-1767/? W/CamX: [ WARN][STATS  ] camxafinterface.cpp:207 AFGetParam() Number of unsupported AF Param types 2
2018-12-07 15:24:55.683 6892-6970/com.jian.detectx.lahaina.debug I/Yolov5_Jian_JNI: [Profiling] Inference: 21 ms
2018-12-07 15:24:55.693 6892-6970/com.jian.detectx.lahaina.debug I/Yolov5_Jian_JNI: [Profiling] Proposal generation: 9 ms
2018-12-07 15:24:55.693 6892-6970/com.jian.detectx.lahaina.debug I/Yolov5_Jian_JNI: 0 proposals generated
2018-12-07 15:24:55.693 6892-6970/com.jian.detectx.lahaina.debug I/Yolov5_Jian_JNI: [Profiling] NMS: 0 ms
2018-12-07 15:24:55.693 6892-6970/com.jian.detectx.lahaina.debug D/Jian_JNI: detected objects : 0
2018-12-07 15:24:55.693 6892-6970/com.jian.detectx.lahaina.debug D/Jian_Java_MainActivity: detected object:0
2018-12-07 15:24:55.729 6892-6970/com.jian.detectx.lahaina.debug I/Yolov5_Jian_JNI: jiache >>> before preprocess2 >>> 
2018-12-07 15:24:55.736 731-1762/? E/CamX: [ERROR][STATS_AWB] camxcawbmain.cpp:917: AWBProcess Invalid StatsDataPointer input!
2018-12-07 15:24:55.736 731-1766/? E/CamX: [ERROR][STATS  ] camxstatscommon.cpp:646 ReadVendorTag() org.codeaurora.qcamera3.ADRC: disable tag not defined
2018-12-07 15:24:55.744 731-1767/? W/CHIUSECASE: [WARN   ] chxadvancedcamerausecase.cpp:1845 UpdateBufferReadyForRDIQueue() released framenumber :9,framenumber:18, buffer handle is used or released
2018-12-07 15:24:55.744 731-6950/? E/CHIUSECASE: [CONFIG ] chxfeaturezsl.cpp:960 RequestThreadProcessing() Sending ZSL snapshot requestIdIndex:18, requestFrameIndex:18, frameNumber:18 for RDI frame:18, request:18 metadata:0x77b0fefe80 count 196
2018-12-07 15:24:55.744 731-6950/? E/CHIUSECASE: [CONFIG ] chxfeaturezsl.cpp:858 RequestThreadProcessing() Waiting for RDI/Meta of zslInputFrameNumber 19, requestIdIndex: 19, requestFrameIndex: 19 for triggering snapshot request
2018-12-07 15:24:55.748 6892-6970/com.jian.detectx.lahaina.debug I/Yolov5_Jian_JNI: jiache >>> after preprocess2 >>> 
2018-12-07 15:24:55.748 6892-6970/com.jian.detectx.lahaina.debug I/Yolov5_Jian_JNI: [Profiling] Pre-processing: 19 ms
2018-12-07 15:24:55.753 731-1765/? E/CamX: [ERROR][CPP    ] camxbpsnode.cpp:1689 GetFaceROI() Face ROI is not published
2018-12-07 15:24:55.756 731-1762/? W/CamX: [ WARN][STATS  ] camxafinterface.cpp:207 AFGetParam() Number of unsupported AF Param types 2
2018-12-07 15:24:55.770 6892-6970/com.jian.detectx.lahaina.debug I/Yolov5_Jian_JNI: [Profiling] Inference: 21 ms
2018-12-07 15:24:55.780 6892-6970/com.jian.detectx.lahaina.debug I/Yolov5_Jian_JNI: [Profiling] Proposal generation: 10 ms
2018-12-07 15:24:55.780 6892-6970/com.jian.detectx.lahaina.debug I/Yolov5_Jian_JNI: 0 proposals generated
2018-12-07 15:24:55.780 6892-6970/com.jian.detectx.lahaina.debug I/Yolov5_Jian_JNI: [Profiling] NMS: 0 ms
2018-12-07 15:24:55.780 6892-6970/com.jian.detectx.lahaina.debug D/Jian_JNI: detected objects : 0
2018-12-07 15:24:55.780 6892-6970/com.jian.detectx.lahaina.debug D/Jian_Java_MainActivity: detected object:0
2018-12-07 15:24:55.805 6892-6970/com.jian.detectx.lahaina.debug I/Yolov5_Jian_JNI: jiache >>> before preprocess2 >>> 
2018-12-07 15:24:55.816 731-1765/? E/CamX: [ERROR][STATS_AWB] camxcawbmain.cpp:917: AWBProcess Invalid StatsDataPointer input!
2018-12-07 15:24:55.817 731-1764/? E/CamX: [ERROR][STATS  ] camxstatscommon.cpp:646 ReadVendorTag() org.codeaurora.qcamera3.ADRC: disable tag not defined
2018-12-07 15:24:55.821 6892-6970/com.jian.detectx.lahaina.debug I/Yolov5_Jian_JNI: jiache >>> after preprocess2 >>> 
2018-12-07 15:24:55.821 6892-6970/com.jian.detectx.lahaina.debug I/Yolov5_Jian_JNI: [Profiling] Pre-processing: 15 ms
2018-12-07 15:24:55.825 731-1766/? W/CHIUSECASE: [WARN   ] chxadvancedcamerausecase.cpp:1845 UpdateBufferReadyForRDIQueue() released framenumber :10,framenumber:19, buffer handle is used or released
2018-12-07 15:24:55.825 731-6950/? E/CHIUSECASE: [CONFIG ] chxfeaturezsl.cpp:960 RequestThreadProcessing() Sending ZSL snapshot requestIdIndex:19, requestFrameIndex:19, frameNumber:19 for RDI frame:19, request:19 metadata:0x77b0ff0100 count 196
2018-12-07 15:24:55.826 731-6950/? E/CHIUSECASE: [CONFIG ] chxfeaturezsl.cpp:858 RequestThreadProcessing() Waiting for RDI/Meta of zslInputFrameNumber 20, requestIdIndex: 20, requestFrameIndex: 20 for triggering snapshot request
2018-12-07 15:24:55.834 731-1766/? E/CamX: [ERROR][CPP    ] camxbpsnode.cpp:1689 GetFaceROI() Face ROI is not published
2018-12-07 15:24:55.835 731-1767/? W/CamX: [ WARN][STATS  ] camxafinterface.cpp:207 AFGetParam() Number of unsupported AF Param types 2
2018-12-07 15:24:55.843 6892-6970/com.jian.detectx.lahaina.debug I/Yolov5_Jian_JNI: [Profiling] Inference: 21 ms
2018-12-07 15:24:55.853 6892-6970/com.jian.detectx.lahaina.debug I/Yolov5_Jian_JNI: [Profiling] Proposal generation: 9 ms
2018-12-07 15:24:55.853 6892-6970/com.jian.detectx.lahaina.debug I/Yolov5_Jian_JNI: 0 proposals generated
2018-12-07 15:24:55.853 6892-6970/com.jian.detectx.lahaina.debug I/Yolov5_Jian_JNI: [Profiling] NMS: 0 ms
2018-12-07 15:24:55.853 6892-6970/com.jian.detectx.lahaina.debug D/Jian_JNI: detected objects : 0
2018-12-07 15:24:55.853 6892-6970/com.jian.detectx.lahaina.debug D/Jian_Java_MainActivity: detected object:0
2018-12-07 15:24:55.888 6892-6970/com.jian.detectx.lahaina.debug I/Yolov5_Jian_JNI: jiache >>> before preprocess2 >>> 
2018-12-07 15:24:55.896 731-1762/? E/CamX: [ERROR][STATS_AWB] camxcawbmain.cpp:917: AWBProcess Invalid StatsDataPointer input!
2018-12-07 15:24:55.896 731-1765/? E/CamX: [ERROR][STATS  ] camxstatscommon.cpp:646 ReadVendorTag() org.codeaurora.qcamera3.ADRC: disable tag not defined
2018-12-07 15:24:55.905 731-1764/? W/CHIUSECASE: [WARN   ] chxadvancedcamerausecase.cpp:1845 UpdateBufferReadyForRDIQueue() released framenumber :11,framenumber:20, buffer handle is used or released
2018-12-07 15:24:55.906 731-6950/? E/CHIUSECASE: [CONFIG ] chxfeaturezsl.cpp:960 RequestThreadProcessing() Sending ZSL snapshot requestIdIndex:20, requestFrameIndex:20, frameNumber:20 for RDI frame:20, request:20 metadata:0x77b0ff0380 count 196
2018-12-07 15:24:55.906 731-6950/? E/CHIUSECASE: [CONFIG ] chxfeaturezsl.cpp:858 RequestThreadProcessing() Waiting for RDI/Meta of zslInputFrameNumber 21, requestIdIndex: 21, requestFrameIndex: 21 for triggering snapshot request
2018-12-07 15:24:55.906 6892-6970/com.jian.detectx.lahaina.debug I/Yolov5_Jian_JNI: jiache >>> after preprocess2 >>> 
2018-12-07 15:24:55.906 6892-6970/com.jian.detectx.lahaina.debug I/Yolov5_Jian_JNI: [Profiling] Pre-processing: 18 ms
2018-12-07 15:24:55.914 731-1762/? E/CamX: [ERROR][CPP    ] camxbpsnode.cpp:1689 GetFaceROI() Face ROI is not published
2018-12-07 15:24:55.916 731-1767/? W/CamX: [ WARN][STATS  ] camxafinterface.cpp:207 AFGetParam() Number of unsupported AF Param types 2
2018-12-07 15:24:55.928 6892-6970/com.jian.detectx.lahaina.debug I/Yolov5_Jian_JNI: [Profiling] Inference: 21 ms
2018-12-07 15:24:55.939 6892-6970/com.jian.detectx.lahaina.debug I/Yolov5_Jian_JNI: [Profiling] Proposal generation: 10 ms
2018-12-07 15:24:55.939 6892-6970/com.jian.detectx.lahaina.debug I/Yolov5_Jian_JNI: 0 proposals generated
2018-12-07 15:24:55.939 6892-6970/com.jian.detectx.lahaina.debug I/Yolov5_Jian_JNI: [Profiling] NMS: 0 ms
2018-12-07 15:24:55.939 6892-6970/com.jian.detectx.lahaina.debug D/Jian_JNI: detected objects : 0
2018-12-07 15:24:55.939 6892-6970/com.jian.detectx.lahaina.debug D/Jian_Java_MainActivity: detected object:0
2018-12-07 15:24:55.970 6892-6970/com.jian.detectx.lahaina.debug I/Yolov5_Jian_JNI: jiache >>> before preprocess2 >>> 
2018-12-07 15:24:55.975 731-1766/? E/CamX: [ERROR][STATS_AWB] camxcawbmain.cpp:917: AWBProcess Invalid StatsDataPointer input!
2018-12-07 15:24:55.977 731-1767/? E/CamX: [ERROR][STATS  ] camxstatscommon.cpp:646 ReadVendorTag() org.codeaurora.qcamera3.ADRC: disable tag not defined
2018-12-07 15:24:55.983 731-1765/? W/CHIUSECASE: [WARN   ] chxadvancedcamerausecase.cpp:1845 UpdateBufferReadyForRDIQueue() released framenumber :12,framenumber:21, buffer handle is used or released
2018-12-07 15:24:55.983 731-6950/? E/CHIUSECASE: [CONFIG ] chxfeaturezsl.cpp:960 RequestThreadProcessing() Sending ZSL snapshot requestIdIndex:21, requestFrameIndex:21, frameNumber:21 for RDI frame:21, request:21 metadata:0x77b0ff0600 count 196
2018-12-07 15:24:55.984 731-6950/? E/CHIUSECASE: [CONFIG ] chxfeaturezsl.cpp:858 RequestThreadProcessing() Waiting for RDI/Meta of zslInputFrameNumber 22, requestIdIndex: 22, requestFrameIndex: 22 for triggering snapshot request
2018-12-07 15:24:55.988 6892-6970/com.jian.detectx.lahaina.debug I/Yolov5_Jian_JNI: jiache >>> after preprocess2 >>> 
2018-12-07 15:24:55.989 6892-6970/com.jian.detectx.lahaina.debug I/Yolov5_Jian_JNI: [Profiling] Pre-processing: 18 ms
2018-12-07 15:24:55.990 731-1764/? E/CamX: [ERROR][CPP    ] camxbpsnode.cpp:1689 GetFaceROI() Face ROI is not published
2018-12-07 15:24:55.997 731-1764/? W/CamX: [ WARN][STATS  ] camxafinterface.cpp:207 AFGetParam() Number of unsupported AF Param types 2
2018-12-07 15:24:56.010 6892-6970/com.jian.detectx.lahaina.debug I/Yolov5_Jian_JNI: [Profiling] Inference: 21 ms
2018-12-07 15:24:56.021 6892-6970/com.jian.detectx.lahaina.debug I/Yolov5_Jian_JNI: [Profiling] Proposal generation: 10 ms
2018-12-07 15:24:56.021 6892-6970/com.jian.detectx.lahaina.debug I/Yolov5_Jian_JNI: 0 proposals generated
2018-12-07 15:24:56.021 6892-6970/com.jian.detectx.lahaina.debug I/Yolov5_Jian_JNI: [Profiling] NMS: 0 ms
2018-12-07 15:24:56.021 6892-6970/com.jian.detectx.lahaina.debug D/Jian_JNI: detected objects : 0
2018-12-07 15:24:56.021 6892-6970/com.jian.detectx.lahaina.debug D/Jian_Java_MainActivity: detected object:0
2018-12-07 15:24:56.043 6892-6970/com.jian.detectx.lahaina.debug I/Yolov5_Jian_JNI: jiache >>> before preprocess2 >>> 
2018-12-07 15:24:56.055 731-1766/? E/CamX: [ERROR][STATS_AWB] camxcawbmain.cpp:917: AWBProcess Invalid StatsDataPointer input!
2018-12-07 15:24:56.056 731-1766/? E/CamX: [ERROR][STATS  ] camxstatscommon.cpp:646 ReadVendorTag() org.codeaurora.qcamera3.ADRC: disable tag not defined
2018-12-07 15:24:56.058 6892-6970/com.jian.detectx.lahaina.debug I/Yolov5_Jian_JNI: jiache >>> after preprocess2 >>> 
2018-12-07 15:24:56.058 6892-6970/com.jian.detectx.lahaina.debug I/Yolov5_Jian_JNI: [Profiling] Pre-processing: 15 ms
2018-12-07 15:24:56.064 731-1765/? W/CHIUSECASE: [WARN   ] chxadvancedcamerausecase.cpp:1845 UpdateBufferReadyForRDIQueue() released framenumber :13,framenumber:22, buffer handle is used or released
2018-12-07 15:24:56.064 731-6950/? E/CHIUSECASE: [CONFIG ] chxfeaturezsl.cpp:960 RequestThreadProcessing() Sending ZSL snapshot requestIdIndex:22, requestFrameIndex:22, frameNumber:22 for RDI frame:22, request:22 metadata:0x77b0ff0880 count 196
2018-12-07 15:24:56.064 731-6950/? E/CHIUSECASE: [CONFIG ] chxfeaturezsl.cpp:858 RequestThreadProcessing() Waiting for RDI/Meta of zslInputFrameNumber 23, requestIdIndex: 23, requestFrameIndex: 23 for triggering snapshot request
2018-12-07 15:24:56.072 731-1762/? E/CamX: [ERROR][CPP    ] camxbpsnode.cpp:1689 GetFaceROI() Face ROI is not published
2018-12-07 15:24:56.074 731-1767/? W/CamX: [ WARN][STATS  ] camxafinterface.cpp:207 AFGetParam() Number of unsupported AF Param types 2
2018-12-07 15:24:56.080 6892-6970/com.jian.detectx.lahaina.debug I/Yolov5_Jian_JNI: [Profiling] Inference: 21 ms
2018-12-07 15:24:56.099 6892-6970/com.jian.detectx.lahaina.debug I/Yolov5_Jian_JNI: [Profiling] Proposal generation: 18 ms
2018-12-07 15:24:56.099 6892-6970/com.jian.detectx.lahaina.debug I/Yolov5_Jian_JNI: 0 proposals generated
2018-12-07 15:24:56.099 6892-6970/com.jian.detectx.lahaina.debug I/Yolov5_Jian_JNI: [Profiling] NMS: 0 ms
2018-12-07 15:24:56.099 6892-6970/com.jian.detectx.lahaina.debug D/Jian_JNI: detected objects : 0
2018-12-07 15:24:56.099 6892-6970/com.jian.detectx.lahaina.debug D/Jian_Java_MainActivity: detected object:0
2018-12-07 15:24:56.126 6892-6970/com.jian.detectx.lahaina.debug I/Yolov5_Jian_JNI: jiache >>> before preprocess2 >>> 
2018-12-07 15:24:56.138 731-1762/? E/CamX: [ERROR][STATS_AWB] camxcawbmain.cpp:917: AWBProcess Invalid StatsDataPointer input!
2018-12-07 15:24:56.138 731-1766/? E/CamX: [ERROR][STATS  ] camxstatscommon.cpp:646 ReadVendorTag() org.codeaurora.qcamera3.ADRC: disable tag not defined
2018-12-07 15:24:56.142 6892-6970/com.jian.detectx.lahaina.debug I/Yolov5_Jian_JNI: jiache >>> after preprocess2 >>> 
2018-12-07 15:24:56.142 6892-6970/com.jian.detectx.lahaina.debug I/Yolov5_Jian_JNI: [Profiling] Pre-processing: 15 ms
2018-12-07 15:24:56.147 731-1762/? W/CHIUSECASE: [WARN   ] chxadvancedcamerausecase.cpp:1845 UpdateBufferReadyForRDIQueue() released framenumber :14,framenumber:23, buffer handle is used or released
2018-12-07 15:24:56.148 731-6950/? E/CHIUSECASE: [CONFIG ] chxfeaturezsl.cpp:960 RequestThreadProcessing() Sending ZSL snapshot requestIdIndex:23, requestFrameIndex:23, frameNumber:23 for RDI frame:23, request:23 metadata:0x77b0ff0b00 count 196
2018-12-07 15:24:56.148 731-6950/? E/CHIUSECASE: [CONFIG ] chxfeaturezsl.cpp:858 RequestThreadProcessing() Waiting for RDI/Meta of zslInputFrameNumber 24, requestIdIndex: 24, requestFrameIndex: 24 for triggering snapshot request
2018-12-07 15:24:56.157 731-1767/? E/CamX: [ERROR][CPP    ] camxbpsnode.cpp:1689 GetFaceROI() Face ROI is not published
2018-12-07 15:24:56.157 731-1765/? W/CamX: [ WARN][STATS  ] camxafinterface.cpp:207 AFGetParam() Number of unsupported AF Param types 2
2018-12-07 15:24:56.164 6892-6970/com.jian.detectx.lahaina.debug I/Yolov5_Jian_JNI: [Profiling] Inference: 21 ms
2018-12-07 15:24:56.174 6892-6970/com.jian.detectx.lahaina.debug I/Yolov5_Jian_JNI: [Profiling] Proposal generation: 9 ms
2018-12-07 15:24:56.174 6892-6970/com.jian.detectx.lahaina.debug I/Yolov5_Jian_JNI: 0 proposals generated
2018-12-07 15:24:56.174 6892-6970/com.jian.detectx.lahaina.debug I/Yolov5_Jian_JNI: [Profiling] NMS: 0 ms
2018-12-07 15:24:56.174 6892-6970/com.jian.detectx.lahaina.debug D/Jian_JNI: detected objects : 0
2018-12-07 15:24:56.174 6892-6970/com.jian.detectx.lahaina.debug D/Jian_Java_MainActivity: detected object:0
2018-12-07 15:24:56.211 6892-6970/com.jian.detectx.lahaina.debug I/Yolov5_Jian_JNI: jiache >>> before preprocess2 >>> 
2018-12-07 15:24:56.216 731-1765/? E/CamX: [ERROR][STATS_AWB] camxcawbmain.cpp:917: AWBProcess Invalid StatsDataPointer input!
2018-12-07 15:24:56.216 731-1764/? E/CamX: [ERROR][STATS  ] camxstatscommon.cpp:646 ReadVendorTag() org.codeaurora.qcamera3.ADRC: disable tag not defined
2018-12-07 15:24:56.224 731-1766/? W/CHIUSECASE: [WARN   ] chxadvancedcamerausecase.cpp:1845 UpdateBufferReadyForRDIQueue() released framenumber :15,framenumber:24, buffer handle is used or released
2018-12-07 15:24:56.224 731-6950/? E/CHIUSECASE: [CONFIG ] chxfeaturezsl.cpp:960 RequestThreadProcessing() Sending ZSL snapshot requestIdIndex:24, requestFrameIndex:24, frameNumber:24 for RDI frame:24, request:24 metadata:0x77b0ff0d80 count 196
2018-12-07 15:24:56.224 731-6950/? E/CHIUSECASE: [CONFIG ] chxfeaturezsl.cpp:858 RequestThreadProcessing() Waiting for RDI/Meta of zslInputFrameNumber 25, requestIdIndex: 25, requestFrameIndex: 25 for triggering snapshot request
2018-12-07 15:24:56.229 6892-6970/com.jian.detectx.lahaina.debug I/Yolov5_Jian_JNI: jiache >>> after preprocess2 >>> 
2018-12-07 15:24:56.229 6892-6970/com.jian.detectx.lahaina.debug I/Yolov5_Jian_JNI: [Profiling] Pre-processing: 18 ms
2018-12-07 15:24:56.233 731-1767/? E/CamX: [ERROR][CPP    ] camxbpsnode.cpp:1689 GetFaceROI() Face ROI is not published
2018-12-07 15:24:56.237 731-1764/? W/CamX: [ WARN][STATS  ] camxafinterface.cpp:207 AFGetParam() Number of unsupported AF Param types 2
2018-12-07 15:24:56.251 6892-6970/com.jian.detectx.lahaina.debug I/Yolov5_Jian_JNI: [Profiling] Inference: 21 ms
2018-12-07 15:24:56.261 6892-6970/com.jian.detectx.lahaina.debug I/Yolov5_Jian_JNI: [Profiling] Proposal generation: 10 ms
2018-12-07 15:24:56.261 6892-6970/com.jian.detectx.lahaina.debug I/Yolov5_Jian_JNI: 0 proposals generated
2018-12-07 15:24:56.261 6892-6970/com.jian.detectx.lahaina.debug I/Yolov5_Jian_JNI: [Profiling] NMS: 0 ms
2018-12-07 15:24:56.261 6892-6970/com.jian.detectx.lahaina.debug D/Jian_JNI: detected objects : 0
2018-12-07 15:24:56.262 6892-6970/com.jian.detectx.lahaina.debug D/Jian_Java_MainActivity: detected object:0
2018-12-07 15:24:56.288 6892-6970/com.jian.detectx.lahaina.debug I/Yolov5_Jian_JNI: jiache >>> before preprocess2 >>> 
2018-12-07 15:24:56.296 731-1764/? E/CamX: [ERROR][STATS_AWB] camxcawbmain.cpp:917: AWBProcess Invalid StatsDataPointer input!
2018-12-07 15:24:56.296 731-1765/? E/CamX: [ERROR][STATS  ] camxstatscommon.cpp:646 ReadVendorTag() org.codeaurora.qcamera3.ADRC: disable tag not defined
2018-12-07 15:24:56.303 6892-6970/com.jian.detectx.lahaina.debug I/Yolov5_Jian_JNI: jiache >>> after preprocess2 >>> 
2018-12-07 15:24:56.303 6892-6970/com.jian.detectx.lahaina.debug I/Yolov5_Jian_JNI: [Profiling] Pre-processing: 15 ms
2018-12-07 15:24:56.304 731-1764/? W/CHIUSECASE: [WARN   ] chxadvancedcamerausecase.cpp:1845 UpdateBufferReadyForRDIQueue() released framenumber :16,framenumber:25, buffer handle is used or released
2018-12-07 15:24:56.304 731-6950/? E/CHIUSECASE: [CONFIG ] chxfeaturezsl.cpp:960 RequestThreadProcessing() Sending ZSL snapshot requestIdIndex:25, requestFrameIndex:25, frameNumber:25 for RDI frame:25, request:25 metadata:0x77b1bd3000 count 196
2018-12-07 15:24:56.304 731-6950/? E/CHIUSECASE: [CONFIG ] chxfeaturezsl.cpp:858 RequestThreadProcessing() Waiting for RDI/Meta of zslInputFrameNumber 26, requestIdIndex: 26, requestFrameIndex: 26 for triggering snapshot request
2018-12-07 15:24:56.314 731-1765/? E/CamX: [ERROR][CPP    ] camxbpsnode.cpp:1689 GetFaceROI() Face ROI is not published
2018-12-07 15:24:56.314 731-1767/? W/CamX: [ WARN][STATS  ] camxafinterface.cpp:207 AFGetParam() Number of unsupported AF Param types 2
2018-12-07 15:24:56.325 6892-6970/com.jian.detectx.lahaina.debug I/Yolov5_Jian_JNI: [Profiling] Inference: 21 ms
2018-12-07 15:24:56.335 6892-6970/com.jian.detectx.lahaina.debug I/Yolov5_Jian_JNI: [Profiling] Proposal generation: 9 ms
2018-12-07 15:24:56.335 6892-6970/com.jian.detectx.lahaina.debug I/Yolov5_Jian_JNI: 0 proposals generated
2018-12-07 15:24:56.335 6892-6970/com.jian.detectx.lahaina.debug I/Yolov5_Jian_JNI: [Profiling] NMS: 0 ms
2018-12-07 15:24:56.335 6892-6970/com.jian.detectx.lahaina.debug D/Jian_JNI: detected objects : 0
2018-12-07 15:24:56.335 6892-6970/com.jian.detectx.lahaina.debug D/Jian_Java_MainActivity: detected object:0
2018-12-07 15:24:56.368 6892-6970/com.jian.detectx.lahaina.debug I/Yolov5_Jian_JNI: jiache >>> before preprocess2 >>> 
2018-12-07 15:24:56.376 731-1765/? E/CamX: [ERROR][STATS_AWB] camxcawbmain.cpp:917: AWBProcess Invalid StatsDataPointer input!
2018-12-07 15:24:56.377 731-1762/? E/CamX: [ERROR][STATS  ] camxstatscommon.cpp:646 ReadVendorTag() org.codeaurora.qcamera3.ADRC: disable tag not defined
2018-12-07 15:24:56.385 731-1764/? W/CHIUSECASE: [WARN   ] chxadvancedcamerausecase.cpp:1845 UpdateBufferReadyForRDIQueue() released framenumber :17,framenumber:26, buffer handle is used or released
2018-12-07 15:24:56.385 731-6950/? E/CHIUSECASE: [CONFIG ] chxfeaturezsl.cpp:960 RequestThreadProcessing() Sending ZSL snapshot requestIdIndex:26, requestFrameIndex:26, frameNumber:26 for RDI frame:26, request:26 metadata:0x77b1bd3280 count 196
2018-12-07 15:24:56.385 731-6950/? E/CHIUSECASE: [CONFIG ] chxfeaturezsl.cpp:858 RequestThreadProcessing() Waiting for RDI/Meta of zslInputFrameNumber 27, requestIdIndex: 27, requestFrameIndex: 27 for triggering snapshot request
2018-12-07 15:24:56.386 6892-6970/com.jian.detectx.lahaina.debug I/Yolov5_Jian_JNI: jiache >>> after preprocess2 >>> 
2018-12-07 15:24:56.386 6892-6970/com.jian.detectx.lahaina.debug I/Yolov5_Jian_JNI: [Profiling] Pre-processing: 17 ms
2018-12-07 15:24:56.392 731-1765/? E/CamX: [ERROR][CPP    ] camxbpsnode.cpp:1689 GetFaceROI() Face ROI is not published
2018-12-07 15:24:56.400 731-1764/? W/CamX: [ WARN][STATS  ] camxafinterface.cpp:207 AFGetParam() Number of unsupported AF Param types 2
2018-12-07 15:24:56.407 6892-6970/com.jian.detectx.lahaina.debug I/Yolov5_Jian_JNI: [Profiling] Inference: 21 ms
2018-12-07 15:24:56.418 6892-6970/com.jian.detectx.lahaina.debug I/Yolov5_Jian_JNI: [Profiling] Proposal generation: 10 ms
2018-12-07 15:24:56.418 6892-6970/com.jian.detectx.lahaina.debug I/Yolov5_Jian_JNI: 0 proposals generated
2018-12-07 15:24:56.418 6892-6970/com.jian.detectx.lahaina.debug I/Yolov5_Jian_JNI: [Profiling] NMS: 0 ms
2018-12-07 15:24:56.418 6892-6970/com.jian.detectx.lahaina.debug D/Jian_JNI: detected objects : 0
2018-12-07 15:24:56.418 6892-6970/com.jian.detectx.lahaina.debug D/Jian_Java_MainActivity: detected object:0
2018-12-07 15:24:56.446 6892-6970/com.jian.detectx.lahaina.debug I/Yolov5_Jian_JNI: jiache >>> before preprocess2 >>> 
2018-12-07 15:24:56.456 731-1767/? E/CamX: [ERROR][STATS_AWB] camxcawbmain.cpp:917: AWBProcess Invalid StatsDataPointer input!
2018-12-07 15:24:56.457 731-1766/? E/CamX: [ERROR][STATS  ] camxstatscommon.cpp:646 ReadVendorTag() org.codeaurora.qcamera3.ADRC: disable tag not defined
2018-12-07 15:24:56.464 731-1766/? W/CHIUSECASE: [WARN   ] chxadvancedcamerausecase.cpp:1845 UpdateBufferReadyForRDIQueue() released framenumber :18,framenumber:27, buffer handle is used or released
2018-12-07 15:24:56.465 6892-6970/com.jian.detectx.lahaina.debug I/Yolov5_Jian_JNI: jiache >>> after preprocess2 >>> 
2018-12-07 15:24:56.465 6892-6970/com.jian.detectx.lahaina.debug I/Yolov5_Jian_JNI: [Profiling] Pre-processing: 18 ms
2018-12-07 15:24:56.465 731-6950/? E/CHIUSECASE: [CONFIG ] chxfeaturezsl.cpp:960 RequestThreadProcessing() Sending ZSL snapshot requestIdIndex:27, requestFrameIndex:27, frameNumber:27 for RDI frame:27, request:27 metadata:0x77b1bd3500 count 196
2018-12-07 15:24:56.465 731-6950/? E/CHIUSECASE: [CONFIG ] chxfeaturezsl.cpp:858 RequestThreadProcessing() Waiting for RDI/Meta of zslInputFrameNumber 28, requestIdIndex: 28, requestFrameIndex: 28 for triggering snapshot request
2018-12-07 15:24:56.473 731-1766/? E/CamX: [ERROR][CPP    ] camxbpsnode.cpp:1689 GetFaceROI() Face ROI is not published
2018-12-07 15:24:56.475 731-1765/? W/CamX: [ WARN][STATS  ] camxafinterface.cpp:207 AFGetParam() Number of unsupported AF Param types 2
2018-12-07 15:24:56.486 6892-6970/com.jian.detectx.lahaina.debug I/Yolov5_Jian_JNI: [Profiling] Inference: 21 ms
2018-12-07 15:24:56.497 6892-6970/com.jian.detectx.lahaina.debug I/Yolov5_Jian_JNI: [Profiling] Proposal generation: 10 ms
2018-12-07 15:24:56.497 6892-6970/com.jian.detectx.lahaina.debug I/Yolov5_Jian_JNI: 0 proposals generated
2018-12-07 15:24:56.497 6892-6970/com.jian.detectx.lahaina.debug I/Yolov5_Jian_JNI: [Profiling] NMS: 0 ms
2018-12-07 15:24:56.497 6892-6970/com.jian.detectx.lahaina.debug D/Jian_JNI: detected objects : 0
2018-12-07 15:24:56.497 6892-6970/com.jian.detectx.lahaina.debug D/Jian_Java_MainActivity: detected object:0
2018-12-07 15:24:56.528 6892-6970/com.jian.detectx.lahaina.debug I/Yolov5_Jian_JNI: jiache >>> before preprocess2 >>> 
2018-12-07 15:24:56.537 731-1764/? E/CamX: [ERROR][STATS_AWB] camxcawbmain.cpp:917: AWBProcess Invalid StatsDataPointer input!
2018-12-07 15:24:56.537 731-1767/? E/CamX: [ERROR][STATS  ] camxstatscommon.cpp:646 ReadVendorTag() org.codeaurora.qcamera3.ADRC: disable tag not defined
2018-12-07 15:24:56.545 731-1765/? W/CHIUSECASE: [WARN   ] chxadvancedcamerausecase.cpp:1845 UpdateBufferReadyForRDIQueue() released framenumber :19,framenumber:28, buffer handle is used or released
2018-12-07 15:24:56.546 731-6950/? E/CHIUSECASE: [CONFIG ] chxfeaturezsl.cpp:960 RequestThreadProcessing() Sending ZSL snapshot requestIdIndex:28, requestFrameIndex:28, frameNumber:28 for RDI frame:28, request:28 metadata:0x77b1bd3780 count 196
2018-12-07 15:24:56.546 731-6950/? E/CHIUSECASE: [CONFIG ] chxfeaturezsl.cpp:858 RequestThreadProcessing() Waiting for RDI/Meta of zslInputFrameNumber 29, requestIdIndex: 29, requestFrameIndex: 29 for triggering snapshot request
2018-12-07 15:24:56.547 6892-6970/com.jian.detectx.lahaina.debug I/Yolov5_Jian_JNI: jiache >>> after preprocess2 >>> 
2018-12-07 15:24:56.547 6892-6970/com.jian.detectx.lahaina.debug I/Yolov5_Jian_JNI: [Profiling] Pre-processing: 19 ms
2018-12-07 15:24:56.555 731-1762/? W/CamX: [ WARN][STATS  ] camxafinterface.cpp:207 AFGetParam() Number of unsupported AF Param types 2
2018-12-07 15:24:56.555 731-1764/? E/CamX: [ERROR][CPP    ] camxbpsnode.cpp:1689 GetFaceROI() Face ROI is not published
2018-12-07 15:24:56.570 6892-6970/com.jian.detectx.lahaina.debug I/Yolov5_Jian_JNI: [Profiling] Inference: 22 ms
2018-12-07 15:24:56.580 6892-6970/com.jian.detectx.lahaina.debug I/Yolov5_Jian_JNI: [Profiling] Proposal generation: 10 ms
2018-12-07 15:24:56.580 6892-6970/com.jian.detectx.lahaina.debug I/Yolov5_Jian_JNI: 0 proposals generated
2018-12-07 15:24:56.580 6892-6970/com.jian.detectx.lahaina.debug I/Yolov5_Jian_JNI: [Profiling] NMS: 0 ms
2018-12-07 15:24:56.580 6892-6970/com.jian.detectx.lahaina.debug D/Jian_JNI: detected objects : 0
2018-12-07 15:24:56.580 6892-6970/com.jian.detectx.lahaina.debug D/Jian_Java_MainActivity: detected object:0
2018-12-07 15:24:56.610 6892-6970/com.jian.detectx.lahaina.debug I/Yolov5_Jian_JNI: jiache >>> before preprocess2 >>> 
2018-12-07 15:24:56.617 731-1766/? E/CamX: [ERROR][STATS_AWB] camxcawbmain.cpp:917: AWBProcess Invalid StatsDataPointer input!
2018-12-07 15:24:56.617 731-1765/? E/CamX: [ERROR][STATS  ] camxstatscommon.cpp:646 ReadVendorTag() org.codeaurora.qcamera3.ADRC: disable tag not defined
2018-12-07 15:24:56.617 6978-6978/? A/linker: CANNOT LINK EXECUTABLE "/vendor/bin/hw/vendor.qti.hardware.scve.objecttracker@1.0-service": library "libscveCommon.so" not found
2018-12-07 15:24:56.618 6979-6979/? A/linker: CANNOT LINK EXECUTABLE "/vendor/bin/hw/vendor.qti.hardware.scve.panorama@1.0-service": library "libscveCommon.so" not found
2018-12-07 15:24:56.629 731-1764/? W/CHIUSECASE: [WARN   ] chxadvancedcamerausecase.cpp:1845 UpdateBufferReadyForRDIQueue() released framenumber :20,framenumber:29, buffer handle is used or released
2018-12-07 15:24:56.629 6892-6970/com.jian.detectx.lahaina.debug I/Yolov5_Jian_JNI: jiache >>> after preprocess2 >>> 
2018-12-07 15:24:56.629 6892-6970/com.jian.detectx.lahaina.debug I/Yolov5_Jian_JNI: [Profiling] Pre-processing: 18 ms
2018-12-07 15:24:56.629 731-6950/? E/CHIUSECASE: [CONFIG ] chxfeaturezsl.cpp:960 RequestThreadProcessing() Sending ZSL snapshot requestIdIndex:29, requestFrameIndex:29, frameNumber:29 for RDI frame:29, request:29 metadata:0x77b1bd3a00 count 196
2018-12-07 15:24:56.629 731-6950/? E/CHIUSECASE: [CONFIG ] chxfeaturezsl.cpp:858 RequestThreadProcessing() Waiting for RDI/Meta of zslInputFrameNumber 30, requestIdIndex: 30, requestFrameIndex: 30 for triggering snapshot request
2018-12-07 15:24:56.637 731-1762/? E/CamX: [ERROR][CPP    ] camxbpsnode.cpp:1689 GetFaceROI() Face ROI is not published
2018-12-07 15:24:56.638 731-1764/? W/CamX: [ WARN][STATS  ] camxafinterface.cpp:207 AFGetParam() Number of unsupported AF Param types 2
2018-12-07 15:24:56.651 6892-6970/com.jian.detectx.lahaina.debug I/Yolov5_Jian_JNI: [Profiling] Inference: 21 ms
2018-12-07 15:24:56.662 6892-6970/com.jian.detectx.lahaina.debug I/Yolov5_Jian_JNI: [Profiling] Proposal generation: 10 ms
2018-12-07 15:24:56.662 6892-6970/com.jian.detectx.lahaina.debug I/Yolov5_Jian_JNI: 0 proposals generated
2018-12-07 15:24:56.662 6892-6970/com.jian.detectx.lahaina.debug I/Yolov5_Jian_JNI: [Profiling] NMS: 0 ms
2018-12-07 15:24:56.662 6892-6970/com.jian.detectx.lahaina.debug D/Jian_JNI: detected objects : 0
2018-12-07 15:24:56.662 6892-6970/com.jian.detectx.lahaina.debug D/Jian_Java_MainActivity: detected object:0
2018-12-07 15:24:56.693 6892-6970/com.jian.detectx.lahaina.debug I/Yolov5_Jian_JNI: jiache >>> before preprocess2 >>> 
2018-12-07 15:24:56.697 731-1765/? E/CamX: [ERROR][STATS_AWB] camxcawbmain.cpp:917: AWBProcess Invalid StatsDataPointer input!
2018-12-07 15:24:56.697 731-1767/? E/CamX: [ERROR][STATS  ] camxstatscommon.cpp:646 ReadVendorTag() org.codeaurora.qcamera3.ADRC: disable tag not defined
2018-12-07 15:24:56.707 731-1765/? W/CHIUSECASE: [WARN   ] chxadvancedcamerausecase.cpp:1845 UpdateBufferReadyForRDIQueue() released framenumber :21,framenumber:30, buffer handle is used or released
2018-12-07 15:24:56.707 731-6950/? E/CHIUSECASE: [CONFIG ] chxfeaturezsl.cpp:960 RequestThreadProcessing() Sending ZSL snapshot requestIdIndex:30, requestFrameIndex:30, frameNumber:30 for RDI frame:30, request:30 metadata:0x77b0fef700 count 196
2018-12-07 15:24:56.707 731-6950/? E/CHIUSECASE: [CONFIG ] chxfeaturezsl.cpp:858 RequestThreadProcessing() Waiting for RDI/Meta of zslInputFrameNumber 31, requestIdIndex: 31, requestFrameIndex: 31 for triggering snapshot request
2018-12-07 15:24:56.712 6892-6970/com.jian.detectx.lahaina.debug I/Yolov5_Jian_JNI: jiache >>> after preprocess2 >>> 
2018-12-07 15:24:56.712 6892-6970/com.jian.detectx.lahaina.debug I/Yolov5_Jian_JNI: [Profiling] Pre-processing: 18 ms
2018-12-07 15:24:56.717 731-1766/? E/CamX: [ERROR][CPP    ] camxbpsnode.cpp:1689 GetFaceROI() Face ROI is not published
2018-12-07 15:24:56.717 731-1764/? W/CamX: [ WARN][STATS  ] camxafinterface.cpp:207 AFGetParam() Number of unsupported AF Param types 2
2018-12-07 15:24:56.733 6892-6970/com.jian.detectx.lahaina.debug I/Yolov5_Jian_JNI: [Profiling] Inference: 21 ms
2018-12-07 15:24:56.744 6892-6970/com.jian.detectx.lahaina.debug I/Yolov5_Jian_JNI: [Profiling] Proposal generation: 10 ms
2018-12-07 15:24:56.744 6892-6970/com.jian.detectx.lahaina.debug I/Yolov5_Jian_JNI: 0 proposals generated
2018-12-07 15:24:56.744 6892-6970/com.jian.detectx.lahaina.debug I/Yolov5_Jian_JNI: [Profiling] NMS: 0 ms
2018-12-07 15:24:56.744 6892-6970/com.jian.detectx.lahaina.debug D/Jian_JNI: detected objects : 0
2018-12-07 15:24:56.744 6892-6970/com.jian.detectx.lahaina.debug D/Jian_Java_MainActivity: detected object:0
2018-12-07 15:24:56.774 6892-6970/com.jian.detectx.lahaina.debug I/Yolov5_Jian_JNI: jiache >>> before preprocess2 >>> 
2018-12-07 15:24:56.776 731-1765/? E/CamX: [ERROR][STATS_AWB] camxcawbmain.cpp:917: AWBProcess Invalid StatsDataPointer input!
2018-12-07 15:24:56.777 731-1766/? E/CamX: [ERROR][STATS  ] camxstatscommon.cpp:646 ReadVendorTag() org.codeaurora.qcamera3.ADRC: disable tag not defined
2018-12-07 15:24:56.787 731-1767/? W/CHIUSECASE: [WARN   ] chxadvancedcamerausecase.cpp:1845 UpdateBufferReadyForRDIQueue() released framenumber :22,framenumber:31, buffer handle is used or released
2018-12-07 15:24:56.787 731-6950/? E/CHIUSECASE: [CONFIG ] chxfeaturezsl.cpp:960 RequestThreadProcessing() Sending ZSL snapshot requestIdIndex:31, requestFrameIndex:31, frameNumber:31 for RDI frame:31, request:31 metadata:0x77b0fef980 count 196
2018-12-07 15:24:56.787 731-6950/? E/CHIUSECASE: [CONFIG ] chxfeaturezsl.cpp:858 RequestThreadProcessing() Waiting for RDI/Meta of zslInputFrameNumber 32, requestIdIndex: 32, requestFrameIndex: 32 for triggering snapshot request
2018-12-07 15:24:56.791 6892-6970/com.jian.detectx.lahaina.debug I/Yolov5_Jian_JNI: jiache >>> after preprocess2 >>> 
2018-12-07 15:24:56.791 6892-6970/com.jian.detectx.lahaina.debug I/Yolov5_Jian_JNI: [Profiling] Pre-processing: 17 ms
2018-12-07 15:24:56.797 731-1767/? E/CamX: [ERROR][CPP    ] camxbpsnode.cpp:1689 GetFaceROI() Face ROI is not published
2018-12-07 15:24:56.800 731-1762/? W/CamX: [ WARN][STATS  ] camxafinterface.cpp:207 AFGetParam() Number of unsupported AF Param types 2
2018-12-07 15:24:56.813 6892-6970/com.jian.detectx.lahaina.debug I/Yolov5_Jian_JNI: [Profiling] Inference: 21 ms
2018-12-07 15:24:56.823 6892-6970/com.jian.detectx.lahaina.debug I/Yolov5_Jian_JNI: [Profiling] Proposal generation: 10 ms
2018-12-07 15:24:56.824 6892-6970/com.jian.detectx.lahaina.debug I/Yolov5_Jian_JNI: 0 proposals generated
2018-12-07 15:24:56.824 6892-6970/com.jian.detectx.lahaina.debug I/Yolov5_Jian_JNI: [Profiling] NMS: 0 ms
2018-12-07 15:24:56.824 6892-6970/com.jian.detectx.lahaina.debug D/Jian_JNI: detected objects : 0
2018-12-07 15:24:56.824 6892-6970/com.jian.detectx.lahaina.debug D/Jian_Java_MainActivity: detected object:0
2018-12-07 15:24:56.856 6892-6970/com.jian.detectx.lahaina.debug I/Yolov5_Jian_JNI: jiache >>> before preprocess2 >>> 
2018-12-07 15:24:56.857 731-1765/? E/CamX: [ERROR][STATS_AWB] camxcawbmain.cpp:917: AWBProcess Invalid StatsDataPointer input!
2018-12-07 15:24:56.857 731-1764/? E/CamX: [ERROR][STATS  ] camxstatscommon.cpp:646 ReadVendorTag() org.codeaurora.qcamera3.ADRC: disable tag not defined
2018-12-07 15:24:56.863 731-1765/? W/CHIUSECASE: [WARN   ] chxadvancedcamerausecase.cpp:1845 UpdateBufferReadyForRDIQueue() released framenumber :23,framenumber:32, buffer handle is used or released
2018-12-07 15:24:56.864 731-6950/? E/CHIUSECASE: [CONFIG ] chxfeaturezsl.cpp:960 RequestThreadProcessing() Sending ZSL snapshot requestIdIndex:32, requestFrameIndex:32, frameNumber:32 for RDI frame:32, request:32 metadata:0x77b0fefc00 count 196
2018-12-07 15:24:56.864 731-6950/? E/CHIUSECASE: [CONFIG ] chxfeaturezsl.cpp:858 RequestThreadProcessing() Waiting for RDI/Meta of zslInputFrameNumber 33, requestIdIndex: 33, requestFrameIndex: 33 for triggering snapshot request
2018-12-07 15:24:56.871 731-1766/? E/CamX: [ERROR][CPP    ] camxbpsnode.cpp:1689 GetFaceROI() Face ROI is not published
2018-12-07 15:24:56.872 731-1764/? W/CamX: [ WARN][STATS  ] camxafinterface.cpp:207 AFGetParam() Number of unsupported AF Param types 2
2018-12-07 15:24:56.873 6892-6970/com.jian.detectx.lahaina.debug I/Yolov5_Jian_JNI: jiache >>> after preprocess2 >>> 
2018-12-07 15:24:56.873 6892-6970/com.jian.detectx.lahaina.debug I/Yolov5_Jian_JNI: [Profiling] Pre-processing: 17 ms
2018-12-07 15:24:56.895 6892-6970/com.jian.detectx.lahaina.debug I/Yolov5_Jian_JNI: [Profiling] Inference: 21 ms
2018-12-07 15:24:56.906 6892-6970/com.jian.detectx.lahaina.debug I/Yolov5_Jian_JNI: [Profiling] Proposal generation: 10 ms
2018-12-07 15:24:56.906 6892-6970/com.jian.detectx.lahaina.debug I/Yolov5_Jian_JNI: 0 proposals generated
2018-12-07 15:24:56.906 6892-6970/com.jian.detectx.lahaina.debug I/Yolov5_Jian_JNI: [Profiling] NMS: 0 ms
2018-12-07 15:24:56.906 6892-6970/com.jian.detectx.lahaina.debug D/Jian_JNI: detected objects : 0
2018-12-07 15:24:56.906 6892-6970/com.jian.detectx.lahaina.debug D/Jian_Java_MainActivity: detected object:0
2018-12-07 15:24:56.926 6892-6970/com.jian.detectx.lahaina.debug I/Yolov5_Jian_JNI: jiache >>> before preprocess2 >>> 
2018-12-07 15:24:56.937 731-1765/? E/CamX: [ERROR][STATS_AWB] camxcawbmain.cpp:917: AWBProcess Invalid StatsDataPointer input!
2018-12-07 15:24:56.937 731-1762/? E/CamX: [ERROR][STATS  ] camxstatscommon.cpp:646 ReadVendorTag() org.codeaurora.qcamera3.ADRC: disable tag not defined
2018-12-07 15:24:56.937 731-1762/? E/CamX: [ERROR][STATS_AEC] camxcaecstatsprocessor.cpp:1153 GetAlgoInput() ReqId:37 PropertyID 805306412 (ISP BHist Stats) has not been published! 
2018-12-07 15:24:56.946 6892-6970/com.jian.detectx.lahaina.debug I/Yolov5_Jian_JNI: jiache >>> after preprocess2 >>> 
2018-12-07 15:24:56.946 6892-6970/com.jian.detectx.lahaina.debug I/Yolov5_Jian_JNI: [Profiling] Pre-processing: 19 ms
2018-12-07 15:24:56.950 731-1765/? W/CHIUSECASE: [WARN   ] chxadvancedcamerausecase.cpp:1845 UpdateBufferReadyForRDIQueue() released framenumber :24,framenumber:33, buffer handle is used or released
2018-12-07 15:24:56.951 731-6950/? E/CHIUSECASE: [CONFIG ] chxfeaturezsl.cpp:960 RequestThreadProcessing() Sending ZSL snapshot requestIdIndex:33, requestFrameIndex:33, frameNumber:33 for RDI frame:33, request:33 metadata:0x77b0fefe80 count 196
2018-12-07 15:24:56.951 731-6950/? E/CHIUSECASE: [CONFIG ] chxfeaturezsl.cpp:858 RequestThreadProcessing() Waiting for RDI/Meta of zslInputFrameNumber 34, requestIdIndex: 34, requestFrameIndex: 34 for triggering snapshot request
2018-12-07 15:24:56.960 731-1762/? E/CamX: [ERROR][CPP    ] camxbpsnode.cpp:1689 GetFaceROI() Face ROI is not published
2018-12-07 15:24:56.962 731-1764/? W/CamX: [ WARN][STATS  ] camxafinterface.cpp:207 AFGetParam() Number of unsupported AF Param types 2
2018-12-07 15:24:56.967 6892-6970/com.jian.detectx.lahaina.debug I/Yolov5_Jian_JNI: [Profiling] Inference: 21 ms
